tests/flowtest1
tests/interactive_directive
tests/selection/byregion/test1
tests/selection/byregion/test5
tests/selection/byregion/basic_test1
tests/generic/all_shapes_runtime
tests/test123
tests/basic/directive/shape_creation/polygons
tests/directive/save_load_reset_basic	
tests/different_selections
tests/interactive_selection_lines
tests/viewport_manipulations
tests/selection_sanity
tests/interactive_point_selection1
tests/interactive_point_selection2
tests/directive/flow_1
tests/object_properties_generic
tests/interactive_postselect_copymove_basic
tests/idle_move_shape
tests/idle_move_rect_ellipse
tests/interactive_complicated_copymove
tests/interactive_copymove_and_idle
tests/interactive_copymove_and_idle1
tests/copy_move_interactive_verybasic
tests/interactive_nice_copymove
tests/crash_case 
tests/copymove_crash1
tests/idle_select_idle_copy_crash
tests/runtime_and_highlights
tests/copymove_runtime_highlights
tests/runtime_flowik4
tests/broken_copymove
test_suites/undo_redo_very_basic
test_suites/undo_redo_crashflow
test_suites/undo_redo_crashflow2
test_suites/undo_redo_basic_rects
test_suites/undo_redo_basic_rects_and_properties
