#i --> Info: Welcome to this project. Feel free to expirment. 
#i --> Info: Set to mode1
dicmdguiClickButton -object 0x104:Rectangle 
incmdCreateObjRectangle
incmdCreateObjRectangle
dicmdCanvasMouseMove -point (72,31) 
dicmdCanvasMouseMove -point (66,60) 
dicmdCanvasMouseMove -point (63,76) 
dicmdCanvasMouseMove -point (61,85) 
dicmdCanvasMouseMove -point (61,90) 
dicmdCanvasMouseMove -point (61,92) 
dicmdCanvasMouseMove -point (61,94) 
dicmdCanvasMouseMove -point (60,95) 
dicmdCanvasMouseMove -point (59,93) 
dicmdCanvasMouseMove -point (59,90) 
dicmdCanvasMouseMove -point (59,86) 
dicmdCanvasMouseMove -point (58,80) 
dicmdCanvasMouseMove -point (58,75) 
dicmdCanvasMouseMove -point (58,71) 
dicmdCanvasMouseMove -point (58,67) 
dicmdCanvasMouseMove -point (58,63) 
dicmdCanvasMouseMove -point (58,61) 
dicmdCanvasMouseMove -point (58,58) 
dicmdCanvasMouseMove -point (58,56) 
dicmdCanvasMouseMove -point (57,54) 
dicmdCanvasMouseMove -point (57,52) 
dicmdCanvasMouseMove -point (57,51) 
dicmdCanvasMouseMove -point (57,50) 
dicmdCanvasMouseMove -point (56,49) 
dicmdCanvasMouseMove -point (56,48) 
dicmdCanvasMouseMove -point (56,47) 
dicmdCanvasMouseMove -point (55,47) 
dicmdCanvasMouseMove -point (55,46) 
dicmdCanvasMouseMove -point (54,46) 
dicmdCanvasMouseMove -point (53,46) 
dicmdCanvasMouseMove -point (54,46) 
dicmdCanvasMouseMove -point (55,46) 
dicmdCanvasMouseMove -point (56,46) 
dicmdCanvasMouseMove -point (57,46) 
dicmdCanvasMouseMove -point (58,46) 
dicmdCanvasMouseMove -point (59,46) 
dicmdCanvasMouseClick -point (59,46) 
dicmdCanvasMouseClick -point (59,46) 
dicmdCanvasMouseMove -point (59,47) 
dicmdCanvasMouseMove -point (59,49) 
dicmdCanvasMouseMove -point (59,51) 
dicmdCanvasMouseMove -point (60,53) 
dicmdCanvasMouseMove -point (63,55) 
dicmdCanvasMouseMove -point (67,58) 
dicmdCanvasMouseMove -point (73,62) 
dicmdCanvasMouseMove -point (79,65) 
dicmdCanvasMouseMove -point (83,68) 
dicmdCanvasMouseMove -point (89,73) 
dicmdCanvasMouseMove -point (96,77) 
dicmdCanvasMouseMove -point (101,79) 
dicmdCanvasMouseMove -point (105,82) 
dicmdCanvasMouseMove -point (109,85) 
dicmdCanvasMouseMove -point (113,87) 
dicmdCanvasMouseMove -point (116,89) 
dicmdCanvasMouseMove -point (118,90) 
dicmdCanvasMouseMove -point (120,91) 
dicmdCanvasMouseMove -point (122,93) 
dicmdCanvasMouseMove -point (123,93) 
dicmdCanvasMouseMove -point (124,94) 
dicmdCanvasMouseMove -point (126,95) 
dicmdCanvasMouseMove -point (126,96) 
dicmdCanvasMouseMove -point (127,97) 
dicmdCanvasMouseMove -point (129,98) 
dicmdCanvasMouseMove -point (130,100) 
dicmdCanvasMouseMove -point (132,101) 
dicmdCanvasMouseMove -point (134,102) 
dicmdCanvasMouseMove -point (136,104) 
dicmdCanvasMouseMove -point (139,106) 
dicmdCanvasMouseMove -point (141,109) 
dicmdCanvasMouseMove -point (143,110) 
dicmdCanvasMouseMove -point (145,112) 
dicmdCanvasMouseMove -point (147,113) 
dicmdCanvasMouseMove -point (149,114) 
dicmdCanvasMouseMove -point (150,114) 
dicmdCanvasMouseMove -point (151,114) 
dicmdCanvasMouseMove -point (151,115) 
dicmdCanvasMouseMove -point (152,115) 
dicmdCanvasMouseClick -point (152,115) 
dicmdCanvasMouseClick -point (152,115) 
#o --> Out: dicmdCreateObjRectangle -points {(59,46);(152,115)} 
dicmdCanvasMouseMove -point (152,114) 
dicmdCanvasMouseMove -point (153,113) 
dicmdCanvasMouseMove -point (155,110) 
dicmdCanvasMouseMove -point (159,107) 
dicmdCanvasMouseMove -point (165,103) 
dicmdCanvasMouseMove -point (173,99) 
dicmdCanvasMouseMove -point (184,93) 
dicmdCanvasMouseMove -point (194,89) 
dicmdCanvasMouseMove -point (202,86) 
dicmdCanvasMouseMove -point (208,84) 
dicmdCanvasMouseMove -point (212,82) 
dicmdCanvasMouseMove -point (214,81) 
dicmdCanvasMouseMove -point (216,80) 
dicmdCanvasMouseMove -point (218,79) 
dicmdCanvasMouseMove -point (220,77) 
dicmdCanvasMouseMove -point (221,77) 
dicmdCanvasMouseMove -point (221,76) 
dicmdCanvasMouseMove -point (222,75) 
dicmdCanvasMouseMove -point (222,73) 
dicmdCanvasMouseMove -point (222,72) 
dicmdCanvasMouseMove -point (223,71) 
dicmdCanvasMouseMove -point (223,70) 
dicmdCanvasMouseMove -point (223,69) 
dicmdCanvasMouseMove -point (223,68) 
dicmdCanvasMouseMove -point (223,66) 
dicmdCanvasMouseMove -point (223,64) 
dicmdCanvasMouseMove -point (223,61) 
dicmdCanvasMouseMove -point (223,59) 
dicmdCanvasMouseMove -point (223,57) 
dicmdCanvasMouseMove -point (223,55) 
dicmdCanvasMouseMove -point (223,53) 
dicmdCanvasMouseMove -point (223,52) 
dicmdCanvasMouseMove -point (223,51) 
dicmdCanvasMouseMove -point (223,50) 
dicmdCanvasMouseMove -point (223,49) 
dicmdCanvasMouseMove -point (223,48) 
dicmdCanvasMouseMove -point (223,47) 
dicmdCanvasMouseMove -point (224,47) 
dicmdCanvasMouseMove -point (225,47) 
dicmdCanvasMouseMove -point (225,48) 
dicmdCanvasMouseMove -point (225,49) 
dicmdCanvasMouseMove -point (225,50) 
dicmdCanvasMouseClick -point (225,50) 
dicmdCanvasMouseClick -point (225,50) 
dicmdCanvasMouseMove -point (226,52) 
dicmdCanvasMouseMove -point (228,54) 
dicmdCanvasMouseMove -point (233,58) 
dicmdCanvasMouseMove -point (239,64) 
dicmdCanvasMouseMove -point (246,70) 
dicmdCanvasMouseMove -point (255,73) 
dicmdCanvasMouseMove -point (262,78) 
dicmdCanvasMouseMove -point (268,82) 
dicmdCanvasMouseMove -point (272,84) 
dicmdCanvasMouseMove -point (277,87) 
dicmdCanvasMouseMove -point (281,90) 
dicmdCanvasMouseMove -point (284,91) 
dicmdCanvasMouseMove -point (286,92) 
dicmdCanvasMouseMove -point (288,93) 
dicmdCanvasMouseMove -point (290,94) 
dicmdCanvasMouseMove -point (291,94) 
dicmdCanvasMouseMove -point (292,94) 
dicmdCanvasMouseMove -point (294,95) 
dicmdCanvasMouseMove -point (296,95) 
dicmdCanvasMouseMove -point (298,96) 
dicmdCanvasMouseMove -point (300,96) 
dicmdCanvasMouseMove -point (301,97) 
dicmdCanvasMouseMove -point (303,97) 
dicmdCanvasMouseMove -point (305,98) 
dicmdCanvasMouseMove -point (306,98) 
dicmdCanvasMouseMove -point (307,99) 
dicmdCanvasMouseMove -point (308,99) 
dicmdCanvasMouseMove -point (309,100) 
dicmdCanvasMouseMove -point (310,100) 
dicmdCanvasMouseMove -point (311,101) 
dicmdCanvasMouseMove -point (312,102) 
dicmdCanvasMouseMove -point (313,102) 
dicmdCanvasMouseMove -point (314,103) 
dicmdCanvasMouseMove -point (315,104) 
dicmdCanvasMouseMove -point (316,104) 
dicmdCanvasMouseMove -point (317,105) 
dicmdCanvasMouseMove -point (318,105) 
dicmdCanvasMouseMove -point (319,106) 
dicmdCanvasMouseMove -point (320,107) 
dicmdCanvasMouseMove -point (320,108) 
dicmdCanvasMouseMove -point (321,109) 
dicmdCanvasMouseMove -point (321,110) 
dicmdCanvasMouseMove -point (322,110) 
dicmdCanvasMouseMove -point (322,111) 
dicmdCanvasMouseMove -point (323,111) 
dicmdCanvasMouseMove -point (323,112) 
dicmdCanvasMouseMove -point (323,113) 
dicmdCanvasMouseMove -point (324,113) 
dicmdCanvasMouseMove -point (324,114) 
dicmdCanvasMouseMove -point (324,115) 
dicmdCanvasMouseMove -point (324,116) 
dicmdCanvasMouseClick -point (324,116) 
dicmdCanvasMouseClick -point (324,116) 
#o --> Out: dicmdCreateObjRectangle -points {(225,50);(324,116)} 
dicmdCanvasMouseMove -point (327,116) 
dicmdCanvasMouseMove -point (333,116) 
dicmdCanvasMouseMove -point (354,114) 
dicmdCanvasMouseMove -point (380,111) 
dicmdCanvasMouseMove -point (411,108) 
dicmdCanvasMouseMove -point (431,108) 
dicmdCanvasMouseMove -point (442,108) 
dicmdCanvasMouseMove -point (450,107) 
dicmdCanvasMouseMove -point (458,106) 
dicmdCanvasMouseMove -point (464,104) 
dicmdCanvasMouseMove -point (464,103) 
dicmdCanvasMouseMove -point (463,102) 
dicmdCanvasMouseMove -point (462,100) 
dicmdCanvasMouseMove -point (462,99) 
dicmdCanvasMouseMove -point (461,98) 
dicmdCanvasMouseMove -point (459,97) 
dicmdCanvasMouseMove -point (457,96) 
dicmdCanvasMouseMove -point (455,95) 
dicmdCanvasMouseMove -point (453,95) 
dicmdCanvasMouseMove -point (450,94) 
dicmdCanvasMouseMove -point (448,93) 
dicmdCanvasMouseMove -point (444,92) 
dicmdCanvasMouseMove -point (441,91) 
dicmdCanvasMouseMove -point (437,91) 
dicmdCanvasMouseMove -point (434,91) 
dicmdCanvasMouseMove -point (430,90) 
dicmdCanvasMouseMove -point (426,90) 
dicmdCanvasMouseMove -point (423,89) 
dicmdCanvasMouseMove -point (420,89) 
dicmdCanvasMouseMove -point (418,88) 
dicmdCanvasMouseMove -point (415,88) 
dicmdCanvasMouseMove -point (413,88) 
dicmdCanvasMouseMove -point (410,87) 
dicmdCanvasMouseMove -point (408,85) 
dicmdCanvasMouseMove -point (405,83) 
dicmdCanvasMouseMove -point (402,81) 
dicmdCanvasMouseMove -point (400,78) 
dicmdCanvasMouseMove -point (398,77) 
dicmdCanvasMouseMove -point (396,76) 
dicmdCanvasMouseMove -point (395,75) 
dicmdCanvasMouseMove -point (394,73) 
dicmdCanvasMouseMove -point (393,72) 
dicmdCanvasMouseMove -point (392,71) 
dicmdCanvasMouseMove -point (391,69) 
dicmdCanvasMouseMove -point (390,68) 
dicmdCanvasMouseMove -point (389,66) 
dicmdCanvasMouseMove -point (389,65) 
dicmdCanvasMouseMove -point (388,65) 
dicmdCanvasMouseMove -point (388,64) 
dicmdCanvasMouseMove -point (387,64) 
dicmdCanvasMouseMove -point (388,64) 
dicmdCanvasMouseMove -point (389,64) 
dicmdCanvasMouseMove -point (389,63) 
dicmdCanvasMouseMove -point (388,61) 
dicmdCanvasMouseMove -point (384,57) 
dicmdCanvasMouseMove -point (378,50) 
dicmdCanvasMouseMove -point (364,40) 
dicmdCanvasMouseMove -point (347,29) 
dicmdCanvasMouseMove -point (332,16) 
dicmdCanvasMouseMove -point (318,6) 
dicmdguiClickButton -object 0x104:Ellipse 
incmdCreateObjEllipse
incmdCreateObjEllipse
dicmdCanvasMouseMove -point (302,20) 
dicmdCanvasMouseMove -point (327,37) 
dicmdCanvasMouseMove -point (349,46) 
dicmdCanvasMouseMove -point (370,57) 
dicmdCanvasMouseMove -point (385,66) 
dicmdCanvasMouseMove -point (398,73) 
dicmdCanvasMouseMove -point (410,78) 
dicmdCanvasMouseMove -point (422,82) 
dicmdCanvasMouseMove -point (430,85) 
dicmdCanvasMouseMove -point (435,87) 
dicmdCanvasMouseMove -point (438,88) 
dicmdCanvasMouseMove -point (439,89) 
dicmdCanvasMouseMove -point (440,89) 
dicmdCanvasMouseMove -point (441,89) 
dicmdCanvasMouseMove -point (441,90) 
dicmdCanvasMouseMove -point (441,91) 
dicmdCanvasMouseMove -point (441,92) 
dicmdCanvasMouseMove -point (442,92) 
dicmdCanvasMouseMove -point (443,91) 
dicmdCanvasMouseMove -point (443,90) 
dicmdCanvasMouseMove -point (445,89) 
dicmdCanvasMouseMove -point (446,89) 
dicmdCanvasMouseMove -point (448,88) 
dicmdCanvasMouseMove -point (451,87) 
dicmdCanvasMouseMove -point (452,87) 
dicmdCanvasMouseMove -point (454,87) 
dicmdCanvasMouseMove -point (455,87) 
dicmdCanvasMouseMove -point (456,86) 
dicmdCanvasMouseMove -point (457,85) 
dicmdCanvasMouseMove -point (457,84) 
dicmdCanvasMouseMove -point (457,83) 
dicmdCanvasMouseMove -point (457,82) 
dicmdCanvasMouseMove -point (457,81) 
dicmdCanvasMouseMove -point (458,81) 
dicmdCanvasMouseMove -point (459,81) 
dicmdCanvasMouseMove -point (460,80) 
dicmdCanvasMouseMove -point (462,79) 
dicmdCanvasMouseMove -point (464,79) 
dicmdCanvasMouseMove -point (466,78) 
dicmdCanvasMouseMove -point (468,77) 
dicmdCanvasMouseMove -point (470,76) 
dicmdCanvasMouseMove -point (472,76) 
dicmdCanvasMouseMove -point (474,75) 
dicmdCanvasMouseMove -point (476,75) 
dicmdCanvasMouseMove -point (477,75) 
dicmdCanvasMouseMove -point (479,74) 
dicmdCanvasMouseMove -point (480,74) 
dicmdCanvasMouseMove -point (481,74) 
dicmdCanvasMouseMove -point (483,73) 
dicmdCanvasMouseMove -point (484,73) 
dicmdCanvasMouseMove -point (486,72) 
dicmdCanvasMouseMove -point (486,71) 
dicmdCanvasMouseMove -point (486,70) 
dicmdCanvasMouseMove -point (486,69) 
dicmdCanvasMouseMove -point (486,68) 
dicmdCanvasMouseMove -point (486,66) 
dicmdCanvasMouseMove -point (486,65) 
dicmdCanvasMouseMove -point (486,64) 
dicmdCanvasMouseMove -point (486,63) 
dicmdCanvasMouseMove -point (486,62) 
dicmdCanvasMouseMove -point (486,61) 
dicmdCanvasMouseMove -point (486,60) 
dicmdCanvasMouseMove -point (486,59) 
dicmdCanvasMouseMove -point (486,58) 
dicmdCanvasMouseClick -point (486,58) 
dicmdCanvasMouseClick -point (486,58) 
dicmdCanvasMouseMove -point (486,60) 
dicmdCanvasMouseMove -point (488,63) 
dicmdCanvasMouseMove -point (490,66) 
dicmdCanvasMouseMove -point (494,69) 
dicmdCanvasMouseMove -point (500,74) 
dicmdCanvasMouseMove -point (506,79) 
dicmdCanvasMouseMove -point (514,83) 
dicmdCanvasMouseMove -point (523,88) 
dicmdCanvasMouseMove -point (532,93) 
dicmdCanvasMouseMove -point (540,97) 
dicmdCanvasMouseMove -point (546,98) 
dicmdCanvasMouseMove -point (552,98) 
dicmdCanvasMouseMove -point (556,100) 
dicmdCanvasMouseMove -point (559,101) 
dicmdCanvasMouseMove -point (562,102) 
dicmdCanvasMouseMove -point (564,102) 
dicmdCanvasMouseMove -point (566,103) 
dicmdCanvasMouseMove -point (568,104) 
dicmdCanvasMouseMove -point (570,104) 
dicmdCanvasMouseMove -point (572,105) 
dicmdCanvasMouseMove -point (574,106) 
dicmdCanvasMouseMove -point (575,107) 
dicmdCanvasMouseMove -point (577,108) 
dicmdCanvasMouseMove -point (579,109) 
dicmdCanvasMouseMove -point (581,110) 
dicmdCanvasMouseMove -point (583,110) 
dicmdCanvasMouseMove -point (585,111) 
dicmdCanvasMouseMove -point (587,112) 
dicmdCanvasMouseMove -point (589,113) 
dicmdCanvasMouseMove -point (591,114) 
dicmdCanvasMouseMove -point (593,116) 
dicmdCanvasMouseMove -point (594,118) 
dicmdCanvasMouseMove -point (596,119) 
dicmdCanvasMouseMove -point (597,120) 
dicmdCanvasMouseMove -point (598,121) 
dicmdCanvasMouseMove -point (599,121) 
dicmdCanvasMouseMove -point (600,123) 
dicmdCanvasMouseMove -point (600,124) 
dicmdCanvasMouseMove -point (601,124) 
dicmdCanvasMouseMove -point (602,125) 
dicmdCanvasMouseMove -point (602,126) 
dicmdCanvasMouseMove -point (603,126) 
dicmdCanvasMouseMove -point (603,127) 
dicmdCanvasMouseMove -point (603,128) 
dicmdCanvasMouseMove -point (603,129) 
dicmdCanvasMouseMove -point (603,130) 
dicmdCanvasMouseClick -point (603,130) 
dicmdCanvasMouseClick -point (603,130) 
#o --> Out: dicmdCreateObjEllipse -points {(486,58);(603,130)} 
dicmdCanvasMouseMove -point (603,128) 
dicmdCanvasMouseMove -point (603,127) 
dicmdCanvasMouseMove -point (603,126) 
dicmdCanvasMouseMove -point (603,125) 
dicmdCanvasMouseMove -point (607,123) 
dicmdCanvasMouseMove -point (624,118) 
dicmdCanvasMouseMove -point (662,113) 
dicmdCanvasMouseMove -point (687,110) 
dicmdCanvasMouseMove -point (702,108) 
dicmdCanvasMouseMove -point (714,107) 
dicmdCanvasMouseMove -point (720,105) 
dicmdCanvasMouseMove -point (724,104) 
dicmdCanvasMouseMove -point (727,104) 
dicmdCanvasMouseMove -point (730,103) 
dicmdCanvasMouseMove -point (732,102) 
dicmdCanvasMouseMove -point (734,101) 
dicmdCanvasMouseMove -point (735,101) 
dicmdCanvasMouseMove -point (736,100) 
dicmdCanvasMouseMove -point (737,99) 
dicmdCanvasMouseMove -point (737,98) 
dicmdCanvasMouseMove -point (737,97) 
dicmdCanvasMouseMove -point (737,96) 
dicmdCanvasMouseMove -point (737,95) 
dicmdCanvasMouseMove -point (737,94) 
dicmdCanvasMouseMove -point (736,93) 
dicmdCanvasMouseMove -point (733,93) 
dicmdCanvasMouseMove -point (731,92) 
dicmdCanvasMouseMove -point (729,91) 
dicmdCanvasMouseMove -point (726,90) 
dicmdCanvasMouseMove -point (724,89) 
dicmdCanvasMouseMove -point (721,88) 
dicmdCanvasMouseMove -point (719,88) 
dicmdCanvasMouseMove -point (716,87) 
dicmdCanvasMouseMove -point (714,86) 
dicmdCanvasMouseMove -point (712,85) 
dicmdCanvasMouseMove -point (710,85) 
dicmdCanvasMouseMove -point (710,84) 
dicmdCanvasMouseMove -point (709,84) 
dicmdCanvasMouseMove -point (708,84) 
dicmdCanvasMouseMove -point (708,83) 
dicmdCanvasMouseClick -point (708,83) 
dicmdCanvasMouseClick -point (708,83) 
dicmdCanvasMouseMove -point (709,83) 
dicmdCanvasMouseMove -point (712,86) 
dicmdCanvasMouseMove -point (716,88) 
dicmdCanvasMouseMove -point (717,90) 
dicmdCanvasMouseMove -point (719,91) 
dicmdCanvasMouseMove -point (721,92) 
dicmdCanvasMouseMove -point (723,93) 
dicmdCanvasMouseMove -point (726,95) 
dicmdCanvasMouseMove -point (729,97) 
dicmdCanvasMouseMove -point (733,99) 
dicmdCanvasMouseMove -point (737,102) 
dicmdCanvasMouseMove -point (740,104) 
dicmdCanvasMouseMove -point (743,106) 
dicmdCanvasMouseMove -point (746,108) 
dicmdCanvasMouseMove -point (749,110) 
dicmdCanvasMouseMove -point (751,113) 
dicmdCanvasMouseMove -point (754,115) 
dicmdCanvasMouseMove -point (757,116) 
dicmdCanvasMouseMove -point (760,118) 
dicmdCanvasMouseMove -point (764,120) 
dicmdCanvasMouseMove -point (768,122) 
dicmdCanvasMouseMove -point (772,124) 
dicmdCanvasMouseMove -point (774,125) 
dicmdCanvasMouseMove -point (776,126) 
dicmdCanvasMouseMove -point (778,128) 
dicmdCanvasMouseMove -point (781,129) 
dicmdCanvasMouseMove -point (783,130) 
dicmdCanvasMouseMove -point (784,131) 
dicmdCanvasMouseMove -point (785,132) 
dicmdCanvasMouseMove -point (786,133) 
dicmdCanvasMouseMove -point (788,134) 
dicmdCanvasMouseMove -point (790,136) 
dicmdCanvasMouseMove -point (792,137) 
dicmdCanvasMouseMove -point (795,138) 
dicmdCanvasMouseMove -point (797,139) 
dicmdCanvasMouseMove -point (799,139) 
dicmdCanvasMouseMove -point (801,140) 
dicmdCanvasMouseMove -point (802,141) 
dicmdCanvasMouseMove -point (803,141) 
dicmdCanvasMouseMove -point (806,142) 
dicmdCanvasMouseMove -point (807,142) 
dicmdCanvasMouseMove -point (808,143) 
dicmdCanvasMouseMove -point (809,143) 
dicmdCanvasMouseMove -point (810,143) 
dicmdCanvasMouseMove -point (811,143) 
dicmdCanvasMouseMove -point (812,144) 
dicmdCanvasMouseClick -point (812,144) 
dicmdCanvasMouseClick -point (812,144) 
#o --> Out: dicmdCreateObjEllipse -points {(708,83);(812,144)} 
dicmdCanvasMouseMove -point (809,144) 
dicmdCanvasMouseMove -point (805,144) 
dicmdCanvasMouseMove -point (799,142) 
dicmdCanvasMouseMove -point (790,139) 
dicmdCanvasMouseMove -point (778,136) 
dicmdCanvasMouseMove -point (740,127) 
dicmdCanvasMouseMove -point (679,111) 
dicmdCanvasMouseMove -point (620,87) 
dicmdCanvasMouseMove -point (564,68) 
dicmdCanvasMouseMove -point (511,47) 
dicmdCanvasMouseMove -point (463,30) 
dicmdCanvasMouseMove -point (421,15) 
dicmdguiClickButton -object 0x104:Polygon 
incmdCreateObjPolygon
incmdCreateObjPolygon
dicmdCanvasMouseMove -point (574,0) 
dicmdCanvasMouseMove -point (637,22) 
dicmdCanvasMouseMove -point (683,40) 
dicmdCanvasMouseMove -point (720,56) 
dicmdCanvasMouseMove -point (744,64) 
dicmdCanvasMouseMove -point (756,66) 
dicmdCanvasMouseMove -point (760,66) 
dicmdCanvasMouseMove -point (761,66) 
dicmdCanvasMouseMove -point (761,65) 
dicmdCanvasMouseMove -point (761,64) 
dicmdCanvasMouseMove -point (765,64) 
dicmdCanvasMouseMove -point (786,62) 
dicmdCanvasMouseMove -point (835,62) 
dicmdCanvasMouseMove -point (884,62) 
dicmdCanvasMouseMove -point (919,62) 
dicmdCanvasMouseMove -point (945,62) 
dicmdCanvasMouseMove -point (966,62) 
dicmdCanvasMouseMove -point (981,62) 
dicmdCanvasMouseMove -point (996,62) 
dicmdCanvasMouseMove -point (1005,63) 
dicmdCanvasMouseMove -point (1011,64) 
dicmdCanvasMouseMove -point (1016,64) 
dicmdCanvasMouseMove -point (1019,64) 
dicmdCanvasMouseMove -point (1020,64) 
dicmdCanvasMouseMove -point (1022,64) 
dicmdCanvasMouseMove -point (1023,64) 
dicmdCanvasMouseMove -point (1024,64) 
dicmdCanvasMouseMove -point (1025,64) 
dicmdCanvasMouseMove -point (1026,64) 
dicmdCanvasMouseMove -point (1028,64) 
dicmdCanvasMouseMove -point (1029,64) 
dicmdCanvasMouseMove -point (1030,64) 
dicmdCanvasMouseMove -point (1031,64) 
dicmdCanvasMouseMove -point (1028,64) 
dicmdCanvasMouseMove -point (1024,67) 
dicmdCanvasMouseMove -point (1014,73) 
dicmdCanvasMouseMove -point (997,84) 
dicmdCanvasMouseMove -point (971,99) 
dicmdCanvasMouseMove -point (950,112) 
dicmdCanvasMouseMove -point (940,119) 
dicmdCanvasMouseMove -point (933,126) 
dicmdCanvasMouseMove -point (929,131) 
dicmdCanvasMouseMove -point (928,133) 
dicmdCanvasMouseMove -point (927,134) 
dicmdCanvasMouseMove -point (927,135) 
dicmdCanvasMouseMove -point (929,134) 
dicmdCanvasMouseMove -point (932,132) 
dicmdCanvasMouseMove -point (937,130) 
dicmdCanvasMouseMove -point (943,128) 
dicmdCanvasMouseMove -point (948,127) 
dicmdCanvasMouseMove -point (953,126) 
dicmdCanvasMouseMove -point (963,125) 
dicmdCanvasMouseMove -point (970,123) 
dicmdCanvasMouseMove -point (976,122) 
dicmdCanvasMouseMove -point (981,121) 
dicmdCanvasMouseMove -point (987,121) 
dicmdCanvasMouseMove -point (995,120) 
dicmdCanvasMouseMove -point (1004,120) 
dicmdCanvasMouseMove -point (1010,118) 
dicmdCanvasMouseMove -point (1015,117) 
dicmdCanvasMouseMove -point (1015,116) 
dicmdCanvasMouseMove -point (1015,115) 
dicmdCanvasMouseMove -point (1015,113) 
dicmdCanvasMouseMove -point (1022,110) 
dicmdCanvasMouseMove -point (1039,104) 
dicmdCanvasMouseMove -point (1066,96) 
dicmdCanvasMouseMove -point (1087,93) 
dicmdCanvasMouseMove -point (1102,91) 
dicmdCanvasMouseMove -point (1112,89) 
dicmdCanvasMouseMove -point (1117,87) 
dicmdCanvasMouseMove -point (1119,87) 
dicmdCanvasMouseMove -point (1120,87) 
dicmdCanvasMouseMove -point (1121,87) 
dicmdCanvasMouseMove -point (1121,86) 
dicmdCanvasMouseMove -point (1122,85) 
dicmdCanvasMouseMove -point (1122,84) 
dicmdCanvasMouseMove -point (1122,83) 
dicmdCanvasMouseMove -point (1122,82) 
dicmdCanvasMouseMove -point (1123,82) 
dicmdCanvasMouseClick -point (1123,82) 
dicmdCanvasMouseClick -point (1123,82) 
dicmdCanvasMouseMove -point (1123,83) 
dicmdCanvasMouseMove -point (1123,86) 
dicmdCanvasMouseMove -point (1123,88) 
dicmdCanvasMouseMove -point (1123,90) 
dicmdCanvasMouseMove -point (1123,92) 
dicmdCanvasMouseMove -point (1122,95) 
dicmdCanvasMouseMove -point (1121,99) 
dicmdCanvasMouseMove -point (1121,103) 
dicmdCanvasMouseMove -point (1120,107) 
dicmdCanvasMouseMove -point (1120,111) 
dicmdCanvasMouseMove -point (1119,115) 
dicmdCanvasMouseMove -point (1118,119) 
dicmdCanvasMouseMove -point (1116,125) 
dicmdCanvasMouseMove -point (1116,129) 
dicmdCanvasMouseMove -point (1114,133) 
dicmdCanvasMouseMove -point (1114,137) 
dicmdCanvasMouseMove -point (1113,141) 
dicmdCanvasMouseMove -point (1112,144) 
dicmdCanvasMouseMove -point (1112,147) 
dicmdCanvasMouseMove -point (1111,151) 
dicmdCanvasMouseMove -point (1111,155) 
dicmdCanvasMouseMove -point (1111,158) 
dicmdCanvasMouseMove -point (1111,160) 
dicmdCanvasMouseMove -point (1111,162) 
dicmdCanvasMouseMove -point (1111,163) 
dicmdCanvasMouseMove -point (1111,164) 
dicmdCanvasMouseMove -point (1111,165) 
dicmdCanvasMouseMove -point (1110,165) 
dicmdCanvasMouseMove -point (1109,165) 
dicmdCanvasMouseClick -point (1109,165) 
dicmdCanvasMouseClick -point (1109,165) 
dicmdCanvasMouseMove -point (1108,165) 
dicmdCanvasMouseMove -point (1106,165) 
dicmdCanvasMouseMove -point (1103,162) 
dicmdCanvasMouseMove -point (1100,160) 
dicmdCanvasMouseMove -point (1097,158) 
dicmdCanvasMouseMove -point (1095,157) 
dicmdCanvasMouseMove -point (1092,156) 
dicmdCanvasMouseMove -point (1088,154) 
dicmdCanvasMouseMove -point (1082,152) 
dicmdCanvasMouseMove -point (1074,151) 
dicmdCanvasMouseMove -point (1066,149) 
dicmdCanvasMouseMove -point (1059,148) 
dicmdCanvasMouseMove -point (1052,147) 
dicmdCanvasMouseMove -point (1043,146) 
dicmdCanvasMouseMove -point (1035,145) 
dicmdCanvasMouseMove -point (1028,144) 
dicmdCanvasMouseMove -point (1020,143) 
dicmdCanvasMouseMove -point (1012,143) 
dicmdCanvasMouseMove -point (1006,142) 
dicmdCanvasMouseMove -point (1000,142) 
dicmdCanvasMouseMove -point (995,142) 
dicmdCanvasMouseMove -point (989,142) 
dicmdCanvasMouseMove -point (986,142) 
dicmdCanvasMouseMove -point (984,142) 
dicmdCanvasMouseMove -point (983,142) 
dicmdCanvasMouseMove -point (982,142) 
dicmdCanvasMouseMove -point (981,142) 
dicmdCanvasMouseClick -point (981,142) 
dicmdCanvasMouseClick -point (981,142) 
dicmdCanvasMouseMove -point (981,141) 
dicmdCanvasMouseMove -point (981,140) 
dicmdCanvasMouseMove -point (981,139) 
dicmdCanvasMouseMove -point (981,138) 
dicmdCanvasMouseMove -point (981,135) 
dicmdCanvasMouseMove -point (981,132) 
dicmdCanvasMouseMove -point (981,128) 
dicmdCanvasMouseMove -point (982,124) 
dicmdCanvasMouseMove -point (982,120) 
dicmdCanvasMouseMove -point (984,117) 
dicmdCanvasMouseMove -point (984,112) 
dicmdCanvasMouseMove -point (985,108) 
dicmdCanvasMouseMove -point (986,105) 
dicmdCanvasMouseMove -point (986,102) 
dicmdCanvasMouseMove -point (986,99) 
dicmdCanvasMouseMove -point (986,97) 
dicmdCanvasMouseMove -point (986,95) 
dicmdCanvasMouseMove -point (986,94) 
dicmdCanvasMouseMove -point (986,93) 
dicmdCanvasMouseMove -point (986,92) 
dicmdCanvasMouseMove -point (986,91) 
dicmdCanvasMouseMove -point (986,90) 
dicmdCanvasMouseClick -point (986,90) 
dicmdCanvasMouseClick -point (986,90) 
dicmdCanvasMouseDblClick -point (986,90) 
#o --> Out: dicmdCreateObjPolygon -points {(1123,82);(1109,165);(981,142);(986,90);(986,90)} 
dicmdCanvasMouseDblClick -point (986,90) 
dicmdCanvasMouseMove -point (987,90) 
dicmdCanvasMouseMove -point (988,90) 
dicmdCanvasMouseMove -point (993,94) 
dicmdCanvasMouseMove -point (1013,105) 
dicmdCanvasMouseMove -point (1057,123) 
dicmdCanvasMouseMove -point (1108,136) 
dicmdCanvasMouseMove -point (1145,143) 
dicmdCanvasMouseMove -point (1166,145) 
dicmdCanvasMouseMove -point (1184,146) 
dicmdCanvasMouseMove -point (1194,146) 
dicmdCanvasMouseMove -point (1200,146) 
dicmdCanvasMouseMove -point (1202,146) 
dicmdCanvasMouseMove -point (1204,146) 
dicmdCanvasMouseMove -point (1205,146) 
dicmdCanvasMouseMove -point (1207,146) 
dicmdCanvasMouseMove -point (1208,145) 
dicmdCanvasMouseMove -point (1209,144) 
dicmdCanvasMouseMove -point (1210,142) 
dicmdCanvasMouseMove -point (1211,140) 
dicmdCanvasMouseMove -point (1214,139) 
dicmdCanvasMouseMove -point (1216,137) 
dicmdCanvasMouseMove -point (1217,135) 
dicmdCanvasMouseMove -point (1221,132) 
dicmdCanvasMouseMove -point (1224,130) 
dicmdCanvasMouseMove -point (1227,127) 
dicmdCanvasMouseMove -point (1230,125) 
dicmdCanvasMouseMove -point (1231,124) 
dicmdCanvasMouseMove -point (1233,123) 
dicmdCanvasMouseMove -point (1235,122) 
dicmdCanvasMouseMove -point (1237,120) 
dicmdCanvasMouseMove -point (1239,119) 
dicmdCanvasMouseMove -point (1240,117) 
dicmdCanvasMouseMove -point (1242,116) 
dicmdCanvasMouseMove -point (1243,115) 
dicmdCanvasMouseMove -point (1245,114) 
dicmdCanvasMouseMove -point (1245,113) 
dicmdCanvasMouseMove -point (1246,112) 
dicmdCanvasMouseMove -point (1246,111) 
dicmdCanvasMouseMove -point (1247,111) 
dicmdCanvasMouseMove -point (1248,110) 
dicmdCanvasMouseMove -point (1248,109) 
dicmdCanvasMouseMove -point (1250,108) 
dicmdCanvasMouseMove -point (1251,107) 
dicmdCanvasMouseMove -point (1252,106) 
dicmdCanvasMouseMove -point (1254,104) 
dicmdCanvasMouseMove -point (1256,103) 
dicmdCanvasMouseMove -point (1257,103) 
dicmdCanvasMouseMove -point (1258,102) 
dicmdCanvasMouseMove -point (1258,101) 
dicmdCanvasMouseMove -point (1259,100) 
dicmdCanvasMouseMove -point (1261,98) 
dicmdCanvasMouseMove -point (1263,97) 
dicmdCanvasMouseMove -point (1264,96) 
dicmdCanvasMouseMove -point (1266,95) 
dicmdCanvasMouseMove -point (1267,94) 
dicmdCanvasMouseMove -point (1268,93) 
dicmdCanvasMouseMove -point (1269,93) 
dicmdCanvasMouseMove -point (1270,93) 
dicmdCanvasMouseMove -point (1270,92) 
dicmdCanvasMouseClick -point (1270,92) 
dicmdCanvasMouseClick -point (1270,92) 
dicmdCanvasMouseMove -point (1267,92) 
dicmdCanvasMouseMove -point (1263,92) 
dicmdCanvasMouseMove -point (1259,92) 
dicmdCanvasMouseMove -point (1256,92) 
dicmdCanvasMouseMove -point (1254,93) 
dicmdCanvasMouseMove -point (1251,93) 
dicmdCanvasMouseMove -point (1249,93) 
dicmdCanvasMouseMove -point (1246,93) 
dicmdCanvasMouseMove -point (1243,93) 
dicmdCanvasMouseMove -point (1239,93) 
dicmdCanvasMouseMove -point (1234,93) 
dicmdCanvasMouseMove -point (1228,94) 
dicmdCanvasMouseMove -point (1224,94) 
dicmdCanvasMouseMove -point (1220,94) 
dicmdCanvasMouseMove -point (1215,94) 
dicmdCanvasMouseMove -point (1211,94) 
dicmdCanvasMouseMove -point (1208,94) 
dicmdCanvasMouseMove -point (1205,94) 
dicmdCanvasMouseMove -point (1204,94) 
dicmdCanvasMouseMove -point (1202,94) 
dicmdCanvasMouseMove -point (1200,94) 
dicmdCanvasMouseMove -point (1198,94) 
dicmdCanvasMouseMove -point (1196,94) 
dicmdCanvasMouseMove -point (1193,94) 
dicmdCanvasMouseMove -point (1191,94) 
dicmdCanvasMouseMove -point (1189,94) 
dicmdCanvasMouseMove -point (1188,94) 
dicmdCanvasMouseMove -point (1187,94) 
dicmdCanvasMouseMove -point (1186,94) 
dicmdCanvasMouseMove -point (1186,95) 
dicmdCanvasMouseMove -point (1186,96) 
dicmdCanvasMouseClick -point (1186,96) 
dicmdCanvasMouseClick -point (1186,96) 
dicmdCanvasMouseMove -point (1186,97) 
dicmdCanvasMouseMove -point (1186,99) 
dicmdCanvasMouseMove -point (1189,103) 
dicmdCanvasMouseMove -point (1192,111) 
dicmdCanvasMouseMove -point (1197,125) 
dicmdCanvasMouseMove -point (1202,138) 
dicmdCanvasMouseMove -point (1205,148) 
dicmdCanvasMouseMove -point (1208,153) 
dicmdCanvasMouseMove -point (1211,158) 
dicmdCanvasMouseMove -point (1214,162) 
dicmdCanvasMouseMove -point (1216,164) 
dicmdCanvasMouseMove -point (1217,166) 
dicmdCanvasMouseMove -point (1218,169) 
dicmdCanvasMouseMove -point (1219,171) 
dicmdCanvasMouseMove -point (1220,173) 
dicmdCanvasMouseMove -point (1221,176) 
dicmdCanvasMouseMove -point (1222,178) 
dicmdCanvasMouseMove -point (1223,180) 
dicmdCanvasMouseMove -point (1223,183) 
dicmdCanvasMouseMove -point (1224,185) 
dicmdCanvasMouseMove -point (1225,186) 
dicmdCanvasMouseMove -point (1226,188) 
dicmdCanvasMouseMove -point (1227,189) 
dicmdCanvasMouseMove -point (1228,190) 
dicmdCanvasMouseMove -point (1229,191) 
dicmdCanvasMouseMove -point (1230,191) 
dicmdCanvasMouseMove -point (1230,192) 
dicmdCanvasMouseMove -point (1231,192) 
dicmdCanvasMouseMove -point (1232,192) 
dicmdCanvasMouseMove -point (1233,192) 
dicmdCanvasMouseMove -point (1234,192) 
dicmdCanvasMouseMove -point (1235,192) 
dicmdCanvasMouseMove -point (1236,191) 
dicmdCanvasMouseMove -point (1237,190) 
dicmdCanvasMouseMove -point (1237,189) 
dicmdCanvasMouseMove -point (1237,188) 
dicmdCanvasMouseMove -point (1238,188) 
dicmdCanvasMouseMove -point (1238,187) 
dicmdCanvasMouseMove -point (1239,186) 
dicmdCanvasMouseMove -point (1239,185) 
dicmdCanvasMouseMove -point (1240,185) 
dicmdCanvasMouseMove -point (1240,184) 
dicmdCanvasMouseMove -point (1240,183) 
dicmdCanvasMouseMove -point (1241,183) 
dicmdCanvasMouseMove -point (1241,182) 
dicmdCanvasMouseMove -point (1241,181) 
dicmdCanvasMouseMove -point (1241,180) 
dicmdCanvasMouseMove -point (1241,179) 
dicmdCanvasMouseMove -point (1241,178) 
dicmdCanvasMouseMove -point (1241,177) 
dicmdCanvasMouseMove -point (1241,176) 
dicmdCanvasMouseClick -point (1241,176) 
dicmdCanvasMouseClick -point (1241,176) 
dicmdCanvasMouseDblClick -point (1241,176) 
#o --> Out: dicmdCreateObjPolygon -points {(1270,92);(1186,96);(1241,176);(1241,176)} 
dicmdCanvasMouseDblClick -point (1241,176) 
dicmdCanvasMouseMove -point (1240,176) 
dicmdCanvasMouseMove -point (1235,176) 
dicmdCanvasMouseMove -point (1227,176) 
dicmdCanvasMouseMove -point (1208,173) 
dicmdCanvasMouseMove -point (1148,166) 
dicmdCanvasMouseMove -point (1064,159) 
dicmdCanvasMouseMove -point (989,153) 
dicmdCanvasMouseMove -point (917,151) 
dicmdCanvasMouseMove -point (860,148) 
dicmdCanvasMouseMove -point (809,148) 
dicmdCanvasMouseMove -point (770,148) 
dicmdCanvasMouseMove -point (738,148) 
dicmdCanvasMouseMove -point (710,148) 
dicmdCanvasMouseMove -point (686,148) 
dicmdCanvasMouseMove -point (671,148) 
dicmdCanvasMouseMove -point (665,148) 
dicmdCanvasMouseMove -point (661,148) 
dicmdCanvasMouseMove -point (660,148) 
dicmdCanvasMouseMove -point (659,148) 
dicmdCanvasMouseMove -point (657,147) 
dicmdCanvasMouseMove -point (647,147) 
dicmdCanvasMouseMove -point (605,147) 
dicmdCanvasMouseMove -point (520,147) 
dicmdCanvasMouseMove -point (447,146) 
dicmdCanvasMouseMove -point (393,145) 
dicmdCanvasMouseMove -point (350,143) 
dicmdCanvasMouseMove -point (318,140) 
dicmdCanvasMouseMove -point (295,136) 
dicmdCanvasMouseMove -point (280,131) 
dicmdCanvasMouseMove -point (271,127) 
dicmdCanvasMouseMove -point (265,124) 
dicmdCanvasMouseMove -point (265,122) 
dicmdCanvasMouseMove -point (260,111) 
dicmdCanvasMouseMove -point (226,62) 
dicmdCanvasMouseMove -point (194,22) 
dicmdguiClickButton -object 0x104:Line 
incmdCreateObjLine
incmdCreateObjLine
dicmdCanvasMouseMove -point (177,27) 
dicmdCanvasMouseMove -point (223,64) 
dicmdCanvasMouseMove -point (256,92) 
dicmdCanvasMouseMove -point (281,110) 
dicmdCanvasMouseMove -point (299,123) 
dicmdCanvasMouseMove -point (308,129) 
dicmdCanvasMouseMove -point (311,133) 
dicmdCanvasMouseMove -point (313,135) 
dicmdCanvasMouseMove -point (315,137) 
dicmdCanvasMouseMove -point (317,139) 
dicmdCanvasMouseMove -point (319,140) 
dicmdCanvasMouseMove -point (319,138) 
dicmdCanvasMouseMove -point (319,137) 
dicmdCanvasMouseMove -point (319,135) 
dicmdCanvasMouseMove -point (319,131) 
dicmdCanvasMouseMove -point (319,127) 
dicmdCanvasMouseMove -point (320,122) 
dicmdCanvasMouseMove -point (324,115) 
dicmdCanvasMouseMove -point (329,107) 
dicmdCanvasMouseMove -point (337,93) 
dicmdCanvasMouseMove -point (346,80) 
dicmdCanvasMouseMove -point (355,70) 
dicmdCanvasMouseMove -point (361,62) 
dicmdCanvasMouseMove -point (366,57) 
dicmdCanvasMouseMove -point (370,53) 
dicmdCanvasMouseMove -point (372,49) 
dicmdCanvasMouseMove -point (373,46) 
dicmdCanvasMouseMove -point (374,45) 
dicmdCanvasMouseMove -point (374,44) 
dicmdCanvasMouseMove -point (374,43) 
dicmdCanvasMouseMove -point (374,42) 
dicmdCanvasMouseMove -point (375,42) 
dicmdCanvasMouseMove -point (375,41) 
dicmdCanvasMouseMove -point (375,40) 
dicmdCanvasMouseMove -point (375,39) 
dicmdCanvasMouseMove -point (375,38) 
dicmdCanvasMouseMove -point (375,37) 
dicmdCanvasMouseMove -point (375,35) 
dicmdCanvasMouseMove -point (375,34) 
dicmdCanvasMouseMove -point (375,31) 
dicmdCanvasMouseMove -point (375,30) 
dicmdCanvasMouseMove -point (375,28) 
dicmdCanvasMouseMove -point (375,27) 
dicmdCanvasMouseMove -point (375,26) 
dicmdCanvasMouseMove -point (375,25) 
dicmdCanvasMouseMove -point (375,24) 
dicmdCanvasMouseMove -point (376,24) 
dicmdCanvasMouseMove -point (377,23) 
dicmdCanvasMouseMove -point (377,22) 
dicmdCanvasMouseMove -point (378,22) 
dicmdCanvasMouseMove -point (378,21) 
dicmdCanvasMouseMove -point (379,21) 
dicmdCanvasMouseMove -point (380,21) 
dicmdCanvasMouseMove -point (381,20) 
dicmdCanvasMouseMove -point (382,20) 
dicmdCanvasMouseMove -point (383,20) 
dicmdCanvasMouseMove -point (384,19) 
dicmdCanvasMouseMove -point (385,19) 
dicmdCanvasMouseMove -point (386,19) 
dicmdCanvasMouseMove -point (387,19) 
dicmdCanvasMouseMove -point (388,19) 
dicmdCanvasMouseMove -point (389,18) 
dicmdCanvasMouseMove -point (390,18) 
dicmdCanvasMouseMove -point (391,18) 
dicmdCanvasMouseMove -point (392,18) 
dicmdCanvasMouseMove -point (393,18) 
dicmdCanvasMouseMove -point (394,18) 
dicmdCanvasMouseMove -point (395,18) 
dicmdCanvasMouseMove -point (396,18) 
dicmdCanvasMouseMove -point (397,18) 
dicmdCanvasMouseMove -point (398,18) 
dicmdCanvasMouseMove -point (399,18) 
dicmdCanvasMouseMove -point (400,18) 
dicmdCanvasMouseMove -point (401,18) 
dicmdCanvasMouseClick -point (401,18) 
dicmdCanvasMouseClick -point (401,18) 
dicmdCanvasMouseMove -point (401,20) 
dicmdCanvasMouseMove -point (399,23) 
dicmdCanvasMouseMove -point (397,28) 
dicmdCanvasMouseMove -point (396,37) 
dicmdCanvasMouseMove -point (396,51) 
dicmdCanvasMouseMove -point (396,65) 
dicmdCanvasMouseMove -point (396,75) 
dicmdCanvasMouseMove -point (396,84) 
dicmdCanvasMouseMove -point (396,93) 
dicmdCanvasMouseMove -point (396,100) 
dicmdCanvasMouseMove -point (396,109) 
dicmdCanvasMouseMove -point (396,115) 
dicmdCanvasMouseMove -point (396,121) 
dicmdCanvasMouseMove -point (396,128) 
dicmdCanvasMouseMove -point (396,134) 
dicmdCanvasMouseMove -point (396,139) 
dicmdCanvasMouseMove -point (396,144) 
dicmdCanvasMouseMove -point (396,149) 
dicmdCanvasMouseMove -point (396,154) 
dicmdCanvasMouseMove -point (396,159) 
dicmdCanvasMouseMove -point (396,162) 
dicmdCanvasMouseMove -point (396,165) 
dicmdCanvasMouseMove -point (396,169) 
dicmdCanvasMouseMove -point (396,172) 
dicmdCanvasMouseMove -point (396,175) 
dicmdCanvasMouseMove -point (396,177) 
dicmdCanvasMouseMove -point (396,180) 
dicmdCanvasMouseMove -point (396,182) 
dicmdCanvasMouseMove -point (396,184) 
dicmdCanvasMouseMove -point (396,185) 
dicmdCanvasMouseMove -point (396,187) 
dicmdCanvasMouseMove -point (396,188) 
dicmdCanvasMouseMove -point (396,190) 
dicmdCanvasMouseMove -point (397,191) 
dicmdCanvasMouseMove -point (398,192) 
dicmdCanvasMouseMove -point (398,193) 
dicmdCanvasMouseMove -point (399,193) 
dicmdCanvasMouseMove -point (400,194) 
dicmdCanvasMouseMove -point (401,194) 
dicmdCanvasMouseMove -point (402,195) 
dicmdCanvasMouseMove -point (403,195) 
dicmdCanvasMouseMove -point (404,195) 
dicmdCanvasMouseMove -point (405,195) 
dicmdCanvasMouseMove -point (406,195) 
dicmdCanvasMouseMove -point (407,195) 
dicmdCanvasMouseMove -point (408,195) 
dicmdCanvasMouseMove -point (409,195) 
dicmdCanvasMouseMove -point (409,194) 
dicmdCanvasMouseMove -point (410,193) 
dicmdCanvasMouseMove -point (410,192) 
dicmdCanvasMouseMove -point (410,191) 
dicmdCanvasMouseMove -point (410,190) 
dicmdCanvasMouseClick -point (410,190) 
dicmdCanvasMouseClick -point (410,190) 
#o --> Out: dicmdCreateObjLine -points {(401,18);(410,190)} 
dicmdCanvasMouseMove -point (410,189) 
dicmdCanvasMouseMove -point (410,188) 
dicmdCanvasMouseMove -point (411,187) 
dicmdCanvasMouseMove -point (415,184) 
dicmdCanvasMouseMove -point (432,177) 
dicmdCanvasMouseMove -point (467,162) 
dicmdCanvasMouseMove -point (500,150) 
dicmdCanvasMouseMove -point (531,142) 
dicmdCanvasMouseMove -point (554,135) 
dicmdCanvasMouseMove -point (570,130) 
dicmdCanvasMouseMove -point (584,126) 
dicmdCanvasMouseMove -point (592,124) 
dicmdCanvasMouseMove -point (598,122) 
dicmdCanvasMouseMove -point (604,120) 
dicmdCanvasMouseMove -point (599,120) 
dicmdCanvasMouseMove -point (591,120) 
dicmdCanvasMouseMove -point (568,124) 
dicmdCanvasMouseMove -point (533,136) 
dicmdCanvasMouseMove -point (490,148) 
dicmdCanvasMouseMove -point (457,157) 
dicmdCanvasMouseMove -point (429,167) 
dicmdCanvasMouseMove -point (406,176) 
dicmdCanvasMouseMove -point (386,184) 
dicmdCanvasMouseMove -point (367,194) 
dicmdCanvasMouseMove -point (355,200) 
dicmdCanvasMouseMove -point (344,206) 
dicmdCanvasMouseMove -point (339,209) 
dicmdCanvasMouseMove -point (335,212) 
dicmdCanvasMouseMove -point (332,215) 
dicmdCanvasMouseMove -point (331,216) 
dicmdCanvasMouseMove -point (329,218) 
dicmdCanvasMouseMove -point (328,219) 
dicmdCanvasMouseMove -point (327,220) 
dicmdCanvasMouseMove -point (326,221) 
dicmdCanvasMouseMove -point (325,221) 
dicmdCanvasMouseMove -point (324,221) 
dicmdCanvasMouseMove -point (325,221) 
dicmdCanvasMouseMove -point (326,221) 
dicmdCanvasMouseMove -point (327,220) 
dicmdCanvasMouseClick -point (327,220) 
dicmdCanvasMouseClick -point (327,220) 
dicmdCanvasMouseMove -point (330,219) 
dicmdCanvasMouseMove -point (333,219) 
dicmdCanvasMouseMove -point (338,218) 
dicmdCanvasMouseMove -point (351,218) 
dicmdCanvasMouseMove -point (370,218) 
dicmdCanvasMouseMove -point (393,218) 
dicmdCanvasMouseMove -point (410,218) 
dicmdCanvasMouseMove -point (425,218) 
dicmdCanvasMouseMove -point (434,218) 
dicmdCanvasMouseMove -point (444,218) 
dicmdCanvasMouseMove -point (453,218) 
dicmdCanvasMouseMove -point (462,218) 
dicmdCanvasMouseMove -point (471,218) 
dicmdCanvasMouseMove -point (480,218) 
dicmdCanvasMouseMove -point (487,218) 
dicmdCanvasMouseMove -point (494,218) 
dicmdCanvasMouseMove -point (499,218) 
dicmdCanvasMouseMove -point (505,218) 
dicmdCanvasMouseMove -point (510,219) 
dicmdCanvasMouseMove -point (512,219) 
dicmdCanvasMouseMove -point (514,219) 
dicmdCanvasMouseMove -point (515,219) 
dicmdCanvasMouseMove -point (516,219) 
dicmdCanvasMouseMove -point (517,219) 
dicmdCanvasMouseClick -point (517,219) 
dicmdCanvasMouseClick -point (517,219) 
#o --> Out: dicmdCreateObjLine -points {(327,220);(517,219)} 
dicmdCanvasMouseMove -point (519,219) 
dicmdCanvasMouseMove -point (526,214) 
dicmdCanvasMouseMove -point (550,199) 
dicmdCanvasMouseMove -point (597,172) 
dicmdCanvasMouseMove -point (636,147) 
dicmdCanvasMouseMove -point (664,134) 
dicmdCanvasMouseMove -point (683,126) 
dicmdCanvasMouseMove -point (698,121) 
dicmdCanvasMouseMove -point (708,115) 
dicmdCanvasMouseMove -point (714,111) 
dicmdCanvasMouseMove -point (713,111) 
dicmdCanvasMouseMove -point (711,110) 
dicmdCanvasMouseMove -point (707,106) 
dicmdCanvasMouseMove -point (703,102) 
dicmdCanvasMouseMove -point (697,96) 
dicmdCanvasMouseMove -point (690,90) 
dicmdCanvasMouseMove -point (684,84) 
dicmdCanvasMouseMove -point (679,78) 
dicmdCanvasMouseMove -point (673,71) 
dicmdCanvasMouseMove -point (668,66) 
dicmdCanvasMouseMove -point (663,61) 
dicmdCanvasMouseMove -point (660,58) 
dicmdCanvasMouseMove -point (659,56) 
dicmdCanvasMouseMove -point (658,55) 
dicmdCanvasMouseMove -point (657,54) 
dicmdCanvasMouseMove -point (657,53) 
dicmdCanvasMouseMove -point (657,52) 
dicmdCanvasMouseMove -point (657,51) 
dicmdCanvasMouseMove -point (657,50) 
dicmdCanvasMouseMove -point (657,49) 
dicmdCanvasMouseMove -point (657,48) 
dicmdCanvasMouseMove -point (657,47) 
dicmdCanvasMouseMove -point (657,46) 
dicmdCanvasMouseMove -point (657,45) 
dicmdCanvasMouseMove -point (657,44) 
dicmdCanvasMouseMove -point (657,43) 
dicmdCanvasMouseMove -point (657,42) 
dicmdCanvasMouseClick -point (657,42) 
dicmdCanvasMouseClick -point (657,42) 
dicmdCanvasMouseMove -point (657,46) 
dicmdCanvasMouseMove -point (657,51) 
dicmdCanvasMouseMove -point (657,59) 
dicmdCanvasMouseMove -point (657,76) 
dicmdCanvasMouseMove -point (661,96) 
dicmdCanvasMouseMove -point (666,119) 
dicmdCanvasMouseMove -point (669,137) 
dicmdCanvasMouseMove -point (671,147) 
dicmdCanvasMouseMove -point (673,158) 
dicmdCanvasMouseMove -point (675,169) 
dicmdCanvasMouseMove -point (677,179) 
dicmdCanvasMouseMove -point (679,190) 
dicmdCanvasMouseMove -point (680,196) 
dicmdCanvasMouseMove -point (682,201) 
dicmdCanvasMouseMove -point (682,203) 
dicmdCanvasMouseMove -point (682,205) 
dicmdCanvasMouseMove -point (682,206) 
dicmdCanvasMouseMove -point (682,207) 
dicmdCanvasMouseMove -point (682,208) 
dicmdCanvasMouseClick -point (682,208) 
dicmdCanvasMouseClick -point (682,208) 
#o --> Out: dicmdCreateObjLine -points {(657,42);(682,208)} 
dicmdCanvasMouseMove -point (683,208) 
dicmdCanvasMouseMove -point (684,208) 
dicmdCanvasMouseMove -point (686,206) 
dicmdCanvasMouseMove -point (693,201) 
dicmdCanvasMouseMove -point (716,190) 
dicmdCanvasMouseMove -point (754,178) 
dicmdCanvasMouseMove -point (783,172) 
dicmdCanvasMouseMove -point (799,170) 
dicmdCanvasMouseMove -point (809,170) 
dicmdCanvasMouseMove -point (818,170) 
dicmdCanvasMouseMove -point (824,170) 
dicmdCanvasMouseMove -point (829,169) 
dicmdCanvasMouseMove -point (833,169) 
dicmdCanvasMouseMove -point (838,169) 
dicmdCanvasMouseMove -point (846,169) 
dicmdCanvasMouseMove -point (857,169) 
dicmdCanvasMouseMove -point (869,169) 
dicmdCanvasMouseMove -point (880,169) 
dicmdCanvasMouseMove -point (893,169) 
dicmdCanvasMouseMove -point (903,169) 
dicmdCanvasMouseMove -point (909,169) 
dicmdCanvasMouseMove -point (915,169) 
dicmdCanvasMouseMove -point (921,169) 
dicmdCanvasMouseMove -point (926,169) 
dicmdCanvasMouseMove -point (932,169) 
dicmdCanvasMouseMove -point (938,169) 
dicmdCanvasMouseMove -point (942,169) 
dicmdCanvasMouseMove -point (944,168) 
dicmdCanvasMouseClick -point (944,168) 
dicmdCanvasMouseClick -point (944,168) 
dicmdCanvasMouseMove -point (942,166) 
dicmdCanvasMouseMove -point (941,163) 
dicmdCanvasMouseMove -point (941,159) 
dicmdCanvasMouseMove -point (941,154) 
dicmdCanvasMouseMove -point (941,144) 
dicmdCanvasMouseMove -point (941,129) 
dicmdCanvasMouseMove -point (944,114) 
dicmdCanvasMouseMove -point (948,98) 
dicmdCanvasMouseMove -point (952,87) 
dicmdCanvasMouseMove -point (954,77) 
dicmdCanvasMouseMove -point (955,72) 
dicmdCanvasMouseMove -point (957,67) 
dicmdCanvasMouseMove -point (958,65) 
dicmdCanvasMouseMove -point (958,63) 
dicmdCanvasMouseMove -point (959,62) 
dicmdCanvasMouseMove -point (959,61) 
dicmdCanvasMouseMove -point (960,61) 
dicmdCanvasMouseMove -point (960,60) 
dicmdCanvasMouseClick -point (960,60) 
dicmdCanvasMouseClick -point (960,60) 
#o --> Out: dicmdCreateObjLine -points {(944,168);(960,60)} 
dicmdCanvasMouseMove -point (958,63) 
dicmdCanvasMouseMove -point (946,75) 
dicmdCanvasMouseMove -point (915,100) 
dicmdCanvasMouseMove -point (881,123) 
dicmdCanvasMouseMove -point (851,146) 
dicmdCanvasMouseMove -point (831,162) 
dicmdCanvasMouseMove -point (819,169) 
dicmdCanvasMouseMove -point (812,174) 
dicmdCanvasMouseMove -point (809,177) 
dicmdCanvasMouseMove -point (807,178) 
dicmdCanvasMouseClick -point (807,178) 
dicmdCanvasMouseClick -point (807,178) 
dicmdCanvasMouseMove -point (810,178) 
dicmdCanvasMouseMove -point (818,178) 
dicmdCanvasMouseMove -point (841,183) 
dicmdCanvasMouseMove -point (874,195) 
dicmdCanvasMouseMove -point (902,210) 
dicmdCanvasMouseMove -point (932,226) 
dicmdCanvasMouseMove -point (953,237) 
dicmdCanvasMouseMove -point (966,245) 
dicmdCanvasMouseMove -point (975,251) 
dicmdCanvasMouseMove -point (979,253) 
dicmdCanvasMouseMove -point (981,254) 
dicmdCanvasMouseMove -point (983,255) 
dicmdCanvasMouseMove -point (984,255) 
dicmdCanvasMouseMove -point (985,255) 
dicmdCanvasMouseClick -point (985,255) 
dicmdCanvasMouseClick -point (985,255) 
#o --> Out: dicmdCreateObjLine -points {(807,178);(985,255)} 
dicmdCanvasMouseMove -point (984,254) 
dicmdCanvasMouseMove -point (980,251) 
dicmdCanvasMouseMove -point (971,247) 
dicmdCanvasMouseMove -point (951,240) 
dicmdCanvasMouseMove -point (888,228) 
dicmdCanvasMouseMove -point (832,217) 
dicmdCanvasMouseMove -point (786,211) 
dicmdCanvasMouseMove -point (726,201) 
dicmdCanvasMouseMove -point (665,192) 
dicmdCanvasMouseMove -point (602,187) 
dicmdCanvasMouseMove -point (541,181) 
dicmdCanvasMouseMove -point (501,176) 
dicmdCanvasMouseMove -point (466,169) 
dicmdCanvasMouseMove -point (444,160) 
dicmdCanvasMouseMove -point (433,152) 
dicmdCanvasMouseMove -point (431,152) 
dicmdCanvasMouseMove -point (421,152) 
dicmdCanvasMouseMove -point (397,138) 
dicmdCanvasMouseMove -point (346,108) 
dicmdCanvasMouseMove -point (296,75) 
dicmdCanvasMouseMove -point (261,50) 
dicmdCanvasMouseMove -point (227,23) 
dicmdguiClickButton -object 0x107:Region 
incmdSelectShapesByRegion
incmdSelectShapesByRegion
dicmdCanvasMouseMove -point (117,1) 
dicmdCanvasMouseMove -point (107,2) 
dicmdCanvasMouseMove -point (100,3) 
dicmdCanvasMouseMove -point (94,3) 
dicmdCanvasMouseMove -point (89,3) 
dicmdCanvasMouseMove -point (84,3) 
dicmdCanvasMouseMove -point (79,3) 
dicmdCanvasMouseMove -point (75,4) 
dicmdCanvasMouseMove -point (70,5) 
dicmdCanvasMouseMove -point (65,7) 
dicmdCanvasMouseMove -point (62,7) 
dicmdCanvasMouseMove -point (60,8) 
dicmdCanvasMouseMove -point (58,8) 
dicmdCanvasMouseMove -point (56,8) 
dicmdCanvasMouseMove -point (55,8) 
dicmdCanvasMouseMove -point (54,8) 
dicmdCanvasMouseMove -point (52,9) 
dicmdCanvasMouseMove -point (50,10) 
dicmdCanvasMouseMove -point (48,10) 
dicmdCanvasMouseMove -point (47,10) 
dicmdCanvasMouseMove -point (45,11) 
dicmdCanvasMouseMove -point (44,11) 
dicmdCanvasMouseMove -point (43,11) 
dicmdCanvasMouseMove -point (41,11) 
dicmdCanvasMouseMove -point (39,12) 
dicmdCanvasMouseMove -point (37,12) 
dicmdCanvasMouseMove -point (36,13) 
dicmdCanvasMouseMove -point (34,13) 
dicmdCanvasMouseMove -point (33,14) 
dicmdCanvasMouseMove -point (32,14) 
dicmdCanvasMouseMove -point (31,14) 
dicmdCanvasMouseMove -point (31,15) 
dicmdCanvasMouseMove -point (30,15) 
dicmdCanvasMouseMove -point (30,16) 
dicmdCanvasMouseClick -point (30,16) 
dicmdCanvasMouseClick -point (30,16) 
dicmdCanvasMouseMove -point (30,17) 
dicmdCanvasMouseMove -point (33,18) 
dicmdCanvasMouseMove -point (37,21) 
dicmdCanvasMouseMove -point (44,26) 
dicmdCanvasMouseMove -point (50,33) 
dicmdCanvasMouseMove -point (56,38) 
dicmdCanvasMouseMove -point (61,41) 
dicmdCanvasMouseMove -point (65,43) 
dicmdCanvasMouseMove -point (69,47) 
dicmdCanvasMouseMove -point (75,52) 
dicmdCanvasMouseMove -point (80,58) 
dicmdCanvasMouseMove -point (84,64) 
dicmdCanvasMouseMove -point (88,68) 
dicmdCanvasMouseMove -point (91,71) 
dicmdCanvasMouseMove -point (96,74) 
dicmdCanvasMouseMove -point (100,78) 
dicmdCanvasMouseMove -point (105,81) 
dicmdCanvasMouseMove -point (109,85) 
dicmdCanvasMouseMove -point (113,89) 
dicmdCanvasMouseMove -point (117,92) 
dicmdCanvasMouseMove -point (121,95) 
dicmdCanvasMouseMove -point (125,97) 
dicmdCanvasMouseMove -point (130,100) 
dicmdCanvasMouseMove -point (133,103) 
dicmdCanvasMouseMove -point (136,107) 
dicmdCanvasMouseMove -point (139,110) 
dicmdCanvasMouseMove -point (142,113) 
dicmdCanvasMouseMove -point (145,116) 
dicmdCanvasMouseMove -point (148,120) 
dicmdCanvasMouseMove -point (150,123) 
dicmdCanvasMouseMove -point (154,126) 
dicmdCanvasMouseMove -point (157,129) 
dicmdCanvasMouseMove -point (160,133) 
dicmdCanvasMouseMove -point (165,138) 
dicmdCanvasMouseMove -point (170,143) 
dicmdCanvasMouseMove -point (174,145) 
dicmdCanvasMouseMove -point (178,148) 
dicmdCanvasMouseMove -point (181,151) 
dicmdCanvasMouseMove -point (180,150) 
dicmdCanvasMouseMove -point (180,149) 
dicmdCanvasMouseClick -point (180,149) 
dicmdCanvasMouseClick -point (180,149) 
#o --> Out: dicmdSelectShapesByRegion -end (180,149) -start (30,16) 
dicmdCanvasMouseMove -point (179,149) 
dicmdCanvasMouseMove -point (178,149) 
dicmdCanvasMouseMove -point (177,149) 
dicmdCanvasMouseMove -point (176,149) 
dicmdCanvasMouseMove -point (174,149) 
dicmdCanvasMouseMove -point (173,149) 
dicmdCanvasMouseMove -point (172,149) 
dicmdCanvasMouseMove -point (171,149) 
dicmdCanvasMouseMove -point (169,149) 
dicmdCanvasMouseMove -point (167,149) 
dicmdCanvasMouseMove -point (165,149) 
dicmdCanvasMouseMove -point (163,149) 
dicmdCanvasMouseMove -point (161,149) 
dicmdCanvasMouseMove -point (159,149) 
dicmdCanvasMouseMove -point (158,149) 
dicmdCanvasMouseMove -point (157,149) 
dicmdCanvasMouseMove -point (156,149) 
dicmdCanvasMouseMove -point (155,149) 
dicmdCanvasMouseMove -point (154,149) 
dicmdCanvasMouseMove -point (155,149) 
dicmdCanvasMouseMove -point (156,149) 
dicmdCanvasMouseMove -point (157,149) 
dicmdCanvasMouseMove -point (158,149) 
dicmdCanvasMouseMove -point (159,149) 
dicmdCanvasMouseMove -point (160,149) 
dicmdCanvasMouseMove -point (161,149) 
dicmdCanvasMouseMove -point (162,149) 
dicmdCanvasMouseMove -point (163,149) 
dicmdCanvasMouseMove -point (165,149) 
dicmdCanvasMouseMove -point (166,149) 
dicmdCanvasMouseMove -point (167,149) 
dicmdCanvasMouseMove -point (168,149) 
dicmdCanvasMouseMove -point (170,149) 
dicmdCanvasMouseMove -point (171,149) 
dicmdCanvasMouseMove -point (172,149) 
dicmdCanvasMouseMove -point (173,149) 
dicmdCanvasMouseMove -point (174,149) 
dicmdCanvasMouseMove -point (175,149) 
dicmdCanvasMouseMove -point (176,149) 
dicmdQaCompareSelection 
#t --> Test: comparision->Selection:PASS Selection_Compare_0.txt Selection_Compare_0.txt.golden
dicmdCanvasMouseMove -point (176,158) 
dicmdCanvasMouseMove -point (176,204) 
dicmdCanvasMouseMove -point (182,274) 
dicmdCanvasMouseMove -point (249,248) 
dicmdCanvasMouseMove -point (255,208) 
dicmdCanvasMouseMove -point (256,184) 
dicmdCanvasMouseMove -point (257,173) 
dicmdCanvasMouseMove -point (257,170) 
dicmdCanvasMouseMove -point (257,169) 
dicmdCanvasMouseMove -point (257,168) 
dicmdCanvasMouseMove -point (255,168) 
dicmdCanvasMouseMove -point (252,168) 
dicmdCanvasMouseMove -point (249,168) 
dicmdCanvasMouseMove -point (247,168) 
dicmdCanvasMouseMove -point (244,168) 
dicmdCanvasMouseMove -point (242,168) 
dicmdCanvasMouseMove -point (239,168) 
dicmdCanvasMouseMove -point (235,168) 
dicmdCanvasMouseMove -point (232,168) 
dicmdCanvasMouseMove -point (229,168) 
dicmdCanvasMouseMove -point (227,168) 
dicmdCanvasMouseMove -point (226,168) 
dicmdCanvasMouseMove -point (224,168) 
dicmdCanvasMouseMove -point (223,168) 
dicmdCanvasMouseMove -point (221,168) 
dicmdCanvasMouseMove -point (219,167) 
dicmdCanvasMouseMove -point (217,167) 
dicmdCanvasMouseMove -point (216,167) 
dicmdCanvasMouseMove -point (214,167) 
dicmdCanvasMouseMove -point (213,167) 
dicmdCanvasMouseMove -point (211,167) 
dicmdCanvasMouseMove -point (210,167) 
dicmdCanvasMouseMove -point (208,166) 
dicmdCanvasMouseMove -point (207,166) 
dicmdCanvasMouseMove -point (205,165) 
dicmdCanvasMouseMove -point (204,165) 
dicmdCanvasMouseMove -point (203,164) 
dicmdCanvasMouseMove -point (202,164) 
dicmdCanvasMouseMove -point (201,163) 
dicmdCanvasMouseMove -point (200,163) 
dicmdCanvasMouseMove -point (199,162) 
dicmdCanvasMouseMove -point (198,161) 
dicmdCanvasMouseMove -point (198,160) 
dicmdCanvasMouseMove -point (197,159) 
dicmdCanvasMouseMove -point (196,158) 
dicmdCanvasMouseMove -point (196,157) 
dicmdCanvasMouseMove -point (196,156) 
dicmdCanvasMouseMove -point (195,155) 
dicmdCanvasMouseMove -point (195,154) 
dicmdCanvasMouseMove -point (195,153) 
dicmdCanvasMouseMove -point (195,151) 
dicmdCanvasMouseMove -point (194,150) 
dicmdCanvasMouseMove -point (194,148) 
dicmdCanvasMouseMove -point (194,147) 
dicmdCanvasMouseMove -point (194,146) 
dicmdCanvasMouseMove -point (194,145) 
dicmdCanvasMouseMove -point (194,144) 
dicmdCanvasMouseMove -point (194,137) 
dicmdCanvasMouseMove -point (194,131) 
dicmdCanvasMouseMove -point (194,122) 
dicmdCanvasMouseMove -point (194,116) 
dicmdCanvasMouseMove -point (194,111) 
dicmdCanvasMouseMove -point (194,107) 
dicmdCanvasMouseMove -point (194,104) 
dicmdCanvasMouseMove -point (194,101) 
dicmdCanvasMouseMove -point (194,99) 
dicmdCanvasMouseMove -point (195,96) 
dicmdCanvasMouseMove -point (196,93) 
dicmdCanvasMouseMove -point (197,91) 
dicmdCanvasMouseMove -point (198,89) 
dicmdCanvasMouseMove -point (198,86) 
dicmdCanvasMouseMove -point (199,84) 
dicmdCanvasMouseMove -point (201,81) 
dicmdCanvasMouseMove -point (202,77) 
dicmdCanvasMouseMove -point (203,73) 
dicmdCanvasMouseMove -point (205,70) 
dicmdCanvasMouseMove -point (206,67) 
dicmdCanvasMouseMove -point (207,65) 
dicmdCanvasMouseMove -point (207,63) 
dicmdCanvasMouseMove -point (208,60) 
dicmdCanvasMouseMove -point (210,56) 
dicmdCanvasMouseMove -point (210,55) 
dicmdCanvasMouseMove -point (211,53) 
dicmdCanvasMouseMove -point (211,52) 
dicmdCanvasMouseMove -point (210,52) 
dicmdCanvasMouseMove -point (209,52) 
dicmdCanvasMouseMove -point (209,51) 
dicmdCanvasMouseMove -point (208,48) 
dicmdCanvasMouseMove -point (207,45) 
dicmdCanvasMouseMove -point (207,42) 
dicmdCanvasMouseMove -point (206,39) 
dicmdCanvasMouseMove -point (205,37) 
dicmdCanvasMouseMove -point (205,35) 
dicmdCanvasMouseMove -point (204,33) 
dicmdCanvasMouseMove -point (204,32) 
dicmdCanvasMouseMove -point (204,31) 
dicmdCanvasMouseMove -point (204,30) 
dicmdCanvasMouseMove -point (204,29) 
dicmdCanvasMouseMove -point (204,27) 
dicmdCanvasMouseMove -point (204,26) 
dicmdCanvasMouseMove -point (204,25) 
dicmdCanvasMouseMove -point (204,24) 
dicmdCanvasMouseMove -point (204,23) 
dicmdCanvasMouseMove -point (204,22) 
dicmdCanvasMouseMove -point (204,21) 
dicmdCanvasMouseMove -point (204,20) 
dicmdCanvasMouseMove -point (204,19) 
dicmdCanvasMouseMove -point (204,18) 
dicmdCanvasMouseMove -point (204,19) 
dicmdCanvasMouseMove -point (204,20) 
dicmdCanvasMouseMove -point (204,21) 
dicmdCanvasMouseMove -point (204,22) 
dicmdCanvasMouseMove -point (204,23) 
dicmdCanvasMouseMove -point (204,24) 
dicmdCanvasMouseMove -point (204,25) 
dicmdCanvasMouseMove -point (204,26) 
dicmdCanvasMouseMove -point (205,26) 
dicmdCanvasMouseMove -point (206,26) 
dicmdCanvasMouseMove -point (207,26) 
dicmdCanvasMouseClick -point (207,26) 
dicmdCanvasMouseClick -point (207,26) 
dicmdCanvasMouseMove -point (207,27) 
dicmdCanvasMouseMove -point (207,29) 
dicmdCanvasMouseMove -point (207,30) 
dicmdCanvasMouseMove -point (207,32) 
dicmdCanvasMouseMove -point (208,34) 
dicmdCanvasMouseMove -point (209,36) 
dicmdCanvasMouseMove -point (212,40) 
dicmdCanvasMouseMove -point (217,46) 
dicmdCanvasMouseMove -point (226,57) 
dicmdCanvasMouseMove -point (234,64) 
dicmdCanvasMouseMove -point (242,70) 
dicmdCanvasMouseMove -point (248,77) 
dicmdCanvasMouseMove -point (253,84) 
dicmdCanvasMouseMove -point (257,87) 
dicmdCanvasMouseMove -point (260,91) 
dicmdCanvasMouseMove -point (262,93) 
dicmdCanvasMouseMove -point (264,94) 
dicmdCanvasMouseMove -point (266,95) 
dicmdCanvasMouseMove -point (267,97) 
dicmdCanvasMouseMove -point (269,98) 
dicmdCanvasMouseMove -point (270,99) 
dicmdCanvasMouseMove -point (272,101) 
dicmdCanvasMouseMove -point (274,102) 
dicmdCanvasMouseMove -point (276,104) 
dicmdCanvasMouseMove -point (278,106) 
dicmdCanvasMouseMove -point (281,108) 
dicmdCanvasMouseMove -point (283,111) 
dicmdCanvasMouseMove -point (286,113) 
dicmdCanvasMouseMove -point (288,116) 
dicmdCanvasMouseMove -point (291,119) 
dicmdCanvasMouseMove -point (295,122) 
dicmdCanvasMouseMove -point (300,126) 
dicmdCanvasMouseMove -point (303,128) 
dicmdCanvasMouseMove -point (306,131) 
dicmdCanvasMouseMove -point (308,134) 
dicmdCanvasMouseMove -point (312,136) 
dicmdCanvasMouseMove -point (315,138) 
dicmdCanvasMouseMove -point (319,139) 
dicmdCanvasMouseMove -point (323,140) 
dicmdCanvasMouseMove -point (325,140) 
dicmdCanvasMouseMove -point (327,140) 
dicmdCanvasMouseMove -point (328,140) 
dicmdCanvasMouseMove -point (329,140) 
dicmdCanvasMouseMove -point (331,140) 
dicmdCanvasMouseMove -point (332,140) 
dicmdCanvasMouseMove -point (334,140) 
dicmdCanvasMouseMove -point (335,140) 
dicmdCanvasMouseMove -point (336,140) 
dicmdCanvasMouseMove -point (338,140) 
dicmdCanvasMouseMove -point (339,140) 
dicmdCanvasMouseMove -point (340,140) 
dicmdCanvasMouseMove -point (341,140) 
dicmdCanvasMouseMove -point (342,140) 
dicmdCanvasMouseMove -point (343,140) 
dicmdCanvasMouseClick -point (343,140) 
dicmdCanvasMouseClick -point (343,140) 
#o --> Out: dicmdSelectShapesByRegion -end (343,140) -start (207,26) 
dicmdCanvasMouseMove -point (343,141) 
dicmdCanvasMouseMove -point (343,142) 
dicmdCanvasMouseMove -point (343,143) 
dicmdCanvasMouseMove -point (343,144) 
dicmdCanvasMouseMove -point (343,145) 
dicmdCanvasMouseMove -point (343,146) 
dicmdCanvasMouseMove -point (343,147) 
dicmdCanvasMouseMove -point (343,148) 
dicmdCanvasMouseMove -point (343,149) 
dicmdQaCompareSelection 
#t --> Test: comparision->Selection:PASS Selection_Compare_1.txt Selection_Compare_1.txt.golden
dicmdCanvasMouseMove -point (342,149) 
dicmdCanvasMouseMove -point (341,149) 
dicmdCanvasMouseMove -point (340,147) 
dicmdCanvasMouseMove -point (340,146) 
dicmdCanvasMouseMove -point (339,144) 
dicmdCanvasMouseMove -point (337,142) 
dicmdCanvasMouseMove -point (336,141) 
dicmdCanvasMouseMove -point (336,140) 
dicmdCanvasMouseMove -point (335,139) 
dicmdCanvasMouseMove -point (334,139) 
dicmdCanvasMouseMove -point (334,138) 
dicmdCanvasMouseMove -point (334,137) 
dicmdCanvasMouseMove -point (333,137) 
dicmdCanvasMouseMove -point (333,136) 
dicmdCanvasMouseMove -point (332,135) 
dicmdAbortActiveCommand 
dicmdQaCompareSelection 
#t --> Test: comparision->Selection:PASS Selection_Compare_2.txt Selection_Compare_2.txt.golden
dicmdguiClickButton -object 0x107:Region 
dicmdAbortActiveCommand 
dicmdAbortActiveCommand 
dicmdguiClickButton -object 0x107:Point 
incmdSelectUnderCursoer
incmdSelectUnderCursoer
dicmdguiClickButton -object 0x107:Region 
incmdSelectShapesByRegion
incmdSelectShapesByRegion
dicmdCanvasMouseMove -point (274,4) 
dicmdCanvasMouseMove -point (273,15) 
dicmdCanvasMouseMove -point (273,25) 
dicmdCanvasMouseMove -point (273,35) 
dicmdCanvasMouseMove -point (273,44) 
dicmdCanvasMouseMove -point (273,50) 
dicmdCanvasMouseMove -point (273,55) 
dicmdCanvasMouseMove -point (273,57) 
dicmdCanvasMouseMove -point (273,59) 
dicmdCanvasMouseMove -point (273,61) 
dicmdCanvasMouseMove -point (273,63) 
dicmdCanvasMouseMove -point (273,65) 
dicmdCanvasMouseMove -point (273,67) 
dicmdCanvasMouseMove -point (273,68) 
dicmdCanvasMouseMove -point (273,69) 
dicmdCanvasMouseMove -point (273,70) 
dicmdCanvasMouseMove -point (273,71) 
dicmdCanvasMouseMove -point (274,71) 
dicmdCanvasMouseMove -point (274,72) 
dicmdCanvasMouseMove -point (274,73) 
dicmdCanvasMouseMove -point (274,74) 
dicmdCanvasMouseMove -point (274,75) 
dicmdQaCompareSelection 
#t --> Test: comparision->Selection:PASS Selection_Compare_3.txt Selection_Compare_3.txt.golden
dicmdCanvasMouseMove -point (274,76) 
dicmdCanvasMouseMove -point (274,78) 
dicmdCanvasMouseMove -point (274,82) 
dicmdCanvasMouseMove -point (274,90) 
dicmdCanvasMouseMove -point (274,108) 
dicmdCanvasMouseMove -point (274,122) 
dicmdCanvasMouseMove -point (273,131) 
dicmdCanvasMouseMove -point (273,139) 
dicmdCanvasMouseMove -point (273,147) 
dicmdCanvasMouseMove -point (273,154) 
dicmdCanvasMouseMove -point (273,160) 
dicmdCanvasMouseMove -point (273,162) 
dicmdCanvasMouseMove -point (273,163) 
dicmdQaCompareSelection 
#t --> Test: comparision->Selection:PASS Selection_Compare_4.txt Selection_Compare_4.txt.golden
dicmdCanvasMouseMove -point (273,162) 
dicmdCanvasMouseMove -point (272,160) 
dicmdCanvasMouseMove -point (271,157) 
dicmdCanvasMouseMove -point (268,150) 
dicmdCanvasMouseMove -point (260,134) 
dicmdCanvasMouseMove -point (247,110) 
dicmdCanvasMouseMove -point (236,92) 
dicmdCanvasMouseMove -point (228,77) 
dicmdCanvasMouseMove -point (221,68) 
dicmdCanvasMouseMove -point (215,58) 
dicmdCanvasMouseMove -point (212,53) 
dicmdCanvasMouseMove -point (210,51) 
dicmdCanvasMouseMove -point (209,49) 
dicmdCanvasMouseMove -point (208,48) 
dicmdCanvasMouseMove -point (208,47) 
dicmdCanvasMouseMove -point (207,47) 
dicmdCanvasMouseMove -point (207,46) 
dicmdCanvasMouseMove -point (206,46) 
dicmdCanvasMouseMove -point (206,45) 
dicmdCanvasMouseMove -point (205,44) 
dicmdCanvasMouseMove -point (205,43) 
dicmdCanvasMouseMove -point (204,42) 
dicmdCanvasMouseMove -point (204,41) 
dicmdCanvasMouseMove -point (204,40) 
dicmdCanvasMouseMove -point (203,39) 
dicmdCanvasMouseMove -point (203,38) 
dicmdCanvasMouseClick -point (203,38) 
dicmdCanvasMouseClick -point (203,38) 
dicmdCanvasMouseMove -point (206,41) 
dicmdCanvasMouseMove -point (212,44) 
dicmdCanvasMouseMove -point (222,50) 
dicmdCanvasMouseMove -point (232,56) 
dicmdCanvasMouseMove -point (242,63) 
dicmdCanvasMouseMove -point (254,72) 
dicmdCanvasMouseMove -point (263,80) 
dicmdCanvasMouseMove -point (270,87) 
dicmdCanvasMouseMove -point (275,92) 
dicmdCanvasMouseMove -point (280,95) 
dicmdCanvasMouseMove -point (282,97) 
dicmdCanvasMouseMove -point (285,99) 
dicmdCanvasMouseMove -point (288,101) 
dicmdCanvasMouseMove -point (292,105) 
dicmdCanvasMouseMove -point (297,108) 
dicmdCanvasMouseMove -point (301,111) 
dicmdCanvasMouseMove -point (306,115) 
dicmdCanvasMouseMove -point (309,118) 
dicmdCanvasMouseMove -point (312,121) 
dicmdCanvasMouseMove -point (314,123) 
dicmdCanvasMouseMove -point (316,124) 
dicmdCanvasMouseMove -point (318,126) 
dicmdCanvasMouseMove -point (320,127) 
dicmdCanvasMouseMove -point (323,129) 
dicmdCanvasMouseMove -point (326,132) 
dicmdCanvasMouseMove -point (328,134) 
dicmdCanvasMouseMove -point (330,136) 
dicmdCanvasMouseMove -point (332,137) 
dicmdCanvasMouseMove -point (334,139) 
dicmdCanvasMouseMove -point (336,140) 
dicmdCanvasMouseMove -point (338,142) 
dicmdCanvasMouseMove -point (340,144) 
dicmdCanvasMouseMove -point (341,145) 
dicmdCanvasMouseMove -point (342,145) 
dicmdCanvasMouseMove -point (343,146) 
dicmdCanvasMouseMove -point (344,146) 
dicmdCanvasMouseMove -point (345,147) 
dicmdCanvasMouseMove -point (346,147) 
dicmdCanvasMouseClick -point (346,147) 
dicmdCanvasMouseClick -point (346,147) 
#o --> Out: dicmdSelectShapesByRegion -end (346,147) -start (203,38) 
dicmdCanvasMouseMove -point (345,146) 
dicmdCanvasMouseMove -point (343,146) 
dicmdCanvasMouseMove -point (342,145) 
dicmdCanvasMouseMove -point (341,145) 
dicmdCanvasMouseMove -point (340,145) 
dicmdCanvasMouseMove -point (339,145) 
dicmdCanvasMouseMove -point (337,145) 
dicmdCanvasMouseMove -point (336,145) 
dicmdCanvasMouseMove -point (335,145) 
dicmdCanvasMouseMove -point (334,145) 
dicmdCanvasMouseMove -point (333,145) 
dicmdCanvasMouseMove -point (332,145) 
dicmdCanvasMouseMove -point (331,145) 
dicmdCanvasMouseMove -point (330,145) 
dicmdQaCompareSelection 
#t --> Test: comparision->Selection:PASS Selection_Compare_5.txt Selection_Compare_5.txt.golden
dicmdCanvasMouseMove -point (330,146) 
dicmdCanvasMouseMove -point (330,148) 
dicmdCanvasMouseMove -point (330,150) 
dicmdCanvasMouseMove -point (330,152) 
dicmdCanvasMouseMove -point (330,154) 
dicmdCanvasMouseMove -point (330,155) 
dicmdCanvasMouseMove -point (330,156) 
dicmdCanvasMouseMove -point (330,157) 
dicmdCanvasMouseMove -point (330,158) 
dicmdCanvasMouseMove -point (329,158) 
dicmdCanvasMouseMove -point (333,161) 
dicmdCanvasMouseMove -point (351,171) 
dicmdCanvasMouseMove -point (402,197) 
dicmdCanvasMouseMove -point (459,226) 
dicmdCanvasMouseMove -point (535,263) 
dicmdCanvasMouseMove -point (839,283) 
dicmdCanvasMouseMove -point (791,244) 
dicmdCanvasMouseMove -point (761,222) 
dicmdCanvasMouseMove -point (740,203) 
dicmdCanvasMouseMove -point (726,187) 
dicmdCanvasMouseMove -point (720,177) 
dicmdCanvasMouseMove -point (719,172) 
dicmdCanvasMouseMove -point (715,172) 
dicmdCanvasMouseMove -point (685,170) 
dicmdCanvasMouseMove -point (631,150) 
dicmdCanvasMouseMove -point (579,135) 
dicmdCanvasMouseMove -point (532,122) 
dicmdCanvasMouseMove -point (487,111) 
dicmdCanvasMouseMove -point (456,104) 
dicmdCanvasMouseMove -point (432,99) 
dicmdCanvasMouseMove -point (417,95) 
dicmdCanvasMouseMove -point (406,92) 
dicmdCanvasMouseMove -point (400,90) 
dicmdCanvasMouseMove -point (395,88) 
dicmdCanvasMouseMove -point (391,87) 
dicmdCanvasMouseMove -point (389,87) 
dicmdCanvasMouseMove -point (388,86) 
dicmdCanvasMouseMove -point (387,86) 
dicmdCanvasMouseMove -point (387,85) 
dicmdCanvasMouseMove -point (387,84) 
dicmdCanvasMouseMove -point (387,83) 
dicmdCanvasMouseMove -point (387,82) 
dicmdCanvasMouseMove -point (387,80) 
dicmdCanvasMouseMove -point (387,78) 
dicmdCanvasMouseMove -point (390,76) 
dicmdCanvasMouseMove -point (394,75) 
dicmdCanvasMouseMove -point (399,73) 
dicmdCanvasMouseMove -point (408,69) 
dicmdCanvasMouseMove -point (421,64) 
dicmdCanvasMouseMove -point (430,60) 
dicmdCanvasMouseMove -point (435,58) 
dicmdCanvasMouseMove -point (439,56) 
dicmdCanvasMouseMove -point (443,55) 
dicmdCanvasMouseMove -point (445,54) 
dicmdCanvasMouseMove -point (447,52) 
dicmdCanvasMouseMove -point (448,51) 
dicmdCanvasMouseMove -point (449,51) 
dicmdCanvasMouseMove -point (449,50) 
dicmdCanvasMouseMove -point (450,50) 
dicmdCanvasMouseMove -point (450,49) 
dicmdCanvasMouseMove -point (450,48) 
dicmdCanvasMouseMove -point (450,47) 
dicmdCanvasMouseMove -point (450,46) 
dicmdCanvasMouseClick -point (450,46) 
dicmdCanvasMouseClick -point (450,46) 
dicmdCanvasMouseMove -point (450,48) 
dicmdCanvasMouseMove -point (455,51) 
dicmdCanvasMouseMove -point (464,57) 
dicmdCanvasMouseMove -point (480,67) 
dicmdCanvasMouseMove -point (500,79) 
dicmdCanvasMouseMove -point (519,89) 
dicmdCanvasMouseMove -point (533,97) 
dicmdCanvasMouseMove -point (546,104) 
dicmdCanvasMouseMove -point (562,113) 
dicmdCanvasMouseMove -point (573,119) 
dicmdCanvasMouseMove -point (581,122) 
dicmdCanvasMouseMove -point (586,125) 
dicmdCanvasMouseMove -point (589,127) 
dicmdCanvasMouseMove -point (591,129) 
dicmdCanvasMouseMove -point (595,131) 
dicmdCanvasMouseMove -point (600,134) 
dicmdCanvasMouseMove -point (606,136) 
dicmdCanvasMouseMove -point (612,138) 
dicmdCanvasMouseMove -point (617,141) 
dicmdCanvasMouseMove -point (621,143) 
dicmdCanvasMouseMove -point (625,146) 
dicmdCanvasMouseMove -point (628,149) 
dicmdCanvasMouseMove -point (630,151) 
dicmdCanvasMouseMove -point (632,153) 
dicmdCanvasMouseMove -point (634,154) 
dicmdCanvasMouseMove -point (636,156) 
dicmdCanvasMouseMove -point (639,158) 
dicmdCanvasMouseMove -point (642,161) 
dicmdCanvasMouseMove -point (643,163) 
dicmdCanvasMouseMove -point (644,164) 
dicmdCanvasMouseMove -point (645,165) 
dicmdCanvasMouseMove -point (646,166) 
dicmdCanvasMouseMove -point (647,167) 
dicmdCanvasMouseMove -point (648,168) 
dicmdCanvasMouseMove -point (648,169) 
dicmdCanvasMouseMove -point (648,170) 
dicmdCanvasMouseMove -point (647,170) 
dicmdCanvasMouseMove -point (646,170) 
dicmdCanvasMouseMove -point (645,170) 
dicmdCanvasMouseMove -point (644,170) 
dicmdCanvasMouseMove -point (643,170) 
dicmdCanvasMouseMove -point (642,170) 
dicmdCanvasMouseMove -point (641,170) 
dicmdCanvasMouseMove -point (640,170) 
dicmdCanvasMouseMove -point (639,170) 
dicmdCanvasMouseMove -point (639,169) 
dicmdCanvasMouseClick -point (639,169) 
dicmdCanvasMouseClick -point (639,169) 
#o --> Out: dicmdSelectShapesByRegion -end (639,169) -start (450,46) 
dicmdCanvasMouseMove -point (638,169) 
dicmdCanvasMouseMove -point (637,169) 
dicmdCanvasMouseMove -point (636,169) 
dicmdCanvasMouseMove -point (635,169) 
dicmdCanvasMouseMove -point (634,169) 
dicmdCanvasMouseMove -point (633,169) 
dicmdCanvasMouseMove -point (632,169) 
dicmdCanvasMouseMove -point (631,169) 
dicmdCanvasMouseMove -point (630,169) 
dicmdCanvasMouseMove -point (629,169) 
dicmdCanvasMouseMove -point (628,169) 
dicmdCanvasMouseMove -point (627,169) 
dicmdCanvasMouseMove -point (626,169) 
dicmdCanvasMouseMove -point (624,169) 
dicmdCanvasMouseMove -point (623,169) 
dicmdCanvasMouseMove -point (622,169) 
dicmdCanvasMouseMove -point (621,169) 
dicmdCanvasMouseMove -point (620,169) 
dicmdQaCompareSelection 
#t --> Test: comparision->Selection:PASS Selection_Compare_6.txt Selection_Compare_6.txt.golden
dicmdCanvasMouseMove -point (619,169) 
dicmdCanvasMouseMove -point (619,168) 
dicmdCanvasMouseMove -point (619,167) 
dicmdCanvasMouseMove -point (619,166) 
dicmdCanvasMouseMove -point (619,165) 
dicmdCanvasMouseMove -point (619,164) 
dicmdCanvasMouseMove -point (620,162) 
dicmdCanvasMouseMove -point (623,161) 
dicmdCanvasMouseMove -point (625,161) 
dicmdCanvasMouseMove -point (629,160) 
dicmdCanvasMouseMove -point (635,159) 
dicmdCanvasMouseMove -point (642,157) 
dicmdCanvasMouseMove -point (649,155) 
dicmdCanvasMouseMove -point (653,154) 
dicmdCanvasMouseMove -point (657,153) 
dicmdCanvasMouseMove -point (659,152) 
dicmdCanvasMouseMove -point (662,151) 
dicmdCanvasMouseMove -point (661,150) 
dicmdCanvasMouseMove -point (660,148) 
dicmdCanvasMouseMove -point (660,145) 
dicmdCanvasMouseMove -point (660,141) 
dicmdCanvasMouseMove -point (660,132) 
dicmdCanvasMouseMove -point (660,120) 
dicmdCanvasMouseMove -point (660,107) 
dicmdCanvasMouseMove -point (664,96) 
dicmdCanvasMouseMove -point (668,88) 
dicmdCanvasMouseMove -point (671,83) 
dicmdCanvasMouseMove -point (674,78) 
dicmdCanvasMouseMove -point (675,76) 
dicmdCanvasMouseMove -point (676,74) 
dicmdCanvasMouseMove -point (676,73) 
dicmdCanvasMouseMove -point (677,72) 
dicmdCanvasMouseMove -point (677,71) 
dicmdCanvasMouseMove -point (677,70) 
dicmdCanvasMouseMove -point (678,70) 
dicmdCanvasMouseMove -point (679,70) 
dicmdCanvasMouseMove -point (680,70) 
dicmdCanvasMouseMove -point (680,69) 
dicmdCanvasMouseMove -point (681,69) 
dicmdCanvasMouseMove -point (682,69) 
dicmdCanvasMouseMove -point (682,68) 
dicmdCanvasMouseMove -point (683,68) 
dicmdCanvasMouseMove -point (684,67) 
dicmdCanvasMouseMove -point (684,66) 
dicmdCanvasMouseMove -point (685,65) 
dicmdCanvasMouseMove -point (686,65) 
dicmdCanvasMouseMove -point (687,64) 
dicmdCanvasMouseMove -point (687,63) 
dicmdCanvasMouseMove -point (688,63) 
dicmdCanvasMouseMove -point (688,62) 
dicmdCanvasMouseMove -point (689,62) 
dicmdCanvasMouseMove -point (690,62) 
dicmdCanvasMouseClick -point (690,62) 
dicmdCanvasMouseClick -point (690,62) 
dicmdCanvasMouseMove -point (692,62) 
dicmdCanvasMouseMove -point (696,64) 
dicmdCanvasMouseMove -point (703,69) 
dicmdCanvasMouseMove -point (718,76) 
dicmdCanvasMouseMove -point (733,84) 
dicmdCanvasMouseMove -point (743,93) 
dicmdCanvasMouseMove -point (752,100) 
dicmdCanvasMouseMove -point (758,105) 
dicmdCanvasMouseMove -point (764,108) 
dicmdCanvasMouseMove -point (769,111) 
dicmdCanvasMouseMove -point (774,113) 
dicmdCanvasMouseMove -point (777,115) 
dicmdCanvasMouseMove -point (779,116) 
dicmdCanvasMouseMove -point (782,117) 
dicmdCanvasMouseMove -point (784,120) 
dicmdCanvasMouseMove -point (788,123) 
dicmdCanvasMouseMove -point (792,126) 
dicmdCanvasMouseMove -point (795,128) 
dicmdCanvasMouseMove -point (796,131) 
dicmdCanvasMouseMove -point (798,133) 
dicmdCanvasMouseMove -point (799,136) 
dicmdCanvasMouseMove -point (800,137) 
dicmdCanvasMouseMove -point (801,139) 
dicmdCanvasMouseMove -point (802,141) 
dicmdCanvasMouseMove -point (803,143) 
dicmdCanvasMouseMove -point (803,144) 
dicmdCanvasMouseMove -point (804,146) 
dicmdCanvasMouseMove -point (806,148) 
dicmdCanvasMouseMove -point (808,150) 
dicmdCanvasMouseMove -point (810,152) 
dicmdCanvasMouseMove -point (812,154) 
dicmdCanvasMouseMove -point (814,156) 
dicmdCanvasMouseMove -point (817,159) 
dicmdCanvasMouseMove -point (820,161) 
dicmdCanvasMouseMove -point (822,162) 
dicmdCanvasMouseMove -point (824,164) 
dicmdCanvasMouseMove -point (826,165) 
dicmdCanvasMouseMove -point (828,167) 
dicmdCanvasMouseMove -point (830,168) 
dicmdCanvasMouseMove -point (832,169) 
dicmdCanvasMouseMove -point (833,171) 
dicmdCanvasMouseMove -point (834,171) 
dicmdCanvasMouseClick -point (834,171) 
dicmdCanvasMouseClick -point (834,171) 
#o --> Out: dicmdSelectShapesByRegion -end (834,171) -start (690,62) 
dicmdCanvasMouseMove -point (832,170) 
dicmdCanvasMouseMove -point (830,168) 
dicmdCanvasMouseMove -point (827,167) 
dicmdCanvasMouseMove -point (825,165) 
dicmdCanvasMouseMove -point (823,164) 
dicmdCanvasMouseMove -point (819,163) 
dicmdCanvasMouseMove -point (816,162) 
dicmdCanvasMouseMove -point (814,161) 
dicmdCanvasMouseMove -point (812,160) 
dicmdCanvasMouseMove -point (811,159) 
dicmdCanvasMouseMove -point (810,158) 
dicmdCanvasMouseMove -point (809,158) 
dicmdCanvasMouseMove -point (808,158) 
dicmdCanvasMouseMove -point (807,158) 
dicmdCanvasMouseMove -point (807,157) 
dicmdQaCompareSelection 
#t --> Test: comparision->Selection:PASS Selection_Compare_7.txt Selection_Compare_7.txt.golden
dicmdCanvasMouseMove -point (807,156) 
dicmdCanvasMouseMove -point (807,155) 
dicmdCanvasMouseMove -point (808,154) 
dicmdCanvasMouseMove -point (814,152) 
dicmdCanvasMouseMove -point (835,142) 
dicmdCanvasMouseMove -point (880,120) 
dicmdCanvasMouseMove -point (925,101) 
dicmdCanvasMouseMove -point (956,88) 
dicmdCanvasMouseMove -point (979,79) 
dicmdCanvasMouseMove -point (995,75) 
dicmdCanvasMouseMove -point (1003,73) 
dicmdCanvasMouseMove -point (1006,71) 
dicmdCanvasMouseMove -point (1008,70) 
dicmdCanvasMouseMove -point (1011,69) 
dicmdCanvasMouseMove -point (1016,67) 
dicmdCanvasMouseMove -point (1023,64) 
dicmdCanvasMouseMove -point (1031,61) 
dicmdCanvasMouseMove -point (1038,60) 
dicmdCanvasMouseMove -point (1042,59) 
dicmdCanvasMouseMove -point (1043,58) 
dicmdCanvasMouseMove -point (1044,57) 
dicmdCanvasMouseMove -point (1044,56) 
dicmdCanvasMouseMove -point (1044,55) 
dicmdCanvasMouseMove -point (1044,54) 
dicmdCanvasMouseMove -point (1042,54) 
dicmdCanvasMouseMove -point (1038,53) 
dicmdCanvasMouseMove -point (1031,53) 
dicmdCanvasMouseMove -point (1023,53) 
dicmdCanvasMouseMove -point (1016,52) 
dicmdCanvasMouseMove -point (1010,52) 
dicmdCanvasMouseMove -point (1005,52) 
dicmdCanvasMouseMove -point (1000,52) 
dicmdCanvasMouseMove -point (994,52) 
dicmdCanvasMouseMove -point (989,52) 
dicmdCanvasMouseMove -point (985,52) 
dicmdCanvasMouseMove -point (981,52) 
dicmdCanvasMouseMove -point (978,52) 
dicmdCanvasMouseMove -point (977,52) 
dicmdCanvasMouseMove -point (976,52) 
dicmdCanvasMouseMove -point (976,53) 
dicmdCanvasMouseClick -point (976,53) 
dicmdCanvasMouseClick -point (976,53) 
dicmdCanvasMouseMove -point (976,54) 
dicmdCanvasMouseMove -point (976,55) 
dicmdCanvasMouseMove -point (976,56) 
dicmdCanvasMouseMove -point (977,58) 
dicmdCanvasMouseMove -point (980,61) 
dicmdCanvasMouseMove -point (990,72) 
dicmdCanvasMouseMove -point (1012,91) 
dicmdCanvasMouseMove -point (1029,105) 
dicmdCanvasMouseMove -point (1041,118) 
dicmdCanvasMouseMove -point (1052,128) 
dicmdCanvasMouseMove -point (1064,136) 
dicmdCanvasMouseMove -point (1077,143) 
dicmdCanvasMouseMove -point (1087,152) 
dicmdCanvasMouseMove -point (1096,158) 
dicmdCanvasMouseMove -point (1103,163) 
dicmdCanvasMouseMove -point (1109,167) 
dicmdCanvasMouseMove -point (1115,171) 
dicmdCanvasMouseMove -point (1122,175) 
dicmdCanvasMouseMove -point (1128,180) 
dicmdCanvasMouseMove -point (1135,183) 
dicmdCanvasMouseMove -point (1142,187) 
dicmdCanvasMouseMove -point (1147,191) 
dicmdCanvasMouseMove -point (1152,194) 
dicmdCanvasMouseMove -point (1156,197) 
dicmdCanvasMouseMove -point (1158,198) 
dicmdCanvasMouseMove -point (1160,199) 
dicmdCanvasMouseMove -point (1161,200) 
dicmdCanvasMouseMove -point (1162,200) 
dicmdCanvasMouseMove -point (1163,200) 
dicmdCanvasMouseMove -point (1164,201) 
dicmdCanvasMouseMove -point (1165,203) 
dicmdCanvasMouseMove -point (1166,203) 
dicmdCanvasMouseMove -point (1166,204) 
dicmdCanvasMouseMove -point (1167,204) 
dicmdCanvasMouseClick -point (1167,204) 
dicmdCanvasMouseClick -point (1167,204) 
#o --> Out: dicmdSelectShapesByRegion -end (1167,204) -start (976,53) 
dicmdCanvasMouseMove -point (1166,203) 
dicmdCanvasMouseMove -point (1165,201) 
dicmdCanvasMouseMove -point (1164,198) 
dicmdCanvasMouseMove -point (1163,195) 
dicmdCanvasMouseMove -point (1161,191) 
dicmdCanvasMouseMove -point (1160,186) 
dicmdCanvasMouseMove -point (1158,180) 
dicmdCanvasMouseMove -point (1157,172) 
dicmdCanvasMouseMove -point (1155,164) 
dicmdCanvasMouseMove -point (1153,157) 
dicmdCanvasMouseMove -point (1151,150) 
dicmdCanvasMouseMove -point (1150,144) 
dicmdCanvasMouseMove -point (1148,135) 
dicmdCanvasMouseMove -point (1146,128) 
dicmdCanvasMouseMove -point (1145,120) 
dicmdCanvasMouseMove -point (1145,115) 
dicmdCanvasMouseMove -point (1145,111) 
dicmdCanvasMouseMove -point (1145,108) 
dicmdCanvasMouseMove -point (1145,105) 
dicmdCanvasMouseMove -point (1145,103) 
dicmdCanvasMouseMove -point (1145,102) 
dicmdCanvasMouseMove -point (1145,99) 
dicmdCanvasMouseMove -point (1145,97) 
dicmdCanvasMouseMove -point (1145,94) 
dicmdCanvasMouseMove -point (1145,93) 
dicmdCanvasMouseMove -point (1145,91) 
dicmdCanvasMouseMove -point (1145,90) 
dicmdCanvasMouseMove -point (1145,89) 
dicmdCanvasMouseMove -point (1145,88) 
dicmdCanvasMouseMove -point (1145,87) 
dicmdCanvasMouseMove -point (1145,86) 
dicmdCanvasMouseMove -point (1146,85) 
dicmdCanvasMouseMove -point (1147,84) 
dicmdCanvasMouseMove -point (1148,84) 
dicmdCanvasMouseMove -point (1150,83) 
dicmdCanvasMouseMove -point (1151,83) 
dicmdCanvasMouseMove -point (1152,83) 
dicmdCanvasMouseMove -point (1153,82) 
dicmdCanvasMouseMove -point (1155,82) 
dicmdCanvasMouseMove -point (1157,81) 
dicmdCanvasMouseMove -point (1159,81) 
dicmdCanvasMouseMove -point (1162,80) 
dicmdCanvasMouseMove -point (1167,79) 
dicmdCanvasMouseMove -point (1167,78) 
dicmdCanvasMouseMove -point (1167,76) 
dicmdCanvasMouseMove -point (1166,74) 
dicmdCanvasMouseMove -point (1166,73) 
dicmdCanvasMouseMove -point (1166,72) 
dicmdCanvasMouseMove -point (1166,71) 
dicmdCanvasMouseMove -point (1166,70) 
dicmdCanvasMouseMove -point (1166,69) 
dicmdCanvasMouseMove -point (1166,68) 
dicmdCanvasMouseMove -point (1166,67) 
dicmdCanvasMouseClick -point (1166,67) 
dicmdCanvasMouseClick -point (1166,67) 
dicmdCanvasMouseMove -point (1166,68) 
dicmdCanvasMouseMove -point (1167,72) 
dicmdCanvasMouseMove -point (1171,76) 
dicmdCanvasMouseMove -point (1178,83) 
dicmdCanvasMouseMove -point (1189,95) 
dicmdCanvasMouseMove -point (1201,108) 
dicmdCanvasMouseMove -point (1212,119) 
dicmdCanvasMouseMove -point (1221,127) 
dicmdCanvasMouseMove -point (1228,134) 
dicmdCanvasMouseMove -point (1234,139) 
dicmdCanvasMouseMove -point (1238,143) 
dicmdCanvasMouseMove -point (1244,149) 
dicmdCanvasMouseMove -point (1251,157) 
dicmdCanvasMouseMove -point (1258,163) 
dicmdCanvasMouseMove -point (1264,167) 
dicmdCanvasMouseMove -point (1268,170) 
dicmdCanvasMouseMove -point (1270,172) 
dicmdCanvasMouseMove -point (1271,173) 
dicmdCanvasMouseMove -point (1272,173) 
dicmdCanvasMouseMove -point (1273,174) 
dicmdCanvasMouseMove -point (1274,175) 
dicmdCanvasMouseMove -point (1275,177) 
dicmdCanvasMouseMove -point (1276,179) 
dicmdCanvasMouseMove -point (1278,182) 
dicmdCanvasMouseMove -point (1279,185) 
dicmdCanvasMouseMove -point (1281,187) 
dicmdCanvasMouseMove -point (1282,189) 
dicmdCanvasMouseMove -point (1284,191) 
dicmdCanvasMouseMove -point (1285,193) 
dicmdCanvasMouseMove -point (1286,194) 
dicmdCanvasMouseMove -point (1287,195) 
dicmdCanvasMouseMove -point (1288,196) 
dicmdCanvasMouseMove -point (1289,196) 
dicmdCanvasMouseMove -point (1289,197) 
dicmdCanvasMouseMove -point (1289,198) 
dicmdCanvasMouseMove -point (1288,198) 
dicmdCanvasMouseMove -point (1287,198) 
dicmdCanvasMouseMove -point (1286,198) 
dicmdCanvasMouseClick -point (1286,198) 
dicmdCanvasMouseClick -point (1286,198) 
#o --> Out: dicmdSelectShapesByRegion -end (1286,198) -start (1166,67) 
dicmdCanvasMouseMove -point (1285,198) 
dicmdCanvasMouseMove -point (1284,198) 
dicmdCanvasMouseMove -point (1283,198) 
dicmdCanvasMouseMove -point (1282,198) 
dicmdCanvasMouseMove -point (1281,198) 
dicmdCanvasMouseMove -point (1280,198) 
dicmdCanvasMouseMove -point (1279,198) 
dicmdCanvasMouseMove -point (1278,198) 
dicmdCanvasMouseMove -point (1277,198) 
dicmdCanvasMouseMove -point (1276,198) 
dicmdCanvasMouseMove -point (1275,198) 
dicmdCanvasMouseMove -point (1274,198) 
dicmdCanvasMouseMove -point (1273,198) 
dicmdQaCompareSelection 
#t --> Test: comparision->Selection:PASS Selection_Compare_8.txt Selection_Compare_8.txt.golden
dicmdCanvasMouseMove -point (1272,198) 
dicmdCanvasMouseMove -point (1271,198) 
dicmdCanvasMouseMove -point (1270,198) 
dicmdCanvasMouseMove -point (1267,198) 
dicmdCanvasMouseMove -point (1258,198) 
dicmdCanvasMouseMove -point (1212,193) 
dicmdCanvasMouseMove -point (1119,187) 
dicmdCanvasMouseMove -point (1036,179) 
dicmdCanvasMouseMove -point (962,173) 
dicmdCanvasMouseMove -point (910,169) 
dicmdCanvasMouseMove -point (868,162) 
dicmdCanvasMouseMove -point (846,156) 
dicmdCanvasMouseMove -point (827,149) 
dicmdCanvasMouseMove -point (816,145) 
dicmdCanvasMouseMove -point (811,142) 
dicmdCanvasMouseMove -point (808,142) 
dicmdCanvasMouseMove -point (796,142) 
dicmdCanvasMouseMove -point (760,135) 
dicmdCanvasMouseMove -point (707,122) 
dicmdCanvasMouseMove -point (658,107) 
dicmdCanvasMouseMove -point (614,97) 
dicmdCanvasMouseMove -point (581,90) 
dicmdCanvasMouseMove -point (554,83) 
dicmdCanvasMouseMove -point (529,77) 
dicmdCanvasMouseMove -point (512,69) 
dicmdCanvasMouseMove -point (497,63) 
dicmdCanvasMouseMove -point (482,57) 
dicmdCanvasMouseMove -point (470,52) 
dicmdCanvasMouseMove -point (462,49) 
dicmdCanvasMouseMove -point (455,45) 
dicmdCanvasMouseMove -point (449,42) 
dicmdCanvasMouseMove -point (442,39) 
dicmdCanvasMouseMove -point (437,37) 
dicmdCanvasMouseMove -point (432,34) 
dicmdCanvasMouseMove -point (428,31) 
dicmdCanvasMouseMove -point (422,27) 
dicmdCanvasMouseMove -point (416,25) 
dicmdCanvasMouseMove -point (411,22) 
dicmdCanvasMouseMove -point (407,20) 
dicmdCanvasMouseMove -point (402,18) 
dicmdCanvasMouseMove -point (400,17) 
dicmdCanvasMouseMove -point (398,16) 
dicmdCanvasMouseMove -point (395,15) 
dicmdCanvasMouseMove -point (391,15) 
dicmdCanvasMouseMove -point (386,15) 
dicmdCanvasMouseMove -point (382,14) 
dicmdCanvasMouseMove -point (379,14) 
dicmdCanvasMouseMove -point (377,13) 
dicmdCanvasMouseMove -point (374,13) 
dicmdCanvasMouseMove -point (372,13) 
dicmdCanvasMouseMove -point (369,13) 
dicmdCanvasMouseMove -point (365,13) 
dicmdCanvasMouseMove -point (362,13) 
dicmdCanvasMouseMove -point (358,13) 
dicmdCanvasMouseMove -point (355,13) 
dicmdCanvasMouseMove -point (352,13) 
dicmdCanvasMouseMove -point (350,13) 
dicmdCanvasMouseMove -point (348,13) 
dicmdCanvasMouseMove -point (345,13) 
dicmdCanvasMouseMove -point (341,13) 
dicmdCanvasMouseMove -point (339,13) 
dicmdCanvasMouseMove -point (337,13) 
dicmdCanvasMouseMove -point (335,13) 
dicmdCanvasMouseMove -point (334,13) 
dicmdCanvasMouseMove -point (333,13) 
dicmdCanvasMouseMove -point (333,12) 
dicmdCanvasMouseMove -point (332,12) 
dicmdCanvasMouseMove -point (331,12) 
dicmdCanvasMouseMove -point (329,12) 
dicmdCanvasMouseMove -point (327,12) 
dicmdCanvasMouseMove -point (325,12) 
dicmdCanvasMouseMove -point (323,12) 
dicmdCanvasMouseMove -point (321,12) 
dicmdCanvasMouseMove -point (319,12) 
dicmdCanvasMouseMove -point (318,12) 
dicmdCanvasMouseMove -point (317,12) 
dicmdCanvasMouseMove -point (316,12) 
dicmdCanvasMouseMove -point (314,12) 
dicmdCanvasMouseMove -point (312,12) 
dicmdCanvasMouseMove -point (311,12) 
dicmdCanvasMouseMove -point (310,12) 
dicmdCanvasMouseMove -point (309,12) 
dicmdCanvasMouseClick -point (309,12) 
dicmdCanvasMouseClick -point (309,12) 
dicmdCanvasMouseMove -point (310,13) 
dicmdCanvasMouseMove -point (313,18) 
dicmdCanvasMouseMove -point (323,35) 
dicmdCanvasMouseMove -point (335,65) 
dicmdCanvasMouseMove -point (349,97) 
dicmdCanvasMouseMove -point (365,127) 
dicmdCanvasMouseMove -point (379,160) 
dicmdCanvasMouseMove -point (393,189) 
dicmdCanvasMouseMove -point (405,218) 
dicmdCanvasMouseMove -point (415,239) 
dicmdCanvasMouseMove -point (423,254) 
dicmdCanvasMouseMove -point (430,262) 
dicmdCanvasMouseMove -point (435,265) 
dicmdCanvasMouseMove -point (439,268) 
dicmdCanvasMouseMove -point (444,273) 
dicmdCanvasMouseMove -point (451,278) 
dicmdCanvasMouseMove -point (489,282) 
dicmdCanvasMouseMove -point (500,267) 
dicmdCanvasMouseMove -point (514,256) 
dicmdCanvasMouseMove -point (522,250) 
dicmdCanvasMouseMove -point (528,249) 
dicmdCanvasMouseMove -point (530,249) 
dicmdCanvasMouseMove -point (532,249) 
dicmdCanvasMouseMove -point (534,249) 
dicmdCanvasMouseMove -point (536,249) 
dicmdCanvasMouseMove -point (538,249) 
dicmdCanvasMouseMove -point (540,249) 
dicmdCanvasMouseMove -point (541,249) 
dicmdCanvasMouseMove -point (542,249) 
dicmdCanvasMouseMove -point (543,249) 
dicmdCanvasMouseMove -point (543,250) 
dicmdCanvasMouseMove -point (543,251) 
dicmdCanvasMouseMove -point (543,252) 
dicmdCanvasMouseMove -point (543,253) 
dicmdCanvasMouseMove -point (543,254) 
dicmdCanvasMouseMove -point (543,255) 
dicmdCanvasMouseMove -point (543,256) 
dicmdCanvasMouseClick -point (543,256) 
dicmdCanvasMouseClick -point (543,256) 
#o --> Out: dicmdSelectShapesByRegion -end (543,256) -start (309,12) 
dicmdCanvasMouseMove -point (541,256) 
dicmdCanvasMouseMove -point (540,256) 
dicmdCanvasMouseMove -point (537,256) 
dicmdCanvasMouseMove -point (535,256) 
dicmdCanvasMouseMove -point (531,256) 
dicmdCanvasMouseMove -point (527,255) 
dicmdCanvasMouseMove -point (524,253) 
dicmdCanvasMouseMove -point (520,252) 
dicmdCanvasMouseMove -point (517,251) 
dicmdCanvasMouseMove -point (515,251) 
dicmdCanvasMouseMove -point (513,251) 
dicmdCanvasMouseMove -point (512,250) 
dicmdCanvasMouseMove -point (511,250) 
dicmdCanvasMouseMove -point (510,250) 
dicmdCanvasMouseMove -point (509,250) 
dicmdCanvasMouseMove -point (509,249) 
dicmdCanvasMouseMove -point (509,248) 
dicmdCanvasMouseMove -point (509,247) 
dicmdQaCompareSelection 
#t --> Test: comparision->Selection:PASS Selection_Compare_9.txt Selection_Compare_9.txt.golden
dicmdCanvasMouseMove -point (509,246) 
dicmdCanvasMouseMove -point (509,245) 
dicmdCanvasMouseMove -point (509,244) 
dicmdCanvasMouseMove -point (509,243) 
dicmdCanvasMouseMove -point (509,241) 
dicmdCanvasMouseMove -point (510,239) 
dicmdCanvasMouseMove -point (512,236) 
dicmdCanvasMouseMove -point (516,231) 
dicmdCanvasMouseMove -point (529,216) 
dicmdCanvasMouseMove -point (559,188) 
dicmdCanvasMouseMove -point (584,168) 
dicmdCanvasMouseMove -point (607,146) 
dicmdCanvasMouseMove -point (629,125) 
dicmdCanvasMouseMove -point (645,111) 
dicmdCanvasMouseMove -point (656,102) 
dicmdCanvasMouseMove -point (662,97) 
dicmdCanvasMouseMove -point (668,94) 
dicmdCanvasMouseMove -point (674,90) 
dicmdCanvasMouseMove -point (671,90) 
dicmdCanvasMouseMove -point (666,87) 
dicmdCanvasMouseMove -point (657,79) 
dicmdCanvasMouseMove -point (647,72) 
dicmdCanvasMouseMove -point (639,67) 
dicmdCanvasMouseMove -point (631,62) 
dicmdCanvasMouseMove -point (624,57) 
dicmdCanvasMouseMove -point (619,52) 
dicmdCanvasMouseMove -point (615,46) 
dicmdCanvasMouseMove -point (610,41) 
dicmdCanvasMouseMove -point (606,37) 
dicmdCanvasMouseMove -point (603,34) 
dicmdCanvasMouseMove -point (602,33) 
dicmdCanvasMouseMove -point (602,32) 
dicmdCanvasMouseMove -point (601,31) 
dicmdCanvasMouseMove -point (601,30) 
dicmdCanvasMouseMove -point (601,28) 
dicmdCanvasMouseMove -point (601,27) 
dicmdCanvasMouseMove -point (601,26) 
dicmdCanvasMouseMove -point (601,24) 
dicmdCanvasMouseMove -point (601,23) 
dicmdCanvasMouseMove -point (601,22) 
dicmdCanvasMouseClick -point (601,22) 
dicmdCanvasMouseClick -point (601,22) 
dicmdCanvasMouseMove -point (602,22) 
dicmdCanvasMouseMove -point (603,25) 
dicmdCanvasMouseMove -point (607,30) 
dicmdCanvasMouseMove -point (617,40) 
dicmdCanvasMouseMove -point (635,51) 
dicmdCanvasMouseMove -point (662,65) 
dicmdCanvasMouseMove -point (686,81) 
dicmdCanvasMouseMove -point (713,97) 
dicmdCanvasMouseMove -point (740,110) 
dicmdCanvasMouseMove -point (761,120) 
dicmdCanvasMouseMove -point (781,134) 
dicmdCanvasMouseMove -point (800,144) 
dicmdCanvasMouseMove -point (820,155) 
dicmdCanvasMouseMove -point (839,164) 
dicmdCanvasMouseMove -point (853,173) 
dicmdCanvasMouseMove -point (871,185) 
dicmdCanvasMouseMove -point (888,198) 
dicmdCanvasMouseMove -point (905,211) 
dicmdCanvasMouseMove -point (916,221) 
dicmdCanvasMouseMove -point (926,231) 
dicmdCanvasMouseMove -point (937,245) 
dicmdCanvasMouseMove -point (937,246) 
dicmdCanvasMouseMove -point (940,249) 
dicmdCanvasMouseMove -point (943,251) 
dicmdCanvasMouseMove -point (945,253) 
dicmdCanvasMouseMove -point (947,254) 
dicmdCanvasMouseMove -point (949,254) 
dicmdCanvasMouseMove -point (950,254) 
dicmdCanvasMouseMove -point (951,254) 
dicmdCanvasMouseMove -point (952,255) 
dicmdCanvasMouseMove -point (953,255) 
dicmdCanvasMouseMove -point (954,255) 
dicmdCanvasMouseMove -point (956,255) 
dicmdCanvasMouseMove -point (957,255) 
dicmdCanvasMouseMove -point (959,255) 
dicmdCanvasMouseMove -point (961,255) 
dicmdCanvasMouseMove -point (963,255) 
dicmdCanvasMouseMove -point (965,255) 
dicmdCanvasMouseMove -point (967,255) 
dicmdCanvasMouseMove -point (969,255) 
dicmdCanvasMouseMove -point (970,255) 
dicmdCanvasMouseMove -point (971,255) 
dicmdCanvasMouseMove -point (973,255) 
dicmdCanvasMouseMove -point (974,255) 
dicmdCanvasMouseMove -point (975,255) 
dicmdCanvasMouseMove -point (976,255) 
dicmdCanvasMouseMove -point (978,255) 
dicmdCanvasMouseMove -point (979,255) 
dicmdCanvasMouseMove -point (981,255) 
dicmdCanvasMouseMove -point (982,255) 
dicmdCanvasMouseMove -point (983,255) 
dicmdCanvasMouseMove -point (984,255) 
dicmdCanvasMouseMove -point (985,255) 
dicmdCanvasMouseMove -point (986,255) 
dicmdCanvasMouseMove -point (987,255) 
dicmdCanvasMouseMove -point (988,255) 
dicmdCanvasMouseMove -point (989,255) 
dicmdCanvasMouseMove -point (990,255) 
dicmdCanvasMouseMove -point (991,255) 
dicmdCanvasMouseMove -point (992,255) 
dicmdCanvasMouseMove -point (994,255) 
dicmdCanvasMouseMove -point (995,255) 
dicmdCanvasMouseMove -point (996,255) 
dicmdCanvasMouseMove -point (997,255) 
dicmdCanvasMouseMove -point (997,256) 
dicmdCanvasMouseMove -point (998,256) 
dicmdCanvasMouseMove -point (998,257) 
dicmdCanvasMouseClick -point (998,257) 
dicmdCanvasMouseClick -point (998,257) 
#o --> Out: dicmdSelectShapesByRegion -end (998,257) -start (601,22) 
dicmdCanvasMouseMove -point (998,258) 
dicmdCanvasMouseMove -point (997,258) 
dicmdCanvasMouseMove -point (996,258) 
dicmdCanvasMouseMove -point (995,258) 
dicmdCanvasMouseMove -point (994,259) 
dicmdCanvasMouseMove -point (993,259) 
dicmdCanvasMouseMove -point (992,259) 
dicmdCanvasMouseMove -point (992,260) 
dicmdCanvasMouseMove -point (991,260) 
dicmdCanvasMouseMove -point (990,260) 
dicmdCanvasMouseMove -point (989,260) 
dicmdCanvasMouseMove -point (988,261) 
dicmdCanvasMouseMove -point (987,261) 
dicmdCanvasMouseMove -point (987,262) 
dicmdCanvasMouseMove -point (986,262) 
dicmdQaCompareSelection 
#t --> Test: comparision->Selection:PASS Selection_Compare_10.txt Selection_Compare_10.txt.golden
dicmdCanvasMouseMove -point (985,262) 
dicmdCanvasMouseMove -point (983,260) 
dicmdCanvasMouseMove -point (981,258) 
dicmdCanvasMouseMove -point (977,253) 
dicmdCanvasMouseMove -point (973,249) 
dicmdCanvasMouseMove -point (965,242) 
dicmdCanvasMouseMove -point (956,230) 
dicmdCanvasMouseMove -point (946,214) 
dicmdCanvasMouseMove -point (935,193) 
dicmdCanvasMouseMove -point (925,165) 
dicmdCanvasMouseMove -point (915,138) 
dicmdCanvasMouseMove -point (910,113) 
dicmdCanvasMouseMove -point (906,98) 
dicmdCanvasMouseMove -point (904,89) 
dicmdCanvasMouseMove -point (903,84) 
dicmdCanvasMouseMove -point (903,83) 
dicmdCanvasMouseMove -point (903,82) 
dicmdCanvasMouseMove -point (903,81) 
dicmdCanvasMouseMove -point (903,79) 
dicmdCanvasMouseMove -point (902,75) 
dicmdCanvasMouseMove -point (901,71) 
dicmdCanvasMouseMove -point (898,65) 
dicmdCanvasMouseMove -point (897,59) 
dicmdCanvasMouseMove -point (895,54) 
dicmdCanvasMouseMove -point (894,50) 
dicmdCanvasMouseMove -point (893,48) 
dicmdCanvasMouseMove -point (893,46) 
dicmdCanvasMouseMove -point (893,45) 
dicmdCanvasMouseMove -point (893,44) 
dicmdCanvasMouseClick -point (893,44) 
dicmdCanvasMouseClick -point (893,44) 
dicmdCanvasMouseMove -point (894,45) 
dicmdCanvasMouseMove -point (896,48) 
dicmdCanvasMouseMove -point (900,52) 
dicmdCanvasMouseMove -point (906,59) 
dicmdCanvasMouseMove -point (915,71) 
dicmdCanvasMouseMove -point (924,82) 
dicmdCanvasMouseMove -point (931,90) 
dicmdCanvasMouseMove -point (934,95) 
dicmdCanvasMouseMove -point (937,101) 
dicmdCanvasMouseMove -point (940,106) 
dicmdCanvasMouseMove -point (945,110) 
dicmdCanvasMouseMove -point (949,116) 
dicmdCanvasMouseMove -point (954,120) 
dicmdCanvasMouseMove -point (959,124) 
dicmdCanvasMouseMove -point (962,129) 
dicmdCanvasMouseMove -point (965,133) 
dicmdCanvasMouseMove -point (969,136) 
dicmdCanvasMouseMove -point (973,139) 
dicmdCanvasMouseMove -point (976,143) 
dicmdCanvasMouseMove -point (979,145) 
dicmdCanvasMouseMove -point (981,148) 
dicmdCanvasMouseMove -point (983,150) 
dicmdCanvasMouseMove -point (985,153) 
dicmdCanvasMouseMove -point (986,157) 
dicmdCanvasMouseMove -point (988,160) 
dicmdCanvasMouseMove -point (988,163) 
dicmdCanvasMouseMove -point (989,164) 
dicmdCanvasMouseMove -point (990,166) 
dicmdCanvasMouseMove -point (990,167) 
dicmdCanvasMouseMove -point (991,168) 
dicmdCanvasMouseMove -point (991,169) 
dicmdCanvasMouseMove -point (991,170) 
dicmdCanvasMouseMove -point (991,171) 
dicmdCanvasMouseMove -point (991,172) 
dicmdCanvasMouseMove -point (991,173) 
dicmdCanvasMouseClick -point (991,173) 
dicmdCanvasMouseClick -point (991,173) 
#o --> Out: dicmdSelectShapesByRegion -end (991,173) -start (893,44) 
dicmdCanvasMouseMove -point (988,173) 
dicmdCanvasMouseMove -point (984,173) 
dicmdCanvasMouseMove -point (981,173) 
dicmdCanvasMouseMove -point (978,173) 
dicmdCanvasMouseMove -point (976,172) 
dicmdCanvasMouseMove -point (974,172) 
dicmdCanvasMouseMove -point (972,172) 
dicmdCanvasMouseMove -point (970,172) 
dicmdCanvasMouseMove -point (968,172) 
dicmdCanvasMouseMove -point (967,172) 
dicmdCanvasMouseMove -point (966,172) 
dicmdCanvasMouseMove -point (965,172) 
dicmdCanvasMouseMove -point (964,172) 
dicmdCanvasMouseMove -point (963,172) 
dicmdCanvasMouseMove -point (962,172) 
dicmdCanvasMouseMove -point (961,172) 
dicmdCanvasMouseMove -point (960,172) 
dicmdCanvasMouseMove -point (959,172) 
dicmdCanvasMouseMove -point (958,172) 
dicmdCanvasMouseMove -point (956,172) 
dicmdCanvasMouseMove -point (954,172) 
dicmdCanvasMouseMove -point (952,172) 
dicmdCanvasMouseMove -point (950,172) 
dicmdCanvasMouseMove -point (948,172) 
dicmdCanvasMouseMove -point (946,172) 
dicmdCanvasMouseMove -point (944,172) 
dicmdCanvasMouseMove -point (942,172) 
dicmdCanvasMouseMove -point (940,172) 
dicmdCanvasMouseMove -point (939,172) 
dicmdQaCompareSelection 
#t --> Test: comparision->Selection:PASS Selection_Compare_11.txt Selection_Compare_11.txt.golden
dicmdCanvasMouseMove -point (937,172) 
dicmdCanvasMouseMove -point (936,172) 
dicmdCanvasMouseMove -point (935,172) 
dicmdCanvasMouseMove -point (932,172) 
dicmdCanvasMouseMove -point (929,170) 
dicmdCanvasMouseMove -point (921,164) 
dicmdCanvasMouseMove -point (897,151) 
dicmdCanvasMouseMove -point (858,132) 
dicmdCanvasMouseMove -point (813,107) 
dicmdCanvasMouseMove -point (773,82) 
dicmdCanvasMouseMove -point (742,64) 
dicmdCanvasMouseMove -point (724,56) 
dicmdCanvasMouseMove -point (706,47) 
dicmdCanvasMouseMove -point (695,40) 
dicmdCanvasMouseMove -point (689,36) 
dicmdCanvasMouseMove -point (685,34) 
dicmdCanvasMouseMove -point (683,32) 
dicmdCanvasMouseMove -point (682,32) 
dicmdCanvasMouseMove -point (681,32) 
dicmdCanvasMouseMove -point (683,32) 
dicmdCanvasMouseMove -point (686,32) 
dicmdCanvasMouseMove -point (702,24) 
dicmdCanvasMouseMove -point (748,6) 
dicmdQaToolExit 
