QWidget::paintEngine: Should no longer be called
QPainter::begin: Paint device returned engine == 0, type: 1
Error: Found widget with no texting property or objectName. Devs please do something. Widget's Hier path : QToolButton in mw/5/10/11/qt_tabwidget_tabbar/
No locator for QToolButton in mw/5/10/11/qt_tabwidget_tabbar/
Error: Found widget with no texting property or objectName. Devs please do something. Widget's Hier path : QToolButton in mw/5/10/11/qt_tabwidget_tabbar/
No locator for QToolButton in mw/5/10/11/qt_tabwidget_tabbar/
Error: Found widget with no texting property or objectName. Devs please do something. Widget's Hier path : QPushButton in mw/65/70/74/qt_tabwidget_stackedwidget/111/137/143/
No locator for QPushButton in mw/65/70/74/qt_tabwidget_stackedwidget/111/137/143/
Error: Found widget with no texting property or objectName. Devs please do something. Widget's Hier path : QPushButton in mw/65/70/74/qt_tabwidget_stackedwidget/111/137/143/
No locator for QPushButton in mw/65/70/74/qt_tabwidget_stackedwidget/111/137/143/
Error: Found widget with no texting property or objectName. Devs please do something. Widget's Hier path : QPushButton in mw/65/70/74/qt_tabwidget_stackedwidget/111/137/143/
No locator for QPushButton in mw/65/70/74/qt_tabwidget_stackedwidget/111/137/143/
Error: Found widget with no texting property or objectName. Devs please do something. Widget's Hier path : QPushButton in mw/65/70/74/qt_tabwidget_stackedwidget/111/137/143/
No locator for QPushButton in mw/65/70/74/qt_tabwidget_stackedwidget/111/137/143/
Error: Found widget with no texting property or objectName. Devs please do something. Widget's Hier path : QPushButton in mw/65/70/74/qt_tabwidget_stackedwidget/111/137/143/
No locator for QPushButton in mw/65/70/74/qt_tabwidget_stackedwidget/111/137/143/
Error: Found widget with no texting property or objectName. Devs please do something. Widget's Hier path : QPushButton in mw/65/70/74/qt_tabwidget_stackedwidget/111/137/143/
No locator for QPushButton in mw/65/70/74/qt_tabwidget_stackedwidget/111/137/143/
Error: Found widget with no texting property or objectName. Devs please do something. Widget's Hier path : QPushButton in mw/65/70/74/qt_tabwidget_stackedwidget/111/137/143/
No locator for QPushButton in mw/65/70/74/qt_tabwidget_stackedwidget/111/137/143/
Error: Found widget with no texting property or objectName. Devs please do something. Widget's Hier path : QRadioButton in mw/65/70/74/qt_tabwidget_stackedwidget/111/160/
No locator for QRadioButton in mw/65/70/74/qt_tabwidget_stackedwidget/111/160/
Error: Found widget with no texting property or objectName. Devs please do something. Widget's Hier path : QRadioButton in mw/65/70/74/qt_tabwidget_stackedwidget/111/160/
No locator for QRadioButton in mw/65/70/74/qt_tabwidget_stackedwidget/111/160/
Error: Found widget with no texting property or objectName. Devs please do something. Widget's Hier path : QRadioButton in mw/65/70/74/qt_tabwidget_stackedwidget/111/160/
No locator for QRadioButton in mw/65/70/74/qt_tabwidget_stackedwidget/111/160/
Error: Found widget with no texting property or objectName. Devs please do something. Widget's Hier path : QRadioButton in mw/65/70/74/qt_tabwidget_stackedwidget/111/175/
No locator for QRadioButton in mw/65/70/74/qt_tabwidget_stackedwidget/111/175/
Error: Found widget with no texting property or objectName. Devs please do something. Widget's Hier path : QRadioButton in mw/65/70/74/qt_tabwidget_stackedwidget/111/175/
No locator for QRadioButton in mw/65/70/74/qt_tabwidget_stackedwidget/111/175/
Error: Found widget with no texting property or objectName. Devs please do something. Widget's Hier path : QRadioButton in mw/65/70/74/qt_tabwidget_stackedwidget/111/175/
No locator for QRadioButton in mw/65/70/74/qt_tabwidget_stackedwidget/111/175/
Error: Found widget with no texting property or objectName. Devs please do something. Widget's Hier path : QToolButton in mw/65/70/74/qt_tabwidget_tabbar/
No locator for QToolButton in mw/65/70/74/qt_tabwidget_tabbar/
Error: Found widget with no texting property or objectName. Devs please do something. Widget's Hier path : QToolButton in mw/65/70/74/qt_tabwidget_tabbar/
No locator for QToolButton in mw/65/70/74/qt_tabwidget_tabbar/
Welcome to this project. Feel free to expirment. 
Set to mode1
dicmdCreateObjRectangle -points {(98,84);(263,179)} 
dicmdDeleteShape -point (205,157) 
dicmdDeleteShape -point (206,129) 
dicmdCreateObjRectangle -points {(142,37);(310,155)} 
dicmdDeleteShape -point (452,105) 
dicmdDeleteShape -point (251,94) 
dicmdCreateObjRectangle -points {(124,93);(336,197)} 
dicmdCreateObjRectangle -points {(322,63);(464,139)} 
dicmdDeleteShape -point (153,134) 
dicmdDeleteShape -point (259,128) 
dicmdDeleteShape -point (368,114) 
dicmdDeleteShape -point (227,17) 
dicmdCreateObjPolygon -points {(241,63);(516,86);(494,179);(260,199);(326,156);(230,143);(311,107);(180,107);(180,106)} 
dicmdDeleteShape -point (381,153) 
dicmdDeleteShape -point (444,158) 
dicmdDeleteShape -point (444,158) 
dicmdDeleteShape -point (264,63) 
dicmdCreateObjEllipse -points {(210,99);(418,189)} 
dicmdCreateObjEllipse -points {(450,59);(616,130)} 
dicmdDeleteShape -point (307,134) 
dicmdDeleteShape -point (549,95) 
dicmdDeleteShape -point (343,131) 
dicmdDeleteShape -point (343,131) 
dicmdDeleteShape -point (311,131) 
dicmdDeleteShape -point (100,76) 
dicmdCreateObjEllipse -points {(127,85);(174,108)} 
dicmdCreateObjEllipse -points {(106,153);(156,181)} 
dicmdSelectShapesByRegion -end (981,356) -start (14,12) 
dicmdQaCompareSelection 
1
comparision->Selection:PASS Selection_Compare_0.txt Selection_Compare_0.txt.golden
dicmdSelectShapesByRegion -end (81,58) -start (733,171) 
dicmdQaCompareSelection 
1
comparision->Selection:PASS Selection_Compare_1.txt Selection_Compare_1.txt.golden
dicmdSelectShapesByRegion -end (508,352) -start (35,33) 
dicmdQaCompareSelection 
1
comparision->Selection:PASS Selection_Compare_2.txt Selection_Compare_2.txt.golden
dicmdQaToolExit 
