#i --> Info: Welcome to this project. Feel free to expirment. 
#i --> Info: Set to mode1
dicmdCanvasMouseMove -point (229,378) 
dicmdCanvasMouseMove -point (209,372) 
dicmdCanvasMouseMove -point (193,368) 
dicmdCanvasMouseMove -point (181,364) 
dicmdCanvasMouseMove -point (169,360) 
dicmdCanvasMouseMove -point (161,358) 
dicmdCanvasMouseMove -point (155,356) 
dicmdCanvasMouseMove -point (149,354) 
dicmdCanvasMouseMove -point (144,350) 
dicmdCanvasMouseMove -point (137,349) 
dicmdCanvasMouseMove -point (130,344) 
dicmdCanvasMouseMove -point (121,337) 
dicmdCanvasMouseMove -point (110,330) 
dicmdCanvasMouseMove -point (98,319) 
dicmdCanvasMouseMove -point (89,304) 
dicmdCanvasMouseMove -point (76,288) 
dicmdCanvasMouseMove -point (65,270) 
dicmdCanvasMouseMove -point (57,251) 
dicmdCanvasMouseMove -point (52,230) 
dicmdCanvasMouseMove -point (51,213) 
dicmdCanvasMouseMove -point (51,195) 
dicmdCanvasMouseMove -point (55,175) 
dicmdCanvasMouseMove -point (63,157) 
dicmdCanvasMouseMove -point (69,139) 
dicmdCanvasMouseMove -point (73,121) 
dicmdCanvasMouseMove -point (79,110) 
dicmdCanvasMouseMove -point (81,98) 
dicmdCanvasMouseMove -point (83,90) 
dicmdCanvasMouseMove -point (86,83) 
dicmdCanvasMouseMove -point (88,74) 
dicmdCanvasMouseMove -point (90,69) 
dicmdCanvasMouseMove -point (90,68) 
dicmdCanvasMouseMove -point (91,66) 
dicmdCanvasMouseMove -point (93,65) 
dicmdCanvasMouseMove -point (94,63) 
dicmdCanvasMouseMove -point (97,61) 
dicmdCanvasMouseMove -point (99,58) 
dicmdCanvasMouseMove -point (100,56) 
dicmdCanvasMouseMove -point (102,54) 
dicmdCanvasMouseMove -point (103,52) 
dicmdCanvasMouseMove -point (104,50) 
dicmdCanvasMouseMove -point (105,48) 
dicmdCanvasMouseMove -point (106,46) 
dicmdCanvasMouseMove -point (107,44) 
dicmdCanvasMouseMove -point (108,41) 
dicmdCanvasMouseMove -point (110,38) 
dicmdCanvasMouseMove -point (113,35) 
dicmdCanvasMouseMove -point (116,33) 
dicmdCanvasMouseMove -point (117,30) 
dicmdCanvasMouseMove -point (118,26) 
dicmdCanvasMouseMove -point (119,24) 
dicmdCanvasMouseMove -point (119,21) 
dicmdCanvasMouseMove -point (120,18) 
dicmdCanvasMouseMove -point (120,14) 
dicmdCanvasMouseMove -point (120,11) 
dicmdCanvasMouseMove -point (121,2) 
dicmdguiClickButton -object mw/65/70/Home/qt_tabwidget_tabbar 
#e --> Error: something went wrong with this command -> dicmdguiClickButton
dicmdguiClickButton -object 0x104:Rectangle 
incmdCreateObjRectangle
dicmdAbortActiveCommand 
incmdCreateObjRectangle
dicmdCanvasMouseMove -point (110,9) 
dicmdCanvasMouseMove -point (115,22) 
dicmdCanvasMouseMove -point (117,35) 
dicmdCanvasMouseMove -point (120,46) 
dicmdCanvasMouseMove -point (122,54) 
dicmdCanvasMouseMove -point (122,62) 
dicmdCanvasMouseMove -point (122,67) 
dicmdCanvasMouseMove -point (122,74) 
dicmdCanvasMouseMove -point (122,79) 
dicmdCanvasMouseMove -point (120,83) 
dicmdCanvasMouseMove -point (120,89) 
dicmdCanvasMouseMove -point (119,91) 
dicmdCanvasMouseMove -point (119,94) 
dicmdCanvasMouseMove -point (119,95) 
dicmdCanvasMouseClick -point (119,95) 
dicmdCanvasMouseClick -point (119,95) 
dicmdCanvasMouseMove -point (121,97) 
dicmdCanvasMouseMove -point (123,101) 
dicmdCanvasMouseMove -point (128,104) 
dicmdCanvasMouseMove -point (133,106) 
dicmdCanvasMouseMove -point (139,110) 
dicmdCanvasMouseMove -point (146,112) 
dicmdCanvasMouseMove -point (152,115) 
dicmdCanvasMouseMove -point (159,119) 
dicmdCanvasMouseMove -point (167,123) 
dicmdCanvasMouseMove -point (175,127) 
dicmdCanvasMouseMove -point (182,131) 
dicmdCanvasMouseMove -point (189,134) 
dicmdCanvasMouseMove -point (195,137) 
dicmdCanvasMouseMove -point (200,140) 
dicmdCanvasMouseMove -point (206,143) 
dicmdCanvasMouseMove -point (212,148) 
dicmdCanvasMouseMove -point (218,154) 
dicmdCanvasMouseMove -point (222,159) 
dicmdCanvasMouseMove -point (225,163) 
dicmdCanvasMouseMove -point (228,168) 
dicmdCanvasMouseMove -point (231,170) 
dicmdCanvasMouseMove -point (232,173) 
dicmdCanvasMouseMove -point (233,173) 
dicmdCanvasMouseMove -point (233,174) 
dicmdCanvasMouseClick -point (233,174) 
dicmdCanvasMouseClick -point (233,174) 
#o --> Out: dicmdCreateObjRectangle -brush 1 -color #000000 -fill 9 -points {(119,95);(233,174)} 
dicmdCanvasMouseMove -point (235,174) 
dicmdCanvasMouseMove -point (236,174) 
dicmdCanvasMouseMove -point (237,172) 
dicmdCanvasMouseMove -point (238,168) 
dicmdCanvasMouseMove -point (238,162) 
dicmdCanvasMouseMove -point (236,151) 
dicmdCanvasMouseMove -point (235,137) 
dicmdCanvasMouseMove -point (233,125) 
dicmdCanvasMouseMove -point (233,112) 
dicmdCanvasMouseMove -point (232,99) 
dicmdCanvasMouseMove -point (232,87) 
dicmdCanvasMouseMove -point (232,76) 
dicmdCanvasMouseMove -point (232,63) 
dicmdCanvasMouseMove -point (232,50) 
dicmdCanvasMouseMove -point (232,37) 
dicmdCanvasMouseMove -point (230,23) 
dicmdCanvasMouseMove -point (228,12) 
dicmdCanvasMouseMove -point (225,4) 
dicmdguiClickButton -object 0x104:Ellipse 
incmdCreateObjEllipse
dicmdAbortActiveCommand 
dicmdAbortActiveCommand 
incmdCreateObjEllipse
dicmdCanvasMouseMove -point (201,0) 
dicmdCanvasMouseMove -point (209,14) 
dicmdCanvasMouseMove -point (218,29) 
dicmdCanvasMouseMove -point (225,40) 
dicmdCanvasMouseMove -point (231,53) 
dicmdCanvasMouseMove -point (236,63) 
dicmdCanvasMouseMove -point (245,72) 
dicmdCanvasMouseMove -point (252,80) 
dicmdCanvasMouseMove -point (257,87) 
dicmdCanvasMouseMove -point (261,92) 
dicmdCanvasMouseMove -point (266,95) 
dicmdCanvasMouseMove -point (271,98) 
dicmdCanvasMouseMove -point (277,104) 
dicmdCanvasMouseMove -point (282,107) 
dicmdCanvasMouseMove -point (286,112) 
dicmdCanvasMouseMove -point (290,114) 
dicmdCanvasMouseMove -point (294,118) 
dicmdCanvasMouseMove -point (297,120) 
dicmdCanvasMouseMove -point (298,121) 
dicmdCanvasMouseMove -point (298,122) 
dicmdCanvasMouseClick -point (298,122) 
dicmdCanvasMouseClick -point (298,122) 
dicmdCanvasMouseMove -point (300,123) 
dicmdCanvasMouseMove -point (304,127) 
dicmdCanvasMouseMove -point (309,132) 
dicmdCanvasMouseMove -point (316,137) 
dicmdCanvasMouseMove -point (328,146) 
dicmdCanvasMouseMove -point (343,158) 
dicmdCanvasMouseMove -point (361,171) 
dicmdCanvasMouseMove -point (380,186) 
dicmdCanvasMouseMove -point (405,200) 
dicmdCanvasMouseMove -point (431,214) 
dicmdCanvasMouseMove -point (447,225) 
dicmdCanvasMouseMove -point (457,231) 
dicmdCanvasMouseMove -point (465,237) 
dicmdCanvasMouseMove -point (473,243) 
dicmdCanvasMouseMove -point (479,247) 
dicmdCanvasMouseMove -point (487,253) 
dicmdCanvasMouseMove -point (494,259) 
dicmdCanvasMouseMove -point (500,264) 
dicmdCanvasMouseMove -point (506,270) 
dicmdCanvasMouseMove -point (509,272) 
dicmdCanvasMouseMove -point (511,274) 
dicmdCanvasMouseMove -point (513,274) 
dicmdCanvasMouseMove -point (514,275) 
dicmdCanvasMouseMove -point (516,275) 
dicmdCanvasMouseMove -point (516,276) 
dicmdCanvasMouseClick -point (516,276) 
dicmdCanvasMouseClick -point (516,276) 
#o --> Out: dicmdCreateObjEllipse -brush 1 -color #000000 -fill 9 -points {(298,122);(516,276)} 
dicmdCanvasMouseMove -point (514,276) 
dicmdCanvasMouseMove -point (512,274) 
dicmdCanvasMouseMove -point (509,272) 
dicmdCanvasMouseMove -point (505,266) 
dicmdCanvasMouseMove -point (499,253) 
dicmdCanvasMouseMove -point (487,232) 
dicmdCanvasMouseMove -point (469,210) 
dicmdCanvasMouseMove -point (447,184) 
dicmdCanvasMouseMove -point (423,156) 
dicmdCanvasMouseMove -point (397,128) 
dicmdCanvasMouseMove -point (371,106) 
dicmdCanvasMouseMove -point (343,84) 
dicmdCanvasMouseMove -point (317,60) 
dicmdCanvasMouseMove -point (293,42) 
dicmdCanvasMouseMove -point (269,22) 
dicmdCanvasMouseMove -point (247,8) 
dicmdguiClickButton -object 0x104:Polygon 
incmdCreateObjPolygon
dicmdAbortActiveCommand 
dicmdAbortActiveCommand 
incmdCreateObjPolygon
dicmdCanvasMouseMove -point (349,11) 
dicmdCanvasMouseMove -point (405,31) 
dicmdCanvasMouseMove -point (463,53) 
dicmdCanvasMouseMove -point (525,75) 
dicmdCanvasMouseMove -point (587,95) 
dicmdCanvasMouseMove -point (645,117) 
dicmdCanvasMouseMove -point (703,135) 
dicmdCanvasMouseMove -point (749,151) 
dicmdCanvasMouseMove -point (789,163) 
dicmdCanvasMouseMove -point (817,171) 
dicmdCanvasMouseMove -point (835,175) 
dicmdCanvasMouseMove -point (841,177) 
dicmdCanvasMouseMove -point (839,177) 
dicmdCanvasMouseMove -point (837,176) 
dicmdCanvasMouseMove -point (835,176) 
dicmdCanvasMouseMove -point (833,175) 
dicmdCanvasMouseMove -point (831,175) 
dicmdCanvasMouseMove -point (828,173) 
dicmdCanvasMouseMove -point (826,173) 
dicmdCanvasMouseMove -point (823,172) 
dicmdCanvasMouseMove -point (820,170) 
dicmdCanvasMouseMove -point (817,170) 
dicmdCanvasMouseMove -point (813,168) 
dicmdCanvasMouseMove -point (810,167) 
dicmdCanvasMouseMove -point (807,166) 
dicmdCanvasMouseMove -point (804,165) 
dicmdCanvasMouseMove -point (800,164) 
dicmdCanvasMouseMove -point (797,163) 
dicmdCanvasMouseMove -point (794,162) 
dicmdCanvasMouseMove -point (790,162) 
dicmdCanvasMouseMove -point (785,162) 
dicmdCanvasMouseMove -point (781,162) 
dicmdCanvasMouseMove -point (778,162) 
dicmdCanvasMouseMove -point (776,162) 
dicmdCanvasMouseMove -point (776,161) 
dicmdCanvasMouseClick -point (776,161) 
dicmdCanvasMouseClick -point (776,161) 
dicmdCanvasMouseMove -point (777,161) 
dicmdCanvasMouseMove -point (780,161) 
dicmdCanvasMouseMove -point (784,160) 
dicmdCanvasMouseMove -point (791,157) 
dicmdCanvasMouseMove -point (799,154) 
dicmdCanvasMouseMove -point (816,150) 
dicmdCanvasMouseMove -point (832,145) 
dicmdCanvasMouseMove -point (856,142) 
dicmdCanvasMouseMove -point (876,138) 
dicmdCanvasMouseMove -point (900,135) 
dicmdCanvasMouseMove -point (919,131) 
dicmdCanvasMouseMove -point (933,129) 
dicmdCanvasMouseMove -point (942,125) 
dicmdCanvasMouseMove -point (948,124) 
dicmdCanvasMouseMove -point (951,122) 
dicmdCanvasMouseMove -point (953,122) 
dicmdCanvasMouseMove -point (954,120) 
dicmdCanvasMouseMove -point (956,120) 
dicmdCanvasMouseClick -point (956,120) 
dicmdCanvasMouseClick -point (956,120) 
dicmdCanvasMouseMove -point (956,121) 
dicmdCanvasMouseMove -point (956,127) 
dicmdCanvasMouseMove -point (956,135) 
dicmdCanvasMouseMove -point (956,147) 
dicmdCanvasMouseMove -point (959,157) 
dicmdCanvasMouseMove -point (963,168) 
dicmdCanvasMouseMove -point (968,180) 
dicmdCanvasMouseMove -point (971,191) 
dicmdCanvasMouseMove -point (976,203) 
dicmdCanvasMouseMove -point (979,212) 
dicmdCanvasMouseMove -point (983,222) 
dicmdCanvasMouseMove -point (985,231) 
dicmdCanvasMouseMove -point (989,240) 
dicmdCanvasMouseMove -point (992,249) 
dicmdCanvasMouseMove -point (996,260) 
dicmdCanvasMouseMove -point (999,267) 
dicmdCanvasMouseMove -point (1003,275) 
dicmdCanvasMouseMove -point (1008,281) 
dicmdCanvasMouseMove -point (1012,285) 
dicmdCanvasMouseMove -point (1016,288) 
dicmdCanvasMouseMove -point (1018,289) 
dicmdCanvasMouseMove -point (1019,289) 
dicmdCanvasMouseClick -point (1019,289) 
dicmdCanvasMouseClick -point (1019,289) 
dicmdCanvasMouseMove -point (1017,289) 
dicmdCanvasMouseMove -point (1013,289) 
dicmdCanvasMouseMove -point (1009,289) 
dicmdCanvasMouseMove -point (996,289) 
dicmdCanvasMouseMove -point (985,289) 
dicmdCanvasMouseMove -point (975,291) 
dicmdCanvasMouseMove -point (961,291) 
dicmdCanvasMouseMove -point (944,291) 
dicmdCanvasMouseMove -point (923,291) 
dicmdCanvasMouseMove -point (899,291) 
dicmdCanvasMouseMove -point (875,291) 
dicmdCanvasMouseMove -point (846,291) 
dicmdCanvasMouseMove -point (820,291) 
dicmdCanvasMouseMove -point (794,291) 
dicmdCanvasMouseMove -point (769,291) 
dicmdCanvasMouseMove -point (750,293) 
dicmdCanvasMouseMove -point (736,293) 
dicmdCanvasMouseMove -point (726,293) 
dicmdCanvasMouseMove -point (722,293) 
dicmdCanvasMouseClick -point (722,293) 
dicmdCanvasMouseClick -point (722,293) 
dicmdCanvasMouseDblClick -point (722,293) 
dicmdCanvasMouseDblClick -point (722,293) 
#o --> Out: dicmdCreateObjPolygon -brush 1 -color #000000 -fill 9 -points {(776,161);(956,120);(1019,289);(722,293);(722,293)} 
dicmdCanvasMouseMove -point (720,291) 
dicmdCanvasMouseMove -point (717,287) 
dicmdCanvasMouseMove -point (713,282) 
dicmdCanvasMouseMove -point (708,276) 
dicmdCanvasMouseMove -point (703,272) 
dicmdCanvasMouseMove -point (699,265) 
dicmdCanvasMouseMove -point (694,261) 
dicmdCanvasMouseMove -point (689,256) 
dicmdCanvasMouseMove -point (685,252) 
dicmdCanvasMouseMove -point (683,250) 
dicmdCanvasMouseMove -point (680,247) 
dicmdCanvasMouseMove -point (678,245) 
dicmdCanvasMouseMove -point (674,241) 
dicmdCanvasMouseMove -point (672,239) 
dicmdCanvasMouseMove -point (669,237) 
dicmdCanvasMouseMove -point (667,234) 
dicmdCanvasMouseMove -point (665,231) 
dicmdCanvasMouseMove -point (662,228) 
dicmdCanvasMouseMove -point (659,225) 
dicmdCanvasMouseMove -point (657,222) 
dicmdCanvasMouseMove -point (656,220) 
dicmdCanvasMouseMove -point (654,219) 
dicmdCanvasMouseMove -point (654,217) 
dicmdCanvasMouseMove -point (653,216) 
dicmdCanvasMouseMove -point (653,215) 
dicmdCanvasMouseMove -point (652,213) 
dicmdCanvasMouseMove -point (650,216) 
dicmdCanvasMouseMove -point (648,220) 
dicmdCanvasMouseMove -point (648,221) 
dicmdAbortActiveCommand 
dicmdAbortActiveCommand 
dicmdCanvasMouseMove -point (647,221) 
dicmdCanvasMouseMove -point (641,221) 
dicmdCanvasMouseMove -point (629,221) 
dicmdCanvasMouseMove -point (615,221) 
dicmdCanvasMouseMove -point (599,218) 
dicmdCanvasMouseMove -point (583,213) 
dicmdCanvasMouseMove -point (564,208) 
dicmdCanvasMouseMove -point (538,198) 
dicmdCanvasMouseMove -point (502,186) 
dicmdCanvasMouseMove -point (466,176) 
dicmdCanvasMouseMove -point (424,162) 
dicmdCanvasMouseMove -point (382,150) 
dicmdCanvasMouseMove -point (336,144) 
dicmdCanvasMouseMove -point (286,138) 
dicmdCanvasMouseMove -point (240,134) 
dicmdCanvasMouseMove -point (200,128) 
dicmdCanvasMouseMove -point (166,122) 
dicmdCanvasMouseMove -point (136,112) 
dicmdCanvasMouseMove -point (114,104) 
dicmdCanvasMouseMove -point (104,100) 
dicmdCanvasMouseMove -point (102,100) 
dicmdCanvasMouseMove -point (105,100) 
dicmdCanvasMouseMove -point (110,102) 
dicmdCanvasMouseMove -point (119,105) 
dicmdCanvasMouseMove -point (126,108) 
dicmdCanvasMouseMove -point (134,111) 
dicmdCanvasMouseMove -point (141,114) 
dicmdCanvasMouseMove -point (147,116) 
dicmdCanvasMouseMove -point (152,119) 
dicmdCanvasMouseMove -point (155,119) 
dicmdCanvasMouseMove -point (157,120) 
dicmdCanvasMouseMove -point (160,120) 
dicmdCanvasMouseMove -point (162,121) 
dicmdCanvasMouseMove -point (164,122) 
dicmdCanvasMouseMove -point (166,122) 
dicmdCanvasMouseMove -point (168,125) 
dicmdCanvasMouseMove -point (171,125) 
dicmdCanvasMouseMove -point (173,126) 
dicmdCanvasMouseMove -point (175,127) 
dicmdCanvasMouseMove -point (177,127) 
dicmdCanvasMouseMove -point (178,127) 
dicmdQaCompareRuntime 
#t --> Test: comparision->Runtime:PASS Runtime_Compare_0.txt Runtime_Compare_0.txt.golden
dicmdCanvasMouseMove -point (181,128) 
dicmdCanvasMouseMove -point (185,129) 
dicmdCanvasMouseMove -point (189,130) 
dicmdCanvasMouseMove -point (194,131) 
dicmdCanvasMouseMove -point (199,131) 
dicmdCanvasMouseMove -point (205,133) 
dicmdCanvasMouseMove -point (211,135) 
dicmdCanvasMouseMove -point (216,136) 
dicmdCanvasMouseMove -point (221,137) 
dicmdCanvasMouseMove -point (224,140) 
dicmdCanvasMouseMove -point (227,141) 
dicmdCanvasMouseMove -point (232,143) 
dicmdCanvasMouseMove -point (237,147) 
dicmdCanvasMouseMove -point (244,150) 
dicmdCanvasMouseMove -point (253,157) 
dicmdCanvasMouseMove -point (266,165) 
dicmdCanvasMouseMove -point (282,176) 
dicmdCanvasMouseMove -point (310,191) 
dicmdCanvasMouseMove -point (346,209) 
dicmdCanvasMouseMove -point (376,227) 
dicmdCanvasMouseMove -point (397,239) 
dicmdCanvasMouseMove -point (412,248) 
dicmdCanvasMouseMove -point (421,254) 
dicmdCanvasMouseMove -point (427,256) 
dicmdCanvasMouseMove -point (429,256) 
dicmdCanvasMouseMove -point (427,256) 
dicmdCanvasMouseMove -point (425,255) 
dicmdCanvasMouseMove -point (424,254) 
dicmdCanvasMouseMove -point (421,253) 
dicmdCanvasMouseMove -point (419,252) 
dicmdCanvasMouseMove -point (416,251) 
dicmdCanvasMouseMove -point (414,250) 
dicmdCanvasMouseMove -point (412,249) 
dicmdCanvasMouseMove -point (410,248) 
dicmdCanvasMouseMove -point (408,247) 
dicmdCanvasMouseMove -point (407,247) 
dicmdQaCompareRuntime 
#t --> Test: comparision->Runtime:PASS Runtime_Compare_1.txt Runtime_Compare_1.txt.golden
dicmdCanvasMouseMove -point (409,246) 
dicmdCanvasMouseMove -point (413,244) 
dicmdCanvasMouseMove -point (418,242) 
dicmdCanvasMouseMove -point (422,241) 
dicmdCanvasMouseMove -point (427,238) 
dicmdCanvasMouseMove -point (431,237) 
dicmdCanvasMouseMove -point (437,234) 
dicmdCanvasMouseMove -point (446,231) 
dicmdCanvasMouseMove -point (457,229) 
dicmdCanvasMouseMove -point (473,223) 
dicmdCanvasMouseMove -point (492,222) 
dicmdCanvasMouseMove -point (514,220) 
dicmdCanvasMouseMove -point (539,218) 
dicmdCanvasMouseMove -point (566,218) 
dicmdCanvasMouseMove -point (597,218) 
dicmdCanvasMouseMove -point (629,220) 
dicmdCanvasMouseMove -point (662,224) 
dicmdCanvasMouseMove -point (694,226) 
dicmdCanvasMouseMove -point (724,230) 
dicmdCanvasMouseMove -point (750,232) 
dicmdCanvasMouseMove -point (772,234) 
dicmdCanvasMouseMove -point (790,238) 
dicmdCanvasMouseMove -point (804,238) 
dicmdCanvasMouseMove -point (814,240) 
dicmdCanvasMouseMove -point (822,242) 
dicmdCanvasMouseMove -point (826,242) 
dicmdCanvasMouseMove -point (830,242) 
dicmdQaCompareRuntime 
#t --> Test: comparision->Runtime:PASS Runtime_Compare_2.txt Runtime_Compare_2.txt.golden
dicmdCanvasMouseMove -point (826,242) 
dicmdCanvasMouseMove -point (824,241) 
dicmdCanvasMouseMove -point (822,240) 
dicmdCanvasMouseMove -point (819,239) 
dicmdCanvasMouseMove -point (814,238) 
dicmdCanvasMouseMove -point (810,235) 
dicmdCanvasMouseMove -point (804,232) 
dicmdCanvasMouseMove -point (795,225) 
dicmdCanvasMouseMove -point (785,216) 
dicmdCanvasMouseMove -point (773,206) 
dicmdCanvasMouseMove -point (762,195) 
dicmdCanvasMouseMove -point (749,186) 
dicmdCanvasMouseMove -point (740,177) 
dicmdCanvasMouseMove -point (727,166) 
dicmdCanvasMouseMove -point (718,158) 
dicmdCanvasMouseMove -point (708,150) 
dicmdCanvasMouseMove -point (700,142) 
dicmdCanvasMouseMove -point (692,133) 
dicmdCanvasMouseMove -point (682,127) 
dicmdCanvasMouseMove -point (673,120) 
dicmdCanvasMouseMove -point (663,111) 
dicmdCanvasMouseMove -point (653,103) 
dicmdCanvasMouseMove -point (644,96) 
dicmdCanvasMouseMove -point (634,89) 
dicmdCanvasMouseMove -point (627,86) 
dicmdCanvasMouseMove -point (621,82) 
dicmdCanvasMouseMove -point (616,79) 
dicmdCanvasMouseMove -point (613,78) 
dicmdCanvasMouseMove -point (612,77) 
dicmdCanvasMouseMove -point (610,77) 
dicmdCanvasMouseMove -point (607,75) 
dicmdCanvasMouseMove -point (602,71) 
dicmdCanvasMouseMove -point (596,67) 
dicmdCanvasMouseMove -point (588,62) 
dicmdCanvasMouseMove -point (575,54) 
dicmdCanvasMouseMove -point (555,43) 
dicmdCanvasMouseMove -point (534,29) 
dicmdCanvasMouseMove -point (507,16) 
dicmdCanvasMouseMove -point (477,0) 
dicmdguiClickButton -object 0x104:Line 
incmdCreateObjLine
dicmdAbortActiveCommand 
incmdCreateObjLine
dicmdCanvasMouseMove -point (287,1) 
dicmdCanvasMouseMove -point (309,11) 
dicmdCanvasMouseMove -point (329,21) 
dicmdCanvasMouseMove -point (345,27) 
dicmdCanvasMouseMove -point (361,33) 
dicmdCanvasMouseMove -point (373,39) 
dicmdCanvasMouseMove -point (383,43) 
dicmdCanvasMouseMove -point (391,45) 
dicmdCanvasMouseMove -point (397,49) 
dicmdCanvasMouseMove -point (401,49) 
dicmdCanvasMouseMove -point (403,51) 
dicmdCanvasMouseMove -point (405,51) 
dicmdCanvasMouseMove -point (407,51) 
dicmdCanvasMouseMove -point (407,52) 
dicmdCanvasMouseMove -point (405,52) 
dicmdCanvasMouseMove -point (405,53) 
dicmdCanvasMouseMove -point (405,54) 
dicmdCanvasMouseMove -point (404,55) 
dicmdCanvasMouseClick -point (404,55) 
dicmdCanvasMouseClick -point (404,55) 
dicmdCanvasMouseMove -point (406,55) 
dicmdCanvasMouseMove -point (410,54) 
dicmdCanvasMouseMove -point (417,54) 
dicmdCanvasMouseMove -point (423,54) 
dicmdCanvasMouseMove -point (432,54) 
dicmdCanvasMouseMove -point (438,54) 
dicmdCanvasMouseMove -point (444,54) 
dicmdCanvasMouseMove -point (450,56) 
dicmdCanvasMouseMove -point (455,57) 
dicmdCanvasMouseMove -point (460,58) 
dicmdCanvasMouseMove -point (466,59) 
dicmdCanvasMouseMove -point (470,62) 
dicmdCanvasMouseMove -point (473,63) 
dicmdCanvasMouseMove -point (476,64) 
dicmdCanvasMouseMove -point (478,64) 
dicmdCanvasMouseMove -point (480,65) 
dicmdCanvasMouseMove -point (483,66) 
dicmdCanvasMouseMove -point (485,67) 
dicmdCanvasMouseMove -point (487,68) 
dicmdCanvasMouseMove -point (489,70) 
dicmdCanvasMouseMove -point (492,71) 
dicmdCanvasMouseMove -point (494,72) 
dicmdCanvasMouseMove -point (497,72) 
dicmdCanvasMouseMove -point (499,74) 
dicmdCanvasMouseMove -point (500,75) 
dicmdCanvasMouseMove -point (502,75) 
dicmdCanvasMouseMove -point (503,76) 
dicmdCanvasMouseMove -point (505,77) 
dicmdCanvasMouseMove -point (506,77) 
dicmdCanvasMouseMove -point (507,78) 
dicmdCanvasMouseMove -point (508,78) 
dicmdCanvasMouseMove -point (509,79) 
dicmdCanvasMouseMove -point (510,80) 
dicmdCanvasMouseMove -point (513,81) 
dicmdCanvasMouseMove -point (514,81) 
dicmdCanvasMouseMove -point (516,83) 
dicmdCanvasMouseMove -point (518,83) 
dicmdCanvasMouseMove -point (519,84) 
dicmdCanvasMouseMove -point (521,85) 
dicmdCanvasMouseMove -point (522,86) 
dicmdCanvasMouseMove -point (523,87) 
dicmdCanvasMouseMove -point (524,88) 
dicmdQaCompareRuntime 
#t --> Test: comparision->Runtime:PASS Runtime_Compare_3.txt Runtime_Compare_3.txt.golden
dicmdCanvasMouseMove -point (522,89) 
dicmdCanvasMouseMove -point (521,91) 
dicmdCanvasMouseMove -point (519,93) 
dicmdCanvasMouseMove -point (517,94) 
dicmdCanvasMouseMove -point (515,97) 
dicmdCanvasMouseMove -point (513,99) 
dicmdCanvasMouseMove -point (509,101) 
dicmdCanvasMouseMove -point (505,104) 
dicmdCanvasMouseMove -point (500,109) 
dicmdCanvasMouseMove -point (494,113) 
dicmdCanvasMouseMove -point (487,118) 
dicmdCanvasMouseMove -point (481,122) 
dicmdCanvasMouseMove -point (477,123) 
dicmdCanvasMouseMove -point (475,123) 
dicmdCanvasMouseMove -point (474,123) 
dicmdCanvasMouseMove -point (473,123) 
dicmdCanvasMouseMove -point (472,123) 
dicmdCanvasMouseMove -point (471,123) 
dicmdCanvasMouseMove -point (469,123) 
dicmdQaCompareRuntime 
#t --> Test: comparision->Runtime:PASS Runtime_Compare_4.txt Runtime_Compare_4.txt.golden
dicmdCanvasMouseMove -point (432,126) 
dicmdCanvasMouseMove -point (429,126) 
dicmdCanvasMouseMove -point (425,126) 
dicmdCanvasMouseMove -point (420,126) 
dicmdCanvasMouseMove -point (415,126) 
dicmdCanvasMouseMove -point (408,126) 
dicmdCanvasMouseMove -point (401,125) 
dicmdCanvasMouseMove -point (395,122) 
dicmdCanvasMouseMove -point (388,121) 
dicmdCanvasMouseMove -point (382,120) 
dicmdCanvasMouseMove -point (377,119) 
dicmdCanvasMouseMove -point (373,118) 
dicmdCanvasMouseMove -point (367,117) 
dicmdCanvasMouseMove -point (363,115) 
dicmdCanvasMouseMove -point (360,114) 
dicmdCanvasMouseMove -point (356,113) 
dicmdCanvasMouseMove -point (353,112) 
dicmdCanvasMouseMove -point (349,111) 
dicmdCanvasMouseMove -point (347,109) 
dicmdCanvasMouseMove -point (343,108) 
dicmdCanvasMouseMove -point (340,107) 
dicmdCanvasMouseMove -point (337,106) 
dicmdCanvasMouseMove -point (335,105) 
dicmdCanvasMouseMove -point (332,104) 
dicmdCanvasMouseMove -point (330,104) 
dicmdCanvasMouseMove -point (329,104) 
dicmdQaCompareRuntime 
#t --> Test: comparision->Runtime:PASS Runtime_Compare_5.txt Runtime_Compare_5.txt.golden
dicmdCanvasMouseMove -point (320,96) 
dicmdCanvasMouseMove -point (319,94) 
dicmdCanvasMouseMove -point (317,91) 
dicmdCanvasMouseMove -point (316,88) 
dicmdCanvasMouseMove -point (314,85) 
dicmdCanvasMouseMove -point (312,82) 
dicmdCanvasMouseMove -point (311,79) 
dicmdCanvasMouseMove -point (311,76) 
dicmdCanvasMouseMove -point (310,74) 
dicmdCanvasMouseMove -point (309,70) 
dicmdCanvasMouseMove -point (309,68) 
dicmdCanvasMouseMove -point (309,66) 
dicmdCanvasMouseMove -point (309,63) 
dicmdCanvasMouseMove -point (309,61) 
dicmdCanvasMouseMove -point (309,59) 
dicmdCanvasMouseMove -point (311,56) 
dicmdCanvasMouseMove -point (312,54) 
dicmdCanvasMouseMove -point (313,53) 
dicmdCanvasMouseMove -point (314,51) 
dicmdQaCompareRuntime 
#t --> Test: comparision->Runtime:PASS Runtime_Compare_6.txt Runtime_Compare_6.txt.golden
dicmdCanvasMouseMove -point (325,40) 
dicmdCanvasMouseMove -point (326,40) 
dicmdCanvasMouseMove -point (328,39) 
dicmdCanvasMouseMove -point (329,38) 
dicmdCanvasMouseMove -point (331,37) 
dicmdCanvasMouseMove -point (333,36) 
dicmdCanvasMouseMove -point (335,35) 
dicmdCanvasMouseMove -point (338,34) 
dicmdCanvasMouseMove -point (341,33) 
dicmdCanvasMouseMove -point (344,32) 
dicmdCanvasMouseMove -point (347,31) 
dicmdCanvasMouseMove -point (350,29) 
dicmdCanvasMouseMove -point (352,28) 
dicmdCanvasMouseMove -point (355,28) 
dicmdCanvasMouseMove -point (358,27) 
dicmdCanvasMouseMove -point (362,26) 
dicmdCanvasMouseMove -point (365,25) 
dicmdQaCompareRuntime 
#t --> Test: comparision->Runtime:PASS Runtime_Compare_7.txt Runtime_Compare_7.txt.golden
dicmdCanvasMouseMove -point (398,17) 
dicmdCanvasMouseMove -point (403,16) 
dicmdCanvasMouseMove -point (408,15) 
dicmdCanvasMouseMove -point (411,14) 
dicmdCanvasMouseMove -point (415,14) 
dicmdCanvasMouseMove -point (418,14) 
dicmdCanvasMouseMove -point (421,14) 
dicmdCanvasMouseMove -point (423,14) 
dicmdCanvasMouseMove -point (425,14) 
dicmdCanvasMouseMove -point (427,15) 
dicmdCanvasMouseMove -point (428,15) 
dicmdCanvasMouseMove -point (429,15) 
dicmdCanvasMouseMove -point (430,15) 
dicmdCanvasMouseMove -point (432,16) 
dicmdCanvasMouseMove -point (434,16) 
dicmdCanvasMouseMove -point (436,17) 
dicmdCanvasMouseMove -point (438,17) 
dicmdCanvasMouseMove -point (440,17) 
dicmdCanvasMouseMove -point (442,18) 
dicmdCanvasMouseMove -point (444,18) 
dicmdCanvasMouseMove -point (446,18) 
dicmdCanvasMouseMove -point (447,19) 
dicmdCanvasMouseMove -point (449,19) 
dicmdCanvasMouseMove -point (451,20) 
dicmdCanvasMouseMove -point (452,20) 
dicmdQaCompareRuntime 
#t --> Test: comparision->Runtime:PASS Runtime_Compare_8.txt Runtime_Compare_8.txt.golden
dicmdCanvasMouseMove -point (458,22) 
dicmdCanvasMouseMove -point (459,23) 
dicmdCanvasMouseMove -point (460,24) 
dicmdCanvasMouseMove -point (462,26) 
dicmdCanvasMouseMove -point (465,29) 
dicmdCanvasMouseMove -point (467,32) 
dicmdCanvasMouseMove -point (469,34) 
dicmdCanvasMouseMove -point (470,35) 
dicmdCanvasMouseMove -point (472,37) 
dicmdCanvasMouseMove -point (473,39) 
dicmdCanvasMouseMove -point (475,40) 
dicmdCanvasMouseMove -point (476,42) 
dicmdCanvasMouseMove -point (477,43) 
dicmdCanvasMouseMove -point (477,45) 
dicmdCanvasMouseMove -point (478,45) 
dicmdCanvasMouseMove -point (479,46) 
dicmdCanvasMouseMove -point (479,47) 
dicmdCanvasMouseMove -point (479,48) 
dicmdCanvasMouseMove -point (480,48) 
dicmdCanvasMouseMove -point (480,49) 
dicmdCanvasMouseClick -point (480,49) 
dicmdCanvasMouseClick -point (480,49) 
#o --> Out: dicmdCreateObjLine -brush 1 -color #000000 -fill 9 -points {(404,55);(480,49)} 
dicmdCanvasMouseMove -point (481,49) 
dicmdCanvasMouseMove -point (482,49) 
dicmdCanvasMouseMove -point (486,51) 
dicmdCanvasMouseMove -point (491,54) 
dicmdCanvasMouseMove -point (496,60) 
dicmdCanvasMouseMove -point (505,67) 
dicmdCanvasMouseMove -point (514,73) 
dicmdCanvasMouseMove -point (523,81) 
dicmdCanvasMouseMove -point (534,90) 
dicmdCanvasMouseMove -point (545,98) 
dicmdCanvasMouseMove -point (555,105) 
dicmdCanvasMouseMove -point (565,113) 
dicmdCanvasMouseMove -point (573,119) 
dicmdCanvasMouseMove -point (579,125) 
dicmdCanvasMouseMove -point (585,130) 
dicmdCanvasMouseMove -point (591,134) 
dicmdCanvasMouseMove -point (594,139) 
dicmdCanvasMouseMove -point (599,143) 
dicmdCanvasMouseMove -point (600,145) 
dicmdCanvasMouseMove -point (603,148) 
dicmdCanvasMouseMove -point (604,150) 
dicmdCanvasMouseMove -point (604,152) 
dicmdCanvasMouseMove -point (605,153) 
dicmdCanvasMouseMove -point (605,154) 
dicmdCanvasMouseMove -point (605,155) 
dicmdCanvasMouseMove -point (604,156) 
dicmdCanvasMouseMove -point (602,156) 
dicmdCanvasMouseMove -point (601,157) 
dicmdCanvasMouseMove -point (600,158) 
dicmdCanvasMouseMove -point (599,159) 
dicmdCanvasMouseMove -point (598,159) 
dicmdCanvasMouseMove -point (597,160) 
dicmdCanvasMouseMove -point (596,160) 
dicmdCanvasMouseMove -point (596,161) 
dicmdCanvasMouseMove -point (594,161) 
dicmdCanvasMouseMove -point (594,162) 
dicmdCanvasMouseClick -point (594,162) 
dicmdCanvasMouseClick -point (594,162) 
dicmdCanvasMouseMove -point (595,160) 
dicmdCanvasMouseMove -point (599,157) 
dicmdCanvasMouseMove -point (603,152) 
dicmdCanvasMouseMove -point (609,149) 
dicmdCanvasMouseMove -point (614,144) 
dicmdCanvasMouseMove -point (624,137) 
dicmdCanvasMouseMove -point (634,130) 
dicmdCanvasMouseMove -point (644,122) 
dicmdCanvasMouseMove -point (654,115) 
dicmdCanvasMouseMove -point (663,109) 
dicmdCanvasMouseMove -point (673,104) 
dicmdCanvasMouseMove -point (680,100) 
dicmdCanvasMouseMove -point (689,97) 
dicmdCanvasMouseMove -point (693,94) 
dicmdCanvasMouseMove -point (701,92) 
dicmdCanvasMouseMove -point (705,91) 
dicmdCanvasMouseMove -point (711,91) 
dicmdCanvasMouseMove -point (713,90) 
dicmdCanvasMouseMove -point (716,90) 
dicmdCanvasMouseMove -point (717,88) 
dicmdCanvasMouseMove -point (719,88) 
dicmdCanvasMouseMove -point (721,88) 
dicmdCanvasMouseMove -point (722,88) 
dicmdCanvasMouseMove -point (723,87) 
dicmdCanvasMouseMove -point (724,87) 
dicmdCanvasMouseMove -point (724,86) 
dicmdCanvasMouseMove -point (725,86) 
dicmdCanvasMouseMove -point (726,86) 
dicmdCanvasMouseMove -point (727,86) 
dicmdCanvasMouseMove -point (727,85) 
dicmdCanvasMouseMove -point (728,85) 
dicmdCanvasMouseClick -point (728,85) 
dicmdCanvasMouseClick -point (728,85) 
#o --> Out: dicmdCreateObjLine -brush 1 -color #000000 -fill 9 -points {(594,162);(728,85)} 
dicmdCanvasMouseMove -point (727,85) 
dicmdCanvasMouseMove -point (725,88) 
dicmdCanvasMouseMove -point (723,92) 
dicmdCanvasMouseMove -point (719,99) 
dicmdCanvasMouseMove -point (714,106) 
dicmdCanvasMouseMove -point (707,115) 
dicmdCanvasMouseMove -point (699,125) 
dicmdCanvasMouseMove -point (692,137) 
dicmdCanvasMouseMove -point (684,148) 
dicmdCanvasMouseMove -point (673,158) 
dicmdCanvasMouseMove -point (663,169) 
dicmdCanvasMouseMove -point (653,179) 
dicmdCanvasMouseMove -point (644,189) 
dicmdCanvasMouseMove -point (634,199) 
dicmdCanvasMouseMove -point (627,207) 
dicmdCanvasMouseMove -point (621,217) 
dicmdCanvasMouseMove -point (616,223) 
dicmdCanvasMouseMove -point (613,231) 
dicmdCanvasMouseMove -point (609,238) 
dicmdCanvasMouseMove -point (606,244) 
dicmdCanvasMouseMove -point (603,249) 
dicmdCanvasMouseMove -point (602,255) 
dicmdCanvasMouseMove -point (599,259) 
dicmdCanvasMouseMove -point (594,263) 
dicmdCanvasMouseMove -point (592,266) 
dicmdCanvasMouseMove -point (589,269) 
dicmdCanvasMouseMove -point (586,270) 
dicmdCanvasMouseMove -point (585,271) 
dicmdCanvasMouseMove -point (583,271) 
dicmdCanvasMouseMove -point (581,271) 
dicmdCanvasMouseMove -point (579,272) 
dicmdCanvasMouseMove -point (577,272) 
dicmdCanvasMouseMove -point (576,272) 
dicmdCanvasMouseClick -point (576,272) 
dicmdCanvasMouseClick -point (576,272) 
dicmdCanvasMouseMove -point (577,273) 
dicmdCanvasMouseMove -point (579,273) 
dicmdCanvasMouseMove -point (580,274) 
dicmdCanvasMouseMove -point (582,275) 
dicmdCanvasMouseMove -point (584,276) 
dicmdCanvasMouseMove -point (586,279) 
dicmdCanvasMouseMove -point (589,280) 
dicmdCanvasMouseMove -point (591,281) 
dicmdCanvasMouseMove -point (594,283) 
dicmdCanvasMouseMove -point (597,285) 
dicmdCanvasMouseMove -point (600,287) 
dicmdCanvasMouseMove -point (603,289) 
dicmdCanvasMouseMove -point (606,291) 
dicmdCanvasMouseMove -point (609,293) 
dicmdCanvasMouseMove -point (611,295) 
dicmdCanvasMouseMove -point (613,297) 
dicmdCanvasMouseMove -point (615,299) 
dicmdCanvasMouseMove -point (618,301) 
dicmdCanvasMouseMove -point (619,303) 
dicmdCanvasMouseMove -point (622,305) 
dicmdCanvasMouseMove -point (625,308) 
dicmdCanvasMouseMove -point (627,310) 
dicmdCanvasMouseMove -point (630,312) 
dicmdCanvasMouseMove -point (632,314) 
dicmdCanvasMouseMove -point (634,315) 
dicmdCanvasMouseMove -point (636,316) 
dicmdCanvasMouseMove -point (637,317) 
dicmdCanvasMouseMove -point (638,318) 
dicmdCanvasMouseMove -point (639,319) 
dicmdCanvasMouseMove -point (640,320) 
dicmdCanvasMouseMove -point (641,320) 
dicmdCanvasMouseClick -point (641,320) 
dicmdCanvasMouseClick -point (641,320) 
#o --> Out: dicmdCreateObjLine -brush 1 -color #000000 -fill 9 -points {(576,272);(641,320)} 
dicmdCanvasMouseMove -point (641,319) 
dicmdCanvasMouseMove -point (641,316) 
dicmdCanvasMouseMove -point (642,311) 
dicmdCanvasMouseMove -point (644,304) 
dicmdCanvasMouseMove -point (647,295) 
dicmdCanvasMouseMove -point (648,286) 
dicmdCanvasMouseMove -point (650,275) 
dicmdCanvasMouseMove -point (650,268) 
dicmdCanvasMouseMove -point (650,260) 
dicmdCanvasMouseMove -point (650,254) 
dicmdCanvasMouseMove -point (650,249) 
dicmdCanvasMouseMove -point (650,246) 
dicmdCanvasMouseMove -point (650,244) 
dicmdCanvasMouseMove -point (650,241) 
dicmdCanvasMouseMove -point (650,240) 
dicmdCanvasMouseClick -point (650,240) 
dicmdCanvasMouseClick -point (650,240) 
dicmdCanvasMouseMove -point (651,240) 
dicmdCanvasMouseMove -point (652,239) 
dicmdCanvasMouseMove -point (653,238) 
dicmdCanvasMouseMove -point (656,236) 
dicmdCanvasMouseMove -point (658,232) 
dicmdCanvasMouseMove -point (662,228) 
dicmdCanvasMouseMove -point (666,221) 
dicmdCanvasMouseMove -point (671,216) 
dicmdCanvasMouseMove -point (677,210) 
dicmdCanvasMouseMove -point (684,206) 
dicmdCanvasMouseMove -point (691,201) 
dicmdCanvasMouseMove -point (698,196) 
dicmdCanvasMouseMove -point (704,193) 
dicmdCanvasMouseMove -point (709,189) 
dicmdCanvasMouseMove -point (714,187) 
dicmdCanvasMouseMove -point (718,184) 
dicmdCanvasMouseMove -point (720,183) 
dicmdCanvasMouseMove -point (721,181) 
dicmdCanvasMouseClick -point (721,181) 
dicmdCanvasMouseClick -point (721,181) 
#o --> Out: dicmdCreateObjLine -brush 1 -color #000000 -fill 9 -points {(650,240);(721,181)} 
dicmdCanvasMouseMove -point (722,181) 
dicmdCanvasMouseMove -point (719,182) 
dicmdCanvasMouseMove -point (717,184) 
dicmdCanvasMouseMove -point (712,188) 
dicmdCanvasMouseMove -point (706,192) 
dicmdCanvasMouseMove -point (697,199) 
dicmdCanvasMouseMove -point (687,206) 
dicmdCanvasMouseMove -point (677,215) 
dicmdCanvasMouseMove -point (666,227) 
dicmdCanvasMouseMove -point (655,235) 
dicmdCanvasMouseMove -point (644,245) 
dicmdCanvasMouseMove -point (632,253) 
dicmdCanvasMouseMove -point (624,261) 
dicmdCanvasMouseMove -point (613,268) 
dicmdCanvasMouseMove -point (600,274) 
dicmdCanvasMouseMove -point (586,282) 
dicmdCanvasMouseMove -point (573,291) 
dicmdCanvasMouseMove -point (556,299) 
dicmdCanvasMouseMove -point (538,312) 
dicmdCanvasMouseMove -point (518,324) 
dicmdCanvasMouseMove -point (498,338) 
dicmdCanvasMouseMove -point (474,349) 
dicmdCanvasMouseMove -point (457,359) 
dicmdCanvasMouseMove -point (441,365) 
dicmdCanvasMouseMove -point (430,369) 
dicmdCanvasMouseMove -point (422,369) 
dicmdCanvasMouseMove -point (416,370) 
dicmdCanvasMouseMove -point (415,370) 
dicmdCanvasMouseMove -point (417,370) 
dicmdCanvasMouseMove -point (418,370) 
dicmdCanvasMouseMove -point (418,368) 
dicmdCanvasMouseMove -point (420,366) 
dicmdCanvasMouseMove -point (420,363) 
dicmdCanvasMouseMove -point (422,358) 
dicmdCanvasMouseMove -point (423,354) 
dicmdCanvasMouseMove -point (423,349) 
dicmdCanvasMouseMove -point (423,345) 
dicmdCanvasMouseMove -point (423,341) 
dicmdCanvasMouseMove -point (424,338) 
dicmdCanvasMouseMove -point (424,337) 
dicmdCanvasMouseMove -point (425,336) 
dicmdCanvasMouseMove -point (425,335) 
dicmdCanvasMouseMove -point (426,334) 
dicmdCanvasMouseMove -point (427,334) 
dicmdCanvasMouseMove -point (428,334) 
dicmdCanvasMouseClick -point (428,334) 
dicmdCanvasMouseClick -point (428,334) 
dicmdCanvasMouseMove -point (427,334) 
dicmdCanvasMouseMove -point (426,333) 
dicmdCanvasMouseMove -point (424,333) 
dicmdCanvasMouseMove -point (422,333) 
dicmdCanvasMouseMove -point (419,333) 
dicmdCanvasMouseMove -point (416,333) 
dicmdCanvasMouseMove -point (411,333) 
dicmdCanvasMouseMove -point (406,333) 
dicmdCanvasMouseMove -point (400,333) 
dicmdCanvasMouseMove -point (392,333) 
dicmdCanvasMouseMove -point (385,331) 
dicmdCanvasMouseMove -point (377,330) 
dicmdCanvasMouseMove -point (368,328) 
dicmdCanvasMouseMove -point (360,327) 
dicmdCanvasMouseMove -point (355,327) 
dicmdCanvasMouseMove -point (349,326) 
dicmdCanvasMouseMove -point (345,326) 
dicmdCanvasMouseMove -point (342,326) 
dicmdCanvasMouseMove -point (340,325) 
dicmdCanvasMouseMove -point (338,325) 
dicmdCanvasMouseMove -point (336,325) 
dicmdCanvasMouseMove -point (333,325) 
dicmdCanvasMouseMove -point (330,324) 
dicmdCanvasMouseMove -point (326,324) 
dicmdCanvasMouseMove -point (323,324) 
dicmdCanvasMouseMove -point (319,324) 
dicmdCanvasMouseMove -point (317,324) 
dicmdCanvasMouseMove -point (315,324) 
dicmdCanvasMouseMove -point (313,324) 
dicmdCanvasMouseClick -point (313,324) 
dicmdCanvasMouseClick -point (313,324) 
#o --> Out: dicmdCreateObjLine -brush 1 -color #000000 -fill 9 -points {(428,334);(313,324)} 
dicmdCanvasMouseMove -point (312,321) 
dicmdCanvasMouseMove -point (308,316) 
dicmdCanvasMouseMove -point (298,308) 
dicmdCanvasMouseMove -point (285,300) 
dicmdCanvasMouseMove -point (270,293) 
dicmdCanvasMouseMove -point (250,286) 
dicmdCanvasMouseMove -point (228,277) 
dicmdCanvasMouseMove -point (205,269) 
dicmdCanvasMouseMove -point (179,259) 
dicmdCanvasMouseMove -point (163,249) 
dicmdCanvasMouseMove -point (153,246) 
dicmdCanvasMouseMove -point (152,244) 
dicmdCanvasMouseMove -point (150,242) 
dicmdCanvasMouseMove -point (148,242) 
dicmdCanvasMouseMove -point (148,240) 
dicmdCanvasMouseMove -point (145,240) 
dicmdCanvasMouseMove -point (144,241) 
dicmdCanvasMouseMove -point (142,243) 
dicmdCanvasMouseMove -point (141,243) 
dicmdCanvasMouseMove -point (140,245) 
dicmdCanvasMouseMove -point (140,246) 
dicmdCanvasMouseMove -point (140,247) 
dicmdCanvasMouseMove -point (141,248) 
dicmdCanvasMouseMove -point (142,248) 
dicmdCanvasMouseClick -point (142,248) 
dicmdCanvasMouseClick -point (142,248) 
dicmdCanvasMouseMove -point (143,248) 
dicmdCanvasMouseMove -point (143,249) 
dicmdCanvasMouseMove -point (146,249) 
dicmdCanvasMouseMove -point (147,249) 
dicmdCanvasMouseMove -point (149,248) 
dicmdCanvasMouseMove -point (151,247) 
dicmdCanvasMouseMove -point (153,246) 
dicmdCanvasMouseMove -point (158,245) 
dicmdCanvasMouseMove -point (162,245) 
dicmdCanvasMouseMove -point (166,244) 
dicmdCanvasMouseMove -point (171,243) 
dicmdCanvasMouseMove -point (175,243) 
dicmdCanvasMouseMove -point (178,242) 
dicmdCanvasMouseMove -point (181,242) 
dicmdCanvasMouseMove -point (184,242) 
dicmdCanvasMouseMove -point (187,241) 
dicmdCanvasMouseMove -point (190,241) 
dicmdCanvasMouseMove -point (192,241) 
dicmdCanvasMouseMove -point (195,241) 
dicmdCanvasMouseMove -point (198,241) 
dicmdCanvasMouseMove -point (202,241) 
dicmdCanvasMouseMove -point (204,241) 
dicmdCanvasMouseMove -point (207,241) 
dicmdCanvasMouseMove -point (210,241) 
dicmdCanvasMouseMove -point (212,241) 
dicmdCanvasMouseMove -point (214,242) 
dicmdCanvasMouseMove -point (216,243) 
dicmdCanvasMouseMove -point (217,244) 
dicmdCanvasMouseMove -point (218,244) 
dicmdCanvasMouseMove -point (220,245) 
dicmdCanvasMouseMove -point (221,246) 
dicmdCanvasMouseMove -point (223,246) 
dicmdCanvasMouseMove -point (225,247) 
dicmdCanvasMouseMove -point (227,247) 
dicmdCanvasMouseMove -point (229,249) 
dicmdCanvasMouseMove -point (231,250) 
dicmdCanvasMouseMove -point (232,251) 
dicmdCanvasMouseMove -point (233,251) 
dicmdCanvasMouseClick -point (233,251) 
dicmdCanvasMouseClick -point (233,251) 
#o --> Out: dicmdCreateObjLine -brush 1 -color #000000 -fill 9 -points {(142,248);(233,251)} 
dicmdCanvasMouseMove -point (231,251) 
dicmdCanvasMouseMove -point (231,252) 
dicmdCanvasMouseMove -point (229,253) 
dicmdCanvasMouseMove -point (228,256) 
dicmdCanvasMouseMove -point (226,259) 
dicmdCanvasMouseMove -point (224,263) 
dicmdCanvasMouseMove -point (221,267) 
dicmdCanvasMouseMove -point (219,271) 
dicmdCanvasMouseMove -point (217,277) 
dicmdCanvasMouseMove -point (216,282) 
dicmdCanvasMouseMove -point (215,288) 
dicmdCanvasMouseMove -point (214,293) 
dicmdCanvasMouseMove -point (212,296) 
dicmdCanvasMouseMove -point (211,300) 
dicmdCanvasMouseMove -point (210,304) 
dicmdCanvasMouseMove -point (209,307) 
dicmdCanvasMouseMove -point (209,310) 
dicmdCanvasMouseMove -point (208,314) 
dicmdCanvasMouseMove -point (208,316) 
dicmdCanvasMouseMove -point (207,318) 
dicmdCanvasMouseMove -point (207,319) 
dicmdCanvasMouseMove -point (208,319) 
dicmdCanvasMouseClick -point (208,319) 
dicmdCanvasMouseClick -point (208,319) 
dicmdCanvasMouseMove -point (210,319) 
dicmdCanvasMouseMove -point (212,319) 
dicmdCanvasMouseMove -point (213,318) 
dicmdCanvasMouseMove -point (215,317) 
dicmdCanvasMouseMove -point (217,314) 
dicmdCanvasMouseMove -point (220,311) 
dicmdCanvasMouseMove -point (222,307) 
dicmdCanvasMouseMove -point (225,304) 
dicmdCanvasMouseMove -point (229,300) 
dicmdCanvasMouseMove -point (232,296) 
dicmdCanvasMouseMove -point (235,293) 
dicmdCanvasMouseMove -point (240,290) 
dicmdCanvasMouseMove -point (243,287) 
dicmdCanvasMouseMove -point (248,285) 
dicmdCanvasMouseMove -point (251,284) 
dicmdCanvasMouseMove -point (253,283) 
dicmdCanvasMouseMove -point (255,283) 
dicmdCanvasMouseMove -point (256,282) 
dicmdCanvasMouseMove -point (257,282) 
dicmdCanvasMouseClick -point (257,282) 
dicmdCanvasMouseClick -point (257,282) 
#o --> Out: dicmdCreateObjLine -brush 1 -color #000000 -fill 9 -points {(208,319);(257,282)} 
dicmdCanvasMouseMove -point (259,282) 
dicmdCanvasMouseMove -point (262,283) 
dicmdCanvasMouseMove -point (267,284) 
dicmdCanvasMouseMove -point (272,285) 
dicmdCanvasMouseMove -point (277,287) 
dicmdCanvasMouseMove -point (284,289) 
dicmdCanvasMouseMove -point (292,292) 
dicmdCanvasMouseMove -point (299,295) 
dicmdCanvasMouseMove -point (311,301) 
dicmdCanvasMouseMove -point (319,304) 
dicmdCanvasMouseMove -point (326,307) 
dicmdCanvasMouseMove -point (333,310) 
dicmdCanvasMouseMove -point (338,313) 
dicmdCanvasMouseMove -point (343,315) 
dicmdCanvasMouseMove -point (347,317) 
dicmdCanvasMouseMove -point (349,318) 
dicmdCanvasMouseMove -point (351,320) 
dicmdCanvasMouseMove -point (352,320) 
dicmdCanvasMouseMove -point (352,321) 
dicmdCanvasMouseMove -point (350,321) 
dicmdCanvasMouseMove -point (348,321) 
dicmdCanvasMouseMove -point (346,321) 
dicmdCanvasMouseMove -point (345,321) 
dicmdCanvasMouseMove -point (342,320) 
dicmdCanvasMouseMove -point (340,320) 
dicmdCanvasMouseMove -point (338,319) 
dicmdCanvasMouseMove -point (337,318) 
dicmdCanvasMouseMove -point (335,318) 
dicmdCanvasMouseMove -point (333,317) 
dicmdCanvasMouseMove -point (330,316) 
dicmdAbortActiveCommand 
dicmdAbortActiveCommand 
dicmdCanvasMouseMove -point (328,315) 
dicmdCanvasMouseMove -point (326,314) 
dicmdCanvasMouseMove -point (323,312) 
dicmdCanvasMouseMove -point (321,312) 
dicmdCanvasMouseMove -point (319,310) 
dicmdCanvasMouseMove -point (318,310) 
dicmdCanvasMouseMove -point (317,309) 
dicmdCanvasMouseMove -point (316,309) 
dicmdCanvasMouseMove -point (315,309) 
dicmdCanvasMouseMove -point (315,308) 
dicmdCanvasMouseMove -point (313,307) 
dicmdCanvasMouseMove -point (311,306) 
dicmdCanvasMouseMove -point (308,304) 
dicmdCanvasMouseMove -point (306,303) 
dicmdCanvasMouseMove -point (303,301) 
dicmdCanvasMouseMove -point (299,299) 
dicmdCanvasMouseMove -point (294,296) 
dicmdCanvasMouseMove -point (290,293) 
dicmdCanvasMouseMove -point (283,291) 
dicmdCanvasMouseMove -point (277,288) 
dicmdCanvasMouseMove -point (270,285) 
dicmdCanvasMouseMove -point (262,282) 
dicmdCanvasMouseMove -point (253,278) 
dicmdCanvasMouseMove -point (242,274) 
dicmdCanvasMouseMove -point (231,270) 
dicmdCanvasMouseMove -point (217,265) 
dicmdCanvasMouseMove -point (205,260) 
dicmdCanvasMouseMove -point (193,256) 
dicmdCanvasMouseMove -point (182,253) 
dicmdCanvasMouseMove -point (173,249) 
dicmdCanvasMouseMove -point (166,248) 
dicmdCanvasMouseMove -point (160,246) 
dicmdCanvasMouseMove -point (158,246) 
dicmdCanvasMouseMove -point (157,245) 
dicmdCanvasMouseMove -point (155,245) 
dicmdCanvasMouseMove -point (154,245) 
dicmdCanvasMouseMove -point (154,243) 
dicmdCanvasMouseMove -point (155,243) 
dicmdCanvasMouseMove -point (157,244) 
dicmdCanvasMouseMove -point (160,245) 
dicmdCanvasMouseMove -point (163,246) 
dicmdCanvasMouseMove -point (165,247) 
dicmdCanvasMouseMove -point (168,248) 
dicmdCanvasMouseMove -point (171,249) 
dicmdCanvasMouseMove -point (174,250) 
dicmdCanvasMouseMove -point (176,251) 
dicmdCanvasMouseMove -point (179,252) 
dicmdCanvasMouseMove -point (182,254) 
dicmdCanvasMouseMove -point (185,255) 
dicmdCanvasMouseMove -point (189,257) 
dicmdCanvasMouseMove -point (193,260) 
dicmdCanvasMouseMove -point (196,262) 
dicmdCanvasMouseMove -point (200,263) 
dicmdCanvasMouseMove -point (202,264) 
dicmdCanvasMouseMove -point (204,265) 
dicmdCanvasMouseMove -point (206,265) 
dicmdCanvasMouseMove -point (207,265) 
dicmdCanvasMouseMove -point (208,266) 
dicmdCanvasMouseMove -point (209,266) 
dicmdCanvasMouseMove -point (210,266) 
dicmdCanvasMouseMove -point (211,266) 
dicmdCanvasMouseMove -point (212,266) 
dicmdCanvasMouseMove -point (214,266) 
dicmdCanvasMouseMove -point (215,266) 
dicmdCanvasMouseMove -point (217,266) 
dicmdCanvasMouseMove -point (220,266) 
dicmdCanvasMouseMove -point (221,266) 
dicmdCanvasMouseMove -point (222,265) 
dicmdCanvasMouseMove -point (224,265) 
dicmdCanvasMouseMove -point (225,264) 
dicmdCanvasMouseMove -point (227,263) 
dicmdCanvasMouseMove -point (227,262) 
dicmdCanvasMouseMove -point (229,261) 
dicmdCanvasMouseMove -point (230,261) 
dicmdCanvasMouseMove -point (231,261) 
dicmdCanvasMouseMove -point (233,261) 
dicmdCanvasMouseMove -point (234,261) 
dicmdCanvasMouseMove -point (237,261) 
dicmdCanvasMouseMove -point (240,261) 
dicmdCanvasMouseMove -point (243,261) 
dicmdCanvasMouseMove -point (246,261) 
dicmdCanvasMouseMove -point (249,263) 
dicmdCanvasMouseMove -point (252,263) 
dicmdCanvasMouseMove -point (254,264) 
dicmdCanvasMouseMove -point (256,264) 
dicmdCanvasMouseMove -point (258,264) 
dicmdCanvasMouseMove -point (260,264) 
dicmdCanvasMouseMove -point (262,264) 
dicmdCanvasMouseMove -point (264,264) 
dicmdCanvasMouseMove -point (266,264) 
dicmdCanvasMouseMove -point (269,265) 
dicmdCanvasMouseMove -point (271,265) 
dicmdCanvasMouseMove -point (274,267) 
dicmdCanvasMouseMove -point (276,268) 
dicmdCanvasMouseMove -point (278,270) 
dicmdCanvasMouseMove -point (281,271) 
dicmdCanvasMouseMove -point (283,273) 
dicmdCanvasMouseMove -point (285,274) 
dicmdCanvasMouseMove -point (287,276) 
dicmdCanvasMouseMove -point (289,278) 
dicmdCanvasMouseMove -point (289,280) 
dicmdCanvasMouseMove -point (291,283) 
dicmdCanvasMouseMove -point (293,287) 
dicmdCanvasMouseMove -point (295,290) 
dicmdCanvasMouseMove -point (296,293) 
dicmdCanvasMouseMove -point (297,295) 
dicmdCanvasMouseMove -point (299,298) 
dicmdCanvasMouseMove -point (299,299) 
dicmdCanvasMouseMove -point (300,299) 
dicmdCanvasMouseMove -point (300,298) 
dicmdCanvasMouseMove -point (300,296) 
dicmdCanvasMouseMove -point (300,293) 
dicmdCanvasMouseMove -point (299,290) 
dicmdCanvasMouseMove -point (299,288) 
dicmdCanvasMouseMove -point (299,287) 
dicmdCanvasMouseMove -point (298,286) 
dicmdCanvasMouseMove -point (297,286) 
dicmdCanvasMouseMove -point (296,285) 
dicmdCanvasMouseMove -point (294,283) 
dicmdCanvasMouseMove -point (292,282) 
dicmdCanvasMouseMove -point (291,281) 
dicmdCanvasMouseMove -point (289,279) 
dicmdCanvasMouseMove -point (288,279) 
dicmdCanvasMouseMove -point (287,278) 
dicmdCanvasMouseMove -point (287,277) 
dicmdCanvasMouseMove -point (287,278) 
dicmdCanvasMouseMove -point (289,278) 
dicmdCanvasMouseMove -point (291,280) 
dicmdCanvasMouseMove -point (294,281) 
dicmdCanvasMouseMove -point (296,283) 
dicmdCanvasMouseMove -point (298,286) 
dicmdCanvasMouseMove -point (300,288) 
dicmdCanvasMouseMove -point (303,290) 
dicmdCanvasMouseMove -point (305,292) 
dicmdCanvasMouseMove -point (307,294) 
dicmdCanvasMouseMove -point (309,296) 
dicmdCanvasMouseMove -point (311,298) 
dicmdCanvasMouseMove -point (313,299) 
dicmdCanvasMouseMove -point (315,302) 
dicmdCanvasMouseMove -point (317,304) 
dicmdCanvasMouseMove -point (319,306) 
dicmdCanvasMouseMove -point (321,309) 
dicmdCanvasMouseMove -point (323,312) 
dicmdCanvasMouseMove -point (325,314) 
dicmdCanvasMouseMove -point (327,316) 
dicmdCanvasMouseMove -point (328,318) 
dicmdCanvasMouseMove -point (330,319) 
dicmdCanvasMouseMove -point (331,320) 
dicmdCanvasMouseMove -point (332,320) 
dicmdCanvasMouseMove -point (333,320) 
dicmdCanvasMouseMove -point (334,320) 
dicmdCanvasMouseMove -point (336,320) 
dicmdCanvasMouseMove -point (338,320) 
dicmdCanvasMouseMove -point (341,320) 
dicmdCanvasMouseMove -point (344,319) 
dicmdCanvasMouseMove -point (347,318) 
dicmdCanvasMouseMove -point (350,317) 
dicmdCanvasMouseMove -point (355,316) 
dicmdCanvasMouseMove -point (360,315) 
dicmdCanvasMouseMove -point (366,315) 
dicmdCanvasMouseMove -point (372,315) 
dicmdCanvasMouseMove -point (380,315) 
dicmdCanvasMouseMove -point (390,315) 
dicmdCanvasMouseMove -point (400,315) 
dicmdCanvasMouseMove -point (414,315) 
dicmdCanvasMouseMove -point (428,315) 
dicmdCanvasMouseMove -point (445,317) 
dicmdCanvasMouseMove -point (462,317) 
dicmdCanvasMouseMove -point (480,318) 
dicmdCanvasMouseMove -point (497,320) 
dicmdCanvasMouseMove -point (512,322) 
dicmdCanvasMouseMove -point (524,323) 
dicmdCanvasMouseMove -point (537,325) 
dicmdCanvasMouseMove -point (546,325) 
dicmdCanvasMouseMove -point (551,327) 
dicmdCanvasMouseMove -point (555,327) 
dicmdCanvasMouseMove -point (555,328) 
dicmdCanvasMouseMove -point (553,328) 
dicmdCanvasMouseMove -point (552,328) 
dicmdCanvasMouseMove -point (551,329) 
dicmdCanvasMouseMove -point (550,329) 
dicmdCanvasMouseMove -point (549,329) 
dicmdCanvasMouseMove -point (548,329) 
dicmdCanvasMouseMove -point (547,329) 
dicmdCanvasMouseMove -point (546,329) 
dicmdCanvasMouseMove -point (545,329) 
dicmdCanvasMouseMove -point (544,329) 
dicmdCanvasMouseMove -point (543,329) 
dicmdCanvasMouseMove -point (541,329) 
dicmdCanvasMouseMove -point (539,329) 
dicmdCanvasMouseMove -point (536,329) 
dicmdCanvasMouseMove -point (532,329) 
dicmdCanvasMouseMove -point (528,329) 
dicmdCanvasMouseMove -point (525,330) 
dicmdCanvasMouseMove -point (522,330) 
dicmdCanvasMouseMove -point (521,330) 
dicmdCanvasMouseMove -point (520,330) 
dicmdCanvasMouseMove -point (519,330) 
dicmdCanvasMouseMove -point (517,329) 
dicmdCanvasMouseMove -point (516,329) 
dicmdCanvasMouseMove -point (514,329) 
dicmdCanvasMouseMove -point (512,328) 
dicmdCanvasMouseMove -point (510,327) 
dicmdCanvasMouseMove -point (509,327) 
dicmdCanvasMouseMove -point (508,326) 
dicmdCanvasMouseMove -point (507,326) 
dicmdCanvasMouseMove -point (506,326) 
dicmdCanvasMouseMove -point (506,325) 
dicmdCanvasMouseMove -point (504,325) 
dicmdCanvasMouseMove -point (504,324) 
dicmdCanvasMouseMove -point (502,324) 
dicmdCanvasMouseMove -point (501,324) 
dicmdCanvasMouseMove -point (500,323) 
dicmdCanvasMouseMove -point (499,323) 
dicmdCanvasMouseMove -point (499,322) 
dicmdCanvasMouseMove -point (497,321) 
dicmdCanvasMouseMove -point (496,321) 
dicmdCanvasMouseMove -point (495,320) 
dicmdCanvasMouseMove -point (493,320) 
dicmdCanvasMouseMove -point (492,319) 
dicmdCanvasMouseMove -point (490,319) 
dicmdCanvasMouseMove -point (489,318) 
dicmdCanvasMouseMove -point (488,317) 
dicmdCanvasMouseMove -point (486,317) 
dicmdCanvasMouseMove -point (484,316) 
dicmdCanvasMouseMove -point (483,315) 
dicmdCanvasMouseMove -point (482,315) 
dicmdCanvasMouseMove -point (481,314) 
dicmdCanvasMouseMove -point (480,314) 
dicmdCanvasMouseMove -point (482,314) 
dicmdCanvasMouseMove -point (483,315) 
dicmdCanvasMouseMove -point (484,315) 
dicmdCanvasMouseMove -point (485,315) 
dicmdCanvasMouseMove -point (486,316) 
dicmdCanvasMouseMove -point (487,316) 
dicmdCanvasMouseMove -point (488,316) 
dicmdCanvasMouseMove -point (488,317) 
dicmdCanvasMouseMove -point (489,317) 
dicmdCanvasMouseMove -point (490,317) 
dicmdCanvasMouseMove -point (491,317) 
dicmdCanvasMouseMove -point (492,318) 
dicmdCanvasMouseMove -point (493,318) 
dicmdCanvasMouseMove -point (494,319) 
dicmdCanvasMouseMove -point (496,319) 
dicmdCanvasMouseMove -point (497,320) 
dicmdCanvasMouseMove -point (498,321) 
dicmdCanvasMouseMove -point (499,321) 
dicmdCanvasMouseMove -point (500,321) 
dicmdCanvasMouseMove -point (501,321) 
dicmdCanvasMouseMove -point (501,322) 
dicmdCanvasMouseMove -point (502,322) 
dicmdCanvasMouseMove -point (503,322) 
dicmdCanvasMouseMove -point (503,323) 
dicmdCanvasMouseMove -point (504,323) 
dicmdCanvasMouseMove -point (503,323) 
dicmdCanvasMouseMove -point (501,323) 
dicmdCanvasMouseMove -point (500,322) 
dicmdCanvasMouseMove -point (499,322) 
dicmdCanvasMouseMove -point (498,322) 
dicmdCanvasMouseMove -point (498,321) 
dicmdCanvasMouseMove -point (496,321) 
dicmdCanvasMouseMove -point (495,321) 
dicmdCanvasMouseMove -point (495,320) 
dicmdCanvasMouseMove -point (493,320) 
dicmdCanvasMouseMove -point (492,320) 
dicmdCanvasMouseMove -point (492,319) 
dicmdCanvasMouseMove -point (490,319) 
dicmdCanvasMouseMove -point (491,319) 
dicmdCanvasMouseMove -point (492,319) 
dicmdCanvasMouseMove -point (492,320) 
dicmdCanvasMouseMove -point (493,320) 
dicmdCanvasMouseMove -point (494,320) 
dicmdCanvasMouseMove -point (495,320) 
dicmdCanvasMouseMove -point (496,321) 
dicmdCanvasMouseMove -point (497,321) 
dicmdCanvasMouseMove -point (498,321) 
dicmdCanvasMouseMove -point (499,322) 
dicmdCanvasMouseMove -point (500,322) 
dicmdCanvasMouseMove -point (499,322) 
dicmdCanvasMouseMove -point (499,321) 
dicmdCanvasMouseMove -point (497,321) 
dicmdCanvasMouseMove -point (497,320) 
dicmdCanvasMouseMove -point (495,320) 
dicmdCanvasMouseMove -point (495,319) 
dicmdCanvasMouseMove -point (496,319) 
dicmdCanvasMouseMove -point (496,320) 
dicmdCanvasMouseMove -point (497,320) 
dicmdCanvasMouseMove -point (498,320) 
dicmdQaCompareRuntime 
#t --> Test: comparision->Runtime:PASS Runtime_Compare_9.txt Runtime_Compare_9.txt.golden
dicmdCanvasMouseMove -point (497,320) 
dicmdCanvasMouseMove -point (492,321) 
dicmdCanvasMouseMove -point (490,321) 
dicmdCanvasMouseMove -point (487,321) 
dicmdCanvasMouseMove -point (484,322) 
dicmdCanvasMouseMove -point (480,322) 
dicmdCanvasMouseMove -point (475,322) 
dicmdCanvasMouseMove -point (471,323) 
dicmdCanvasMouseMove -point (466,324) 
dicmdCanvasMouseMove -point (461,324) 
dicmdCanvasMouseMove -point (457,325) 
dicmdCanvasMouseMove -point (452,325) 
dicmdCanvasMouseMove -point (449,326) 
dicmdCanvasMouseMove -point (445,326) 
dicmdCanvasMouseMove -point (443,326) 
dicmdCanvasMouseMove -point (441,327) 
dicmdCanvasMouseMove -point (438,327) 
dicmdCanvasMouseMove -point (436,327) 
dicmdCanvasMouseMove -point (431,327) 
dicmdCanvasMouseMove -point (428,328) 
dicmdCanvasMouseMove -point (425,328) 
dicmdCanvasMouseMove -point (423,328) 
dicmdCanvasMouseMove -point (421,328) 
dicmdCanvasMouseMove -point (420,328) 
dicmdCanvasMouseMove -point (419,328) 
dicmdCanvasMouseMove -point (422,328) 
dicmdCanvasMouseMove -point (423,329) 
dicmdCanvasMouseMove -point (425,329) 
dicmdCanvasMouseMove -point (427,329) 
dicmdCanvasMouseMove -point (430,329) 
dicmdCanvasMouseMove -point (432,329) 
dicmdCanvasMouseMove -point (434,329) 
dicmdCanvasMouseMove -point (436,329) 
dicmdCanvasMouseMove -point (437,328) 
dicmdCanvasMouseMove -point (438,327) 
dicmdCanvasMouseMove -point (440,327) 
dicmdCanvasMouseMove -point (441,326) 
dicmdCanvasMouseMove -point (443,326) 
dicmdCanvasMouseMove -point (444,326) 
dicmdCanvasMouseMove -point (445,326) 
dicmdCanvasMouseMove -point (446,326) 
dicmdCanvasMouseMove -point (447,326) 
dicmdCanvasMouseMove -point (448,326) 
dicmdCanvasMouseMove -point (449,325) 
dicmdCanvasMouseMove -point (450,324) 
dicmdCanvasMouseMove -point (451,324) 
dicmdCanvasMouseMove -point (451,323) 
dicmdCanvasMouseMove -point (450,323) 
dicmdCanvasMouseMove -point (450,321) 
dicmdCanvasMouseMove -point (452,320) 
dicmdCanvasMouseMove -point (453,319) 
dicmdCanvasMouseMove -point (455,317) 
dicmdCanvasMouseMove -point (458,316) 
dicmdCanvasMouseMove -point (461,314) 
dicmdCanvasMouseMove -point (465,312) 
dicmdCanvasMouseMove -point (469,310) 
dicmdCanvasMouseMove -point (473,308) 
dicmdCanvasMouseMove -point (477,305) 
dicmdCanvasMouseMove -point (482,302) 
dicmdCanvasMouseMove -point (487,300) 
dicmdCanvasMouseMove -point (490,298) 
dicmdCanvasMouseMove -point (493,297) 
dicmdCanvasMouseMove -point (494,296) 
dicmdCanvasMouseMove -point (496,296) 
dicmdCanvasMouseMove -point (497,295) 
dicmdCanvasMouseMove -point (498,295) 
dicmdCanvasMouseMove -point (499,294) 
dicmdCanvasMouseMove -point (501,293) 
dicmdCanvasMouseMove -point (503,291) 
dicmdCanvasMouseMove -point (506,288) 
dicmdCanvasMouseMove -point (510,286) 
dicmdCanvasMouseMove -point (513,283) 
dicmdCanvasMouseMove -point (516,281) 
dicmdCanvasMouseMove -point (518,278) 
dicmdCanvasMouseMove -point (520,276) 
dicmdCanvasMouseMove -point (521,275) 
dicmdCanvasMouseMove -point (522,273) 
dicmdCanvasMouseMove -point (522,272) 
dicmdCanvasMouseMove -point (523,271) 
dicmdCanvasMouseMove -point (524,270) 
dicmdCanvasMouseMove -point (525,268) 
dicmdCanvasMouseMove -point (526,266) 
dicmdCanvasMouseMove -point (528,264) 
dicmdCanvasMouseMove -point (531,261) 
dicmdCanvasMouseMove -point (534,259) 
dicmdCanvasMouseMove -point (537,256) 
dicmdCanvasMouseMove -point (541,253) 
dicmdCanvasMouseMove -point (544,250) 
dicmdCanvasMouseMove -point (548,247) 
dicmdCanvasMouseMove -point (551,244) 
dicmdCanvasMouseMove -point (555,241) 
dicmdCanvasMouseMove -point (557,237) 
dicmdCanvasMouseMove -point (560,235) 
dicmdCanvasMouseMove -point (562,232) 
dicmdCanvasMouseMove -point (563,230) 
dicmdCanvasMouseMove -point (565,228) 
dicmdCanvasMouseMove -point (565,226) 
dicmdCanvasMouseMove -point (566,224) 
dicmdCanvasMouseMove -point (568,223) 
dicmdCanvasMouseMove -point (569,221) 
dicmdCanvasMouseMove -point (572,218) 
dicmdCanvasMouseMove -point (574,215) 
dicmdCanvasMouseMove -point (577,213) 
dicmdCanvasMouseMove -point (579,210) 
dicmdCanvasMouseMove -point (581,207) 
dicmdCanvasMouseMove -point (584,205) 
dicmdCanvasMouseMove -point (584,204) 
dicmdCanvasMouseMove -point (585,202) 
dicmdCanvasMouseMove -point (585,201) 
dicmdCanvasMouseMove -point (586,200) 
dicmdCanvasMouseMove -point (587,199) 
dicmdCanvasMouseMove -point (588,197) 
dicmdCanvasMouseMove -point (590,196) 
dicmdCanvasMouseMove -point (592,193) 
dicmdCanvasMouseMove -point (594,192) 
dicmdCanvasMouseMove -point (596,190) 
dicmdCanvasMouseMove -point (598,189) 
dicmdCanvasMouseMove -point (599,188) 
dicmdCanvasMouseMove -point (600,187) 
dicmdCanvasMouseMove -point (601,187) 
dicmdCanvasMouseMove -point (602,186) 
dicmdCanvasMouseMove -point (602,183) 
dicmdCanvasMouseMove -point (603,183) 
dicmdCanvasMouseMove -point (604,181) 
dicmdCanvasMouseMove -point (606,181) 
dicmdCanvasMouseMove -point (607,179) 
dicmdCanvasMouseMove -point (608,178) 
dicmdCanvasMouseMove -point (609,177) 
dicmdCanvasMouseMove -point (610,177) 
dicmdCanvasMouseMove -point (611,177) 
dicmdCanvasMouseMove -point (612,177) 
dicmdCanvasMouseMove -point (613,178) 
dicmdCanvasMouseMove -point (611,180) 
dicmdCanvasMouseMove -point (610,182) 
dicmdCanvasMouseMove -point (609,183) 
dicmdCanvasMouseMove -point (609,185) 
dicmdCanvasMouseMove -point (609,186) 
dicmdCanvasMouseMove -point (609,187) 
dicmdCanvasMouseMove -point (609,188) 
dicmdCanvasMouseMove -point (609,189) 
dicmdCanvasMouseMove -point (609,190) 
dicmdCanvasMouseMove -point (609,191) 
dicmdCanvasMouseMove -point (610,191) 
dicmdCanvasMouseMove -point (611,191) 
dicmdCanvasMouseMove -point (612,191) 
dicmdCanvasMouseMove -point (613,190) 
dicmdCanvasMouseMove -point (614,189) 
dicmdCanvasMouseMove -point (616,189) 
dicmdCanvasMouseMove -point (616,188) 
dicmdCanvasMouseMove -point (617,187) 
dicmdCanvasMouseMove -point (617,186) 
dicmdCanvasMouseMove -point (617,185) 
dicmdCanvasMouseMove -point (618,185) 
dicmdCanvasMouseMove -point (618,184) 
dicmdCanvasMouseMove -point (618,183) 
dicmdCanvasMouseMove -point (617,182) 
dicmdCanvasMouseMove -point (616,181) 
dicmdCanvasMouseMove -point (615,181) 
dicmdCanvasMouseMove -point (614,181) 
dicmdCanvasMouseMove -point (614,180) 
dicmdCanvasMouseMove -point (612,180) 
dicmdCanvasMouseMove -point (612,179) 
dicmdCanvasMouseMove -point (610,179) 
dicmdCanvasMouseMove -point (609,178) 
dicmdCanvasMouseMove -point (608,178) 
dicmdCanvasMouseMove -point (608,177) 
dicmdCanvasMouseMove -point (609,177) 
dicmdCanvasMouseMove -point (611,178) 
dicmdCanvasMouseMove -point (612,178) 
dicmdCanvasMouseMove -point (613,178) 
dicmdCanvasMouseMove -point (614,179) 
dicmdCanvasMouseMove -point (615,180) 
dicmdCanvasMouseMove -point (617,180) 
dicmdCanvasMouseMove -point (617,181) 
dicmdCanvasMouseMove -point (618,182) 
dicmdCanvasMouseMove -point (619,182) 
dicmdCanvasMouseMove -point (620,182) 
dicmdCanvasMouseMove -point (620,183) 
dicmdCanvasMouseMove -point (621,183) 
dicmdCanvasMouseMove -point (622,184) 
dicmdCanvasMouseMove -point (623,184) 
dicmdCanvasMouseMove -point (624,184) 
dicmdCanvasMouseMove -point (624,185) 
dicmdCanvasMouseMove -point (625,186) 
dicmdCanvasMouseMove -point (626,186) 
dicmdCanvasMouseMove -point (627,187) 
dicmdCanvasMouseMove -point (627,188) 
dicmdCanvasMouseMove -point (627,189) 
dicmdCanvasMouseMove -point (628,190) 
dicmdCanvasMouseMove -point (629,190) 
dicmdCanvasMouseMove -point (629,191) 
dicmdCanvasMouseMove -point (630,191) 
dicmdCanvasMouseMove -point (630,192) 
dicmdCanvasMouseMove -point (631,193) 
dicmdCanvasMouseMove -point (632,193) 
dicmdCanvasMouseMove -point (633,196) 
dicmdCanvasMouseMove -point (633,197) 
dicmdCanvasMouseMove -point (636,200) 
dicmdCanvasMouseMove -point (637,202) 
dicmdCanvasMouseMove -point (638,204) 
dicmdCanvasMouseMove -point (639,205) 
dicmdCanvasMouseMove -point (640,206) 
dicmdCanvasMouseMove -point (638,206) 
dicmdCanvasMouseMove -point (638,205) 
dicmdCanvasMouseMove -point (637,204) 
dicmdCanvasMouseMove -point (636,203) 
dicmdCanvasMouseMove -point (636,202) 
dicmdCanvasMouseMove -point (636,201) 
dicmdCanvasMouseMove -point (636,200) 
dicmdCanvasMouseMove -point (635,198) 
dicmdCanvasMouseMove -point (634,197) 
dicmdCanvasMouseMove -point (632,195) 
dicmdCanvasMouseMove -point (631,193) 
dicmdCanvasMouseMove -point (629,191) 
dicmdCanvasMouseMove -point (628,188) 
dicmdCanvasMouseMove -point (626,187) 
dicmdCanvasMouseMove -point (625,184) 
dicmdCanvasMouseMove -point (623,182) 
dicmdCanvasMouseMove -point (621,179) 
dicmdCanvasMouseMove -point (619,176) 
dicmdCanvasMouseMove -point (617,174) 
dicmdCanvasMouseMove -point (616,172) 
dicmdCanvasMouseMove -point (616,171) 
dicmdCanvasMouseMove -point (615,170) 
dicmdCanvasMouseMove -point (614,169) 
dicmdCanvasMouseMove -point (613,168) 
dicmdCanvasMouseMove -point (613,167) 
dicmdCanvasMouseMove -point (612,166) 
dicmdCanvasMouseMove -point (611,165) 
dicmdCanvasMouseMove -point (611,164) 
dicmdCanvasMouseMove -point (611,163) 
dicmdCanvasMouseMove -point (610,163) 
dicmdCanvasMouseMove -point (610,164) 
dicmdCanvasMouseMove -point (609,164) 
dicmdCanvasMouseMove -point (609,165) 
dicmdCanvasMouseMove -point (607,166) 
dicmdCanvasMouseMove -point (605,167) 
dicmdCanvasMouseMove -point (604,168) 
dicmdCanvasMouseMove -point (603,169) 
dicmdCanvasMouseMove -point (601,169) 
dicmdCanvasMouseMove -point (599,169) 
dicmdCanvasMouseMove -point (596,169) 
dicmdCanvasMouseMove -point (594,169) 
dicmdCanvasMouseMove -point (591,169) 
dicmdCanvasMouseMove -point (589,169) 
dicmdCanvasMouseMove -point (588,168) 
dicmdCanvasMouseMove -point (587,167) 
dicmdCanvasMouseMove -point (586,167) 
dicmdCanvasMouseMove -point (585,167) 
dicmdCanvasMouseMove -point (583,166) 
dicmdCanvasMouseMove -point (581,165) 
dicmdCanvasMouseMove -point (578,163) 
dicmdCanvasMouseMove -point (575,162) 
dicmdCanvasMouseMove -point (574,160) 
dicmdCanvasMouseMove -point (572,159) 
dicmdCanvasMouseMove -point (571,158) 
dicmdCanvasMouseMove -point (569,157) 
dicmdCanvasMouseMove -point (567,156) 
dicmdCanvasMouseMove -point (565,153) 
dicmdCanvasMouseMove -point (562,150) 
dicmdCanvasMouseMove -point (559,146) 
dicmdCanvasMouseMove -point (556,144) 
dicmdCanvasMouseMove -point (556,142) 
dicmdCanvasMouseMove -point (555,141) 
dicmdCanvasMouseMove -point (555,140) 
dicmdCanvasMouseMove -point (556,140) 
dicmdCanvasMouseMove -point (556,141) 
dicmdCanvasMouseMove -point (558,141) 
dicmdCanvasMouseMove -point (559,142) 
dicmdCanvasMouseMove -point (560,142) 
dicmdCanvasMouseMove -point (561,142) 
dicmdCanvasMouseMove -point (562,142) 
dicmdCanvasMouseMove -point (563,143) 
dicmdCanvasMouseMove -point (564,143) 
dicmdCanvasMouseMove -point (565,143) 
dicmdCanvasMouseMove -point (566,143) 
dicmdCanvasMouseMove -point (566,144) 
dicmdCanvasMouseMove -point (567,144) 
dicmdCanvasMouseMove -point (569,144) 
dicmdCanvasMouseMove -point (572,144) 
dicmdCanvasMouseMove -point (575,144) 
dicmdCanvasMouseMove -point (578,144) 
dicmdCanvasMouseMove -point (582,144) 
dicmdCanvasMouseMove -point (585,144) 
dicmdCanvasMouseMove -point (588,144) 
dicmdCanvasMouseMove -point (590,145) 
dicmdCanvasMouseMove -point (591,145) 
dicmdCanvasMouseMove -point (592,145) 
dicmdCanvasMouseMove -point (593,146) 
dicmdCanvasMouseMove -point (594,146) 
dicmdCanvasMouseMove -point (597,148) 
dicmdCanvasMouseMove -point (598,149) 
dicmdCanvasMouseMove -point (600,150) 
dicmdCanvasMouseMove -point (602,150) 
dicmdCanvasMouseMove -point (602,151) 
dicmdCanvasMouseMove -point (601,151) 
dicmdCanvasMouseMove -point (600,151) 
dicmdCanvasMouseMove -point (598,152) 
dicmdCanvasMouseMove -point (597,152) 
dicmdCanvasMouseMove -point (596,152) 
dicmdCanvasMouseMove -point (595,152) 
dicmdCanvasMouseMove -point (594,152) 
dicmdCanvasMouseMove -point (593,152) 
dicmdCanvasMouseMove -point (592,151) 
dicmdCanvasMouseMove -point (591,151) 
dicmdCanvasMouseMove -point (589,150) 
dicmdCanvasMouseMove -point (588,150) 
dicmdCanvasMouseMove -point (586,149) 
dicmdCanvasMouseMove -point (586,148) 
dicmdCanvasMouseMove -point (583,147) 
dicmdCanvasMouseMove -point (581,145) 
dicmdCanvasMouseMove -point (579,143) 
dicmdCanvasMouseMove -point (578,142) 
dicmdCanvasMouseMove -point (577,141) 
dicmdCanvasMouseMove -point (576,139) 
dicmdCanvasMouseMove -point (578,139) 
dicmdCanvasMouseMove -point (578,140) 
dicmdCanvasMouseMove -point (579,140) 
dicmdCanvasMouseMove -point (580,140) 
dicmdCanvasMouseMove -point (580,141) 
dicmdCanvasMouseMove -point (581,141) 
dicmdCanvasMouseMove -point (582,141) 
dicmdCanvasMouseMove -point (583,141) 
dicmdCanvasMouseMove -point (583,142) 
dicmdCanvasMouseMove -point (584,142) 
dicmdCanvasMouseMove -point (585,142) 
dicmdCanvasMouseMove -point (586,142) 
dicmdCanvasMouseMove -point (586,143) 
dicmdCanvasMouseMove -point (587,143) 
dicmdCanvasMouseMove -point (588,143) 
dicmdCanvasMouseMove -point (588,144) 
dicmdCanvasMouseMove -point (589,144) 
dicmdCanvasMouseMove -point (590,144) 
dicmdCanvasMouseMove -point (591,144) 
dicmdCanvasMouseMove -point (592,144) 
dicmdCanvasMouseMove -point (592,145) 
dicmdCanvasMouseMove -point (593,145) 
dicmdCanvasMouseMove -point (594,146) 
dicmdCanvasMouseMove -point (595,146) 
dicmdCanvasMouseMove -point (595,147) 
dicmdCanvasMouseMove -point (596,147) 
dicmdCanvasMouseMove -point (597,148) 
dicmdCanvasMouseMove -point (597,149) 
dicmdCanvasMouseMove -point (599,150) 
dicmdCanvasMouseMove -point (600,151) 
dicmdCanvasMouseMove -point (602,152) 
dicmdCanvasMouseMove -point (602,153) 
dicmdCanvasMouseMove -point (603,153) 
dicmdCanvasMouseMove -point (603,154) 
dicmdCanvasMouseMove -point (604,155) 
dicmdCanvasMouseMove -point (604,156) 
dicmdCanvasMouseMove -point (605,156) 
dicmdCanvasMouseMove -point (606,156) 
dicmdCanvasMouseMove -point (606,157) 
dicmdCanvasMouseMove -point (606,159) 
dicmdCanvasMouseMove -point (608,161) 
dicmdCanvasMouseMove -point (608,163) 
dicmdCanvasMouseMove -point (609,165) 
dicmdCanvasMouseMove -point (610,166) 
dicmdCanvasMouseMove -point (610,167) 
dicmdCanvasMouseMove -point (610,168) 
dicmdCanvasMouseMove -point (610,170) 
dicmdCanvasMouseMove -point (609,171) 
dicmdCanvasMouseMove -point (609,173) 
dicmdCanvasMouseMove -point (609,174) 
dicmdCanvasMouseMove -point (609,176) 
dicmdCanvasMouseMove -point (608,176) 
dicmdCanvasMouseMove -point (608,177) 
dicmdCanvasMouseMove -point (606,177) 
dicmdCanvasMouseMove -point (605,177) 
dicmdCanvasMouseMove -point (604,178) 
dicmdCanvasMouseMove -point (603,178) 
dicmdCanvasMouseMove -point (602,178) 
dicmdCanvasMouseMove -point (601,179) 
dicmdCanvasMouseMove -point (600,179) 
dicmdCanvasMouseMove -point (599,179) 
dicmdCanvasMouseMove -point (596,178) 
dicmdCanvasMouseMove -point (593,176) 
dicmdCanvasMouseMove -point (592,176) 
dicmdCanvasMouseMove -point (590,175) 
dicmdCanvasMouseMove -point (588,173) 
dicmdCanvasMouseMove -point (586,171) 
dicmdCanvasMouseMove -point (586,169) 
dicmdCanvasMouseMove -point (585,168) 
dicmdCanvasMouseMove -point (584,167) 
dicmdCanvasMouseMove -point (583,166) 
dicmdCanvasMouseMove -point (582,165) 
dicmdCanvasMouseMove -point (581,164) 
dicmdCanvasMouseMove -point (580,162) 
dicmdCanvasMouseMove -point (579,160) 
dicmdCanvasMouseMove -point (578,159) 
dicmdCanvasMouseMove -point (577,157) 
dicmdCanvasMouseMove -point (577,156) 
dicmdCanvasMouseMove -point (577,155) 
dicmdCanvasMouseMove -point (576,155) 
dicmdCanvasMouseMove -point (576,154) 
dicmdCanvasMouseMove -point (575,152) 
dicmdCanvasMouseMove -point (575,151) 
dicmdCanvasMouseMove -point (576,151) 
dicmdCanvasMouseMove -point (577,151) 
dicmdCanvasMouseMove -point (578,152) 
dicmdCanvasMouseMove -point (579,152) 
dicmdCanvasMouseMove -point (580,152) 
dicmdCanvasMouseMove -point (580,151) 
dicmdCanvasMouseMove -point (579,151) 
dicmdCanvasMouseMove -point (579,150) 
dicmdCanvasMouseMove -point (578,150) 
dicmdCanvasMouseMove -point (580,151) 
dicmdCanvasMouseMove -point (581,152) 
dicmdCanvasMouseMove -point (582,152) 
dicmdCanvasMouseMove -point (583,153) 
dicmdCanvasMouseMove -point (584,153) 
dicmdCanvasMouseMove -point (584,154) 
dicmdCanvasMouseMove -point (585,154) 
dicmdCanvasMouseMove -point (586,154) 
dicmdCanvasMouseMove -point (586,155) 
dicmdCanvasMouseMove -point (585,155) 
dicmdCanvasMouseMove -point (583,155) 
dicmdCanvasMouseMove -point (581,155) 
dicmdCanvasMouseMove -point (580,155) 
dicmdCanvasMouseMove -point (580,156) 
dicmdCanvasMouseMove -point (578,156) 
dicmdCanvasMouseMove -point (577,156) 
dicmdCanvasMouseMove -point (576,156) 
dicmdCanvasMouseMove -point (575,156) 
dicmdCanvasMouseMove -point (574,156) 
dicmdCanvasMouseMove -point (575,156) 
dicmdCanvasMouseMove -point (576,157) 
dicmdCanvasMouseMove -point (577,158) 
dicmdCanvasMouseMove -point (577,159) 
dicmdCanvasMouseMove -point (578,159) 
dicmdCanvasMouseMove -point (579,160) 
dicmdCanvasMouseMove -point (581,161) 
dicmdCanvasMouseMove -point (582,161) 
dicmdCanvasMouseMove -point (584,162) 
dicmdCanvasMouseMove -point (585,162) 
dicmdCanvasMouseMove -point (585,163) 
dicmdCanvasMouseMove -point (586,163) 
dicmdCanvasMouseMove -point (587,163) 
dicmdCanvasMouseMove -point (588,163) 
dicmdCanvasMouseMove -point (589,164) 
dicmdCanvasMouseMove -point (590,164) 
dicmdCanvasMouseMove -point (591,164) 
dicmdCanvasMouseMove -point (592,165) 
dicmdCanvasMouseMove -point (593,165) 
dicmdCanvasMouseMove -point (592,165) 
dicmdCanvasMouseMove -point (592,164) 
dicmdCanvasMouseMove -point (591,164) 
dicmdCanvasMouseMove -point (591,165) 
dicmdCanvasMouseMove -point (591,166) 
dicmdCanvasMouseMove -point (591,167) 
dicmdCanvasMouseMove -point (591,168) 
dicmdCanvasMouseMove -point (591,169) 
dicmdCanvasMouseMove -point (591,170) 
dicmdCanvasMouseMove -point (591,171) 
dicmdCanvasMouseMove -point (591,172) 
dicmdCanvasMouseMove -point (591,173) 
dicmdCanvasMouseMove -point (592,173) 
dicmdCanvasMouseMove -point (592,174) 
dicmdCanvasMouseMove -point (593,176) 
dicmdCanvasMouseMove -point (594,176) 
dicmdCanvasMouseMove -point (595,177) 
dicmdCanvasMouseMove -point (596,177) 
dicmdCanvasMouseMove -point (597,177) 
dicmdCanvasMouseMove -point (598,177) 
dicmdCanvasMouseMove -point (598,176) 
dicmdCanvasMouseMove -point (599,176) 
dicmdCanvasMouseMove -point (599,174) 
dicmdCanvasMouseMove -point (599,172) 
dicmdCanvasMouseMove -point (600,171) 
dicmdCanvasMouseMove -point (600,168) 
dicmdCanvasMouseMove -point (600,167) 
dicmdCanvasMouseMove -point (599,166) 
dicmdCanvasMouseMove -point (599,165) 
dicmdCanvasMouseMove -point (598,164) 
dicmdCanvasMouseMove -point (598,162) 
dicmdCanvasMouseMove -point (598,160) 
dicmdCanvasMouseMove -point (598,158) 
dicmdCanvasMouseMove -point (598,157) 
dicmdCanvasMouseMove -point (598,156) 
dicmdCanvasMouseMove -point (597,154) 
dicmdCanvasMouseMove -point (597,153) 
dicmdCanvasMouseMove -point (597,152) 
dicmdCanvasMouseMove -point (597,150) 
dicmdCanvasMouseMove -point (596,149) 
dicmdCanvasMouseMove -point (596,148) 
dicmdCanvasMouseMove -point (596,147) 
dicmdCanvasMouseMove -point (596,146) 
dicmdCanvasMouseMove -point (596,145) 
dicmdCanvasMouseMove -point (596,144) 
dicmdCanvasMouseMove -point (596,143) 
dicmdCanvasMouseMove -point (596,142) 
dicmdCanvasMouseMove -point (596,141) 
dicmdCanvasMouseMove -point (596,140) 
dicmdCanvasMouseMove -point (597,139) 
dicmdCanvasMouseMove -point (597,138) 
dicmdCanvasMouseMove -point (597,137) 
dicmdCanvasMouseMove -point (598,137) 
dicmdCanvasMouseMove -point (599,137) 
dicmdCanvasMouseMove -point (600,137) 
dicmdCanvasMouseMove -point (600,136) 
dicmdCanvasMouseMove -point (601,136) 
dicmdCanvasMouseMove -point (603,136) 
dicmdCanvasMouseMove -point (603,135) 
dicmdCanvasMouseMove -point (604,135) 
dicmdCanvasMouseMove -point (605,135) 
dicmdCanvasMouseMove -point (606,135) 
dicmdCanvasMouseMove -point (607,134) 
dicmdCanvasMouseMove -point (608,134) 
dicmdCanvasMouseMove -point (609,133) 
dicmdCanvasMouseMove -point (610,133) 
dicmdCanvasMouseMove -point (611,133) 
dicmdCanvasMouseMove -point (609,134) 
dicmdCanvasMouseMove -point (607,134) 
dicmdCanvasMouseMove -point (605,135) 
dicmdCanvasMouseMove -point (603,137) 
dicmdCanvasMouseMove -point (601,137) 
dicmdCanvasMouseMove -point (599,138) 
dicmdCanvasMouseMove -point (596,139) 
dicmdCanvasMouseMove -point (595,140) 
dicmdCanvasMouseMove -point (593,140) 
dicmdCanvasMouseMove -point (591,141) 
dicmdCanvasMouseMove -point (588,142) 
dicmdCanvasMouseMove -point (585,143) 
dicmdCanvasMouseMove -point (581,143) 
dicmdCanvasMouseMove -point (577,143) 
dicmdCanvasMouseMove -point (573,144) 
dicmdCanvasMouseMove -point (571,144) 
dicmdCanvasMouseMove -point (571,145) 
dicmdCanvasMouseMove -point (572,145) 
dicmdCanvasMouseMove -point (572,146) 
dicmdCanvasMouseMove -point (572,147) 
dicmdCanvasMouseMove -point (572,148) 
dicmdCanvasMouseMove -point (572,150) 
dicmdCanvasMouseMove -point (572,151) 
dicmdCanvasMouseMove -point (573,152) 
dicmdCanvasMouseMove -point (574,153) 
dicmdCanvasMouseMove -point (575,154) 
dicmdCanvasMouseMove -point (576,155) 
dicmdCanvasMouseMove -point (576,156) 
dicmdCanvasMouseMove -point (577,158) 
dicmdCanvasMouseMove -point (578,159) 
dicmdCanvasMouseMove -point (578,161) 
dicmdCanvasMouseMove -point (579,162) 
dicmdCanvasMouseMove -point (580,164) 
dicmdCanvasMouseMove -point (580,166) 
dicmdCanvasMouseMove -point (581,167) 
dicmdCanvasMouseMove -point (582,169) 
dicmdCanvasMouseMove -point (583,171) 
dicmdCanvasMouseMove -point (584,172) 
dicmdCanvasMouseMove -point (585,174) 
dicmdCanvasMouseMove -point (586,175) 
dicmdCanvasMouseMove -point (587,175) 
dicmdCanvasMouseMove -point (587,176) 
dicmdCanvasMouseMove -point (588,178) 
dicmdCanvasMouseMove -point (589,180) 
dicmdCanvasMouseMove -point (590,181) 
dicmdCanvasMouseMove -point (591,183) 
dicmdCanvasMouseMove -point (591,185) 
dicmdCanvasMouseMove -point (592,186) 
dicmdCanvasMouseMove -point (592,188) 
dicmdCanvasMouseMove -point (592,189) 
dicmdCanvasMouseMove -point (593,189) 
dicmdCanvasMouseMove -point (593,188) 
dicmdCanvasMouseMove -point (593,187) 
dicmdCanvasMouseMove -point (594,187) 
dicmdCanvasMouseMove -point (594,186) 
dicmdCanvasMouseMove -point (594,185) 
dicmdCanvasMouseMove -point (594,183) 
dicmdCanvasMouseMove -point (595,182) 
dicmdCanvasMouseMove -point (595,180) 
dicmdCanvasMouseMove -point (596,178) 
dicmdCanvasMouseMove -point (596,177) 
dicmdCanvasMouseMove -point (596,175) 
dicmdCanvasMouseMove -point (596,174) 
dicmdCanvasMouseMove -point (596,173) 
dicmdCanvasMouseMove -point (596,171) 
dicmdCanvasMouseMove -point (596,170) 
dicmdCanvasMouseMove -point (596,168) 
dicmdCanvasMouseMove -point (595,167) 
dicmdCanvasMouseMove -point (594,165) 
dicmdCanvasMouseMove -point (594,163) 
dicmdCanvasMouseMove -point (594,162) 
dicmdCanvasMouseMove -point (594,161) 
dicmdCanvasMouseMove -point (594,160) 
dicmdCanvasMouseMove -point (594,159) 
dicmdCanvasMouseMove -point (594,158) 
dicmdCanvasMouseMove -point (594,156) 
dicmdCanvasMouseMove -point (594,153) 
dicmdCanvasMouseMove -point (594,151) 
dicmdCanvasMouseMove -point (594,149) 
dicmdCanvasMouseMove -point (594,148) 
dicmdCanvasMouseMove -point (594,147) 
dicmdCanvasMouseMove -point (595,146) 
dicmdCanvasMouseMove -point (595,145) 
dicmdCanvasMouseMove -point (595,144) 
dicmdCanvasMouseMove -point (595,143) 
dicmdCanvasMouseMove -point (596,143) 
dicmdCanvasMouseMove -point (596,142) 
dicmdCanvasMouseMove -point (596,140) 
dicmdCanvasMouseMove -point (596,139) 
dicmdCanvasMouseMove -point (596,138) 
dicmdCanvasMouseMove -point (596,137) 
dicmdCanvasMouseMove -point (596,136) 
dicmdCanvasMouseMove -point (596,135) 
dicmdCanvasMouseMove -point (597,135) 
dicmdCanvasMouseMove -point (597,134) 
dicmdCanvasMouseMove -point (598,133) 
dicmdCanvasMouseMove -point (599,133) 
dicmdCanvasMouseMove -point (599,132) 
dicmdCanvasMouseMove -point (600,131) 
dicmdCanvasMouseMove -point (601,130) 
dicmdCanvasMouseMove -point (603,129) 
dicmdCanvasMouseMove -point (604,129) 
dicmdCanvasMouseMove -point (604,127) 
dicmdCanvasMouseMove -point (605,127) 
dicmdCanvasMouseMove -point (606,127) 
dicmdCanvasMouseMove -point (606,126) 
dicmdCanvasMouseMove -point (607,126) 
dicmdCanvasMouseMove -point (608,127) 
dicmdCanvasMouseMove -point (610,127) 
dicmdCanvasMouseMove -point (611,128) 
dicmdCanvasMouseMove -point (612,128) 
dicmdCanvasMouseMove -point (613,129) 
dicmdCanvasMouseMove -point (614,130) 
dicmdCanvasMouseMove -point (615,131) 
dicmdCanvasMouseMove -point (616,133) 
dicmdCanvasMouseMove -point (618,134) 
dicmdCanvasMouseMove -point (619,136) 
dicmdCanvasMouseMove -point (621,139) 
dicmdCanvasMouseMove -point (623,141) 
dicmdCanvasMouseMove -point (624,143) 
dicmdCanvasMouseMove -point (626,146) 
dicmdCanvasMouseMove -point (628,148) 
dicmdCanvasMouseMove -point (629,149) 
dicmdCanvasMouseMove -point (630,150) 
dicmdCanvasMouseMove -point (631,151) 
dicmdCanvasMouseMove -point (632,152) 
dicmdCanvasMouseMove -point (633,152) 
dicmdCanvasMouseMove -point (633,153) 
dicmdCanvasMouseMove -point (634,154) 
dicmdCanvasMouseMove -point (634,155) 
dicmdCanvasMouseMove -point (635,157) 
dicmdCanvasMouseMove -point (636,158) 
dicmdCanvasMouseMove -point (636,159) 
dicmdCanvasMouseMove -point (636,160) 
dicmdCanvasMouseMove -point (637,160) 
dicmdCanvasMouseMove -point (637,161) 
dicmdCanvasMouseMove -point (637,162) 
dicmdCanvasMouseMove -point (638,164) 
dicmdCanvasMouseMove -point (639,165) 
dicmdCanvasMouseMove -point (640,167) 
dicmdCanvasMouseMove -point (641,169) 
dicmdCanvasMouseMove -point (643,172) 
dicmdCanvasMouseMove -point (644,174) 
dicmdCanvasMouseMove -point (646,176) 
dicmdCanvasMouseMove -point (646,178) 
dicmdCanvasMouseMove -point (648,180) 
dicmdCanvasMouseMove -point (648,181) 
dicmdCanvasMouseMove -point (649,182) 
dicmdCanvasMouseMove -point (651,184) 
dicmdCanvasMouseMove -point (652,185) 
dicmdCanvasMouseMove -point (653,186) 
dicmdCanvasMouseMove -point (654,187) 
dicmdCanvasMouseMove -point (655,188) 
dicmdCanvasMouseMove -point (656,190) 
dicmdCanvasMouseMove -point (657,191) 
dicmdCanvasMouseMove -point (658,192) 
dicmdCanvasMouseMove -point (660,193) 
dicmdCanvasMouseMove -point (661,195) 
dicmdCanvasMouseMove -point (662,197) 
dicmdCanvasMouseMove -point (664,199) 
dicmdCanvasMouseMove -point (667,201) 
dicmdCanvasMouseMove -point (668,202) 
dicmdCanvasMouseMove -point (671,203) 
dicmdCanvasMouseMove -point (673,205) 
dicmdCanvasMouseMove -point (675,205) 
dicmdCanvasMouseMove -point (677,206) 
dicmdCanvasMouseMove -point (679,207) 
dicmdCanvasMouseMove -point (681,207) 
dicmdCanvasMouseMove -point (683,207) 
dicmdCanvasMouseMove -point (686,208) 
dicmdCanvasMouseMove -point (688,209) 
dicmdCanvasMouseMove -point (690,209) 
dicmdCanvasMouseMove -point (692,209) 
dicmdCanvasMouseMove -point (695,209) 
dicmdCanvasMouseMove -point (697,210) 
dicmdCanvasMouseMove -point (699,210) 
dicmdCanvasMouseMove -point (701,210) 
dicmdCanvasMouseMove -point (703,211) 
dicmdCanvasMouseMove -point (705,211) 
dicmdCanvasMouseMove -point (707,211) 
dicmdCanvasMouseMove -point (709,211) 
dicmdCanvasMouseMove -point (711,211) 
dicmdCanvasMouseMove -point (713,212) 
dicmdCanvasMouseMove -point (715,212) 
dicmdCanvasMouseMove -point (716,212) 
dicmdCanvasMouseMove -point (718,212) 
dicmdCanvasMouseMove -point (720,212) 
dicmdCanvasMouseMove -point (722,212) 
dicmdCanvasMouseMove -point (725,212) 
dicmdCanvasMouseMove -point (728,212) 
dicmdCanvasMouseMove -point (732,212) 
dicmdCanvasMouseMove -point (736,214) 
dicmdCanvasMouseMove -point (740,214) 
dicmdCanvasMouseMove -point (743,214) 
dicmdCanvasMouseMove -point (746,215) 
dicmdCanvasMouseMove -point (750,216) 
dicmdCanvasMouseMove -point (752,216) 
dicmdCanvasMouseMove -point (756,218) 
dicmdCanvasMouseMove -point (757,218) 
dicmdCanvasMouseMove -point (759,219) 
dicmdCanvasMouseMove -point (760,219) 
dicmdCanvasMouseMove -point (760,220) 
dicmdCanvasMouseMove -point (760,221) 
dicmdQaCompareRuntime 
#t --> Test: comparision->Runtime:PASS Runtime_Compare_10.txt Runtime_Compare_10.txt.golden
dicmdCanvasMouseMove -point (759,221) 
dicmdCanvasMouseMove -point (756,221) 
dicmdCanvasMouseMove -point (754,221) 
dicmdCanvasMouseMove -point (753,222) 
dicmdCanvasMouseMove -point (751,224) 
dicmdCanvasMouseMove -point (747,224) 
dicmdCanvasMouseMove -point (744,224) 
dicmdCanvasMouseMove -point (740,224) 
dicmdCanvasMouseMove -point (737,225) 
dicmdCanvasMouseMove -point (731,225) 
dicmdCanvasMouseMove -point (728,225) 
dicmdCanvasMouseMove -point (725,226) 
dicmdCanvasMouseMove -point (721,226) 
dicmdCanvasMouseMove -point (718,227) 
dicmdCanvasMouseMove -point (714,227) 
dicmdCanvasMouseMove -point (709,228) 
dicmdCanvasMouseMove -point (704,228) 
dicmdCanvasMouseMove -point (701,228) 
dicmdCanvasMouseMove -point (696,228) 
dicmdCanvasMouseMove -point (693,228) 
dicmdCanvasMouseMove -point (690,228) 
dicmdCanvasMouseMove -point (688,228) 
dicmdCanvasMouseMove -point (686,228) 
dicmdCanvasMouseMove -point (685,228) 
dicmdCanvasMouseMove -point (684,228) 
dicmdCanvasMouseMove -point (683,228) 
dicmdCanvasMouseMove -point (683,227) 
dicmdCanvasMouseMove -point (681,227) 
dicmdCanvasMouseMove -point (681,226) 
dicmdCanvasMouseMove -point (679,226) 
dicmdCanvasMouseMove -point (677,225) 
dicmdCanvasMouseMove -point (676,224) 
dicmdCanvasMouseMove -point (675,223) 
dicmdCanvasMouseMove -point (674,222) 
dicmdCanvasMouseMove -point (674,221) 
dicmdCanvasMouseMove -point (673,220) 
dicmdCanvasMouseMove -point (676,220) 
dicmdCanvasMouseMove -point (677,221) 
dicmdCanvasMouseMove -point (678,221) 
dicmdCanvasMouseMove -point (679,221) 
dicmdCanvasMouseMove -point (679,222) 
dicmdCanvasMouseMove -point (680,223) 
dicmdCanvasMouseMove -point (680,224) 
dicmdCanvasMouseMove -point (679,226) 
dicmdCanvasMouseMove -point (679,227) 
dicmdCanvasMouseMove -point (678,230) 
dicmdCanvasMouseMove -point (677,232) 
dicmdCanvasMouseMove -point (675,234) 
dicmdCanvasMouseMove -point (674,236) 
dicmdCanvasMouseMove -point (673,237) 
dicmdCanvasMouseMove -point (671,237) 
dicmdCanvasMouseMove -point (669,238) 
dicmdCanvasMouseMove -point (667,240) 
dicmdCanvasMouseMove -point (665,240) 
dicmdCanvasMouseMove -point (662,242) 
dicmdCanvasMouseMove -point (660,242) 
dicmdCanvasMouseMove -point (658,242) 
dicmdCanvasMouseMove -point (656,242) 
dicmdCanvasMouseMove -point (654,243) 
dicmdCanvasMouseMove -point (653,243) 
dicmdCanvasMouseMove -point (651,243) 
dicmdCanvasMouseMove -point (649,244) 
dicmdCanvasMouseMove -point (648,244) 
dicmdCanvasMouseMove -point (646,244) 
dicmdCanvasMouseMove -point (643,244) 
dicmdCanvasMouseMove -point (640,244) 
dicmdCanvasMouseMove -point (638,244) 
dicmdCanvasMouseMove -point (635,244) 
dicmdCanvasMouseMove -point (633,244) 
dicmdCanvasMouseMove -point (630,245) 
dicmdCanvasMouseMove -point (628,245) 
dicmdCanvasMouseMove -point (626,246) 
dicmdCanvasMouseMove -point (624,246) 
dicmdCanvasMouseMove -point (623,247) 
dicmdCanvasMouseMove -point (622,248) 
dicmdCanvasMouseMove -point (620,249) 
dicmdCanvasMouseMove -point (619,250) 
dicmdCanvasMouseMove -point (617,250) 
dicmdCanvasMouseMove -point (615,252) 
dicmdCanvasMouseMove -point (614,252) 
dicmdCanvasMouseMove -point (611,253) 
dicmdCanvasMouseMove -point (609,254) 
dicmdCanvasMouseMove -point (607,255) 
dicmdCanvasMouseMove -point (605,256) 
dicmdCanvasMouseMove -point (604,258) 
dicmdCanvasMouseMove -point (602,259) 
dicmdCanvasMouseMove -point (601,260) 
dicmdCanvasMouseMove -point (600,261) 
dicmdCanvasMouseMove -point (599,261) 
dicmdCanvasMouseMove -point (599,262) 
dicmdCanvasMouseMove -point (598,264) 
dicmdCanvasMouseMove -point (598,265) 
dicmdCanvasMouseMove -point (597,266) 
dicmdCanvasMouseMove -point (596,267) 
dicmdCanvasMouseMove -point (595,269) 
dicmdCanvasMouseMove -point (594,270) 
dicmdCanvasMouseMove -point (593,271) 
dicmdCanvasMouseMove -point (592,273) 
dicmdCanvasMouseMove -point (591,275) 
dicmdCanvasMouseMove -point (590,276) 
dicmdCanvasMouseMove -point (589,277) 
dicmdCanvasMouseMove -point (587,278) 
dicmdCanvasMouseMove -point (586,279) 
dicmdCanvasMouseMove -point (584,280) 
dicmdCanvasMouseMove -point (582,280) 
dicmdCanvasMouseMove -point (580,281) 
dicmdCanvasMouseMove -point (578,282) 
dicmdCanvasMouseMove -point (576,283) 
dicmdCanvasMouseMove -point (574,285) 
dicmdCanvasMouseMove -point (571,285) 
dicmdCanvasMouseMove -point (570,287) 
dicmdCanvasMouseMove -point (568,287) 
dicmdCanvasMouseMove -point (566,288) 
dicmdCanvasMouseMove -point (564,288) 
dicmdCanvasMouseMove -point (562,289) 
dicmdCanvasMouseMove -point (561,290) 
dicmdCanvasMouseMove -point (559,290) 
dicmdCanvasMouseMove -point (557,291) 
dicmdCanvasMouseMove -point (555,292) 
dicmdCanvasMouseMove -point (553,292) 
dicmdCanvasMouseMove -point (551,292) 
dicmdCanvasMouseMove -point (548,293) 
dicmdCanvasMouseMove -point (546,295) 
dicmdCanvasMouseMove -point (544,296) 
dicmdCanvasMouseMove -point (541,297) 
dicmdCanvasMouseMove -point (539,299) 
dicmdCanvasMouseMove -point (537,300) 
dicmdCanvasMouseMove -point (535,300) 
dicmdCanvasMouseMove -point (533,302) 
dicmdCanvasMouseMove -point (531,302) 
dicmdCanvasMouseMove -point (529,302) 
dicmdCanvasMouseMove -point (527,302) 
dicmdCanvasMouseMove -point (526,302) 
dicmdCanvasMouseMove -point (525,302) 
dicmdCanvasMouseMove -point (524,302) 
dicmdCanvasMouseMove -point (524,303) 
dicmdCanvasMouseMove -point (524,304) 
dicmdCanvasMouseMove -point (525,304) 
dicmdCanvasMouseMove -point (526,304) 
dicmdCanvasMouseMove -point (527,304) 
dicmdCanvasMouseMove -point (528,304) 
dicmdCanvasMouseMove -point (529,304) 
dicmdCanvasMouseMove -point (528,304) 
dicmdCanvasMouseMove -point (526,304) 
dicmdCanvasMouseMove -point (525,304) 
dicmdCanvasMouseMove -point (524,303) 
dicmdCanvasMouseMove -point (522,303) 
dicmdCanvasMouseMove -point (519,303) 
dicmdCanvasMouseMove -point (517,303) 
dicmdCanvasMouseMove -point (515,305) 
dicmdCanvasMouseMove -point (511,306) 
dicmdCanvasMouseMove -point (508,307) 
dicmdCanvasMouseMove -point (503,309) 
dicmdCanvasMouseMove -point (499,310) 
dicmdCanvasMouseMove -point (495,311) 
dicmdCanvasMouseMove -point (490,313) 
dicmdCanvasMouseMove -point (486,314) 
dicmdCanvasMouseMove -point (482,316) 
dicmdCanvasMouseMove -point (478,318) 
dicmdCanvasMouseMove -point (474,320) 
dicmdCanvasMouseMove -point (469,322) 
dicmdCanvasMouseMove -point (465,324) 
dicmdCanvasMouseMove -point (460,325) 
dicmdCanvasMouseMove -point (456,327) 
dicmdCanvasMouseMove -point (451,330) 
dicmdCanvasMouseMove -point (448,331) 
dicmdCanvasMouseMove -point (443,333) 
dicmdCanvasMouseMove -point (441,335) 
dicmdCanvasMouseMove -point (438,338) 
dicmdCanvasMouseMove -point (435,339) 
dicmdCanvasMouseMove -point (432,341) 
dicmdCanvasMouseMove -point (429,342) 
dicmdCanvasMouseMove -point (427,343) 
dicmdCanvasMouseMove -point (425,344) 
dicmdCanvasMouseMove -point (423,344) 
dicmdCanvasMouseMove -point (422,345) 
dicmdCanvasMouseMove -point (421,345) 
dicmdCanvasMouseMove -point (420,345) 
dicmdCanvasMouseMove -point (419,345) 
dicmdCanvasMouseMove -point (419,346) 
dicmdCanvasMouseMove -point (417,346) 
dicmdCanvasMouseMove -point (416,346) 
dicmdCanvasMouseMove -point (414,346) 
dicmdCanvasMouseMove -point (413,347) 
dicmdCanvasMouseMove -point (410,347) 
dicmdCanvasMouseMove -point (408,348) 
dicmdCanvasMouseMove -point (406,348) 
dicmdCanvasMouseMove -point (404,348) 
dicmdCanvasMouseMove -point (403,348) 
dicmdCanvasMouseMove -point (401,348) 
dicmdCanvasMouseMove -point (400,348) 
dicmdCanvasMouseMove -point (399,348) 
dicmdCanvasMouseMove -point (398,348) 
dicmdCanvasMouseMove -point (396,348) 
dicmdCanvasMouseMove -point (392,349) 
dicmdCanvasMouseMove -point (389,349) 
dicmdCanvasMouseMove -point (386,349) 
dicmdCanvasMouseMove -point (383,349) 
dicmdCanvasMouseMove -point (379,349) 
dicmdCanvasMouseMove -point (375,350) 
dicmdCanvasMouseMove -point (371,350) 
dicmdCanvasMouseMove -point (368,350) 
dicmdCanvasMouseMove -point (365,350) 
dicmdCanvasMouseMove -point (362,350) 
dicmdCanvasMouseMove -point (359,349) 
dicmdCanvasMouseMove -point (355,349) 
dicmdCanvasMouseMove -point (352,349) 
dicmdCanvasMouseMove -point (349,348) 
dicmdCanvasMouseMove -point (346,348) 
dicmdCanvasMouseMove -point (342,348) 
dicmdCanvasMouseMove -point (339,348) 
dicmdCanvasMouseMove -point (335,347) 
dicmdCanvasMouseMove -point (331,347) 
dicmdCanvasMouseMove -point (326,346) 
dicmdCanvasMouseMove -point (320,345) 
dicmdCanvasMouseMove -point (315,344) 
dicmdCanvasMouseMove -point (307,341) 
dicmdCanvasMouseMove -point (300,338) 
dicmdCanvasMouseMove -point (295,337) 
dicmdCanvasMouseMove -point (289,335) 
dicmdCanvasMouseMove -point (282,334) 
dicmdCanvasMouseMove -point (276,331) 
dicmdCanvasMouseMove -point (271,330) 
dicmdCanvasMouseMove -point (265,328) 
dicmdCanvasMouseMove -point (258,326) 
dicmdCanvasMouseMove -point (255,325) 
dicmdCanvasMouseMove -point (251,325) 
dicmdCanvasMouseMove -point (248,325) 
dicmdCanvasMouseMove -point (247,325) 
dicmdCanvasMouseMove -point (247,324) 
dicmdCanvasMouseMove -point (245,324) 
dicmdCanvasMouseMove -point (245,323) 
dicmdCanvasMouseMove -point (243,322) 
dicmdCanvasMouseMove -point (242,321) 
dicmdCanvasMouseMove -point (242,320) 
dicmdCanvasMouseMove -point (242,318) 
dicmdCanvasMouseMove -point (242,317) 
dicmdCanvasMouseMove -point (242,316) 
dicmdCanvasMouseMove -point (242,315) 
dicmdCanvasMouseMove -point (242,314) 
dicmdCanvasMouseMove -point (243,314) 
dicmdCanvasMouseMove -point (244,314) 
dicmdCanvasMouseMove -point (244,315) 
dicmdCanvasMouseMove -point (245,315) 
dicmdCanvasMouseMove -point (247,315) 
dicmdCanvasMouseMove -point (248,316) 
dicmdCanvasMouseMove -point (249,317) 
dicmdCanvasMouseMove -point (250,317) 
dicmdCanvasMouseMove -point (251,318) 
dicmdCanvasMouseMove -point (252,318) 
dicmdCanvasMouseMove -point (252,319) 
dicmdCanvasMouseMove -point (253,319) 
dicmdCanvasMouseMove -point (254,319) 
dicmdCanvasMouseMove -point (254,320) 
dicmdCanvasMouseMove -point (255,320) 
dicmdCanvasMouseMove -point (256,320) 
dicmdCanvasMouseMove -point (257,320) 
dicmdCanvasMouseMove -point (257,321) 
dicmdCanvasMouseMove -point (258,321) 
dicmdCanvasMouseMove -point (257,321) 
dicmdCanvasMouseMove -point (258,321) 
dicmdCanvasMouseMove -point (258,320) 
dicmdCanvasMouseMove -point (256,320) 
dicmdCanvasMouseMove -point (256,319) 
dicmdCanvasMouseMove -point (255,319) 
dicmdCanvasMouseMove -point (256,319) 
dicmdCanvasMouseMove -point (257,319) 
dicmdCanvasMouseMove -point (258,319) 
dicmdCanvasMouseMove -point (259,320) 
dicmdCanvasMouseMove -point (260,320) 
dicmdQaCompareRuntime 
#t --> Test: comparision->Runtime:PASS Runtime_Compare_11.txt Runtime_Compare_11.txt.golden
dicmdCanvasMouseMove -point (259,320) 
dicmdCanvasMouseMove -point (258,320) 
dicmdCanvasMouseMove -point (257,320) 
dicmdCanvasMouseMove -point (256,320) 
dicmdCanvasMouseMove -point (255,319) 
dicmdCanvasMouseMove -point (254,319) 
dicmdCanvasMouseMove -point (253,319) 
dicmdCanvasMouseMove -point (253,318) 
dicmdCanvasMouseMove -point (252,318) 
dicmdCanvasMouseMove -point (251,318) 
dicmdCanvasMouseMove -point (251,317) 
dicmdCanvasMouseMove -point (250,317) 
dicmdCanvasMouseMove -point (249,317) 
dicmdCanvasMouseMove -point (249,318) 
dicmdCanvasMouseMove -point (249,319) 
dicmdCanvasMouseMove -point (249,320) 
dicmdCanvasMouseMove -point (249,321) 
dicmdCanvasMouseMove -point (249,322) 
dicmdCanvasMouseMove -point (248,322) 
dicmdCanvasMouseMove -point (248,323) 
dicmdCanvasMouseMove -point (247,323) 
dicmdCanvasMouseMove -point (246,323) 
dicmdCanvasMouseMove -point (244,323) 
dicmdCanvasMouseMove -point (242,323) 
dicmdCanvasMouseMove -point (243,323) 
dicmdCanvasMouseMove -point (244,323) 
dicmdCanvasMouseMove -point (245,324) 
dicmdCanvasMouseMove -point (247,324) 
dicmdCanvasMouseMove -point (248,324) 
dicmdCanvasMouseMove -point (250,324) 
dicmdCanvasMouseMove -point (252,324) 
dicmdCanvasMouseMove -point (253,324) 
dicmdCanvasMouseMove -point (253,323) 
dicmdCanvasMouseMove -point (254,323) 
dicmdCanvasMouseMove -point (255,323) 
dicmdCanvasMouseMove -point (254,323) 
dicmdCanvasMouseMove -point (253,323) 
dicmdCanvasMouseMove -point (252,322) 
dicmdCanvasMouseMove -point (251,322) 
dicmdCanvasMouseMove -point (250,322) 
dicmdCanvasMouseMove -point (249,322) 
dicmdCanvasMouseMove -point (248,322) 
dicmdCanvasMouseMove -point (248,323) 
dicmdCanvasMouseMove -point (247,323) 
dicmdCanvasMouseMove -point (246,323) 
dicmdCanvasMouseMove -point (244,323) 
dicmdCanvasMouseMove -point (244,324) 
dicmdCanvasMouseMove -point (245,324) 
dicmdCanvasMouseMove -point (245,325) 
dicmdCanvasMouseMove -point (246,325) 
dicmdCanvasMouseMove -point (247,325) 
dicmdCanvasMouseMove -point (248,325) 
dicmdCanvasMouseMove -point (247,325) 
dicmdCanvasMouseMove -point (248,325) 
dicmdCanvasMouseMove -point (249,325) 
dicmdCanvasMouseMove -point (250,325) 
dicmdCanvasMouseMove -point (251,325) 
dicmdCanvasMouseMove -point (252,325) 
dicmdCanvasMouseMove -point (253,325) 
dicmdCanvasMouseMove -point (254,325) 
dicmdCanvasMouseMove -point (254,324) 
dicmdCanvasMouseMove -point (255,324) 
dicmdCanvasMouseMove -point (257,324) 
dicmdCanvasMouseMove -point (258,324) 
dicmdCanvasMouseMove -point (257,324) 
dicmdQaCompareRuntime 
#t --> Test: comparision->Runtime:PASS Runtime_Compare_12.txt Runtime_Compare_12.txt.golden
dicmdCanvasMouseMove -point (258,324) 
dicmdCanvasMouseMove -point (258,323) 
dicmdCanvasMouseMove -point (260,323) 
dicmdCanvasMouseMove -point (261,322) 
dicmdCanvasMouseMove -point (263,320) 
dicmdCanvasMouseMove -point (271,317) 
dicmdCanvasMouseMove -point (283,311) 
dicmdCanvasMouseMove -point (298,305) 
dicmdCanvasMouseMove -point (317,295) 
dicmdCanvasMouseMove -point (334,284) 
dicmdCanvasMouseMove -point (356,272) 
dicmdCanvasMouseMove -point (375,262) 
dicmdCanvasMouseMove -point (400,246) 
dicmdCanvasMouseMove -point (429,225) 
dicmdCanvasMouseMove -point (471,195) 
dicmdCanvasMouseMove -point (513,173) 
dicmdCanvasMouseMove -point (561,151) 
dicmdCanvasMouseMove -point (609,131) 
dicmdCanvasMouseMove -point (659,113) 
dicmdCanvasMouseMove -point (709,95) 
dicmdCanvasMouseMove -point (759,79) 
dicmdCanvasMouseMove -point (809,67) 
dicmdCanvasMouseMove -point (853,55) 
dicmdCanvasMouseMove -point (897,47) 
dicmdCanvasMouseMove -point (933,37) 
dicmdCanvasMouseMove -point (965,29) 
dicmdCanvasMouseMove -point (987,17) 
dicmdCanvasMouseMove -point (1009,7) 
dicmdQaToolExit 
