dicmdCreateObjLine -brush 1 -color #000000 -fill 9 -points {(38,73);(262,61)} 
dicmdCreateObjLine -brush 1 -color #000000 -fill 9 -points {(78,131);(442,140)} 
dicmdCreateObjRectangle -brush 1 -color #000000 -fill 9 -points {(335,246);(155,179)} 
dicmdCreateObjRectangle -brush 1 -color #000000 -fill 9 -points {(679,182);(432,70)} 
dicmdCreateObjEllipse -brush 1 -color #000000 -fill 9 -points {(746,228);(505,122)} 
dicmdCreateObjEllipse -brush 1 -color #000000 -fill 9 -points {(940,185);(693,101)} 
dicmdCreateObjEllipse -brush 1 -color #ff00ff -fill 9 -points {(484,143);(362,58)} 
dicmdCreateObjEllipse -brush 1 -color #ff00ff -fill 9 -points {(305,183);(107,57)} 
dicmdCreateObjEllipse -brush 1 -color #ff00ff -fill 9 -points {(897,187);(750,104)} 
dicmdCreateObjEllipse -brush 1 -color #00ffff -fill 9 -points {(731,213);(643,132)} 
dicmdCreateObjRectangle -brush 3 -color #ff00ff -fill 11 -points {(357,262);(492,190)} 
dicmdCreateObjRectangle -brush 3 -color #0000ff -fill 11 -points {(568,120);(522,183)} 
dicmdCreateObjRectangle -brush 3 -color #0000ff -fill 10 -points {(657,109);(601,46)} 
dicmdCreateObjRectangle -brush 1 -color #0000ff -fill 10 -points {(937,62);(896,11)} 
dicmdCreateObjRectangle -brush 2 -color #0000ff -fill 10 -points {(1386,184);(1288,64)} 
dicmdCreateObjPolygon -brush 2 -color #ff0000 -fill 10 -points {(585,256);(585,256);(610,251);(799,341);(562,379);(836,284);(836,284)} 
dicmdCreateObjPolygon -brush 2 -color #ff0000 -fill 10 -points {(967,336);(967,336);(879,341);(896,253);(896,253)} 
dicmdCreateObjPolygon -brush 3 -color #0000ff -fill 11 -points {(1038,317);(1038,317);(1095,257);(1275,374);(1327,310);(1327,310)} 
