dicmdCreateObjRectangle -points {(109,98);(187,185)} 
dicmdCreateObjRectangle -points {(230,235);(370,327)} 
dicmdCreateObjRectangle -points {(512,397);(778,507)} 
dicmdCreateObjRectangle -points {(748,247);(537,193)} 
dicmdCreateObjRectangle -points {(535,64);(672,119)} 
dicmdCreateObjRectangle -points {(297,444);(412,545)} 
dicmdCreateObjRectangle -points {(338,86);(441,184)} 
dicmdCreateObjRectangle -points {(97,342);(200,464)} 
dicmdCreateObjRectangle -points {(182,273);(279,312)} 
dicmdCreateObjRectangle -points {(240,96);(314,168)} 
dicmdCreateObjRectangle -points {(744,323);(612,447)} 
dicmdCreateObjEllipse -points {(383,156);(607,313)} 
dicmdCreateObjEllipse -points {(607,313);(663,360)} 
dicmdAbortActiveCommand 
