#i incmdCreateObjRectangle
#i dicmdCanvasMouseMove -point (120,31) 
#i dicmdCanvasMouseMove -point (120,32) 
#i dicmdCanvasMouseMove -point (120,35) 
#i dicmdCanvasMouseMove -point (120,37) 
#i dicmdCanvasMouseMove -point (121,40) 
#i dicmdCanvasMouseMove -point (122,42) 
#i dicmdCanvasMouseMove -point (122,45) 
#i dicmdCanvasMouseMove -point (122,49) 
#i dicmdCanvasMouseMove -point (122,53) 
#i dicmdCanvasMouseMove -point (122,57) 
#i dicmdCanvasMouseMove -point (122,60) 
#i dicmdCanvasMouseMove -point (122,64) 
#i dicmdCanvasMouseMove -point (122,66) 
#i dicmdCanvasMouseMove -point (122,69) 
#i dicmdCanvasMouseMove -point (121,71) 
#i dicmdCanvasMouseMove -point (120,74) 
#i dicmdCanvasMouseMove -point (119,76) 
#i dicmdCanvasMouseMove -point (118,79) 
#i dicmdCanvasMouseMove -point (117,81) 
#i dicmdCanvasMouseMove -point (115,84) 
#i dicmdCanvasMouseMove -point (114,86) 
#i dicmdCanvasMouseMove -point (113,88) 
#i dicmdCanvasMouseMove -point (112,90) 
#i dicmdCanvasMouseMove -point (112,91) 
#i dicmdCanvasMouseMove -point (112,93) 
#i dicmdCanvasMouseMove -point (111,95) 
#i dicmdCanvasMouseMove -point (111,96) 
#i dicmdCanvasMouseMove -point (111,97) 
#i dicmdCanvasMouseMove -point (110,98) 
#i dicmdCanvasMouseMove -point (109,98) 
#i dicmdCanvasMouseClick -point (109,98) 
#i dicmdCanvasMouseClick -point (109,98) 
#i dicmdCanvasMouseMove -point (110,99) 
#i dicmdCanvasMouseMove -point (111,99) 
#i dicmdCanvasMouseMove -point (115,101) 
#i dicmdCanvasMouseMove -point (120,102) 
#i dicmdCanvasMouseMove -point (124,104) 
#i dicmdCanvasMouseMove -point (128,106) 
#i dicmdCanvasMouseMove -point (132,108) 
#i dicmdCanvasMouseMove -point (136,110) 
#i dicmdCanvasMouseMove -point (139,111) 
#i dicmdCanvasMouseMove -point (142,114) 
#i dicmdCanvasMouseMove -point (144,116) 
#i dicmdCanvasMouseMove -point (145,118) 
#i dicmdCanvasMouseMove -point (147,120) 
#i dicmdCanvasMouseMove -point (148,123) 
#i dicmdCanvasMouseMove -point (149,125) 
#i dicmdCanvasMouseMove -point (150,126) 
#i dicmdCanvasMouseMove -point (151,129) 
#i dicmdCanvasMouseMove -point (153,132) 
#i dicmdCanvasMouseMove -point (155,135) 
#i dicmdCanvasMouseMove -point (158,139) 
#i dicmdCanvasMouseMove -point (161,142) 
#i dicmdCanvasMouseMove -point (165,147) 
#i dicmdCanvasMouseMove -point (167,150) 
#i dicmdCanvasMouseMove -point (170,153) 
#i dicmdCanvasMouseMove -point (173,155) 
#i dicmdCanvasMouseMove -point (175,158) 
#i dicmdCanvasMouseMove -point (178,162) 
#i dicmdCanvasMouseMove -point (179,166) 
#i dicmdCanvasMouseMove -point (181,169) 
#i dicmdCanvasMouseMove -point (182,172) 
#i dicmdCanvasMouseMove -point (183,175) 
#i dicmdCanvasMouseMove -point (183,178) 
#i dicmdCanvasMouseMove -point (184,179) 
#i dicmdCanvasMouseMove -point (184,180) 
#i dicmdCanvasMouseMove -point (184,181) 
#i dicmdCanvasMouseClick -point (184,181) 
#i dicmdCanvasMouseClick -point (184,181) 
#i dicmdCanvasMouseMove -point (187,185) 
#i dicmdCanvasMouseMove -point (190,189) 
#i dicmdCanvasMouseMove -point (193,192) 
#i dicmdCanvasMouseMove -point (195,194) 
#i dicmdCanvasMouseMove -point (199,198) 
#i dicmdCanvasMouseMove -point (203,202) 
#i dicmdCanvasMouseMove -point (207,206) 
#i dicmdCanvasMouseMove -point (210,209) 
#i dicmdCanvasMouseMove -point (214,212) 
#i dicmdCanvasMouseMove -point (218,216) 
#i dicmdCanvasMouseMove -point (220,220) 
#i dicmdCanvasMouseMove -point (224,224) 
#i dicmdCanvasMouseMove -point (226,226) 
#i dicmdCanvasMouseMove -point (228,228) 
#i dicmdCanvasMouseMove -point (228,230) 
#i dicmdCanvasMouseMove -point (229,231) 
#i dicmdCanvasMouseMove -point (229,232) 
#i dicmdCanvasMouseMove -point (229,233) 
#i dicmdCanvasMouseMove -point (230,234) 
#i dicmdCanvasMouseMove -point (230,235) 
#i dicmdCanvasMouseClick -point (230,235) 
#i dicmdCanvasMouseClick -point (230,235) 
#i dicmdCanvasMouseMove -point (231,235) 
#i dicmdCanvasMouseMove -point (235,234) 
#i dicmdCanvasMouseMove -point (246,240) 
#i dicmdCanvasMouseMove -point (259,248) 
#i dicmdCanvasMouseMove -point (268,255) 
#i dicmdCanvasMouseMove -point (280,261) 
#i dicmdCanvasMouseMove -point (294,267) 
#i dicmdCanvasMouseMove -point (304,272) 
#i dicmdCanvasMouseMove -point (312,276) 
#i dicmdCanvasMouseMove -point (320,280) 
#i dicmdCanvasMouseMove -point (326,283) 
#i dicmdCanvasMouseMove -point (334,287) 
#i dicmdCanvasMouseMove -point (338,291) 
#i dicmdCanvasMouseMove -point (343,294) 
#i dicmdCanvasMouseMove -point (346,295) 
#i dicmdCanvasMouseMove -point (347,297) 
#i dicmdCanvasMouseMove -point (348,299) 
#i dicmdCanvasMouseMove -point (350,301) 
#i dicmdCanvasMouseMove -point (350,303) 
#i dicmdCanvasMouseMove -point (351,303) 
#i dicmdCanvasMouseMove -point (352,304) 
#i dicmdCanvasMouseMove -point (352,306) 
#i dicmdCanvasMouseMove -point (353,307) 
#i dicmdCanvasMouseMove -point (354,308) 
#i dicmdCanvasMouseMove -point (356,310) 
#i dicmdCanvasMouseMove -point (357,313) 
#i dicmdCanvasMouseMove -point (359,316) 
#i dicmdCanvasMouseMove -point (360,318) 
#i dicmdCanvasMouseMove -point (362,320) 
#i dicmdCanvasMouseMove -point (363,322) 
#i dicmdCanvasMouseMove -point (364,324) 
#i dicmdCanvasMouseMove -point (365,325) 
#i dicmdCanvasMouseMove -point (367,327) 
#i dicmdCanvasMouseMove -point (368,328) 
#i dicmdCanvasMouseClick -point (368,328) 
#i dicmdCanvasMouseClick -point (368,328) 
#i dicmdCanvasMouseMove -point (370,327) 
#i dicmdCanvasMouseMove -point (371,326) 
#i dicmdCanvasMouseMove -point (377,326) 
#i dicmdCanvasMouseMove -point (383,326) 
#i dicmdCanvasMouseMove -point (389,326) 
#i dicmdCanvasMouseMove -point (394,325) 
#i dicmdCanvasMouseMove -point (403,325) 
#i dicmdCanvasMouseMove -point (409,327) 
#i dicmdCanvasMouseMove -point (418,329) 
#i dicmdCanvasMouseMove -point (430,334) 
#i dicmdCanvasMouseMove -point (438,338) 
#i dicmdCanvasMouseMove -point (448,343) 
#i dicmdCanvasMouseMove -point (458,351) 
#i dicmdCanvasMouseMove -point (475,362) 
#i dicmdCanvasMouseMove -point (488,372) 
#i dicmdCanvasMouseMove -point (498,381) 
#i dicmdCanvasMouseMove -point (507,390) 
#i dicmdCanvasMouseMove -point (510,394) 
#i dicmdCanvasMouseMove -point (512,395) 
#i dicmdCanvasMouseMove -point (512,397) 
#i dicmdCanvasMouseClick -point (512,397) 
#i dicmdCanvasMouseClick -point (512,397) 
#i dicmdCanvasMouseMove -point (517,402) 
#i dicmdCanvasMouseMove -point (523,409) 
#i dicmdCanvasMouseMove -point (537,418) 
#i dicmdCanvasMouseMove -point (554,427) 
#i dicmdCanvasMouseMove -point (573,439) 
#i dicmdCanvasMouseMove -point (601,453) 
#i dicmdCanvasMouseMove -point (627,465) 
#i dicmdCanvasMouseMove -point (663,477) 
#i dicmdCanvasMouseMove -point (697,489) 
#i dicmdCanvasMouseMove -point (719,496) 
#i dicmdCanvasMouseMove -point (746,503) 
#i dicmdCanvasMouseMove -point (760,507) 
#i dicmdCanvasMouseMove -point (771,509) 
#i dicmdCanvasMouseMove -point (778,511) 
#i dicmdCanvasMouseMove -point (778,513) 
#i dicmdCanvasMouseClick -point (778,513) 
#i dicmdCanvasMouseClick -point (778,513) 
#i dicmdCanvasMouseMove -point (778,507) 
#i dicmdCanvasMouseMove -point (779,501) 
#i dicmdCanvasMouseMove -point (782,493) 
#i dicmdCanvasMouseMove -point (783,484) 
#i dicmdCanvasMouseMove -point (786,476) 
#i dicmdCanvasMouseMove -point (789,466) 
#i dicmdCanvasMouseMove -point (792,456) 
#i dicmdCanvasMouseMove -point (796,442) 
#i dicmdCanvasMouseMove -point (799,430) 
#i dicmdCanvasMouseMove -point (804,419) 
#i dicmdCanvasMouseMove -point (807,409) 
#i dicmdCanvasMouseMove -point (810,398) 
#i dicmdCanvasMouseMove -point (800,286) 
#i dicmdCanvasMouseMove -point (783,274) 
#i dicmdCanvasMouseMove -point (772,265) 
#i dicmdCanvasMouseMove -point (761,257) 
#i dicmdCanvasMouseMove -point (751,250) 
#i dicmdCanvasMouseMove -point (748,247) 
#i dicmdCanvasMouseClick -point (748,247) 
#i dicmdCanvasMouseClick -point (748,247) 
#i dicmdCanvasMouseMove -point (749,248) 
#i dicmdCanvasMouseMove -point (753,252) 
#i dicmdCanvasMouseMove -point (758,256) 
#i dicmdCanvasMouseMove -point (764,258) 
#i dicmdCanvasMouseMove -point (767,261) 
#i dicmdCanvasMouseMove -point (774,263) 
#i dicmdCanvasMouseMove -point (782,265) 
#i dicmdCanvasMouseMove -point (788,266) 
#i dicmdCanvasMouseMove -point (795,267) 
#i dicmdCanvasMouseMove -point (798,268) 
#i dicmdCanvasMouseMove -point (802,270) 
#i dicmdCanvasMouseMove -point (804,270) 
#i dicmdCanvasMouseMove -point (807,271) 
#i dicmdCanvasMouseMove -point (809,272) 
#i dicmdCanvasMouseMove -point (811,273) 
#i dicmdCanvasMouseMove -point (803,288) 
#i dicmdCanvasMouseMove -point (779,280) 
#i dicmdCanvasMouseMove -point (755,272) 
#i dicmdCanvasMouseMove -point (730,265) 
#i dicmdCanvasMouseMove -point (713,258) 
#i dicmdCanvasMouseMove -point (693,250) 
#i dicmdCanvasMouseMove -point (676,243) 
#i dicmdCanvasMouseMove -point (654,234) 
#i dicmdCanvasMouseMove -point (639,226) 
#i dicmdCanvasMouseMove -point (622,219) 
#i dicmdCanvasMouseMove -point (610,215) 
#i dicmdCanvasMouseMove -point (598,207) 
#i dicmdCanvasMouseMove -point (588,203) 
#i dicmdCanvasMouseMove -point (580,201) 
#i dicmdCanvasMouseMove -point (572,197) 
#i dicmdCanvasMouseMove -point (569,197) 
#i dicmdCanvasMouseMove -point (563,195) 
#i dicmdCanvasMouseMove -point (560,193) 
#i dicmdCanvasMouseMove -point (558,193) 
#i dicmdCanvasMouseMove -point (557,193) 
#i dicmdCanvasMouseMove -point (556,192) 
#i dicmdCanvasMouseMove -point (554,192) 
#i dicmdCanvasMouseMove -point (552,192) 
#i dicmdCanvasMouseMove -point (551,192) 
#i dicmdCanvasMouseMove -point (549,192) 
#i dicmdCanvasMouseMove -point (547,192) 
#i dicmdCanvasMouseMove -point (544,192) 
#i dicmdCanvasMouseMove -point (542,192) 
#i dicmdCanvasMouseMove -point (541,192) 
#i dicmdCanvasMouseMove -point (540,192) 
#i dicmdCanvasMouseMove -point (539,192) 
#i dicmdCanvasMouseMove -point (538,193) 
#i dicmdCanvasMouseMove -point (537,193) 
#i dicmdCanvasMouseMove -point (536,193) 
#i dicmdCanvasMouseClick -point (536,193) 
#i dicmdCanvasMouseClick -point (536,193) 
#i dicmdCanvasMouseMove -point (537,193) 
#i dicmdCanvasMouseMove -point (539,194) 
#i dicmdCanvasMouseMove -point (545,195) 
#i dicmdCanvasMouseMove -point (558,198) 
#i dicmdCanvasMouseMove -point (576,204) 
#i dicmdCanvasMouseMove -point (598,210) 
#i dicmdCanvasMouseMove -point (620,218) 
#i dicmdCanvasMouseMove -point (649,227) 
#i dicmdCanvasMouseMove -point (677,239) 
#i dicmdCanvasMouseMove -point (705,251) 
#i dicmdCanvasMouseMove -point (733,265) 
#i dicmdCanvasMouseMove -point (763,279) 
#i dicmdCanvasMouseMove -point (793,297) 
#i dicmdCanvasMouseMove -point (793,324) 
#i dicmdCanvasMouseMove -point (763,304) 
#i dicmdCanvasMouseMove -point (739,292) 
#i dicmdCanvasMouseMove -point (711,274) 
#i dicmdCanvasMouseMove -point (687,256) 
#i dicmdCanvasMouseMove -point (663,238) 
#i dicmdCanvasMouseMove -point (646,226) 
#i dicmdCanvasMouseMove -point (638,217) 
#i dicmdCanvasMouseMove -point (631,209) 
#i dicmdCanvasMouseMove -point (626,202) 
#i dicmdCanvasMouseMove -point (618,192) 
#i dicmdCanvasMouseMove -point (612,184) 
#i dicmdCanvasMouseMove -point (604,172) 
#i dicmdCanvasMouseMove -point (598,160) 
#i dicmdCanvasMouseMove -point (592,152) 
#i dicmdCanvasMouseMove -point (586,144) 
#i dicmdCanvasMouseMove -point (582,138) 
#i dicmdCanvasMouseMove -point (578,133) 
#i dicmdCanvasMouseMove -point (577,129) 
#i dicmdCanvasMouseMove -point (574,125) 
#i dicmdCanvasMouseMove -point (571,122) 
#i dicmdCanvasMouseMove -point (569,119) 
#i dicmdCanvasMouseMove -point (568,116) 
#i dicmdCanvasMouseMove -point (567,113) 
#i dicmdCanvasMouseMove -point (566,110) 
#i dicmdCanvasMouseMove -point (564,108) 
#i dicmdCanvasMouseMove -point (561,106) 
#i dicmdCanvasMouseMove -point (559,104) 
#i dicmdCanvasMouseMove -point (556,101) 
#i dicmdCanvasMouseMove -point (555,99) 
#i dicmdCanvasMouseMove -point (554,99) 
#i dicmdCanvasMouseMove -point (553,98) 
#i dicmdCanvasMouseMove -point (552,98) 
#i dicmdCanvasMouseMove -point (552,97) 
#i dicmdCanvasMouseMove -point (551,97) 
#i dicmdCanvasMouseMove -point (550,96) 
#i dicmdCanvasMouseMove -point (548,94) 
#i dicmdCanvasMouseMove -point (547,92) 
#i dicmdCanvasMouseMove -point (546,89) 
#i dicmdCanvasMouseMove -point (544,87) 
#i dicmdCanvasMouseMove -point (543,84) 
#i dicmdCanvasMouseMove -point (541,82) 
#i dicmdCanvasMouseMove -point (540,80) 
#i dicmdCanvasMouseMove -point (540,78) 
#i dicmdCanvasMouseMove -point (538,75) 
#i dicmdCanvasMouseMove -point (538,73) 
#i dicmdCanvasMouseMove -point (537,71) 
#i dicmdCanvasMouseMove -point (536,69) 
#i dicmdCanvasMouseMove -point (536,67) 
#i dicmdCanvasMouseMove -point (536,65) 
#i dicmdCanvasMouseMove -point (535,64) 
#i dicmdCanvasMouseClick -point (535,64) 
#i dicmdCanvasMouseClick -point (535,64) 
#i dicmdCanvasMouseMove -point (537,68) 
#i dicmdCanvasMouseMove -point (541,71) 
#i dicmdCanvasMouseMove -point (545,73) 
#i dicmdCanvasMouseMove -point (551,75) 
#i dicmdCanvasMouseMove -point (554,78) 
#i dicmdCanvasMouseMove -point (561,81) 
#i dicmdCanvasMouseMove -point (567,85) 
#i dicmdCanvasMouseMove -point (574,88) 
#i dicmdCanvasMouseMove -point (580,90) 
#i dicmdCanvasMouseMove -point (588,94) 
#i dicmdCanvasMouseMove -point (595,95) 
#i dicmdCanvasMouseMove -point (598,96) 
#i dicmdCanvasMouseMove -point (602,98) 
#i dicmdCanvasMouseMove -point (608,100) 
#i dicmdCanvasMouseMove -point (612,101) 
#i dicmdCanvasMouseMove -point (617,103) 
#i dicmdCanvasMouseMove -point (620,104) 
#i dicmdCanvasMouseMove -point (625,105) 
#i dicmdCanvasMouseMove -point (629,106) 
#i dicmdCanvasMouseMove -point (631,109) 
#i dicmdCanvasMouseMove -point (634,109) 
#i dicmdCanvasMouseMove -point (637,110) 
#i dicmdCanvasMouseMove -point (641,112) 
#i dicmdCanvasMouseMove -point (645,112) 
#i dicmdCanvasMouseMove -point (648,113) 
#i dicmdCanvasMouseMove -point (650,113) 
#i dicmdCanvasMouseMove -point (652,113) 
#i dicmdCanvasMouseMove -point (652,114) 
#i dicmdCanvasMouseMove -point (653,114) 
#i dicmdCanvasMouseMove -point (654,115) 
#i dicmdCanvasMouseMove -point (655,115) 
#i dicmdCanvasMouseMove -point (657,116) 
#i dicmdCanvasMouseMove -point (659,117) 
#i dicmdCanvasMouseMove -point (662,118) 
#i dicmdCanvasMouseMove -point (665,119) 
#i dicmdCanvasMouseMove -point (666,120) 
#i dicmdCanvasMouseMove -point (668,120) 
#i dicmdCanvasMouseMove -point (669,120) 
#i dicmdCanvasMouseMove -point (670,120) 
#i dicmdCanvasMouseMove -point (671,120) 
#i dicmdCanvasMouseMove -point (672,120) 
#i dicmdCanvasMouseClick -point (672,120) 
#i dicmdCanvasMouseClick -point (672,120) 
#i dicmdCanvasMouseMove -point (672,119) 
#i dicmdCanvasMouseMove -point (672,118) 
#i dicmdCanvasMouseMove -point (677,119) 
#i dicmdCanvasMouseMove -point (689,123) 
#i dicmdCanvasMouseMove -point (701,129) 
#i dicmdCanvasMouseMove -point (716,134) 
#i dicmdCanvasMouseMove -point (732,141) 
#i dicmdCanvasMouseMove -point (756,154) 
#i dicmdCanvasMouseMove -point (778,164) 
#i dicmdCanvasMouseMove -point (802,175) 
#i dicmdCanvasMouseMove -point (775,391) 
#i dicmdCanvasMouseMove -point (739,389) 
#i dicmdCanvasMouseMove -point (693,389) 
#i dicmdCanvasMouseMove -point (643,389) 
#i dicmdCanvasMouseMove -point (599,389) 
#i dicmdCanvasMouseMove -point (557,389) 
#i dicmdCanvasMouseMove -point (515,389) 
#i dicmdCanvasMouseMove -point (477,389) 
#i dicmdCanvasMouseMove -point (445,389) 
#i dicmdCanvasMouseMove -point (413,389) 
#i dicmdCanvasMouseMove -point (387,391) 
#i dicmdCanvasMouseMove -point (363,397) 
#i dicmdCanvasMouseMove -point (343,403) 
#i dicmdCanvasMouseMove -point (331,409) 
#i dicmdCanvasMouseMove -point (321,413) 
#i dicmdCanvasMouseMove -point (313,421) 
#i dicmdCanvasMouseMove -point (309,424) 
#i dicmdCanvasMouseMove -point (307,428) 
#i dicmdCanvasMouseMove -point (306,430) 
#i dicmdCanvasMouseMove -point (305,433) 
#i dicmdCanvasMouseMove -point (304,434) 
#i dicmdCanvasMouseMove -point (303,436) 
#i dicmdCanvasMouseMove -point (302,438) 
#i dicmdCanvasMouseMove -point (300,441) 
#i dicmdCanvasMouseMove -point (299,442) 
#i dicmdCanvasMouseMove -point (298,443) 
#i dicmdCanvasMouseMove -point (297,443) 
#i dicmdCanvasMouseMove -point (297,444) 
#i dicmdCanvasMouseClick -point (297,444) 
#i dicmdCanvasMouseClick -point (297,444) 
#i dicmdCanvasMouseMove -point (300,446) 
#i dicmdCanvasMouseMove -point (304,450) 
#i dicmdCanvasMouseMove -point (310,454) 
#i dicmdCanvasMouseMove -point (317,459) 
#i dicmdCanvasMouseMove -point (323,463) 
#i dicmdCanvasMouseMove -point (330,467) 
#i dicmdCanvasMouseMove -point (335,470) 
#i dicmdCanvasMouseMove -point (339,472) 
#i dicmdCanvasMouseMove -point (342,474) 
#i dicmdCanvasMouseMove -point (346,476) 
#i dicmdCanvasMouseMove -point (349,479) 
#i dicmdCanvasMouseMove -point (351,481) 
#i dicmdCanvasMouseMove -point (353,484) 
#i dicmdCanvasMouseMove -point (355,486) 
#i dicmdCanvasMouseMove -point (357,489) 
#i dicmdCanvasMouseMove -point (360,491) 
#i dicmdCanvasMouseMove -point (361,495) 
#i dicmdCanvasMouseMove -point (363,497) 
#i dicmdCanvasMouseMove -point (367,502) 
#i dicmdCanvasMouseMove -point (369,505) 
#i dicmdCanvasMouseMove -point (371,509) 
#i dicmdCanvasMouseMove -point (375,513) 
#i dicmdCanvasMouseMove -point (378,517) 
#i dicmdCanvasMouseMove -point (383,523) 
#i dicmdCanvasMouseMove -point (388,527) 
#i dicmdCanvasMouseMove -point (393,533) 
#i dicmdCanvasMouseMove -point (398,536) 
#i dicmdCanvasMouseMove -point (404,541) 
#i dicmdCanvasMouseMove -point (408,543) 
#i dicmdCanvasMouseMove -point (410,546) 
#i dicmdCanvasMouseMove -point (411,548) 
#i dicmdCanvasMouseMove -point (411,549) 
#i dicmdCanvasMouseMove -point (412,551) 
#i dicmdCanvasMouseClick -point (412,551) 
#i dicmdCanvasMouseClick -point (412,551) 
#i dicmdCanvasMouseMove -point (412,545) 
#i dicmdCanvasMouseMove -point (412,539) 
#i dicmdCanvasMouseMove -point (412,525) 
#i dicmdCanvasMouseMove -point (412,516) 
#i dicmdCanvasMouseMove -point (412,503) 
#i dicmdCanvasMouseMove -point (411,483) 
#i dicmdCanvasMouseMove -point (407,465) 
#i dicmdCanvasMouseMove -point (404,445) 
#i dicmdCanvasMouseMove -point (400,427) 
#i dicmdCanvasMouseMove -point (392,402) 
#i dicmdCanvasMouseMove -point (385,381) 
#i dicmdCanvasMouseMove -point (381,362) 
#i dicmdCanvasMouseMove -point (373,341) 
#i dicmdCanvasMouseMove -point (367,323) 
#i dicmdCanvasMouseMove -point (363,304) 
#i dicmdCanvasMouseMove -point (359,282) 
#i dicmdCanvasMouseMove -point (357,262) 
#i dicmdCanvasMouseMove -point (351,238) 
#i dicmdCanvasMouseMove -point (347,220) 
#i dicmdCanvasMouseMove -point (343,200) 
#i dicmdCanvasMouseMove -point (341,182) 
#i dicmdCanvasMouseMove -point (339,170) 
#i dicmdCanvasMouseMove -point (339,156) 
#i dicmdCanvasMouseMove -point (339,148) 
#i dicmdCanvasMouseMove -point (339,141) 
#i dicmdCanvasMouseMove -point (339,136) 
#i dicmdCanvasMouseMove -point (339,129) 
#i dicmdCanvasMouseMove -point (341,122) 
#i dicmdCanvasMouseMove -point (341,117) 
#i dicmdCanvasMouseMove -point (341,113) 
#i dicmdCanvasMouseMove -point (341,107) 
#i dicmdCanvasMouseMove -point (341,100) 
#i dicmdCanvasMouseMove -point (341,96) 
#i dicmdCanvasMouseMove -point (341,91) 
#i dicmdCanvasMouseMove -point (341,86) 
#i dicmdCanvasMouseMove -point (341,82) 
#i dicmdCanvasMouseMove -point (341,80) 
#i dicmdCanvasMouseMove -point (342,77) 
#i dicmdCanvasMouseMove -point (342,73) 
#i dicmdCanvasMouseMove -point (342,70) 
#i dicmdCanvasMouseMove -point (342,65) 
#i dicmdCanvasMouseMove -point (342,63) 
#i dicmdCanvasMouseMove -point (342,61) 
#i dicmdCanvasMouseMove -point (343,59) 
#i dicmdCanvasMouseMove -point (343,58) 
#i dicmdCanvasMouseMove -point (342,62) 
#i dicmdCanvasMouseMove -point (341,67) 
#i dicmdCanvasMouseMove -point (340,72) 
#i dicmdCanvasMouseMove -point (340,76) 
#i dicmdCanvasMouseMove -point (340,79) 
#i dicmdCanvasMouseMove -point (339,83) 
#i dicmdCanvasMouseMove -point (339,84) 
#i dicmdCanvasMouseMove -point (338,85) 
#i dicmdCanvasMouseMove -point (338,86) 
#i dicmdCanvasMouseClick -point (338,86) 
#i dicmdCanvasMouseClick -point (338,86) 
#i dicmdCanvasMouseMove -point (338,87) 
#i dicmdCanvasMouseMove -point (341,90) 
#i dicmdCanvasMouseMove -point (349,95) 
#i dicmdCanvasMouseMove -point (362,105) 
#i dicmdCanvasMouseMove -point (377,113) 
#i dicmdCanvasMouseMove -point (392,122) 
#i dicmdCanvasMouseMove -point (402,127) 
#i dicmdCanvasMouseMove -point (408,130) 
#i dicmdCanvasMouseMove -point (413,133) 
#i dicmdCanvasMouseMove -point (417,137) 
#i dicmdCanvasMouseMove -point (420,139) 
#i dicmdCanvasMouseMove -point (422,141) 
#i dicmdCanvasMouseMove -point (423,143) 
#i dicmdCanvasMouseMove -point (424,146) 
#i dicmdCanvasMouseMove -point (424,147) 
#i dicmdCanvasMouseMove -point (425,150) 
#i dicmdCanvasMouseMove -point (425,153) 
#i dicmdCanvasMouseMove -point (426,155) 
#i dicmdCanvasMouseMove -point (427,158) 
#i dicmdCanvasMouseMove -point (428,161) 
#i dicmdCanvasMouseMove -point (429,164) 
#i dicmdCanvasMouseMove -point (430,168) 
#i dicmdCanvasMouseMove -point (432,170) 
#i dicmdCanvasMouseMove -point (433,173) 
#i dicmdCanvasMouseMove -point (434,175) 
#i dicmdCanvasMouseMove -point (435,179) 
#i dicmdCanvasMouseMove -point (436,181) 
#i dicmdCanvasMouseMove -point (436,183) 
#i dicmdCanvasMouseMove -point (437,185) 
#i dicmdCanvasMouseMove -point (437,186) 
#i dicmdCanvasMouseClick -point (437,186) 
#i dicmdCanvasMouseClick -point (437,186) 
#i dicmdCanvasMouseMove -point (441,184) 
#i dicmdCanvasMouseMove -point (455,188) 
#i dicmdCanvasMouseMove -point (481,198) 
#i dicmdCanvasMouseMove -point (513,208) 
#i dicmdCanvasMouseMove -point (547,222) 
#i dicmdCanvasMouseMove -point (583,236) 
#i dicmdCanvasMouseMove -point (615,250) 
#i dicmdCanvasMouseMove -point (649,262) 
#i dicmdCanvasMouseMove -point (673,274) 
#i dicmdCanvasMouseMove -point (701,286) 
#i dicmdCanvasMouseMove -point (725,298) 
#i dicmdCanvasMouseMove -point (747,310) 
#i dicmdCanvasMouseMove -point (765,320) 
#i dicmdCanvasMouseMove -point (777,326) 
#i dicmdCanvasMouseMove -point (789,332) 
#i dicmdCanvasMouseMove -point (799,340) 
#i dicmdCanvasMouseMove -point (807,346) 
#i dicmdCanvasMouseMove -point (788,362) 
#i dicmdCanvasMouseMove -point (756,356) 
#i dicmdCanvasMouseMove -point (718,348) 
#i dicmdCanvasMouseMove -point (686,342) 
#i dicmdCanvasMouseMove -point (644,332) 
#i dicmdCanvasMouseMove -point (604,322) 
#i dicmdCanvasMouseMove -point (560,316) 
#i dicmdCanvasMouseMove -point (516,308) 
#i dicmdCanvasMouseMove -point (474,300) 
#i dicmdCanvasMouseMove -point (434,294) 
#i dicmdCanvasMouseMove -point (398,290) 
#i dicmdCanvasMouseMove -point (364,286) 
#i dicmdCanvasMouseMove -point (340,284) 
#i dicmdCanvasMouseMove -point (312,282) 
#i dicmdCanvasMouseMove -point (288,280) 
#i dicmdCanvasMouseMove -point (264,280) 
#i dicmdCanvasMouseMove -point (248,278) 
#i dicmdCanvasMouseMove -point (232,278) 
#i dicmdCanvasMouseMove -point (212,278) 
#i dicmdCanvasMouseMove -point (196,282) 
#i dicmdCanvasMouseMove -point (184,284) 
#i dicmdCanvasMouseMove -point (172,286) 
#i dicmdCanvasMouseMove -point (166,288) 
#i dicmdCanvasMouseMove -point (156,292) 
#i dicmdCanvasMouseMove -point (150,292) 
#i dicmdCanvasMouseMove -point (145,296) 
#i dicmdCanvasMouseMove -point (140,299) 
#i dicmdCanvasMouseMove -point (138,300) 
#i dicmdCanvasMouseMove -point (135,302) 
#i dicmdCanvasMouseMove -point (133,305) 
#i dicmdCanvasMouseMove -point (130,308) 
#i dicmdCanvasMouseMove -point (129,309) 
#i dicmdCanvasMouseMove -point (127,311) 
#i dicmdCanvasMouseMove -point (125,313) 
#i dicmdCanvasMouseMove -point (122,316) 
#i dicmdCanvasMouseMove -point (120,318) 
#i dicmdCanvasMouseMove -point (116,322) 
#i dicmdCanvasMouseMove -point (113,326) 
#i dicmdCanvasMouseMove -point (110,330) 
#i dicmdCanvasMouseMove -point (105,333) 
#i dicmdCanvasMouseMove -point (102,336) 
#i dicmdCanvasMouseMove -point (100,338) 
#i dicmdCanvasMouseMove -point (99,339) 
#i dicmdCanvasMouseMove -point (98,340) 
#i dicmdCanvasMouseMove -point (97,341) 
#i dicmdCanvasMouseMove -point (97,342) 
#i dicmdCanvasMouseClick -point (97,342) 
#i dicmdCanvasMouseClick -point (97,342) 
#i dicmdCanvasMouseMove -point (99,344) 
#i dicmdCanvasMouseMove -point (101,345) 
#i dicmdCanvasMouseMove -point (103,347) 
#i dicmdCanvasMouseMove -point (106,350) 
#i dicmdCanvasMouseMove -point (108,352) 
#i dicmdCanvasMouseMove -point (111,354) 
#i dicmdCanvasMouseMove -point (113,357) 
#i dicmdCanvasMouseMove -point (117,360) 
#i dicmdCanvasMouseMove -point (120,363) 
#i dicmdCanvasMouseMove -point (123,367) 
#i dicmdCanvasMouseMove -point (127,372) 
#i dicmdCanvasMouseMove -point (130,375) 
#i dicmdCanvasMouseMove -point (134,379) 
#i dicmdCanvasMouseMove -point (139,383) 
#i dicmdCanvasMouseMove -point (143,387) 
#i dicmdCanvasMouseMove -point (148,393) 
#i dicmdCanvasMouseMove -point (153,398) 
#i dicmdCanvasMouseMove -point (160,404) 
#i dicmdCanvasMouseMove -point (165,409) 
#i dicmdCanvasMouseMove -point (171,416) 
#i dicmdCanvasMouseMove -point (177,421) 
#i dicmdCanvasMouseMove -point (181,427) 
#i dicmdCanvasMouseMove -point (183,434) 
#i dicmdCanvasMouseMove -point (188,438) 
#i dicmdCanvasMouseMove -point (192,443) 
#i dicmdCanvasMouseMove -point (193,446) 
#i dicmdCanvasMouseMove -point (194,449) 
#i dicmdCanvasMouseMove -point (197,451) 
#i dicmdCanvasMouseMove -point (198,455) 
#i dicmdCanvasMouseMove -point (199,459) 
#i dicmdCanvasMouseMove -point (199,461) 
#i dicmdCanvasMouseMove -point (200,464) 
#i dicmdCanvasMouseMove -point (200,465) 
#i dicmdCanvasMouseMove -point (200,466) 
#i dicmdCanvasMouseMove -point (200,467) 
#i dicmdCanvasMouseClick -point (200,467) 
#i dicmdCanvasMouseClick -point (200,467) 
#i dicmdCanvasMouseMove -point (200,464) 
#i dicmdCanvasMouseMove -point (201,460) 
#i dicmdCanvasMouseMove -point (203,455) 
#i dicmdCanvasMouseMove -point (203,447) 
#i dicmdCanvasMouseMove -point (203,442) 
#i dicmdCanvasMouseMove -point (203,430) 
#i dicmdCanvasMouseMove -point (203,419) 
#i dicmdCanvasMouseMove -point (201,405) 
#i dicmdCanvasMouseMove -point (200,389) 
#i dicmdCanvasMouseMove -point (198,377) 
#i dicmdCanvasMouseMove -point (198,366) 
#i dicmdCanvasMouseMove -point (196,357) 
#i dicmdCanvasMouseMove -point (196,346) 
#i dicmdCanvasMouseMove -point (195,338) 
#i dicmdCanvasMouseMove -point (195,331) 
#i dicmdCanvasMouseMove -point (193,323) 
#i dicmdCanvasMouseMove -point (192,317) 
#i dicmdCanvasMouseMove -point (192,313) 
#i dicmdCanvasMouseMove -point (192,308) 
#i dicmdCanvasMouseMove -point (191,304) 
#i dicmdCanvasMouseMove -point (191,300) 
#i dicmdCanvasMouseMove -point (191,297) 
#i dicmdCanvasMouseMove -point (189,295) 
#i dicmdCanvasMouseMove -point (189,291) 
#i dicmdCanvasMouseMove -point (189,290) 
#i dicmdCanvasMouseMove -point (188,289) 
#i dicmdCanvasMouseMove -point (187,287) 
#i dicmdCanvasMouseMove -point (186,286) 
#i dicmdCanvasMouseMove -point (186,284) 
#i dicmdCanvasMouseMove -point (185,281) 
#i dicmdCanvasMouseMove -point (184,278) 
#i dicmdCanvasMouseMove -point (183,276) 
#i dicmdCanvasMouseMove -point (183,275) 
#i dicmdCanvasMouseMove -point (183,274) 
#i dicmdCanvasMouseMove -point (182,274) 
#i dicmdCanvasMouseMove -point (182,273) 
#i dicmdCanvasMouseClick -point (182,273) 
#i dicmdCanvasMouseClick -point (182,273) 
#i dicmdCanvasMouseMove -point (182,274) 
#i dicmdCanvasMouseMove -point (185,276) 
#i dicmdCanvasMouseMove -point (187,280) 
#i dicmdCanvasMouseMove -point (190,283) 
#i dicmdCanvasMouseMove -point (195,285) 
#i dicmdCanvasMouseMove -point (199,289) 
#i dicmdCanvasMouseMove -point (203,290) 
#i dicmdCanvasMouseMove -point (207,291) 
#i dicmdCanvasMouseMove -point (211,291) 
#i dicmdCanvasMouseMove -point (214,292) 
#i dicmdCanvasMouseMove -point (217,293) 
#i dicmdCanvasMouseMove -point (220,293) 
#i dicmdCanvasMouseMove -point (224,294) 
#i dicmdCanvasMouseMove -point (228,294) 
#i dicmdCanvasMouseMove -point (232,295) 
#i dicmdCanvasMouseMove -point (239,297) 
#i dicmdCanvasMouseMove -point (244,298) 
#i dicmdCanvasMouseMove -point (251,300) 
#i dicmdCanvasMouseMove -point (255,302) 
#i dicmdCanvasMouseMove -point (260,304) 
#i dicmdCanvasMouseMove -point (265,306) 
#i dicmdCanvasMouseMove -point (269,308) 
#i dicmdCanvasMouseMove -point (272,310) 
#i dicmdCanvasMouseMove -point (274,310) 
#i dicmdCanvasMouseMove -point (277,311) 
#i dicmdCanvasMouseMove -point (278,311) 
#i dicmdCanvasMouseMove -point (279,312) 
#i dicmdCanvasMouseMove -point (279,313) 
#i dicmdCanvasMouseMove -point (279,314) 
#i dicmdCanvasMouseClick -point (279,314) 
#i dicmdCanvasMouseClick -point (279,314) 
#i dicmdCanvasMouseMove -point (279,312) 
#i dicmdCanvasMouseMove -point (279,308) 
#i dicmdCanvasMouseMove -point (278,303) 
#i dicmdCanvasMouseMove -point (275,297) 
#i dicmdCanvasMouseMove -point (274,288) 
#i dicmdCanvasMouseMove -point (271,279) 
#i dicmdCanvasMouseMove -point (267,269) 
#i dicmdCanvasMouseMove -point (264,261) 
#i dicmdCanvasMouseMove -point (262,249) 
#i dicmdCanvasMouseMove -point (257,236) 
#i dicmdCanvasMouseMove -point (254,224) 
#i dicmdCanvasMouseMove -point (253,210) 
#i dicmdCanvasMouseMove -point (251,204) 
#i dicmdCanvasMouseMove -point (250,192) 
#i dicmdCanvasMouseMove -point (248,186) 
#i dicmdCanvasMouseMove -point (248,179) 
#i dicmdCanvasMouseMove -point (248,173) 
#i dicmdCanvasMouseMove -point (248,170) 
#i dicmdCanvasMouseMove -point (248,167) 
#i dicmdCanvasMouseMove -point (248,164) 
#i dicmdCanvasMouseMove -point (248,162) 
#i dicmdCanvasMouseMove -point (248,160) 
#i dicmdCanvasMouseMove -point (249,159) 
#i dicmdCanvasMouseMove -point (249,158) 
#i dicmdCanvasMouseMove -point (250,157) 
#i dicmdCanvasMouseMove -point (250,156) 
#i dicmdCanvasMouseMove -point (251,156) 
#i dicmdCanvasMouseMove -point (252,155) 
#i dicmdCanvasMouseMove -point (255,154) 
#i dicmdCanvasMouseMove -point (258,154) 
#i dicmdCanvasMouseMove -point (263,153) 
#i dicmdCanvasMouseMove -point (270,153) 
#i dicmdCanvasMouseMove -point (277,153) 
#i dicmdCanvasMouseMove -point (287,153) 
#i dicmdCanvasMouseMove -point (298,153) 
#i dicmdCanvasMouseMove -point (315,154) 
#i dicmdCanvasMouseMove -point (329,157) 
#i dicmdCanvasMouseMove -point (350,163) 
#i dicmdCanvasMouseMove -point (377,170) 
#i dicmdCanvasMouseMove -point (399,177) 
#i dicmdCanvasMouseMove -point (433,186) 
#i dicmdCanvasMouseMove -point (463,192) 
#i dicmdCanvasMouseMove -point (500,200) 
#i dicmdCanvasMouseMove -point (536,210) 
#i dicmdCanvasMouseMove -point (562,216) 
#i dicmdCanvasMouseMove -point (588,220) 
#i dicmdCanvasMouseMove -point (604,222) 
#i dicmdCanvasMouseMove -point (620,226) 
#i dicmdCanvasMouseMove -point (632,226) 
#i dicmdCanvasMouseMove -point (640,228) 
#i dicmdCanvasMouseMove -point (650,230) 
#i dicmdCanvasMouseMove -point (658,232) 
#i dicmdCanvasMouseMove -point (668,234) 
#i dicmdCanvasMouseMove -point (676,236) 
#i dicmdCanvasMouseMove -point (684,238) 
#i dicmdCanvasMouseMove -point (694,242) 
#i dicmdCanvasMouseMove -point (704,243) 
#i dicmdCanvasMouseMove -point (712,245) 
#i dicmdCanvasMouseMove -point (722,246) 
#i dicmdCanvasMouseMove -point (728,248) 
#i dicmdCanvasMouseMove -point (736,248) 
#i dicmdCanvasMouseMove -point (741,249) 
#i dicmdCanvasMouseMove -point (745,249) 
#i dicmdCanvasMouseMove -point (748,252) 
#i dicmdCanvasMouseMove -point (752,252) 
#i dicmdCanvasMouseMove -point (756,253) 
#i dicmdCanvasMouseMove -point (759,254) 
#i dicmdCanvasMouseMove -point (769,258) 
#i dicmdCanvasMouseMove -point (777,261) 
#i dicmdCanvasMouseMove -point (787,265) 
#i dicmdCanvasMouseMove -point (795,269) 
#i dicmdCanvasMouseMove -point (805,272) 
#i dicmdCanvasMouseMove -point (805,365) 
#i dicmdCanvasMouseMove -point (796,359) 
#i dicmdCanvasMouseMove -point (783,350) 
#i dicmdCanvasMouseMove -point (773,343) 
#i dicmdCanvasMouseMove -point (763,336) 
#i dicmdCanvasMouseMove -point (746,326) 
#i dicmdCanvasMouseMove -point (731,317) 
#i dicmdCanvasMouseMove -point (709,303) 
#i dicmdCanvasMouseMove -point (681,289) 
#i dicmdCanvasMouseMove -point (645,269) 
#i dicmdCanvasMouseMove -point (611,251) 
#i dicmdCanvasMouseMove -point (581,237) 
#i dicmdCanvasMouseMove -point (543,217) 
#i dicmdCanvasMouseMove -point (513,205) 
#i dicmdCanvasMouseMove -point (479,191) 
#i dicmdCanvasMouseMove -point (453,181) 
#i dicmdCanvasMouseMove -point (423,173) 
#i dicmdCanvasMouseMove -point (401,165) 
#i dicmdCanvasMouseMove -point (385,163) 
#i dicmdCanvasMouseMove -point (369,159) 
#i dicmdCanvasMouseMove -point (359,157) 
#i dicmdCanvasMouseMove -point (353,157) 
#i dicmdCanvasMouseMove -point (349,157) 
#i dicmdCanvasMouseMove -point (347,157) 
#i dicmdCanvasMouseMove -point (346,157) 
#i dicmdCanvasMouseMove -point (344,157) 
#i dicmdCanvasMouseMove -point (344,158) 
#i dicmdCanvasMouseMove -point (343,158) 
#i dicmdCanvasMouseMove -point (341,158) 
#i dicmdCanvasMouseMove -point (340,158) 
#i dicmdCanvasMouseMove -point (333,156) 
#i dicmdCanvasMouseMove -point (327,154) 
#i dicmdCanvasMouseMove -point (319,150) 
#i dicmdCanvasMouseMove -point (313,147) 
#i dicmdCanvasMouseMove -point (304,144) 
#i dicmdCanvasMouseMove -point (298,141) 
#i dicmdCanvasMouseMove -point (292,139) 
#i dicmdCanvasMouseMove -point (287,137) 
#i dicmdCanvasMouseMove -point (282,134) 
#i dicmdCanvasMouseMove -point (278,131) 
#i dicmdCanvasMouseMove -point (276,129) 
#i dicmdCanvasMouseMove -point (270,125) 
#i dicmdCanvasMouseMove -point (268,122) 
#i dicmdCanvasMouseMove -point (265,121) 
#i dicmdCanvasMouseMove -point (263,118) 
#i dicmdCanvasMouseMove -point (260,116) 
#i dicmdCanvasMouseMove -point (259,116) 
#i dicmdCanvasMouseMove -point (258,115) 
#i dicmdCanvasMouseMove -point (257,114) 
#i dicmdCanvasMouseMove -point (257,113) 
#i dicmdCanvasMouseMove -point (256,113) 
#i dicmdCanvasMouseMove -point (255,112) 
#i dicmdCanvasMouseMove -point (254,110) 
#i dicmdCanvasMouseMove -point (253,109) 
#i dicmdCanvasMouseMove -point (251,107) 
#i dicmdCanvasMouseMove -point (248,103) 
#i dicmdCanvasMouseMove -point (246,101) 
#i dicmdCanvasMouseMove -point (244,99) 
#i dicmdCanvasMouseMove -point (243,99) 
#i dicmdCanvasMouseMove -point (242,98) 
#i dicmdCanvasMouseMove -point (242,97) 
#i dicmdCanvasMouseMove -point (241,96) 
#i dicmdCanvasMouseMove -point (240,96) 
#i dicmdCanvasMouseClick -point (240,96) 
#i dicmdCanvasMouseClick -point (240,96) 
#i dicmdCanvasMouseMove -point (240,95) 
#i dicmdCanvasMouseMove -point (241,95) 
#i dicmdCanvasMouseMove -point (243,97) 
#i dicmdCanvasMouseMove -point (244,98) 
#i dicmdCanvasMouseMove -point (244,99) 
#i dicmdCanvasMouseMove -point (245,99) 
#i dicmdCanvasMouseMove -point (246,100) 
#i dicmdCanvasMouseMove -point (247,101) 
#i dicmdCanvasMouseMove -point (247,102) 
#i dicmdCanvasMouseMove -point (248,103) 
#i dicmdCanvasMouseMove -point (250,104) 
#i dicmdCanvasMouseMove -point (251,106) 
#i dicmdCanvasMouseMove -point (252,107) 
#i dicmdCanvasMouseMove -point (254,109) 
#i dicmdCanvasMouseMove -point (255,110) 
#i dicmdCanvasMouseMove -point (256,111) 
#i dicmdCanvasMouseMove -point (258,112) 
#i dicmdCanvasMouseMove -point (260,114) 
#i dicmdCanvasMouseMove -point (262,116) 
#i dicmdCanvasMouseMove -point (264,118) 
#i dicmdCanvasMouseMove -point (266,120) 
#i dicmdCanvasMouseMove -point (268,122) 
#i dicmdCanvasMouseMove -point (271,124) 
#i dicmdCanvasMouseMove -point (272,125) 
#i dicmdCanvasMouseMove -point (274,127) 
#i dicmdCanvasMouseMove -point (276,129) 
#i dicmdCanvasMouseMove -point (279,131) 
#i dicmdCanvasMouseMove -point (281,133) 
#i dicmdCanvasMouseMove -point (283,135) 
#i dicmdCanvasMouseMove -point (285,137) 
#i dicmdCanvasMouseMove -point (287,137) 
#i dicmdCanvasMouseMove -point (290,140) 
#i dicmdCanvasMouseMove -point (291,141) 
#i dicmdCanvasMouseMove -point (292,142) 
#i dicmdCanvasMouseMove -point (293,144) 
#i dicmdCanvasMouseMove -point (294,145) 
#i dicmdCanvasMouseMove -point (296,147) 
#i dicmdCanvasMouseMove -point (297,148) 
#i dicmdCanvasMouseMove -point (299,150) 
#i dicmdCanvasMouseMove -point (300,151) 
#i dicmdCanvasMouseMove -point (302,153) 
#i dicmdCanvasMouseMove -point (303,155) 
#i dicmdCanvasMouseMove -point (305,156) 
#i dicmdCanvasMouseMove -point (307,159) 
#i dicmdCanvasMouseMove -point (309,161) 
#i dicmdCanvasMouseMove -point (310,162) 
#i dicmdCanvasMouseMove -point (312,164) 
#i dicmdCanvasMouseMove -point (313,165) 
#i dicmdCanvasMouseMove -point (314,166) 
#i dicmdCanvasMouseClick -point (314,166) 
#i dicmdCanvasMouseClick -point (314,166) 
#i dicmdCanvasMouseMove -point (314,168) 
#i dicmdCanvasMouseMove -point (320,168) 
#i dicmdCanvasMouseMove -point (333,165) 
#i dicmdCanvasMouseMove -point (351,165) 
#i dicmdCanvasMouseMove -point (370,165) 
#i dicmdCanvasMouseMove -point (389,165) 
#i dicmdCanvasMouseMove -point (419,169) 
#i dicmdCanvasMouseMove -point (453,173) 
#i dicmdCanvasMouseMove -point (483,181) 
#i dicmdCanvasMouseMove -point (521,191) 
#i dicmdCanvasMouseMove -point (549,199) 
#i dicmdCanvasMouseMove -point (581,209) 
#i dicmdCanvasMouseMove -point (609,219) 
#i dicmdCanvasMouseMove -point (631,227) 
#i dicmdCanvasMouseMove -point (653,239) 
#i dicmdCanvasMouseMove -point (673,251) 
#i dicmdCanvasMouseMove -point (697,265) 
#i dicmdCanvasMouseMove -point (721,279) 
#i dicmdCanvasMouseMove -point (739,289) 
#i dicmdCanvasMouseMove -point (765,301) 
#i dicmdCanvasMouseMove -point (783,309) 
#i dicmdCanvasMouseMove -point (805,319) 
#i dicmdCanvasMouseMove -point (811,310) 
#i dicmdCanvasMouseMove -point (804,312) 
#i dicmdCanvasMouseMove -point (799,313) 
#i dicmdCanvasMouseMove -point (793,316) 
#i dicmdCanvasMouseMove -point (788,316) 
#i dicmdCanvasMouseMove -point (783,317) 
#i dicmdCanvasMouseMove -point (777,319) 
#i dicmdCanvasMouseMove -point (771,320) 
#i dicmdCanvasMouseMove -point (764,321) 
#i dicmdCanvasMouseMove -point (761,321) 
#i dicmdCanvasMouseMove -point (754,323) 
#i dicmdCanvasMouseMove -point (749,323) 
#i dicmdCanvasMouseMove -point (746,323) 
#i dicmdCanvasMouseMove -point (744,323) 
#i dicmdCanvasMouseClick -point (744,323) 
#i dicmdCanvasMouseClick -point (744,323) 
#i dicmdCanvasMouseMove -point (744,324) 
#i dicmdCanvasMouseMove -point (744,328) 
#i dicmdCanvasMouseMove -point (746,333) 
#i dicmdCanvasMouseMove -point (749,338) 
#i dicmdCanvasMouseMove -point (750,342) 
#i dicmdCanvasMouseMove -point (751,345) 
#i dicmdCanvasMouseMove -point (753,348) 
#i dicmdCanvasMouseMove -point (754,353) 
#i dicmdCanvasMouseMove -point (755,355) 
#i dicmdCanvasMouseMove -point (755,358) 
#i dicmdCanvasMouseMove -point (755,361) 
#i dicmdCanvasMouseMove -point (756,363) 
#i dicmdCanvasMouseMove -point (756,366) 
#i dicmdCanvasMouseMove -point (756,369) 
#i dicmdCanvasMouseMove -point (756,372) 
#i dicmdCanvasMouseMove -point (756,376) 
#i dicmdCanvasMouseMove -point (756,379) 
#i dicmdCanvasMouseMove -point (756,382) 
#i dicmdCanvasMouseMove -point (756,384) 
#i dicmdCanvasMouseMove -point (756,386) 
#i dicmdCanvasMouseMove -point (756,389) 
#i dicmdCanvasMouseMove -point (756,392) 
#i dicmdCanvasMouseMove -point (756,394) 
#i dicmdCanvasMouseMove -point (756,396) 
#i dicmdCanvasMouseMove -point (756,397) 
#i dicmdCanvasMouseMove -point (756,399) 
#i dicmdCanvasMouseMove -point (756,400) 
#i dicmdCanvasMouseMove -point (755,401) 
#i dicmdCanvasMouseMove -point (755,402) 
#i dicmdCanvasMouseMove -point (754,402) 
#i dicmdCanvasMouseMove -point (754,403) 
#i dicmdCanvasMouseMove -point (753,404) 
#i dicmdCanvasMouseMove -point (752,405) 
#i dicmdCanvasMouseMove -point (751,406) 
#i dicmdCanvasMouseMove -point (750,408) 
#i dicmdCanvasMouseMove -point (749,409) 
#i dicmdCanvasMouseMove -point (749,410) 
#i dicmdCanvasMouseMove -point (748,411) 
#i dicmdCanvasMouseMove -point (748,412) 
#i dicmdCanvasMouseMove -point (747,412) 
#i dicmdCanvasMouseMove -point (746,413) 
#i dicmdCanvasMouseMove -point (746,414) 
#i dicmdCanvasMouseMove -point (744,418) 
#i dicmdCanvasMouseMove -point (742,420) 
#i dicmdCanvasMouseMove -point (740,422) 
#i dicmdCanvasMouseMove -point (737,425) 
#i dicmdCanvasMouseMove -point (735,428) 
#i dicmdCanvasMouseMove -point (732,430) 
#i dicmdCanvasMouseMove -point (728,433) 
#i dicmdCanvasMouseMove -point (727,434) 
#i dicmdCanvasMouseMove -point (725,436) 
#i dicmdCanvasMouseMove -point (723,438) 
#i dicmdCanvasMouseMove -point (721,440) 
#i dicmdCanvasMouseMove -point (718,441) 
#i dicmdCanvasMouseMove -point (716,442) 
#i dicmdCanvasMouseMove -point (713,442) 
#i dicmdCanvasMouseMove -point (711,443) 
#i dicmdCanvasMouseMove -point (707,445) 
#i dicmdCanvasMouseMove -point (704,445) 
#i dicmdCanvasMouseMove -point (700,446) 
#i dicmdCanvasMouseMove -point (697,446) 
#i dicmdCanvasMouseMove -point (691,447) 
#i dicmdCanvasMouseMove -point (685,448) 
#i dicmdCanvasMouseMove -point (678,448) 
#i dicmdCanvasMouseMove -point (671,449) 
#i dicmdCanvasMouseMove -point (664,449) 
#i dicmdCanvasMouseMove -point (653,449) 
#i dicmdCanvasMouseMove -point (645,449) 
#i dicmdCanvasMouseMove -point (636,449) 
#i dicmdCanvasMouseMove -point (629,449) 
#i dicmdCanvasMouseMove -point (623,449) 
#i dicmdCanvasMouseMove -point (620,449) 
#i dicmdCanvasMouseMove -point (619,449) 
#i dicmdCanvasMouseMove -point (618,449) 
#i dicmdCanvasMouseMove -point (616,449) 
#i dicmdCanvasMouseMove -point (615,448) 
#i dicmdCanvasMouseMove -point (614,448) 
#i dicmdCanvasMouseMove -point (613,447) 
#i dicmdCanvasMouseClick -point (613,447) 
#i dicmdCanvasMouseClick -point (613,447) 
#i dicmdCanvasMouseMove -point (612,447) 
#i dicmdCanvasMouseMove -point (624,435) 
#i dicmdCanvasMouseMove -point (659,398) 
#i dicmdCanvasMouseMove -point (697,356) 
#i dicmdCanvasMouseMove -point (725,322) 
#i dicmdCanvasMouseMove -point (753,286) 
#i dicmdCanvasMouseMove -point (779,254) 
#i dicmdCanvasMouseMove -point (805,226) 
#i incmdCreateObjPolygon
#i dicmdCanvasMouseClick -point (261,160) 
#i dicmdCanvasMouseClick -point (261,160) 
#i dicmdCanvasMouseClick -point (261,160) 
#i dicmdCanvasMouseClick -point (261,160) 
#i dicmdCanvasMouseClick -point (500,88) 
#i dicmdCanvasMouseClick -point (500,88) 
#i dicmdCanvasMouseClick -point (500,88) 
#i dicmdCanvasMouseClick -point (500,88) 
#i dicmdCanvasMouseClick -point (513,211) 
#i dicmdCanvasMouseClick -point (513,211) 
#i dicmdCanvasMouseClick -point (513,211) 
#i dicmdCanvasMouseClick -point (513,211) 
#i dicmdCanvasMouseClick -point (433,288) 
#i dicmdCanvasMouseClick -point (433,288) 
#i dicmdCanvasMouseClick -point (433,288) 
#i dicmdCanvasMouseClick -point (433,288) 
#i dicmdCanvasMouseClick -point (433,288) 
#i dicmdCanvasMouseClick -point (433,288) 
#i dicmdCanvasMouseClick -point (433,288) 
#i dicmdCanvasMouseClick -point (433,288) 
#i dicmdCanvasMouseClick -point (305,280) 
#i dicmdCanvasMouseClick -point (305,280) 
#i dicmdCanvasMouseClick -point (305,280) 
#i dicmdCanvasMouseClick -point (305,280) 
#i dicmdCanvasMouseClick -point (243,254) 
#i dicmdCanvasMouseClick -point (243,254) 
#i dicmdCanvasMouseClick -point (243,254) 
#i dicmdCanvasMouseClick -point (243,254) 
#i dicmdCanvasMouseClick -point (237,204) 
#i dicmdCanvasMouseClick -point (237,204) 
#i dicmdCanvasMouseClick -point (237,204) 
#i dicmdCanvasMouseClick -point (237,204) 
#i dicmdCanvasMouseClick -point (198,188) 
#i dicmdCanvasMouseClick -point (198,188) 
#i dicmdCanvasMouseClick -point (198,188) 
#i dicmdCanvasMouseClick -point (198,188) 
#i dicmdCanvasMouseClick -point (198,188) 
#i dicmdCanvasMouseClick -point (198,188) 
#i dicmdCanvasMouseClick -point (198,188) 
#i dicmdCanvasMouseClick -point (198,188) 
#i dicmdCanvasMouseDblClick -point (198,188) 
#i dicmdCanvasMouseDblClick -point (198,188) 
#i dicmdCanvasMouseDblClick -point (198,188) 
#i dicmdCanvasMouseDblClick -point (198,188) 
#i incmdCreateObjEllipse
#i dicmdQaCanvasCompare 
#t dicmdQaCanvasCompare-compare-pass: canvas_compare_0.png canvas_compare_0.png.golden
#i dicmdCanvasMouseClick -point (383,156) 
#i dicmdCanvasMouseClick -point (383,156) 
#i dicmdCanvasMouseClick -point (436,215) 
#i dicmdCanvasMouseClick -point (436,215) 
#i dicmdCanvasMouseClick -point (607,313) 
#i dicmdCanvasMouseClick -point (607,313) 
#i dicmdCanvasMouseClick -point (663,360) 
#i dicmdCanvasMouseClick -point (663,360) 
#i dicmdCanvasMouseClick -point (663,360) 
#i dicmdCanvasMouseClick -point (663,360) 
#i incmdSelectShapesByRegion
#i dicmdCanvasMouseClick -point (70,30) 
#i dicmdCanvasMouseClick -point (70,30) 
#i dicmdCanvasMouseClick -point (798,602) 
#i dicmdCanvasMouseClick -point (798,602) 
#i dicmdCanvasMouseMove -point (663,360) 
#i dicmdQaCanvasCompare 
#t dicmdQaCanvasCompare-compare-pass: canvas_compare_1.png canvas_compare_1.png.golden
#i dicmdAbortActiveCommand 
#i dicmdQaCanvasCompare 
#t dicmdQaCanvasCompare-compare-pass: canvas_compare_2.png canvas_compare_2.png.golden
#i dicmdQaToolExit 
