QWidget::paintEngine: Should no longer be called
QPainter::begin: Paint device returned engine == 0, type: 1
 tab bar 
Error: Found widget with no texting property or objectName. Devs please do something. Widget's Hier path : QToolButton in mw/5/10/Console/qt_tabwidget_tabbar/
Error: Found widget with no texting property or objectName. Devs please do something. Widget's Hier path : QToolButton in mw/5/10/Console/qt_tabwidget_tabbar/
 tab bar 
Error: Found widget with no texting property or objectName. Devs please do something. Widget's Hier path : QPushButton in mw/65/70/Home/qt_tabwidget_stackedwidget/111/141/147/
Error: Found widget with no texting property or objectName. Devs please do something. Widget's Hier path : QPushButton in mw/65/70/Home/qt_tabwidget_stackedwidget/111/141/147/
Error: Found widget with no texting property or objectName. Devs please do something. Widget's Hier path : QPushButton in mw/65/70/Home/qt_tabwidget_stackedwidget/111/141/147/
Error: Found widget with no texting property or objectName. Devs please do something. Widget's Hier path : QPushButton in mw/65/70/Home/qt_tabwidget_stackedwidget/111/141/147/
Error: Found widget with no texting property or objectName. Devs please do something. Widget's Hier path : QPushButton in mw/65/70/Home/qt_tabwidget_stackedwidget/111/141/147/
Error: Found widget with no texting property or objectName. Devs please do something. Widget's Hier path : QPushButton in mw/65/70/Home/qt_tabwidget_stackedwidget/111/141/147/
Error: Found widget with no texting property or objectName. Devs please do something. Widget's Hier path : QPushButton in mw/65/70/Home/qt_tabwidget_stackedwidget/111/141/147/
Error: Found widget with no texting property or objectName. Devs please do something. Widget's Hier path : QRadioButton in mw/65/70/Home/qt_tabwidget_stackedwidget/111/164/
Error: Found widget with no texting property or objectName. Devs please do something. Widget's Hier path : QRadioButton in mw/65/70/Home/qt_tabwidget_stackedwidget/111/164/
Error: Found widget with no texting property or objectName. Devs please do something. Widget's Hier path : QRadioButton in mw/65/70/Home/qt_tabwidget_stackedwidget/111/164/
Error: Found widget with no texting property or objectName. Devs please do something. Widget's Hier path : QRadioButton in mw/65/70/Home/qt_tabwidget_stackedwidget/111/179/
Error: Found widget with no texting property or objectName. Devs please do something. Widget's Hier path : QRadioButton in mw/65/70/Home/qt_tabwidget_stackedwidget/111/179/
Error: Found widget with no texting property or objectName. Devs please do something. Widget's Hier path : QRadioButton in mw/65/70/Home/qt_tabwidget_stackedwidget/111/179/
Error: Found widget with no texting property or objectName. Devs please do something. Widget's Hier path : QToolButton in mw/65/70/Home/qt_tabwidget_tabbar/
Error: Found widget with no texting property or objectName. Devs please do something. Widget's Hier path : QToolButton in mw/65/70/Home/qt_tabwidget_tabbar/
Welcome to this project. Feel free to expirment. 
recv
Set to mode1
dicmdguiClickButton -object mw/65/70/Home/qt_tabwidget_tabbar 
something went wrong with this command
 Error: Fixme Exception or Error?? 
dicmdguiClickButton -object 0x104:Rectangle 
incmdCreateObjRectangle
incmdCreateObjRectangle
dicmdCanvasMouseMove -point (111,21) 
dicmdCanvasMouseMove -point (113,47) 
dicmdCanvasMouseMove -point (117,77) 
dicmdCanvasMouseMove -point (119,103) 
dicmdCanvasMouseMove -point (119,129) 
dicmdCanvasMouseMove -point (119,151) 
dicmdCanvasMouseMove -point (115,171) 
dicmdCanvasMouseMove -point (113,189) 
dicmdCanvasMouseMove -point (111,215) 
dicmdCanvasMouseMove -point (111,221) 
dicmdCanvasMouseMove -point (111,222) 
dicmdCanvasMouseClick -point (111,222) 
dicmdCanvasMouseClick -point (111,222) 
dicmdCanvasMouseMove -point (112,222) 
dicmdCanvasMouseMove -point (113,222) 
dicmdCanvasMouseMove -point (115,222) 
dicmdCanvasMouseMove -point (119,222) 
dicmdCanvasMouseMove -point (124,223) 
dicmdCanvasMouseMove -point (128,224) 
dicmdCanvasMouseMove -point (135,228) 
dicmdCanvasMouseMove -point (142,230) 
dicmdCanvasMouseMove -point (147,232) 
dicmdCanvasMouseMove -point (153,236) 
dicmdCanvasMouseMove -point (158,239) 
dicmdCanvasMouseMove -point (164,244) 
dicmdCanvasMouseMove -point (168,246) 
dicmdCanvasMouseMove -point (173,251) 
dicmdCanvasMouseMove -point (179,258) 
dicmdCanvasMouseMove -point (189,263) 
dicmdCanvasMouseMove -point (196,269) 
dicmdCanvasMouseMove -point (202,273) 
dicmdCanvasMouseMove -point (208,276) 
dicmdCanvasMouseMove -point (213,276) 
dicmdCanvasMouseMove -point (214,275) 
dicmdCanvasMouseMove -point (215,272) 
dicmdCanvasMouseMove -point (215,265) 
dicmdCanvasMouseMove -point (213,254) 
dicmdCanvasMouseMove -point (209,239) 
dicmdCanvasMouseMove -point (203,218) 
dicmdCanvasMouseMove -point (190,193) 
dicmdCanvasMouseMove -point (182,166) 
dicmdCanvasMouseMove -point (161,132) 
dicmdCanvasMouseMove -point (151,102) 
dicmdCanvasMouseMove -point (137,78) 
dicmdCanvasMouseMove -point (127,56) 
dicmdCanvasMouseMove -point (117,36) 
dicmdCanvasMouseMove -point (115,22) 
dicmdCanvasMouseMove -point (109,10) 
dicmdCanvasMouseMove -point (105,0) 
dicmdguiClickButton -object mw/65/70/Home/qt_tabwidget_tabbar 
something went wrong with this command
 Error: Fixme Exception or Error?? 
dicmdCanvasMouseMove -point (308,10) 
dicmdCanvasMouseMove -point (336,23) 
dicmdCanvasMouseMove -point (366,42) 
dicmdCanvasMouseMove -point (396,62) 
dicmdCanvasMouseMove -point (420,78) 
dicmdCanvasMouseMove -point (442,94) 
dicmdCanvasMouseMove -point (462,112) 
dicmdCanvasMouseMove -point (472,124) 
dicmdCanvasMouseMove -point (478,138) 
dicmdCanvasMouseMove -point (482,156) 
dicmdCanvasMouseMove -point (488,174) 
dicmdCanvasMouseMove -point (486,190) 
dicmdCanvasMouseMove -point (485,202) 
dicmdCanvasMouseMove -point (481,213) 
dicmdCanvasMouseMove -point (480,223) 
dicmdCanvasMouseMove -point (477,231) 
dicmdCanvasMouseMove -point (474,235) 
dicmdCanvasMouseMove -point (468,238) 
dicmdCanvasMouseMove -point (464,241) 
dicmdCanvasMouseMove -point (460,243) 
dicmdCanvasMouseMove -point (457,243) 
dicmdCanvasMouseMove -point (457,244) 
dicmdCanvasMouseMove -point (458,241) 
dicmdCanvasMouseMove -point (459,232) 
dicmdCanvasMouseMove -point (470,216) 
dicmdCanvasMouseMove -point (473,198) 
dicmdCanvasMouseMove -point (477,179) 
dicmdCanvasMouseMove -point (483,164) 
dicmdCanvasMouseMove -point (485,149) 
dicmdCanvasMouseMove -point (488,135) 
dicmdCanvasMouseMove -point (492,122) 
dicmdCanvasMouseMove -point (495,106) 
dicmdCanvasMouseMove -point (499,92) 
dicmdCanvasMouseMove -point (499,74) 
dicmdCanvasMouseMove -point (495,55) 
dicmdCanvasMouseMove -point (495,42) 
dicmdCanvasMouseMove -point (495,28) 
dicmdCanvasMouseMove -point (497,16) 
dicmdCanvasMouseMove -point (502,5) 
dicmdguiClickButton -object 0x108:blue 
dicmdCanvasMouseMove -point (483,1) 
dicmdCanvasMouseMove -point (486,14) 
dicmdCanvasMouseMove -point (491,29) 
dicmdCanvasMouseMove -point (495,45) 
dicmdCanvasMouseMove -point (495,66) 
dicmdCanvasMouseMove -point (490,60) 
dicmdCanvasMouseMove -point (491,68) 
dicmdCanvasMouseMove -point (493,76) 
dicmdCanvasMouseMove -point (496,86) 
dicmdCanvasMouseMove -point (496,95) 
dicmdCanvasMouseMove -point (496,103) 
dicmdCanvasMouseMove -point (496,112) 
dicmdCanvasMouseMove -point (491,120) 
dicmdCanvasMouseMove -point (491,126) 
dicmdCanvasMouseMove -point (491,131) 
dicmdCanvasMouseMove -point (490,137) 
dicmdCanvasMouseMove -point (490,139) 
dicmdCanvasMouseMove -point (490,142) 
dicmdCanvasMouseMove -point (490,143) 
dicmdCanvasMouseMove -point (490,144) 
dicmdCanvasMouseMove -point (489,144) 
dicmdCanvasMouseMove -point (488,144) 
dicmdCanvasMouseMove -point (487,145) 
dicmdCanvasMouseMove -point (486,146) 
dicmdCanvasMouseMove -point (485,147) 
dicmdCanvasMouseMove -point (483,148) 
dicmdCanvasMouseMove -point (481,150) 
dicmdCanvasMouseMove -point (480,153) 
dicmdCanvasMouseMove -point (479,156) 
dicmdCanvasMouseMove -point (478,158) 
dicmdCanvasMouseMove -point (476,160) 
dicmdCanvasMouseMove -point (476,163) 
dicmdCanvasMouseMove -point (474,164) 
dicmdCanvasMouseMove -point (474,166) 
dicmdCanvasMouseMove -point (473,167) 
dicmdCanvasMouseMove -point (472,168) 
dicmdCanvasMouseMove -point (471,169) 
dicmdCanvasMouseMove -point (470,169) 
dicmdCanvasMouseMove -point (469,169) 
dicmdCanvasMouseMove -point (468,169) 
dicmdCanvasMouseMove -point (466,169) 
dicmdCanvasMouseMove -point (465,168) 
dicmdCanvasMouseMove -point (463,168) 
dicmdCanvasMouseMove -point (461,166) 
dicmdCanvasMouseMove -point (458,164) 
dicmdCanvasMouseMove -point (457,163) 
dicmdCanvasMouseMove -point (455,162) 
dicmdCanvasMouseMove -point (453,159) 
dicmdCanvasMouseMove -point (450,157) 
dicmdCanvasMouseMove -point (448,154) 
dicmdCanvasMouseMove -point (445,151) 
dicmdCanvasMouseMove -point (442,148) 
dicmdCanvasMouseMove -point (439,146) 
dicmdCanvasMouseMove -point (437,143) 
dicmdCanvasMouseMove -point (434,141) 
dicmdCanvasMouseMove -point (432,138) 
dicmdCanvasMouseMove -point (429,136) 
dicmdCanvasMouseMove -point (427,134) 
dicmdCanvasMouseMove -point (424,133) 
dicmdCanvasMouseMove -point (423,133) 
dicmdCanvasMouseMove -point (421,132) 
dicmdCanvasMouseMove -point (420,132) 
dicmdCanvasMouseMove -point (420,131) 
dicmdCanvasMouseClick -point (420,131) 
dicmdCanvasMouseClick -point (420,131) 
dicmdCreateObjRectangle -brush 1 -color #0000ff -fill 9 -points {(111,222);(420,131)} 
dicmdCreateObjRectangle -brush 1 -color #0000ff -fill 9 -points {(111,222);(420,131)} 
dicmdCanvasMouseMove -point (423,132) 
dicmdCanvasMouseMove -point (426,133) 
dicmdCanvasMouseMove -point (432,137) 
dicmdCanvasMouseMove -point (439,141) 
dicmdCanvasMouseMove -point (447,146) 
dicmdCanvasMouseMove -point (457,152) 
dicmdCanvasMouseMove -point (462,156) 
dicmdCanvasMouseMove -point (469,159) 
dicmdCanvasMouseMove -point (473,162) 
dicmdCanvasMouseMove -point (479,164) 
dicmdCanvasMouseMove -point (482,167) 
dicmdCanvasMouseMove -point (488,169) 
dicmdCanvasMouseMove -point (491,172) 
dicmdCanvasMouseMove -point (494,173) 
dicmdCanvasMouseMove -point (496,173) 
dicmdCanvasMouseMove -point (500,176) 
dicmdCanvasMouseMove -point (502,176) 
dicmdCanvasMouseMove -point (502,177) 
dicmdCanvasMouseClick -point (502,177) 
dicmdCanvasMouseClick -point (502,177) 
dicmdCanvasMouseMove -point (503,178) 
dicmdCanvasMouseMove -point (504,182) 
dicmdCanvasMouseMove -point (506,186) 
dicmdCanvasMouseMove -point (507,187) 
dicmdCanvasMouseMove -point (509,191) 
dicmdCanvasMouseMove -point (512,195) 
dicmdCanvasMouseMove -point (514,199) 
dicmdCanvasMouseMove -point (517,202) 
dicmdCanvasMouseMove -point (519,205) 
dicmdCanvasMouseMove -point (521,208) 
dicmdCanvasMouseMove -point (524,212) 
dicmdCanvasMouseMove -point (527,215) 
dicmdCanvasMouseMove -point (529,217) 
dicmdCanvasMouseMove -point (532,221) 
dicmdCanvasMouseMove -point (535,223) 
dicmdCanvasMouseMove -point (538,223) 
dicmdCanvasMouseMove -point (546,227) 
dicmdCanvasMouseMove -point (551,228) 
dicmdCanvasMouseMove -point (554,229) 
dicmdCanvasMouseMove -point (557,229) 
dicmdCanvasMouseMove -point (558,228) 
dicmdCanvasMouseMove -point (559,227) 
dicmdCanvasMouseMove -point (561,225) 
dicmdCanvasMouseMove -point (561,222) 
dicmdCanvasMouseMove -point (561,216) 
dicmdCanvasMouseMove -point (561,211) 
dicmdCanvasMouseMove -point (560,203) 
dicmdCanvasMouseMove -point (560,195) 
dicmdCanvasMouseMove -point (556,186) 
dicmdCanvasMouseMove -point (554,174) 
dicmdCanvasMouseMove -point (551,164) 
dicmdCanvasMouseMove -point (548,156) 
dicmdCanvasMouseMove -point (548,144) 
dicmdCanvasMouseMove -point (544,133) 
dicmdCanvasMouseMove -point (544,122) 
dicmdCanvasMouseMove -point (540,112) 
dicmdCanvasMouseMove -point (537,101) 
dicmdCanvasMouseMove -point (534,92) 
dicmdCanvasMouseMove -point (531,86) 
dicmdCanvasMouseMove -point (528,79) 
dicmdCanvasMouseMove -point (525,72) 
dicmdCanvasMouseMove -point (522,66) 
dicmdCanvasMouseMove -point (520,61) 
dicmdCanvasMouseMove -point (517,56) 
dicmdCanvasMouseMove -point (516,53) 
dicmdCanvasMouseMove -point (516,50) 
dicmdCanvasMouseMove -point (515,48) 
dicmdCanvasMouseMove -point (514,44) 
dicmdCanvasMouseMove -point (514,40) 
dicmdCanvasMouseMove -point (514,37) 
dicmdCanvasMouseMove -point (514,33) 
dicmdCanvasMouseMove -point (511,27) 
dicmdCanvasMouseMove -point (508,19) 
dicmdCanvasMouseMove -point (508,16) 
dicmdCanvasMouseMove -point (505,10) 
dicmdCanvasMouseMove -point (503,5) 
dicmdCanvasMouseMove -point (500,2) 
dicmdCanvasMouseMove -point (499,0) 
dicmdguiClickButton -object 0x108:cyan 
dicmdCanvasMouseMove -point (549,5) 
dicmdCanvasMouseMove -point (552,11) 
dicmdCanvasMouseMove -point (554,17) 
dicmdCanvasMouseMove -point (557,24) 
dicmdCanvasMouseMove -point (558,29) 
dicmdCanvasMouseMove -point (558,36) 
dicmdCanvasMouseMove -point (558,45) 
dicmdCanvasMouseMove -point (559,54) 
dicmdCanvasMouseMove -point (559,64) 
dicmdCanvasMouseMove -point (559,75) 
dicmdCanvasMouseMove -point (559,84) 
dicmdCanvasMouseMove -point (562,94) 
dicmdCanvasMouseMove -point (565,102) 
dicmdCanvasMouseMove -point (566,107) 
dicmdCanvasMouseMove -point (568,111) 
dicmdCanvasMouseMove -point (569,118) 
dicmdCanvasMouseMove -point (571,122) 
dicmdCanvasMouseMove -point (571,127) 
dicmdCanvasMouseMove -point (571,132) 
dicmdCanvasMouseMove -point (571,138) 
dicmdCanvasMouseMove -point (571,144) 
dicmdCanvasMouseMove -point (571,150) 
dicmdCanvasMouseMove -point (569,158) 
dicmdCanvasMouseMove -point (568,161) 
dicmdCanvasMouseMove -point (567,165) 
dicmdCanvasMouseMove -point (567,167) 
dicmdCanvasMouseMove -point (567,168) 
dicmdCanvasMouseMove -point (567,169) 
dicmdCanvasMouseMove -point (565,169) 
dicmdCanvasMouseMove -point (565,172) 
dicmdCanvasMouseMove -point (565,174) 
dicmdCanvasMouseMove -point (565,175) 
dicmdCanvasMouseMove -point (565,176) 
dicmdCanvasMouseMove -point (563,178) 
dicmdCanvasMouseMove -point (561,178) 
dicmdCanvasMouseMove -point (561,180) 
dicmdCanvasMouseMove -point (561,182) 
dicmdCanvasMouseMove -point (560,185) 
dicmdCanvasMouseMove -point (558,187) 
dicmdCanvasMouseMove -point (557,192) 
dicmdCanvasMouseMove -point (553,196) 
dicmdCanvasMouseMove -point (549,201) 
dicmdCanvasMouseMove -point (548,211) 
dicmdCanvasMouseMove -point (544,220) 
dicmdCanvasMouseMove -point (539,227) 
dicmdCanvasMouseMove -point (533,235) 
dicmdCanvasMouseMove -point (527,240) 
dicmdCanvasMouseMove -point (522,247) 
dicmdCanvasMouseMove -point (516,250) 
dicmdCanvasMouseMove -point (513,257) 
dicmdCanvasMouseMove -point (509,261) 
dicmdCanvasMouseMove -point (506,265) 
dicmdCanvasMouseMove -point (504,270) 
dicmdCanvasMouseMove -point (501,272) 
dicmdCanvasMouseMove -point (500,276) 
dicmdCanvasMouseMove -point (499,278) 
dicmdCanvasMouseMove -point (496,281) 
dicmdCanvasMouseMove -point (495,282) 
dicmdCanvasMouseMove -point (495,284) 
dicmdCanvasMouseMove -point (494,284) 
dicmdCanvasMouseMove -point (494,285) 
dicmdCanvasMouseMove -point (495,285) 
dicmdCanvasMouseMove -point (496,285) 
dicmdCanvasMouseMove -point (497,285) 
dicmdCanvasMouseMove -point (498,285) 
dicmdCanvasMouseMove -point (499,285) 
dicmdCanvasMouseMove -point (499,283) 
dicmdCanvasMouseMove -point (501,283) 
dicmdCanvasMouseMove -point (503,282) 
dicmdCanvasMouseMove -point (506,282) 
dicmdCanvasMouseMove -point (508,281) 
dicmdCanvasMouseMove -point (510,280) 
dicmdCanvasMouseMove -point (513,280) 
dicmdCanvasMouseMove -point (515,279) 
dicmdCanvasMouseMove -point (517,278) 
dicmdCanvasMouseMove -point (520,277) 
dicmdCanvasMouseMove -point (522,276) 
dicmdCanvasMouseMove -point (525,275) 
dicmdCanvasMouseMove -point (530,275) 
dicmdCanvasMouseMove -point (533,274) 
dicmdCanvasMouseMove -point (536,273) 
dicmdCanvasMouseMove -point (538,272) 
dicmdCanvasMouseMove -point (541,270) 
dicmdCanvasMouseMove -point (544,270) 
dicmdCanvasMouseMove -point (547,269) 
dicmdCanvasMouseMove -point (550,269) 
dicmdCanvasMouseMove -point (552,269) 
dicmdCanvasMouseMove -point (554,268) 
dicmdCanvasMouseMove -point (555,268) 
dicmdCanvasMouseMove -point (556,268) 
dicmdCanvasMouseMove -point (557,268) 
dicmdCanvasMouseMove -point (558,268) 
dicmdCanvasMouseMove -point (559,268) 
dicmdCanvasMouseMove -point (560,267) 
dicmdCanvasMouseMove -point (561,267) 
dicmdCanvasMouseMove -point (564,267) 
dicmdCanvasMouseMove -point (566,267) 
dicmdCanvasMouseMove -point (567,267) 
dicmdCanvasMouseMove -point (569,267) 
dicmdCanvasMouseMove -point (571,267) 
dicmdCanvasMouseMove -point (573,267) 
dicmdCanvasMouseMove -point (575,267) 
dicmdCanvasMouseMove -point (576,267) 
dicmdCanvasMouseMove -point (577,267) 
dicmdCanvasMouseMove -point (578,267) 
dicmdCanvasMouseMove -point (580,267) 
dicmdCanvasMouseMove -point (582,267) 
dicmdCanvasMouseMove -point (583,267) 
dicmdCanvasMouseMove -point (585,267) 
dicmdCanvasMouseMove -point (587,267) 
dicmdCanvasMouseMove -point (589,267) 
dicmdCanvasMouseMove -point (591,267) 
dicmdCanvasMouseMove -point (593,267) 
dicmdCanvasMouseMove -point (595,267) 
dicmdCanvasMouseMove -point (596,266) 
dicmdCanvasMouseMove -point (597,266) 
dicmdCanvasMouseMove -point (598,266) 
dicmdCanvasMouseMove -point (599,265) 
dicmdCanvasMouseClick -point (599,265) 
dicmdCanvasMouseClick -point (599,265) 
dicmdCreateObjRectangle -brush 1 -color #00ffff -fill 9 -points {(502,177);(599,265)} 
dicmdCreateObjRectangle -brush 1 -color #00ffff -fill 9 -points {(502,177);(599,265)} 
dicmdCanvasMouseMove -point (598,265) 
dicmdCanvasMouseMove -point (598,264) 
dicmdCanvasMouseMove -point (598,260) 
dicmdCanvasMouseMove -point (598,252) 
dicmdCanvasMouseMove -point (598,243) 
dicmdCanvasMouseMove -point (598,237) 
dicmdCanvasMouseMove -point (598,230) 
dicmdCanvasMouseMove -point (598,222) 
dicmdCanvasMouseMove -point (598,216) 
dicmdCanvasMouseMove -point (598,208) 
dicmdCanvasMouseMove -point (598,202) 
dicmdCanvasMouseMove -point (600,196) 
dicmdCanvasMouseMove -point (602,191) 
dicmdCanvasMouseMove -point (605,183) 
dicmdCanvasMouseMove -point (609,177) 
dicmdCanvasMouseMove -point (610,169) 
dicmdCanvasMouseMove -point (614,163) 
dicmdCanvasMouseMove -point (615,157) 
dicmdCanvasMouseMove -point (616,151) 
dicmdCanvasMouseMove -point (619,147) 
dicmdCanvasMouseMove -point (620,143) 
dicmdCanvasMouseMove -point (621,138) 
dicmdCanvasMouseMove -point (624,135) 
dicmdCanvasMouseMove -point (626,132) 
dicmdCanvasMouseMove -point (627,130) 
dicmdCanvasMouseMove -point (627,129) 
dicmdCanvasMouseMove -point (629,128) 
dicmdCanvasMouseMove -point (629,126) 
dicmdCanvasMouseClick -point (629,126) 
dicmdCanvasMouseClick -point (629,126) 
dicmdCanvasMouseMove -point (630,126) 
dicmdCanvasMouseMove -point (633,126) 
dicmdCanvasMouseMove -point (636,126) 
dicmdCanvasMouseMove -point (641,127) 
dicmdCanvasMouseMove -point (646,130) 
dicmdCanvasMouseMove -point (652,132) 
dicmdCanvasMouseMove -point (659,134) 
dicmdCanvasMouseMove -point (659,136) 
dicmdCanvasMouseMove -point (662,139) 
dicmdCanvasMouseMove -point (670,146) 
dicmdCanvasMouseMove -point (673,152) 
dicmdCanvasMouseMove -point (677,156) 
dicmdCanvasMouseMove -point (679,160) 
dicmdCanvasMouseMove -point (681,164) 
dicmdCanvasMouseMove -point (683,167) 
dicmdCanvasMouseMove -point (683,169) 
dicmdCanvasMouseMove -point (684,170) 
dicmdCanvasMouseMove -point (685,171) 
dicmdCanvasMouseMove -point (684,170) 
dicmdCanvasMouseMove -point (683,169) 
dicmdCanvasMouseMove -point (681,166) 
dicmdCanvasMouseMove -point (679,163) 
dicmdCanvasMouseMove -point (677,159) 
dicmdCanvasMouseMove -point (674,153) 
dicmdCanvasMouseMove -point (671,145) 
dicmdCanvasMouseMove -point (668,137) 
dicmdCanvasMouseMove -point (663,130) 
dicmdCanvasMouseMove -point (660,120) 
dicmdCanvasMouseMove -point (654,110) 
dicmdCanvasMouseMove -point (649,100) 
dicmdCanvasMouseMove -point (645,90) 
dicmdCanvasMouseMove -point (641,81) 
dicmdCanvasMouseMove -point (634,71) 
dicmdCanvasMouseMove -point (627,62) 
dicmdCanvasMouseMove -point (621,53) 
dicmdCanvasMouseMove -point (617,47) 
dicmdCanvasMouseMove -point (610,41) 
dicmdCanvasMouseMove -point (607,35) 
dicmdCanvasMouseMove -point (603,30) 
dicmdCanvasMouseMove -point (603,28) 
dicmdCanvasMouseMove -point (601,26) 
dicmdCanvasMouseMove -point (601,24) 
dicmdCanvasMouseMove -point (599,21) 
dicmdCanvasMouseMove -point (598,18) 
dicmdCanvasMouseMove -point (596,16) 
dicmdCanvasMouseMove -point (596,13) 
dicmdCanvasMouseMove -point (596,12) 
dicmdCanvasMouseMove -point (597,10) 
dicmdCanvasMouseMove -point (597,8) 
dicmdCanvasMouseMove -point (598,6) 
dicmdCanvasMouseMove -point (600,6) 
dicmdCanvasMouseMove -point (600,3) 
dicmdCanvasMouseMove -point (602,3) 
dicmdCanvasMouseMove -point (604,3) 
dicmdCanvasMouseMove -point (606,3) 
dicmdCanvasMouseMove -point (608,3) 
dicmdCanvasMouseMove -point (610,3) 
dicmdCanvasMouseMove -point (612,2) 
dicmdCanvasMouseMove -point (613,1) 
dicmdCanvasMouseMove -point (615,0) 
dicmdguiSelectRadioButton -object 0x109:qradiobutton_175 
dicmdguiClickButton -object 0x109:qradiobutton_175 
dicmdguiSelectRadioButton -object 0x110:qradiobutton_192 
dicmdguiClickButton -object 0x110:qradiobutton_192 
dicmdCanvasMouseMove -point (722,5) 
dicmdCanvasMouseMove -point (727,13) 
dicmdCanvasMouseMove -point (731,17) 
dicmdCanvasMouseMove -point (733,21) 
dicmdCanvasMouseMove -point (737,23) 
dicmdCanvasMouseMove -point (738,25) 
dicmdCanvasMouseMove -point (739,26) 
dicmdCanvasMouseMove -point (741,27) 
dicmdCanvasMouseMove -point (741,29) 
dicmdCanvasMouseMove -point (742,30) 
dicmdCanvasMouseMove -point (743,34) 
dicmdCanvasMouseMove -point (744,36) 
dicmdCanvasMouseMove -point (745,39) 
dicmdCanvasMouseMove -point (746,45) 
dicmdCanvasMouseMove -point (746,50) 
dicmdCanvasMouseMove -point (745,53) 
dicmdCanvasMouseMove -point (743,55) 
dicmdCanvasMouseMove -point (740,56) 
dicmdCanvasMouseMove -point (736,58) 
dicmdCanvasMouseMove -point (730,59) 
dicmdCanvasMouseMove -point (721,59) 
dicmdCanvasMouseMove -point (712,59) 
dicmdCanvasMouseMove -point (700,56) 
dicmdCanvasMouseMove -point (687,53) 
dicmdCanvasMouseMove -point (675,49) 
dicmdCanvasMouseMove -point (661,44) 
dicmdCanvasMouseMove -point (647,39) 
dicmdCanvasMouseMove -point (634,33) 
dicmdCanvasMouseMove -point (624,28) 
dicmdCanvasMouseMove -point (612,22) 
dicmdCanvasMouseMove -point (602,14) 
dicmdCanvasMouseMove -point (591,6) 
dicmdguiClickButton -object 0x108:yellow 
dicmdCanvasMouseMove -point (610,0) 
dicmdCanvasMouseMove -point (621,8) 
dicmdCanvasMouseMove -point (631,17) 
dicmdCanvasMouseMove -point (639,22) 
dicmdCanvasMouseMove -point (647,28) 
dicmdCanvasMouseMove -point (654,33) 
dicmdCanvasMouseMove -point (659,36) 
dicmdCanvasMouseMove -point (664,40) 
dicmdCanvasMouseMove -point (670,43) 
dicmdCanvasMouseMove -point (677,46) 
dicmdCanvasMouseMove -point (683,49) 
dicmdCanvasMouseMove -point (690,55) 
dicmdCanvasMouseMove -point (697,59) 
dicmdCanvasMouseMove -point (706,65) 
dicmdCanvasMouseMove -point (711,69) 
dicmdCanvasMouseMove -point (721,73) 
dicmdCanvasMouseMove -point (727,80) 
dicmdCanvasMouseMove -point (737,85) 
dicmdCanvasMouseMove -point (745,91) 
dicmdCanvasMouseMove -point (754,97) 
dicmdCanvasMouseMove -point (761,101) 
dicmdCanvasMouseMove -point (767,106) 
dicmdCanvasMouseMove -point (771,107) 
dicmdCanvasMouseMove -point (772,108) 
dicmdCanvasMouseMove -point (774,108) 
dicmdCanvasMouseMove -point (775,108) 
dicmdCanvasMouseMove -point (776,108) 
dicmdCanvasMouseMove -point (778,105) 
dicmdCanvasMouseMove -point (780,105) 
dicmdCanvasMouseMove -point (782,103) 
dicmdCanvasMouseMove -point (783,100) 
dicmdCanvasMouseMove -point (784,96) 
dicmdCanvasMouseMove -point (786,93) 
dicmdCanvasMouseMove -point (787,91) 
dicmdCanvasMouseMove -point (787,87) 
dicmdCanvasMouseMove -point (788,82) 
dicmdCanvasMouseMove -point (789,79) 
dicmdCanvasMouseMove -point (789,77) 
dicmdCanvasMouseMove -point (789,75) 
dicmdCanvasMouseMove -point (790,72) 
dicmdCanvasMouseMove -point (790,70) 
dicmdCanvasMouseMove -point (790,68) 
dicmdCanvasMouseMove -point (790,66) 
dicmdCanvasMouseMove -point (790,64) 
dicmdCanvasMouseMove -point (790,63) 
dicmdCanvasMouseMove -point (790,62) 
dicmdCanvasMouseMove -point (790,61) 
dicmdCanvasMouseMove -point (790,60) 
dicmdCanvasMouseMove -point (790,58) 
dicmdCanvasMouseMove -point (790,57) 
dicmdCanvasMouseMove -point (790,55) 
dicmdCanvasMouseMove -point (790,53) 
dicmdCanvasMouseMove -point (790,51) 
dicmdCanvasMouseMove -point (791,50) 
dicmdCanvasMouseMove -point (791,48) 
dicmdCanvasMouseMove -point (791,46) 
dicmdCanvasMouseMove -point (791,45) 
dicmdCanvasMouseClick -point (791,45) 
dicmdCanvasMouseClick -point (791,45) 
dicmdCreateObjRectangle -brush 3 -color #ffff00 -fill 10 -points {(629,126);(791,45)} 
dicmdCreateObjRectangle -brush 3 -color #ffff00 -fill 10 -points {(629,126);(791,45)} 
dicmdCanvasMouseMove -point (793,49) 
dicmdCanvasMouseMove -point (796,58) 
dicmdCanvasMouseMove -point (801,70) 
dicmdCanvasMouseMove -point (808,83) 
dicmdCanvasMouseMove -point (811,95) 
dicmdCanvasMouseMove -point (816,107) 
dicmdCanvasMouseMove -point (820,118) 
dicmdCanvasMouseMove -point (821,131) 
dicmdCanvasMouseMove -point (823,141) 
dicmdCanvasMouseMove -point (825,152) 
dicmdCanvasMouseMove -point (825,162) 
dicmdCanvasMouseMove -point (828,175) 
dicmdCanvasMouseMove -point (829,186) 
dicmdCanvasMouseMove -point (836,197) 
dicmdCanvasMouseMove -point (840,208) 
dicmdCanvasMouseMove -point (848,221) 
dicmdCanvasMouseMove -point (855,232) 
dicmdCanvasMouseMove -point (859,241) 
dicmdCanvasMouseMove -point (864,249) 
dicmdCanvasMouseMove -point (870,255) 
dicmdCanvasMouseMove -point (872,258) 
dicmdCanvasMouseMove -point (873,263) 
dicmdCanvasMouseMove -point (875,265) 
dicmdCanvasMouseMove -point (874,267) 
dicmdCanvasMouseMove -point (873,267) 
dicmdCanvasMouseMove -point (872,267) 
dicmdCanvasMouseMove -point (871,267) 
dicmdCanvasMouseMove -point (870,268) 
dicmdCanvasMouseMove -point (870,269) 
dicmdCanvasMouseMove -point (869,269) 
dicmdAbortActiveCommand 
dicmdguiClickButton -object mw/65/70/Home/qt_tabwidget_tabbar 
something went wrong with this command
 Error: Fixme Exception or Error?? 
dicmdguiClickButton -object mw/65/70/Home/qt_tabwidget_tabbar 
something went wrong with this command
 Error: Fixme Exception or Error?? 
dicmdguiClickButton -object 0x106:Undo 
dicmdTransactionUndo -steps 1 
dicmdTransactionUndo -steps 1 
dicmdTransactionUndo -steps 1 
dicmdguiClickButton -object 0x106:Undo 
dicmdTransactionUndo -steps 1 
dicmdTransactionUndo -steps 1 
dicmdguiClickButton -object 0x106:Redo 
dicmdTransactionRedo -steps 1 
dicmdTransactionRedo -steps 1 
dicmdTransactionRedo -steps 1 
dicmdguiClickButton -object 0x106:Redo 
dicmdTransactionRedo -steps 1 
dicmdTransactionRedo -steps 1 
dicmdguiClickButton -object 0x106:Redo 
dicmdTransactionRedo -steps 1 
dicmdTransactionRedo -steps 1 
dicmdguiClickButton -object 0x106:Redo 
dicmdTransactionRedo -steps 1 
dicmdTransactionRedo -steps 1 
dicmdTransactionRedo -steps 1 
dicmdguiClickButton -object 0x106:Redo 
dicmdTransactionRedo -steps 1 
dicmdTransactionRedo -steps 1 
dicmdguiClickButton -object 0x106:Undo 
dicmdTransactionUndo -steps 1 
dicmdTransactionUndo -steps 1 
dicmdTransactionUndo -steps 1 
dicmdguiClickButton -object mw/65/70/Home/qt_tabwidget_tabbar 
something went wrong with this command
 Error: Fixme Exception or Error?? 
dicmdguiClickButton -object mw/65/70/Home/qt_tabwidget_tabbar 
something went wrong with this command
 Error: Fixme Exception or Error?? 
dicmdguiClickButton -object mw/65/70/Home/qt_tabwidget_tabbar 
something went wrong with this command
 Error: Fixme Exception or Error?? 
dicmdguiClickButton -object mw/65/70/Home/qt_tabwidget_tabbar 
something went wrong with this command
 Error: Fixme Exception or Error?? 
dicmdguiClickButton -object mw/65/70/Home/qt_tabwidget_tabbar 
something went wrong with this command
 Error: Fixme Exception or Error?? 
dicmdguiClickButton -object 0x104:Ellipse 
incmdCreateObjEllipse
incmdCreateObjEllipse
dicmdguiClickButton -object 0x104:Rectangle 
incmdCreateObjRectangle
incmdCreateObjRectangle
dicmdCanvasMouseMove -point (198,0) 
dicmdCanvasMouseMove -point (204,4) 
dicmdCanvasMouseMove -point (209,9) 
dicmdCanvasMouseMove -point (213,10) 
dicmdCanvasMouseMove -point (219,13) 
dicmdCanvasMouseMove -point (222,16) 
dicmdCanvasMouseMove -point (223,16) 
dicmdCanvasMouseMove -point (224,20) 
dicmdCanvasMouseMove -point (227,21) 
dicmdCanvasMouseMove -point (230,24) 
dicmdCanvasMouseMove -point (232,27) 
dicmdCanvasMouseMove -point (233,30) 
dicmdCanvasMouseMove -point (235,33) 
dicmdCanvasMouseMove -point (238,34) 
dicmdCanvasMouseMove -point (239,36) 
dicmdCanvasMouseMove -point (240,38) 
dicmdCanvasMouseMove -point (242,40) 
dicmdCanvasMouseMove -point (243,42) 
dicmdCanvasMouseMove -point (245,43) 
dicmdCanvasMouseMove -point (246,45) 
dicmdCanvasMouseMove -point (246,46) 
dicmdCanvasMouseMove -point (247,47) 
dicmdCanvasMouseMove -point (248,49) 
dicmdCanvasMouseMove -point (249,50) 
dicmdCanvasMouseMove -point (249,51) 
dicmdCanvasMouseMove -point (250,53) 
dicmdCanvasMouseMove -point (251,54) 
dicmdCanvasMouseMove -point (252,54) 
dicmdCanvasMouseClick -point (252,54) 
dicmdCanvasMouseClick -point (252,54) 
dicmdCanvasMouseMove -point (253,57) 
dicmdCanvasMouseMove -point (257,61) 
dicmdCanvasMouseMove -point (261,65) 
dicmdCanvasMouseMove -point (268,70) 
dicmdCanvasMouseMove -point (274,75) 
dicmdCanvasMouseMove -point (285,84) 
dicmdCanvasMouseMove -point (302,96) 
dicmdCanvasMouseMove -point (311,104) 
dicmdCanvasMouseMove -point (320,110) 
dicmdCanvasMouseMove -point (327,115) 
dicmdCanvasMouseMove -point (333,119) 
dicmdCanvasMouseMove -point (340,124) 
dicmdCanvasMouseMove -point (345,130) 
dicmdCanvasMouseMove -point (349,133) 
dicmdCanvasMouseMove -point (354,138) 
dicmdCanvasMouseMove -point (357,143) 
dicmdCanvasMouseMove -point (363,150) 
dicmdCanvasMouseMove -point (368,156) 
dicmdCanvasMouseMove -point (373,163) 
dicmdCanvasMouseMove -point (378,167) 
dicmdCanvasMouseMove -point (382,173) 
dicmdCanvasMouseMove -point (385,176) 
dicmdCanvasMouseMove -point (389,180) 
dicmdCanvasMouseMove -point (391,182) 
dicmdCanvasMouseMove -point (392,183) 
dicmdCanvasMouseMove -point (393,184) 
dicmdCanvasMouseMove -point (392,184) 
dicmdCanvasMouseMove -point (391,184) 
dicmdCanvasMouseMove -point (391,185) 
dicmdCanvasMouseMove -point (391,184) 
dicmdCanvasMouseMove -point (390,181) 
dicmdCanvasMouseMove -point (390,178) 
dicmdCanvasMouseMove -point (389,173) 
dicmdCanvasMouseMove -point (389,169) 
dicmdCanvasMouseMove -point (388,163) 
dicmdCanvasMouseMove -point (388,159) 
dicmdCanvasMouseMove -point (385,152) 
dicmdCanvasMouseMove -point (383,146) 
dicmdCanvasMouseMove -point (380,138) 
dicmdCanvasMouseMove -point (373,128) 
dicmdCanvasMouseMove -point (365,113) 
dicmdCanvasMouseMove -point (357,98) 
dicmdCanvasMouseMove -point (345,80) 
dicmdCanvasMouseMove -point (329,62) 
dicmdCanvasMouseMove -point (315,46) 
dicmdCanvasMouseMove -point (301,34) 
dicmdCanvasMouseMove -point (291,27) 
dicmdCanvasMouseMove -point (276,13) 
dicmdCanvasMouseMove -point (264,5) 
dicmdCanvasMouseMove -point (230,6) 
dicmdCanvasMouseMove -point (245,21) 
dicmdCanvasMouseMove -point (245,25) 
dicmdCanvasMouseMove -point (245,31) 
dicmdCanvasMouseMove -point (255,44) 
dicmdCanvasMouseMove -point (270,57) 
dicmdCanvasMouseMove -point (288,69) 
dicmdCanvasMouseMove -point (306,83) 
dicmdCanvasMouseMove -point (326,97) 
dicmdCanvasMouseMove -point (352,115) 
dicmdCanvasMouseMove -point (376,131) 
dicmdCanvasMouseMove -point (398,145) 
dicmdCanvasMouseMove -point (414,157) 
dicmdCanvasMouseMove -point (424,165) 
dicmdCanvasMouseMove -point (430,175) 
dicmdCanvasMouseMove -point (436,182) 
dicmdCanvasMouseMove -point (440,192) 
dicmdCanvasMouseMove -point (445,200) 
dicmdCanvasMouseMove -point (447,205) 
dicmdCanvasMouseMove -point (443,205) 
dicmdCanvasMouseMove -point (443,206) 
dicmdCanvasMouseMove -point (442,207) 
dicmdCanvasMouseMove -point (441,207) 
dicmdCanvasMouseMove -point (440,207) 
dicmdCanvasMouseMove -point (439,207) 
dicmdCanvasMouseMove -point (437,207) 
dicmdCanvasMouseMove -point (436,206) 
dicmdCanvasMouseMove -point (435,206) 
dicmdCanvasMouseMove -point (434,206) 
dicmdCanvasMouseMove -point (433,206) 
dicmdCanvasMouseMove -point (432,205) 
dicmdCanvasMouseMove -point (431,205) 
dicmdCanvasMouseMove -point (430,205) 
dicmdCanvasMouseMove -point (428,204) 
dicmdCanvasMouseMove -point (424,202) 
dicmdCanvasMouseMove -point (422,201) 
dicmdCanvasMouseMove -point (420,200) 
dicmdCanvasMouseMove -point (418,199) 
dicmdCanvasMouseMove -point (417,197) 
dicmdCanvasMouseMove -point (414,196) 
dicmdCanvasMouseMove -point (414,195) 
dicmdCanvasMouseClick -point (414,195) 
dicmdCanvasMouseClick -point (414,195) 
dicmdCreateObjRectangle -brush 3 -color #ffff00 -fill 10 -points {(252,54);(414,195)} 
dicmdCreateObjRectangle -brush 3 -color #ffff00 -fill 10 -points {(252,54);(414,195)} 
dicmdCanvasMouseMove -point (412,195) 
dicmdCanvasMouseMove -point (411,194) 
dicmdCanvasMouseMove -point (410,192) 
dicmdCanvasMouseMove -point (408,189) 
dicmdCanvasMouseMove -point (406,186) 
dicmdCanvasMouseMove -point (406,183) 
dicmdCanvasMouseMove -point (405,181) 
dicmdCanvasMouseMove -point (405,179) 
dicmdCanvasMouseMove -point (405,177) 
dicmdCanvasMouseMove -point (405,175) 
dicmdCanvasMouseMove -point (405,173) 
dicmdCanvasMouseMove -point (405,171) 
dicmdCanvasMouseMove -point (406,170) 
dicmdCanvasMouseMove -point (407,168) 
dicmdCanvasMouseMove -point (408,168) 
dicmdCanvasMouseMove -point (408,167) 
dicmdCanvasMouseMove -point (409,166) 
dicmdCanvasMouseMove -point (410,165) 
dicmdCanvasMouseMove -point (412,165) 
dicmdCanvasMouseMove -point (413,165) 
dicmdCanvasMouseMove -point (411,165) 
dicmdCanvasMouseMove -point (410,165) 
dicmdCanvasMouseMove -point (408,165) 
dicmdCanvasMouseMove -point (406,166) 
dicmdCanvasMouseMove -point (404,166) 
dicmdCanvasMouseMove -point (401,167) 
dicmdCanvasMouseMove -point (399,167) 
dicmdCanvasMouseMove -point (397,167) 
dicmdCanvasMouseMove -point (394,167) 
dicmdCanvasMouseMove -point (393,167) 
dicmdCanvasMouseMove -point (391,167) 
dicmdCanvasMouseMove -point (390,167) 
dicmdCanvasMouseMove -point (389,167) 
dicmdCanvasMouseClick -point (389,167) 
dicmdCanvasMouseClick -point (389,167) 
dicmdCanvasMouseMove -point (390,167) 
dicmdCanvasMouseMove -point (391,169) 
dicmdCanvasMouseMove -point (395,173) 
dicmdCanvasMouseMove -point (401,178) 
dicmdCanvasMouseMove -point (406,182) 
dicmdCanvasMouseMove -point (414,187) 
dicmdCanvasMouseMove -point (419,191) 
dicmdCanvasMouseMove -point (429,196) 
dicmdCanvasMouseMove -point (434,200) 
dicmdCanvasMouseMove -point (438,203) 
dicmdCanvasMouseMove -point (443,204) 
dicmdCanvasMouseMove -point (446,206) 
dicmdCanvasMouseMove -point (449,207) 
dicmdCanvasMouseMove -point (452,209) 
dicmdCanvasMouseMove -point (454,212) 
dicmdCanvasMouseMove -point (457,214) 
dicmdCanvasMouseMove -point (461,215) 
dicmdCanvasMouseMove -point (463,217) 
dicmdCanvasMouseMove -point (468,219) 
dicmdCanvasMouseMove -point (472,220) 
dicmdCanvasMouseMove -point (478,222) 
dicmdCanvasMouseMove -point (481,226) 
dicmdCanvasMouseMove -point (485,228) 
dicmdCanvasMouseMove -point (490,231) 
dicmdCanvasMouseMove -point (492,231) 
dicmdCanvasMouseMove -point (493,232) 
dicmdCanvasMouseMove -point (495,233) 
dicmdCanvasMouseMove -point (496,233) 
dicmdCanvasMouseMove -point (497,233) 
dicmdCanvasMouseClick -point (497,233) 
dicmdCanvasMouseClick -point (497,233) 
dicmdCreateObjRectangle -brush 3 -color #ffff00 -fill 10 -points {(389,167);(497,233)} 
dicmdCreateObjRectangle -brush 3 -color #ffff00 -fill 10 -points {(389,167);(497,233)} 
dicmdCanvasMouseMove -point (498,233) 
dicmdCanvasMouseMove -point (499,235) 
dicmdCanvasMouseMove -point (499,238) 
dicmdCanvasMouseMove -point (500,241) 
dicmdCanvasMouseMove -point (501,242) 
dicmdCanvasMouseMove -point (501,243) 
dicmdCanvasMouseMove -point (501,244) 
dicmdCanvasMouseMove -point (500,245) 
dicmdCanvasMouseMove -point (502,244) 
dicmdCanvasMouseMove -point (503,243) 
dicmdCanvasMouseMove -point (505,243) 
dicmdCanvasMouseMove -point (507,243) 
dicmdCanvasMouseMove -point (507,241) 
dicmdCanvasMouseMove -point (508,241) 
dicmdCanvasMouseMove -point (510,241) 
dicmdCanvasMouseMove -point (510,240) 
dicmdCanvasMouseMove -point (510,238) 
dicmdCanvasMouseMove -point (511,237) 
dicmdCanvasMouseMove -point (511,235) 
dicmdCanvasMouseMove -point (512,234) 
dicmdCanvasMouseMove -point (511,232) 
dicmdCanvasMouseClick -point (511,232) 
dicmdCanvasMouseClick -point (511,232) 
dicmdCanvasMouseMove -point (514,235) 
dicmdCanvasMouseMove -point (518,238) 
dicmdCanvasMouseMove -point (527,245) 
dicmdCanvasMouseMove -point (538,251) 
dicmdCanvasMouseMove -point (566,269) 
dicmdCanvasMouseMove -point (594,285) 
dicmdCanvasMouseMove -point (622,297) 
dicmdCanvasMouseMove -point (644,307) 
dicmdCanvasMouseMove -point (666,315) 
dicmdCanvasMouseMove -point (682,323) 
dicmdCanvasMouseMove -point (694,329) 
dicmdCanvasMouseMove -point (704,333) 
dicmdCanvasMouseMove -point (714,333) 
dicmdCanvasMouseMove -point (720,333) 
dicmdCanvasMouseMove -point (725,333) 
dicmdCanvasMouseMove -point (733,333) 
dicmdCanvasMouseMove -point (736,333) 
dicmdCanvasMouseMove -point (741,333) 
dicmdCanvasMouseMove -point (744,333) 
dicmdCanvasMouseMove -point (746,332) 
dicmdCanvasMouseMove -point (749,330) 
dicmdCanvasMouseMove -point (750,330) 
dicmdCanvasMouseMove -point (751,329) 
dicmdCanvasMouseMove -point (752,329) 
dicmdCanvasMouseMove -point (753,329) 
dicmdCanvasMouseClick -point (753,329) 
dicmdCanvasMouseClick -point (753,329) 
dicmdCreateObjRectangle -brush 3 -color #ffff00 -fill 10 -points {(511,232);(753,329)} 
dicmdCreateObjRectangle -brush 3 -color #ffff00 -fill 10 -points {(511,232);(753,329)} 
dicmdCanvasMouseMove -point (749,327) 
dicmdCanvasMouseMove -point (746,319) 
dicmdCanvasMouseMove -point (740,308) 
dicmdCanvasMouseMove -point (726,290) 
dicmdCanvasMouseMove -point (711,275) 
dicmdCanvasMouseMove -point (691,255) 
dicmdCanvasMouseMove -point (671,233) 
dicmdCanvasMouseMove -point (649,211) 
dicmdCanvasMouseMove -point (619,181) 
dicmdCanvasMouseMove -point (591,157) 
dicmdCanvasMouseMove -point (555,127) 
dicmdCanvasMouseMove -point (519,97) 
dicmdCanvasMouseMove -point (487,71) 
dicmdCanvasMouseMove -point (443,45) 
dicmdCanvasMouseMove -point (403,21) 
dicmdguiClickButton -object mw/65/70/Home/qt_tabwidget_tabbar 
something went wrong with this command
 Error: Fixme Exception or Error?? 
dicmdguiClickButton -object 0x106:Redo 
dicmdTransactionRedo -steps 1 
dicmdTransactionRedo -steps 1 
dicmdTransactionRedo -steps 1 
dicmdguiClickButton -object 0x106:Undo 
dicmdTransactionUndo -steps 1 
dicmdTransactionUndo -steps 1 
dicmdTransactionUndo -steps 1 
dicmdguiClickButton -object 0x106:Undo 
dicmdTransactionUndo -steps 1 
dicmdTransactionUndo -steps 1 
dicmdTransactionUndo -steps 1 
dicmdguiClickButton -object 0x106:Redo 
dicmdTransactionRedo -steps 1 
dicmdTransactionRedo -steps 1 
dicmdTransactionRedo -steps 1 
dicmdguiClickButton -object 0x106:Redo 
dicmdTransactionRedo -steps 1 
dicmdTransactionRedo -steps 1 
dicmdguiClickButton -object 0x106:Undo 
dicmdTransactionUndo -steps 1 
dicmdTransactionUndo -steps 1 
dicmdTransactionUndo -steps 1 
dicmdguiClickButton -object 0x106:Redo 
dicmdTransactionRedo -steps 1 
dicmdTransactionRedo -steps 1 
dicmdTransactionRedo -steps 1 
dicmdguiClickButton -object 0x106:Redo 
dicmdTransactionRedo -steps 1 
dicmdTransactionRedo -steps 1 
dicmdguiClickButton -object 0x106:Undo 
dicmdTransactionUndo -steps 1 
dicmdTransactionUndo -steps 1 
dicmdTransactionUndo -steps 1 
dicmdguiClickButton -object 0x106:Undo 
dicmdTransactionUndo -steps 1 
dicmdTransactionUndo -steps 1 
dicmdguiClickButton -object 0x106:Redo 
dicmdTransactionRedo -steps 1 
dicmdTransactionRedo -steps 1 
dicmdTransactionRedo -steps 1 
dicmdguiClickButton -object 0x106:Redo 
dicmdTransactionRedo -steps 1 
dicmdTransactionRedo -steps 1 
dicmdguiClickButton -object 0x106:Undo 
dicmdTransactionUndo -steps 1 
dicmdTransactionUndo -steps 1 
dicmdTransactionUndo -steps 1 
dicmdguiClickButton -object 0x106:Undo 
dicmdTransactionUndo -steps 1 
dicmdTransactionUndo -steps 1 
dicmdTransactionUndo -steps 1 
dicmdguiClickButton -object 0x106:Undo 
dicmdTransactionUndo -steps 1 
dicmdTransactionUndo -steps 1 
dicmdTransactionUndo -steps 1 
dicmdguiClickButton -object 0x106:Undo 
dicmdTransactionUndo -steps 1 
dicmdTransactionUndo -steps 1 
dicmdguiClickButton -object 0x106:Undo 
dicmdTransactionUndo -steps 1 
dicmdTransactionUndo -steps 1 
dicmdTransactionUndo -steps 1 
dicmdguiClickButton -object 0x106:Undo 
dicmdTransactionUndo -steps 1 
dicmdTransactionUndo -steps 1 
dicmdTransactionUndo -steps 1 
dicmdguiClickButton -object 0x106:Redo 
dicmdTransactionRedo -steps 1 
dicmdTransactionRedo -steps 1 
dicmdTransactionRedo -steps 1 
dicmdguiClickButton -object 0x106:Undo 
dicmdTransactionUndo -steps 1 
dicmdTransactionUndo -steps 1 
dicmdTransactionUndo -steps 1 
dicmdguiClickButton -object 0x106:Undo 
dicmdTransactionUndo -steps 1 
dicmdTransactionUndo -steps 1 
dicmdTransactionUndo -steps 1 
dicmdguiClickButton -object 0x106:Undo 
dicmdTransactionUndo -steps 1 
dicmdTransactionUndo -steps 1 
dicmdTransactionUndo -steps 1 
dicmdguiClickButton -object 0x106:Redo 
dicmdTransactionRedo -steps 1 
dicmdTransactionRedo -steps 1 
dicmdTransactionRedo -steps 1 
dicmdguiClickButton -object 0x106:Redo 
dicmdTransactionRedo -steps 1 
dicmdTransactionRedo -steps 1 
dicmdTransactionRedo -steps 1 
dicmdguiClickButton -object 0x106:Redo 
dicmdTransactionRedo -steps 1 
dicmdTransactionRedo -steps 1 
dicmdTransactionRedo -steps 1 
dicmdguiClickButton -object 0x106:Redo 
dicmdTransactionRedo -steps 1 
dicmdTransactionRedo -steps 1 
dicmdTransactionRedo -steps 1 
dicmdguiClickButton -object 0x106:Redo 
dicmdTransactionRedo -steps 1 
dicmdTransactionRedo -steps 1 
dicmdTransactionRedo -steps 1 
dicmdguiClickButton -object 0x106:Undo 
dicmdTransactionUndo -steps 1 
dicmdTransactionUndo -steps 1 
dicmdTransactionUndo -steps 1 
dicmdguiClickButton -object 0x106:Undo 
dicmdTransactionUndo -steps 1 
dicmdTransactionUndo -steps 1 
dicmdTransactionUndo -steps 1 
dicmdguiClickButton -object 0x106:Undo 
dicmdTransactionUndo -steps 1 
dicmdTransactionUndo -steps 1 
dicmdTransactionUndo -steps 1 
dicmdguiClickButton -object 0x106:Undo 
dicmdTransactionUndo -steps 1 
dicmdTransactionUndo -steps 1 
dicmdguiClickButton -object mw/65/70/Home/qt_tabwidget_tabbar 
something went wrong with this command
 Error: Fixme Exception or Error?? 
dicmdguiClickButton -object 0x104:Ellipse 
incmdCreateObjEllipse
incmdCreateObjEllipse
dicmdCanvasMouseMove -point (196,5) 
dicmdCanvasMouseMove -point (206,21) 
dicmdCanvasMouseMove -point (216,41) 
dicmdCanvasMouseMove -point (220,56) 
dicmdCanvasMouseMove -point (227,71) 
dicmdCanvasMouseMove -point (230,82) 
dicmdCanvasMouseMove -point (235,94) 
dicmdCanvasMouseMove -point (238,100) 
dicmdCanvasMouseMove -point (240,108) 
dicmdCanvasMouseMove -point (242,113) 
dicmdCanvasMouseMove -point (243,116) 
dicmdCanvasMouseMove -point (243,118) 
dicmdCanvasMouseMove -point (243,119) 
dicmdCanvasMouseMove -point (245,119) 
dicmdCanvasMouseClick -point (245,119) 
dicmdCanvasMouseClick -point (245,119) 
dicmdCanvasMouseMove -point (246,120) 
dicmdCanvasMouseMove -point (249,126) 
dicmdCanvasMouseMove -point (254,130) 
dicmdCanvasMouseMove -point (259,135) 
dicmdCanvasMouseMove -point (264,139) 
dicmdCanvasMouseMove -point (271,144) 
dicmdCanvasMouseMove -point (278,149) 
dicmdCanvasMouseMove -point (287,156) 
dicmdCanvasMouseMove -point (301,167) 
dicmdCanvasMouseMove -point (312,177) 
dicmdCanvasMouseMove -point (322,182) 
dicmdCanvasMouseMove -point (335,191) 
dicmdCanvasMouseMove -point (344,199) 
dicmdCanvasMouseMove -point (349,203) 
dicmdCanvasMouseMove -point (354,207) 
dicmdCanvasMouseMove -point (357,212) 
dicmdCanvasMouseMove -point (362,217) 
dicmdCanvasMouseMove -point (366,220) 
dicmdCanvasMouseMove -point (366,223) 
dicmdCanvasMouseMove -point (367,223) 
dicmdCanvasMouseMove -point (367,222) 
dicmdCanvasMouseClick -point (367,222) 
dicmdCanvasMouseClick -point (367,222) 
dicmdCreateObjEllipse -brush 3 -color #ffff00 -fill 10 -points {(245,119);(367,222)} 
dicmdCreateObjEllipse -brush 3 -color #ffff00 -fill 10 -points {(245,119);(367,222)} 
dicmdCanvasMouseMove -point (367,223) 
dicmdCanvasMouseMove -point (366,223) 
dicmdCanvasMouseMove -point (364,221) 
dicmdCanvasMouseMove -point (358,215) 
dicmdCanvasMouseMove -point (352,204) 
dicmdCanvasMouseMove -point (344,193) 
dicmdCanvasMouseMove -point (332,176) 
dicmdCanvasMouseMove -point (319,157) 
dicmdCanvasMouseMove -point (301,128) 
dicmdCanvasMouseMove -point (287,104) 
dicmdCanvasMouseMove -point (271,86) 
dicmdCanvasMouseMove -point (261,70) 
dicmdCanvasMouseMove -point (251,58) 
dicmdCanvasMouseMove -point (245,46) 
dicmdCanvasMouseMove -point (239,38) 
dicmdCanvasMouseMove -point (233,31) 
dicmdCanvasMouseMove -point (228,21) 
dicmdCanvasMouseMove -point (222,12) 
dicmdCanvasMouseMove -point (215,1) 
dicmdguiClickButton -object mw/65/70/Home/qt_tabwidget_tabbar 
something went wrong with this command
 Error: Fixme Exception or Error?? 
dicmdguiClickButton -object 0x106:Undo 
dicmdTransactionUndo -steps 1 
dicmdTransactionUndo -steps 1 
dicmdTransactionUndo -steps 1 
dicmdguiClickButton -object 0x106:Undo 
dicmdTransactionUndo -steps 1 
dicmdTransactionUndo -steps 1 
dicmdTransactionUndo -steps 1 
dicmdguiClickButton -object 0x106:Undo 
dicmdTransactionUndo -steps 1 
dicmdTransactionUndo -steps 1 
dicmdTransactionUndo -steps 1 
dicmdguiClickButton -object 0x106:Redo 
dicmdTransactionRedo -steps 1 
dicmdTransactionRedo -steps 1 
dicmdTransactionRedo -steps 1 
dicmdguiClickButton -object 0x106:Redo 
dicmdTransactionRedo -steps 1 
dicmdTransactionRedo -steps 1 
dicmdTransactionRedo -steps 1 
dicmdguiClickButton -object 0x106:Redo 
dicmdTransactionRedo -steps 1 
dicmdTransactionRedo -steps 1 
dicmdTransactionRedo -steps 1 
dicmdguiClickButton -object 0x106:Redo 
dicmdTransactionRedo -steps 1 
dicmdTransactionRedo -steps 1 
dicmdTransactionRedo -steps 1 
dicmdguiClickButton -object 0x106:Redo 
dicmdTransactionRedo -steps 1 
dicmdTransactionRedo -steps 1 
dicmdguiClickButton -object 0x106:Undo 
dicmdTransactionUndo -steps 1 
dicmdTransactionUndo -steps 1 
dicmdTransactionUndo -steps 1 
dicmdguiClickButton -object 0x106:Undo 
dicmdTransactionUndo -steps 1 
dicmdTransactionUndo -steps 1 
dicmdTransactionUndo -steps 1 
dicmdguiClickButton -object 0x106:Undo 
dicmdTransactionUndo -steps 1 
dicmdTransactionUndo -steps 1 
dicmdTransactionUndo -steps 1 
dicmdguiClickButton -object 0x106:Undo 
dicmdTransactionUndo -steps 1 
dicmdTransactionUndo -steps 1 
dicmdguiClickButton -object 0x106:Undo 
dicmdTransactionUndo -steps 1 
dicmdTransactionUndo -steps 1 
dicmdTransactionUndo -steps 1 
dicmdQaToolExit 
