PoolName: Selection
ObjCount: 4
======
Line:	  brushC -> #000000, brushS -> 9, penC -> #ffffff, penS -> 1
Line:	  brushC -> #000000, brushS -> 9, penC -> #ffffff, penS -> 1
Ellipse:	  brushC -> #000000, brushS -> 9, penC -> #ffffff, penS -> 1
Polygon:	  brushC -> #000000, brushS -> 9, penC -> #ffffff, penS -> 1
--------

