#i --> Info: Welcome to this project. Feel free to expirment. 
#i --> Info: Set to mode1
dicmdguiClickButton -object mw/65/70/Home/qt_tabwidget_tabbar 
#e --> Error: something went wrong with this command -> dicmdguiClickButton
dicmdguiClickButton -object 0x104:Rectangle 
incmdCreateObjRectangle
dicmdAbortActiveCommand 
incmdCreateObjRectangle
dicmdCanvasMouseClick -point (82,38) 
dicmdCanvasMouseClick -point (82,38) 
dicmdCanvasMouseClick -point (183,110) 
dicmdCanvasMouseClick -point (183,110) 
#o --> Out: dicmdCreateObjRectangle -brush 1 -color #000000 -fill 9 -points {(82,38);(183,110)} 
dicmdguiClickButton -object 0x104:Ellipse 
incmdCreateObjEllipse
dicmdAbortActiveCommand 
dicmdAbortActiveCommand 
incmdCreateObjEllipse
dicmdCanvasMouseClick -point (123,150) 
dicmdCanvasMouseClick -point (123,150) 
dicmdCanvasMouseClick -point (218,216) 
dicmdCanvasMouseClick -point (218,216) 
#o --> Out: dicmdCreateObjEllipse -brush 1 -color #000000 -fill 9 -points {(123,150);(218,216)} 
dicmdCanvasMouseClick -point (175,248) 
dicmdCanvasMouseClick -point (175,248) 
dicmdCanvasMouseClick -point (264,325) 
dicmdCanvasMouseClick -point (264,325) 
#o --> Out: dicmdCreateObjEllipse -brush 1 -color #000000 -fill 9 -points {(175,248);(264,325)} 
dicmdguiClickButton -object 0x104:Rectangle 
incmdCreateObjRectangle
dicmdAbortActiveCommand 
dicmdAbortActiveCommand 
incmdCreateObjRectangle
dicmdCanvasMouseClick -point (41,277) 
dicmdCanvasMouseClick -point (41,277) 
dicmdCanvasMouseClick -point (130,334) 
dicmdCanvasMouseClick -point (130,334) 
#o --> Out: dicmdCreateObjRectangle -brush 1 -color #000000 -fill 9 -points {(41,277);(130,334)} 
dicmdAbortActiveCommand 
dicmdAbortActiveCommand 
dicmdguiClickButton -object mw/65/70/Home/qt_tabwidget_tabbar 
#e --> Error: something went wrong with this command -> dicmdguiClickButton
dicmdguiClickButton -object 0x107:Region 
incmdSelectShapesByRegion
dicmdAbortActiveCommand 
incmdSelectShapesByRegion
dicmdCanvasMouseClick -point (54,33) 
dicmdCanvasMouseClick -point (54,33) 
dicmdCanvasMouseClick -point (320,328) 
dicmdCanvasMouseClick -point (320,328) 
#o --> Out: dicmdSelectShapesByRegion -end (320,328) -start (54,33) 
dicmdAbortActiveCommand 
incmdObjRelocateByCopy
dicmdCanvasMouseClick -point (297,331) 
dicmdCanvasMouseClick -point (297,331) 
dicmdCanvasMouseClick -point (370,287) 
dicmdCanvasMouseClick -point (370,287) 
dicmdguiClickButton -object mw/65/70/Home/qt_tabwidget_tabbar 
#e --> Error: something went wrong with this command -> dicmdguiClickButton
dicmdguiClickButton -object mw/65/70/Home/qt_tabwidget_tabbar 
#e --> Error: something went wrong with this command -> dicmdguiClickButton
dicmdguiClickButton -object 0x107:Region 
incmdSelectShapesByRegion
dicmdAbortActiveCommand 
incmdSelectShapesByRegion
dicmdCanvasMouseClick -point (50,37) 
dicmdCanvasMouseClick -point (50,37) 
dicmdCanvasMouseClick -point (311,309) 
dicmdCanvasMouseClick -point (311,309) 
#o --> Out: dicmdSelectShapesByRegion -end (311,309) -start (50,37) 
dicmdAbortActiveCommand 
incmdObjRelocateByCopy
dicmdCanvasMouseClick -point (230,280) 
dicmdCanvasMouseClick -point (230,280) 
dicmdCanvasMouseClick -point (439,211) 
dicmdCanvasMouseClick -point (439,211) 
dicmdguiClickButton -object 0x107:Region 
incmdSelectShapesByRegion
dicmdAbortActiveCommand 
incmdSelectShapesByRegion
dicmdCanvasMouseClick -point (62,28) 
dicmdCanvasMouseClick -point (62,28) 
dicmdCanvasMouseClick -point (588,225) 
dicmdCanvasMouseClick -point (588,225) 
#o --> Out: dicmdSelectShapesByRegion -end (588,225) -start (62,28) 
dicmdAbortActiveCommand 
incmdObjRelocateByMove
dicmdCanvasMouseClick -point (588,225) 
dicmdCanvasMouseClick -point (588,225) 
dicmdguiClickButton -object 0x107:Region 
incmdSelectShapesByRegion
dicmdAbortActiveCommand 
incmdSelectShapesByRegion
dicmdCanvasMouseClick -point (46,20) 
dicmdCanvasMouseClick -point (46,20) 
dicmdCanvasMouseClick -point (576,218) 
dicmdCanvasMouseClick -point (576,218) 
#o --> Out: dicmdSelectShapesByRegion -end (576,218) -start (46,20) 
dicmdAbortActiveCommand 
incmdObjRelocateByMove
dicmdCanvasMouseClick -point (477,189) 
dicmdCanvasMouseClick -point (477,189) 
dicmdguiClickButton -object mw/65/70/Home/qt_tabwidget_tabbar 
#e --> Error: something went wrong with this command -> dicmdguiClickButton
dicmdguiClickButton -object 0x105:Move 
incmdObjRelocateByMove
dicmdAbortActiveCommand 
incmdObjRelocateByMove
dicmdCanvasMouseClick -point (351,21) 
dicmdCanvasMouseClick -point (351,21) 
dicmdguiClickButton -object mw/65/70/Home/qt_tabwidget_tabbar 
#e --> Error: something went wrong with this command -> dicmdguiClickButton
dicmdguiClickButton -object 0x107:Region 
incmdSelectShapesByRegion
dicmdAbortActiveCommand 
incmdSelectShapesByRegion
dicmdCanvasMouseClick -point (343,21) 
dicmdCanvasMouseClick -point (343,21) 
dicmdCanvasMouseClick -point (610,343) 
dicmdCanvasMouseClick -point (610,343) 
#o --> Out: dicmdSelectShapesByRegion -end (610,343) -start (343,21) 
dicmdAbortActiveCommand 
incmdObjRelocateByMove
dicmdCanvasMouseClick -point (507,280) 
dicmdCanvasMouseClick -point (507,280) 
dicmdguiClickButton -object 0x107:Region 
incmdSelectShapesByRegion
dicmdAbortActiveCommand 
incmdSelectShapesByRegion
dicmdCanvasMouseClick -point (333,31) 
dicmdCanvasMouseClick -point (333,31) 
dicmdCanvasMouseClick -point (585,345) 
dicmdCanvasMouseClick -point (585,345) 
#o --> Out: dicmdSelectShapesByRegion -end (585,345) -start (333,31) 
dicmdAbortActiveCommand 
incmdObjRelocateByCopy
dicmdCanvasMouseClick -point (488,176) 
dicmdCanvasMouseClick -point (488,176) 
dicmdguiClickButton -object 0x107:Region 
incmdSelectShapesByRegion
dicmdAbortActiveCommand 
incmdSelectShapesByRegion
dicmdCanvasMouseClick -point (290,20) 
dicmdCanvasMouseClick -point (290,20) 
dicmdCanvasMouseClick -point (27,350) 
dicmdCanvasMouseClick -point (27,350) 
#o --> Out: dicmdSelectShapesByRegion -end (27,350) -start (290,20) 
dicmdAbortActiveCommand 
incmdObjRelocateByCopy
dicmdCanvasMouseClick -point (132,86) 
dicmdCanvasMouseClick -point (132,86) 
dicmdCanvasMouseClick -point (168,188) 
dicmdCanvasMouseClick -point (168,188) 
dicmdAbortActiveCommand 
dicmdAbortActiveCommand 
dicmdAbortActiveCommand 
dicmdAbortActiveCommand 
dicmdAbortActiveCommand 
dicmdAbortActiveCommand 
dicmdAbortActiveCommand 
dicmdguiClickButton -object 0x107:Region 
incmdSelectShapesByRegion
dicmdAbortActiveCommand 
incmdSelectShapesByRegion
dicmdCanvasMouseClick -point (11,17) 
dicmdCanvasMouseClick -point (11,17) 
dicmdCanvasMouseClick -point (625,356) 
dicmdCanvasMouseClick -point (625,356) 
#o --> Out: dicmdSelectShapesByRegion -end (625,356) -start (11,17) 
dicmdAbortActiveCommand 
incmdObjRelocateByCopy
dicmdCanvasMouseClick -point (101,55) 
dicmdCanvasMouseClick -point (101,55) 
dicmdCanvasMouseClick -point (623,3) 
dicmdCanvasMouseClick -point (623,3) 
dicmdCanvasViewportZoomOut -point (649,126) 
dicmdCanvasViewportZoomOut -point (649,126) 
dicmdCanvasViewportZoomOut -point (649,126) 
dicmdCanvasViewportZoomOut -point (649,126) 
dicmdCanvasViewportZoomOut -point (649,126) 
dicmdCanvasViewportZoomOut -point (649,126) 
dicmdCanvasViewportZoomOut -point (649,126) 
dicmdCanvasViewportZoomOut -point (649,126) 
dicmdCanvasViewportZoomOut -point (649,126) 
dicmdCanvasViewportZoomOut -point (649,126) 
dicmdCanvasViewportZoomOut -point (649,126) 
dicmdCanvasViewportZoomOut -point (649,126) 
dicmdCanvasViewportZoomOut -point (649,126) 
dicmdCanvasViewportZoomOut -point (649,126) 
dicmdCanvasViewportZoomOut -point (649,126) 
dicmdCanvasViewportZoomOut -point (649,126) 
dicmdguiClickButton -object 0x107:Region 
incmdSelectShapesByRegion
dicmdAbortActiveCommand 
incmdSelectShapesByRegion
dicmdCanvasMouseClick -point (611,220) 
dicmdCanvasMouseClick -point (611,220) 
dicmdCanvasMouseClick -point (12,8) 
dicmdCanvasMouseClick -point (12,8) 
#o --> Out: dicmdSelectShapesByRegion -end (25,17) -start (1309,471) 
dicmdAbortActiveCommand 
incmdObjRelocateByMove
dicmdguiClickButton -object 0x107:Region 
incmdSelectShapesByRegion
dicmdAbortActiveCommand 
incmdSelectShapesByRegion
dicmdCanvasMouseClick -point (613,225) 
dicmdCanvasMouseClick -point (613,225) 
dicmdCanvasMouseClick -point (7,5) 
dicmdCanvasMouseClick -point (7,5) 
#o --> Out: dicmdSelectShapesByRegion -end (15,10) -start (1314,482) 
dicmdAbortActiveCommand 
incmdObjRelocateByMove
dicmdCanvasMouseClick -point (22,34) 
dicmdCanvasMouseClick -point (22,34) 
dicmdCanvasMouseClick -point (582,279) 
dicmdCanvasMouseClick -point (582,279) 
dicmdguiClickButton -object 0x107:Region 
incmdSelectShapesByRegion
dicmdAbortActiveCommand 
incmdSelectShapesByRegion
dicmdCanvasMouseClick -point (593,212) 
dicmdCanvasMouseClick -point (593,212) 
dicmdCanvasMouseClick -point (287,12) 
dicmdCanvasMouseClick -point (287,12) 
#o --> Out: dicmdSelectShapesByRegion -end (615,25) -start (1271,454) 
dicmdAbortActiveCommand 
incmdObjRelocateByMove
dicmdCanvasMouseClick -point (430,299) 
dicmdCanvasMouseClick -point (430,299) 
dicmdCanvasViewportZoomOut -point (363,339) 
dicmdCanvasViewportZoomOut -point (363,339) 
dicmdCanvasViewportZoomOut -point (424,359) 
dicmdCanvasViewportZoomOut -point (424,359) 
dicmdCanvasViewportZoomOut -point (424,359) 
dicmdCanvasViewportZoomOut -point (424,359) 
dicmdCanvasMouseClick -point (359,345) 
dicmdCanvasMouseClick -point (359,345) 
dicmdguiClickButton -object 0x107:Region 
incmdSelectShapesByRegion
dicmdAbortActiveCommand 
incmdSelectShapesByRegion
dicmdCanvasMouseClick -point (256,127) 
dicmdCanvasMouseClick -point (256,127) 
dicmdCanvasMouseClick -point (532,296) 
dicmdCanvasMouseClick -point (532,296) 
#o --> Out: dicmdSelectShapesByRegion -end (1517,844) -start (730,362) 
dicmdAbortActiveCommand 
incmdObjRelocateByMove
dicmdguiClickButton -object 0x107:Region 
incmdSelectShapesByRegion
dicmdAbortActiveCommand 
incmdSelectShapesByRegion
dicmdCanvasMouseClick -point (294,128) 
dicmdCanvasMouseClick -point (294,128) 
dicmdCanvasMouseClick -point (560,320) 
dicmdCanvasMouseClick -point (560,320) 
#o --> Out: dicmdSelectShapesByRegion -end (1597,912) -start (838,365) 
dicmdAbortActiveCommand 
incmdObjRelocateByMove
dicmdguiClickButton -object 0x107:Region 
incmdSelectShapesByRegion
dicmdAbortActiveCommand 
incmdSelectShapesByRegion
dicmdCanvasMouseClick -point (100,24) 
dicmdCanvasMouseClick -point (100,24) 
dicmdCanvasMouseClick -point (342,209) 
dicmdCanvasMouseClick -point (342,209) 
#o --> Out: dicmdSelectShapesByRegion -end (975,596) -start (285,68) 
dicmdAbortActiveCommand 
incmdObjRelocateByCopy
dicmdCanvasMouseClick -point (285,160) 
dicmdCanvasMouseClick -point (285,160) 
dicmdguiClickButton -object 0x107:Region 
incmdSelectShapesByRegion
dicmdAbortActiveCommand 
incmdSelectShapesByRegion
dicmdCanvasMouseClick -point (235,71) 
dicmdCanvasMouseClick -point (235,71) 
dicmdCanvasMouseClick -point (354,216) 
dicmdCanvasMouseClick -point (354,216) 
#o --> Out: dicmdSelectShapesByRegion -end (1010,616) -start (670,202) 
dicmdAbortActiveCommand 
incmdObjRelocateByCopy
dicmdCanvasMouseClick -point (266,138) 
dicmdCanvasMouseClick -point (266,138) 
dicmdguiClickButton -object 0x107:Region 
incmdSelectShapesByRegion
dicmdAbortActiveCommand 
incmdSelectShapesByRegion
dicmdCanvasMouseClick -point (512,87) 
dicmdCanvasMouseClick -point (512,87) 
dicmdCanvasMouseClick -point (178,253) 
dicmdCanvasMouseClick -point (178,253) 
#o --> Out: dicmdSelectShapesByRegion -end (507,721) -start (1460,248) 
dicmdQaCompareSelection 
#t --> Test: comparision->Selection:PASS Selection_Compare_0.txt Selection_Compare_0.txt.golden
dicmdAbortActiveCommand 
incmdObjRelocateByCopy
dicmdCanvasMouseClick -point (281,203) 
dicmdCanvasMouseClick -point (281,203) 
dicmdAbortActiveCommand 
dicmdAbortActiveCommand 
dicmdCanvasMouseClick -point (467,295) 
dicmdCanvasMouseClick -point (467,295) 
dicmdguiClickButton -object 0x107:Region 
incmdSelectShapesByRegion
dicmdAbortActiveCommand 
incmdSelectShapesByRegion
dicmdCanvasMouseClick -point (514,125) 
dicmdCanvasMouseClick -point (514,125) 
dicmdCanvasMouseClick -point (315,272) 
dicmdCanvasMouseClick -point (315,272) 
#o --> Out: dicmdSelectShapesByRegion -end (898,776) -start (1466,356) 
dicmdguiClickButton -object 0x108:red 
dicmdguiSelectRadioButton -object 0x109:Vertical 
dicmdguiClickButton -object 0x109:Vertical 
dicmdguiSelectRadioButton -object 0x110:Dash 
dicmdguiClickButton -object 0x110:Dash 
dicmdCanvasMouseClick -point (582,127) 
dicmdCanvasMouseClick -point (582,127) 
dicmdCanvasMouseClick -point (601,251) 
dicmdCanvasMouseClick -point (601,251) 
#o --> Out: dicmdSelectShapesByRegion -end (1714,716) -start (1660,362) 
dicmdCanvasMouseClick -point (27,64) 
dicmdCanvasMouseClick -point (27,64) 
dicmdCanvasMouseClick -point (235,252) 
dicmdCanvasMouseClick -point (235,252) 
#o --> Out: dicmdSelectShapesByRegion -end (670,718) -start (77,182) 
dicmdguiClickButton -object 0x108:blue 
dicmdguiSelectRadioButton -object 0x109:Cross 
dicmdguiClickButton -object 0x109:Cross 
dicmdguiSelectRadioButton -object 0x110:Dot 
dicmdguiClickButton -object 0x110:Dot 
dicmdCanvasMouseClick -point (749,258) 
dicmdCanvasMouseClick -point (749,258) 
dicmdCanvasMouseClick -point (12,8) 
dicmdCanvasMouseClick -point (12,8) 
#o --> Out: dicmdSelectShapesByRegion -end (34,22) -start (2136,736) 
dicmdQaCompareSelection 
#t --> Test: comparision->Selection:PASS Selection_Compare_1.txt Selection_Compare_1.txt.golden
dicmdAbortActiveCommand 
incmdObjRelocateByCopy
dicmdCanvasMouseClick -point (180,146) 
dicmdCanvasMouseClick -point (180,146) 
dicmdCanvasViewportZoomOut -point (663,152) 
dicmdCanvasViewportZoomOut -point (663,152) 
dicmdAbortActiveCommand 
dicmdCanvasMouseClick -point (678,253) 
dicmdCanvasMouseClick -point (678,253) 
dicmdCanvasMouseRelease -point (437,260) 
dicmdCanvasMouseClick -point (541,227) 
dicmdCanvasMouseClick -point (541,227) 
dicmdCanvasMouseRelease -point (281,253) 
dicmdCanvasMouseClick -point (483,68) 
dicmdCanvasMouseClick -point (483,68) 
dicmdCanvasMouseRelease -point (240,239) 
dicmdCanvasMouseClick -point (365,135) 
dicmdCanvasMouseClick -point (365,135) 
dicmdCanvasMouseRelease -point (365,306) 
dicmdCanvasMouseClick -point (673,47) 
dicmdCanvasMouseClick -point (673,47) 
dicmdCanvasMouseClick -point (694,76) 
dicmdCanvasMouseClick -point (694,76) 
dicmdCanvasMouseRelease -point (644,319) 
dicmdQaToolExit 
