PoolName: Generic-InteractiveCommand
ObjCount: 3
======
Ellipse:	  brushC -> #00ffff, brushS -> 9, penC -> #ffffff, penS -> 2
Polygon:	  brushC -> #ff00ff, brushS -> 11, penC -> #ffffff, penS -> 1
Line:	  brushC -> #ff0000, brushS -> 9, penC -> #ffffff, penS -> 3
--------

PoolName: Highlight-ActiveObjects
ObjCount: 0
======
--------

PoolName: Highlight-QASelectionsTintirid
ObjCount: 0
======
--------

PoolName: Highlight-Selection
ObjCount: 3
======
Ellipse:	  brushC -> #000000, brushS -> 0, penC -> #ff0000, penS -> 4
Polygon:	  brushC -> #000000, brushS -> 0, penC -> #ff0000, penS -> 4
Line:	  brushC -> #000000, brushS -> 0, penC -> #ff0000, penS -> 4
--------

