PoolName: Generic-InteractiveCommand
ObjCount: 0
======
--------

PoolName: Highlight-ActiveObjects
ObjCount: 1
======
Line:	  brushC -> #0000ff, brushS -> 14, penC -> #ffff00, penS -> 3
--------

PoolName: Highlight-QASelectionsTintirid
ObjCount: 0
======
--------

PoolName: Highlight-Selection
ObjCount: 1
======
Line:	  brushC -> #000000, brushS -> 0, penC -> #ff0000, penS -> 4
--------

