#i --> Info: Welcome to this project. Feel free to expirment. 
#i --> Info: Set to mode1
dicmdCreateObjRectangle -brush 1 -color #000000 -fill 9 -points {(29,29);(130,104)} 
dicmdCreateObjRectangle -brush 1 -color #000000 -fill 9 -points {(198,34);(337,106)} 
dicmdCreateObjRectangle -brush 1 -color #000000 -fill 9 -points {(174,23);(222,46)} 
dicmdCreateObjRectangle -brush 1 -color #000000 -fill 9 -points {(399,37);(525,98)} 
dicmdCreateObjRectangle -brush 1 -color #000000 -fill 9 -points {(499,21);(578,56)} 
dicmdCreateObjRectangle -brush 1 -color #000000 -fill 9 -points {(698,46);(852,92)} 
dicmdCreateObjRectangle -brush 1 -color #000000 -fill 9 -points {(675,77);(733,110)} 
dicmdCreateObjRectangle -brush 1 -color #000000 -fill 9 -points {(924,45);(1058,108)} 
dicmdCreateObjRectangle -brush 1 -color #000000 -fill 9 -points {(1031,88);(1088,128)} 
dicmdCreateObjRectangle -brush 1 -color #000000 -fill 9 -points {(87,163);(191,231)} 
dicmdCreateObjRectangle -brush 1 -color #000000 -fill 9 -points {(57,155);(101,243)} 
dicmdCreateObjRectangle -brush 1 -color #000000 -fill 9 -points {(268,167);(369,233)} 
dicmdCreateObjRectangle -brush 1 -color #000000 -fill 9 -points {(341,144);(394,254)} 
dicmdCreateObjRectangle -brush 1 -color #000000 -fill 9 -points {(508,185);(639,250)} 
dicmdCreateObjRectangle -brush 1 -color #000000 -fill 9 -points {(485,164);(660,200)} 
dicmdCreateObjRectangle -brush 1 -color #000000 -fill 9 -points {(742,192);(926,240)} 
dicmdCreateObjRectangle -brush 1 -color #000000 -fill 9 -points {(720,220);(944,264)} 
dicmdCreateObjRectangle -brush 1 -color #000000 -fill 9 -points {(1010,190);(1131,273)} 
dicmdCreateObjRectangle -brush 1 -color #000000 -fill 9 -points {(1045,214);(1104,253)} 
dicmdCreateObjRectangle -brush 1 -color #000000 -fill 9 -points {(-81,-74);(-11,-29)} 
dicmdCreateObjRectangle -brush 1 -color #000000 -fill 9 -points {(-31,-87);(-2,-61)} 
dicmdCreateObjRectangle -brush 1 -color #000000 -fill 9 -points {(37,-72);(247,-24)} 
dicmdCreateObjRectangle -brush 1 -color #000000 -fill 9 -points {(80,-95);(169,-48)} 
dicmdCreateObjRectangle -brush 1 -color #000000 -fill 9 -points {(285,-75);(393,-30)} 
dicmdCreateObjRectangle -brush 1 -color #000000 -fill 9 -points {(266,-116);(311,-62)} 
dicmdCreateObjRectangle -brush 1 -color #000000 -fill 9 -points {(436,-107);(552,-35)} 
dicmdCreateObjRectangle -brush 1 -color #000000 -fill 9 -points {(518,-124);(646,-53)} 
dicmdCreateObjRectangle -brush 1 -color #000000 -fill 9 -points {(697,-66);(797,0)} 
dicmdCreateObjRectangle -brush 1 -color #000000 -fill 9 -points {(773,-86);(850,-27)} 
dicmdCreateObjRectangle -brush 1 -color #000000 -fill 9 -points {(832,-106);(903,-64)} 
dicmdCreateObjRectangle -brush 1 -color #000000 -fill 9 -points {(990,-115);(1144,-7)} 
dicmdCreateObjRectangle -brush 1 -color #000000 -fill 9 -points {(1063,-131);(1228,-42)} 
dicmdCreateObjRectangle -brush 1 -color #000000 -fill 9 -points {(1097,-94);(1189,8)} 
dicmdDesignLoad -filename rect_1.lvi 
#i --> Info: Set to mode0
dicmdCreateObjRectangle -brush 1 -color #000000 -fill 9 -points {(29,29);(130,104)} 
dicmdCreateObjRectangle -brush 1 -color #000000 -fill 9 -points {(198,34);(337,106)} 
dicmdCreateObjRectangle -brush 1 -color #000000 -fill 9 -points {(174,23);(222,46)} 
dicmdCreateObjRectangle -brush 1 -color #000000 -fill 9 -points {(399,37);(525,98)} 
dicmdCreateObjRectangle -brush 1 -color #000000 -fill 9 -points {(499,21);(578,56)} 
dicmdCreateObjRectangle -brush 1 -color #000000 -fill 9 -points {(698,46);(852,92)} 
dicmdCreateObjRectangle -brush 1 -color #000000 -fill 9 -points {(675,77);(733,110)} 
dicmdCreateObjRectangle -brush 1 -color #000000 -fill 9 -points {(924,45);(1058,108)} 
dicmdCreateObjRectangle -brush 1 -color #000000 -fill 9 -points {(1031,88);(1088,128)} 
dicmdCreateObjRectangle -brush 1 -color #000000 -fill 9 -points {(87,163);(191,231)} 
dicmdCreateObjRectangle -brush 1 -color #000000 -fill 9 -points {(57,155);(101,243)} 
dicmdCreateObjRectangle -brush 1 -color #000000 -fill 9 -points {(268,167);(369,233)} 
dicmdCreateObjRectangle -brush 1 -color #000000 -fill 9 -points {(341,144);(394,254)} 
dicmdCreateObjRectangle -brush 1 -color #000000 -fill 9 -points {(508,185);(639,250)} 
dicmdCreateObjRectangle -brush 1 -color #000000 -fill 9 -points {(485,164);(660,200)} 
dicmdCreateObjRectangle -brush 1 -color #000000 -fill 9 -points {(742,192);(926,240)} 
dicmdCreateObjRectangle -brush 1 -color #000000 -fill 9 -points {(720,220);(944,264)} 
dicmdCreateObjRectangle -brush 1 -color #000000 -fill 9 -points {(1010,190);(1131,273)} 
dicmdCreateObjRectangle -brush 1 -color #000000 -fill 9 -points {(1045,214);(1104,253)} 
dicmdCreateObjRectangle -brush 1 -color #000000 -fill 9 -points {(-81,-74);(-11,-29)} 
dicmdCreateObjRectangle -brush 1 -color #000000 -fill 9 -points {(-31,-87);(-2,-61)} 
dicmdCreateObjRectangle -brush 1 -color #000000 -fill 9 -points {(37,-72);(247,-24)} 
dicmdCreateObjRectangle -brush 1 -color #000000 -fill 9 -points {(80,-95);(169,-48)} 
dicmdCreateObjRectangle -brush 1 -color #000000 -fill 9 -points {(285,-75);(393,-30)} 
dicmdCreateObjRectangle -brush 1 -color #000000 -fill 9 -points {(266,-116);(311,-62)} 
dicmdCreateObjRectangle -brush 1 -color #000000 -fill 9 -points {(436,-107);(552,-35)} 
dicmdCreateObjRectangle -brush 1 -color #000000 -fill 9 -points {(518,-124);(646,-53)} 
dicmdCreateObjRectangle -brush 1 -color #000000 -fill 9 -points {(697,-66);(797,0)} 
dicmdCreateObjRectangle -brush 1 -color #000000 -fill 9 -points {(773,-86);(850,-27)} 
dicmdCreateObjRectangle -brush 1 -color #000000 -fill 9 -points {(832,-106);(903,-64)} 
dicmdCreateObjRectangle -brush 1 -color #000000 -fill 9 -points {(990,-115);(1144,-7)} 
dicmdCreateObjRectangle -brush 1 -color #000000 -fill 9 -points {(1063,-131);(1228,-42)} 
dicmdCreateObjRectangle -brush 1 -color #000000 -fill 9 -points {(1097,-94);(1189,8)} 
#i --> Info: Set to mode0
dicmdCanvasMouseMove -point (659,382) 
dicmdCanvasMouseMove -point (659,382) 
dicmdCanvasMouseMove -point (653,380) 
dicmdCanvasMouseMove -point (653,380) 
dicmdCanvasMouseMove -point (646,377) 
dicmdCanvasMouseMove -point (646,377) 
dicmdCanvasMouseMove -point (639,374) 
dicmdCanvasMouseMove -point (639,374) 
dicmdCanvasMouseMove -point (633,371) 
dicmdCanvasMouseMove -point (633,371) 
dicmdCanvasMouseMove -point (627,369) 
dicmdCanvasMouseMove -point (627,369) 
dicmdCanvasMouseMove -point (621,365) 
dicmdCanvasMouseMove -point (621,365) 
dicmdCanvasMouseMove -point (616,362) 
dicmdCanvasMouseMove -point (616,362) 
dicmdCanvasMouseMove -point (611,358) 
dicmdCanvasMouseMove -point (611,358) 
dicmdCanvasMouseMove -point (606,355) 
dicmdCanvasMouseMove -point (606,355) 
dicmdCanvasMouseMove -point (602,351) 
dicmdCanvasMouseMove -point (602,351) 
dicmdCanvasMouseMove -point (598,348) 
dicmdCanvasMouseMove -point (598,348) 
dicmdCanvasMouseMove -point (595,344) 
dicmdCanvasMouseMove -point (595,344) 
dicmdCanvasMouseMove -point (592,341) 
dicmdCanvasMouseMove -point (592,341) 
dicmdCanvasMouseMove -point (590,340) 
dicmdCanvasMouseMove -point (590,340) 
dicmdCanvasMouseMove -point (588,338) 
dicmdCanvasMouseMove -point (588,338) 
dicmdCanvasMouseMove -point (585,336) 
dicmdCanvasMouseMove -point (585,336) 
dicmdCanvasMouseMove -point (584,334) 
dicmdCanvasMouseMove -point (584,334) 
dicmdCanvasMouseMove -point (582,333) 
dicmdCanvasMouseMove -point (582,333) 
dicmdCanvasMouseMove -point (581,332) 
dicmdCanvasMouseMove -point (581,332) 
dicmdCanvasMouseMove -point (581,331) 
dicmdCanvasMouseMove -point (581,331) 
dicmdCanvasMouseMove -point (581,331) 
dicmdCanvasMouseMove -point (581,331) 
dicmdCanvasMouseMove -point (580,331) 
dicmdCanvasMouseMove -point (580,331) 
dicmdCanvasMouseMove -point (580,331) 
dicmdCanvasMouseMove -point (580,331) 
dicmdCanvasMouseMove -point (580,331) 
dicmdCanvasMouseMove -point (580,331) 
dicmdCanvasMouseMove -point (580,331) 
dicmdCanvasMouseMove -point (580,331) 
dicmdCanvasMouseMove -point (580,331) 
dicmdCanvasMouseMove -point (580,331) 
dicmdCanvasMouseMove -point (580,331) 
dicmdCanvasMouseMove -point (580,331) 
dicmdCanvasMouseMove -point (580,332) 
dicmdCanvasMouseMove -point (580,332) 
dicmdCanvasMouseMove -point (579,332) 
dicmdCanvasMouseMove -point (579,332) 
dicmdCanvasMouseMove -point (579,332) 
dicmdCanvasMouseMove -point (579,332) 
dicmdCanvasMouseMove -point (579,332) 
dicmdCanvasMouseMove -point (579,332) 
dicmdCanvasMouseMove -point (579,332) 
dicmdCanvasMouseMove -point (579,332) 
dicmdCanvasMouseMove -point (579,332) 
dicmdCanvasMouseMove -point (579,332) 
dicmdCanvasMouseMove -point (579,332) 
dicmdCanvasMouseMove -point (579,332) 
dicmdCanvasMouseMove -point (578,332) 
dicmdCanvasMouseMove -point (578,332) 
dicmdCanvasMouseMove -point (578,333) 
dicmdCanvasMouseMove -point (578,333) 
dicmdCanvasMouseMove -point (578,333) 
dicmdCanvasMouseMove -point (578,333) 
dicmdCanvasMouseMove -point (578,333) 
dicmdCanvasMouseMove -point (578,333) 
dicmdCanvasMouseMove -point (577,333) 
dicmdCanvasMouseMove -point (577,333) 
dicmdCanvasMouseMove -point (577,333) 
dicmdCanvasMouseMove -point (577,333) 
dicmdCanvasMouseMove -point (577,333) 
dicmdCanvasMouseMove -point (577,333) 
dicmdCanvasMouseMove -point (577,333) 
dicmdCanvasMouseMove -point (577,333) 
dicmdCanvasMouseMove -point (576,333) 
dicmdCanvasMouseMove -point (576,333) 
dicmdCanvasMouseMove -point (575,333) 
dicmdCanvasMouseMove -point (575,333) 
dicmdCanvasMouseMove -point (574,334) 
dicmdCanvasMouseMove -point (574,334) 
dicmdCanvasMouseMove -point (572,334) 
dicmdCanvasMouseMove -point (572,334) 
dicmdCanvasMouseMove -point (571,335) 
dicmdCanvasMouseMove -point (571,335) 
dicmdCanvasMouseMove -point (570,335) 
dicmdCanvasMouseMove -point (570,335) 
dicmdCanvasMouseMove -point (565,337) 
dicmdCanvasMouseMove -point (565,337) 
dicmdCanvasMouseMove -point (564,338) 
dicmdCanvasMouseMove -point (564,338) 
dicmdCanvasMouseMove -point (562,338) 
dicmdCanvasMouseMove -point (562,338) 
dicmdCanvasMouseMove -point (560,339) 
dicmdCanvasMouseMove -point (560,339) 
dicmdCanvasMouseMove -point (559,339) 
dicmdCanvasMouseMove -point (559,339) 
dicmdCanvasMouseMove -point (558,340) 
dicmdCanvasMouseMove -point (558,340) 
dicmdCanvasMouseMove -point (557,340) 
dicmdCanvasMouseMove -point (557,340) 
dicmdCanvasMouseMove -point (556,341) 
dicmdCanvasMouseMove -point (556,341) 
dicmdCanvasMouseMove -point (554,342) 
dicmdCanvasMouseMove -point (554,342) 
dicmdCanvasMouseMove -point (553,342) 
dicmdCanvasMouseMove -point (553,342) 
dicmdCanvasMouseMove -point (552,343) 
dicmdCanvasMouseMove -point (552,343) 
dicmdCanvasMouseMove -point (551,344) 
dicmdCanvasMouseMove -point (551,344) 
dicmdCanvasMouseMove -point (551,345) 
dicmdCanvasMouseMove -point (551,345) 
dicmdCanvasMouseMove -point (550,345) 
dicmdCanvasMouseMove -point (550,345) 
dicmdCanvasMouseMove -point (550,345) 
dicmdCanvasMouseMove -point (550,345) 
dicmdCanvasMouseMove -point (548,347) 
dicmdCanvasMouseMove -point (548,347) 
dicmdCanvasMouseMove -point (548,348) 
dicmdCanvasMouseMove -point (548,348) 
dicmdCanvasMouseMove -point (547,348) 
dicmdCanvasMouseMove -point (547,348) 
dicmdCanvasMouseMove -point (546,349) 
dicmdCanvasMouseMove -point (546,349) 
dicmdCanvasMouseMove -point (546,349) 
dicmdCanvasMouseMove -point (546,349) 
dicmdCanvasMouseMove -point (546,350) 
dicmdCanvasMouseMove -point (546,350) 
dicmdCanvasMouseMove -point (545,350) 
dicmdCanvasMouseMove -point (545,350) 
dicmdCanvasMouseMove -point (545,351) 
dicmdCanvasMouseMove -point (545,351) 
dicmdCanvasMouseMove -point (545,351) 
dicmdCanvasMouseMove -point (545,351) 
dicmdCanvasMouseMove -point (545,351) 
dicmdCanvasMouseMove -point (545,351) 
dicmdCanvasMouseMove -point (544,351) 
dicmdCanvasMouseMove -point (544,351) 
dicmdCanvasMouseMove -point (544,352) 
dicmdCanvasMouseMove -point (544,352) 
dicmdCanvasMouseMove -point (544,353) 
dicmdCanvasMouseMove -point (544,353) 
dicmdCanvasMouseMove -point (543,354) 
dicmdCanvasMouseMove -point (543,354) 
dicmdCanvasMouseMove -point (543,355) 
dicmdCanvasMouseMove -point (543,355) 
dicmdCanvasMouseMove -point (542,356) 
dicmdCanvasMouseMove -point (542,356) 
dicmdCanvasMouseMove -point (542,357) 
dicmdCanvasMouseMove -point (542,357) 
dicmdCanvasMouseMove -point (542,359) 
dicmdCanvasMouseMove -point (542,359) 
dicmdCanvasMouseMove -point (541,359) 
dicmdCanvasMouseMove -point (541,359) 
dicmdCanvasMouseMove -point (541,360) 
dicmdCanvasMouseMove -point (541,360) 
dicmdCanvasMouseMove -point (541,361) 
dicmdCanvasMouseMove -point (541,361) 
dicmdCanvasMouseMove -point (541,362) 
dicmdCanvasMouseMove -point (541,362) 
dicmdCanvasMouseMove -point (541,362) 
dicmdCanvasMouseMove -point (541,362) 
dicmdCanvasMouseMove -point (541,362) 
dicmdCanvasMouseMove -point (541,362) 
dicmdCanvasMouseMove -point (541,363) 
dicmdCanvasMouseMove -point (541,363) 
dicmdCanvasMouseMove -point (541,363) 
dicmdCanvasMouseMove -point (541,363) 
dicmdCanvasMouseMove -point (541,363) 
dicmdCanvasMouseMove -point (541,363) 
dicmdCanvasMouseMove -point (540,363) 
dicmdCanvasMouseMove -point (540,363) 
dicmdCanvasMouseMove -point (540,363) 
dicmdCanvasMouseMove -point (540,363) 
dicmdCanvasMouseMove -point (540,364) 
dicmdCanvasMouseMove -point (540,364) 
dicmdCanvasMouseMove -point (540,364) 
dicmdCanvasMouseMove -point (540,364) 
dicmdCanvasMouseMove -point (540,364) 
dicmdCanvasMouseMove -point (540,364) 
dicmdCanvasMouseMove -point (540,365) 
dicmdCanvasMouseMove -point (540,365) 
dicmdCanvasMouseMove -point (539,366) 
dicmdCanvasMouseMove -point (539,366) 
dicmdCanvasMouseMove -point (538,367) 
dicmdCanvasMouseMove -point (538,367) 
dicmdCanvasMouseMove -point (537,368) 
dicmdCanvasMouseMove -point (537,368) 
dicmdCanvasMouseMove -point (536,369) 
dicmdCanvasMouseMove -point (536,369) 
dicmdCanvasMouseMove -point (536,369) 
dicmdCanvasMouseMove -point (536,369) 
dicmdCanvasMouseMove -point (531,372) 
dicmdCanvasMouseMove -point (531,372) 
dicmdCanvasMouseMove -point (530,373) 
dicmdCanvasMouseMove -point (530,373) 
dicmdCanvasMouseMove -point (529,374) 
dicmdCanvasMouseMove -point (529,374) 
dicmdCanvasMouseMove -point (527,375) 
dicmdCanvasMouseMove -point (527,375) 
dicmdCanvasMouseMove -point (525,376) 
dicmdCanvasMouseMove -point (525,376) 
dicmdCanvasMouseMove -point (520,379) 
dicmdCanvasMouseMove -point (520,379) 
dicmdCanvasMouseMove -point (518,379) 
dicmdCanvasMouseMove -point (518,379) 
dicmdCanvasMouseMove -point (516,380) 
dicmdCanvasMouseMove -point (516,380) 
dicmdCanvasMouseMove -point (511,382) 
dicmdCanvasMouseMove -point (511,382) 
dicmdCanvasMouseMove -point (451,381) 
dicmdCanvasMouseMove -point (451,381) 
dicmdCanvasMouseMove -point (449,379) 
dicmdCanvasMouseMove -point (449,379) 
dicmdCanvasMouseMove -point (448,378) 
dicmdCanvasMouseMove -point (448,378) 
dicmdCanvasMouseMove -point (447,378) 
dicmdCanvasMouseMove -point (447,378) 
dicmdCanvasMouseMove -point (445,378) 
dicmdCanvasMouseMove -point (445,378) 
dicmdCanvasMouseMove -point (441,380) 
dicmdCanvasMouseMove -point (441,380) 
dicmdCanvasMouseMove -point (437,382) 
dicmdCanvasMouseMove -point (437,382) 
dicmdCanvasMouseMove -point (294,382) 
dicmdCanvasMouseMove -point (294,382) 
dicmdCanvasMouseMove -point (289,379) 
dicmdCanvasMouseMove -point (289,379) 
dicmdCanvasMouseMove -point (285,376) 
dicmdCanvasMouseMove -point (285,376) 
dicmdCanvasMouseMove -point (282,373) 
dicmdCanvasMouseMove -point (282,373) 
dicmdCanvasMouseMove -point (281,372) 
dicmdCanvasMouseMove -point (281,372) 
dicmdCanvasMouseMove -point (278,370) 
dicmdCanvasMouseMove -point (278,370) 
dicmdCanvasMouseMove -point (277,369) 
dicmdCanvasMouseMove -point (277,369) 
dicmdCanvasMouseMove -point (275,367) 
dicmdCanvasMouseMove -point (275,367) 
dicmdCanvasMouseMove -point (274,367) 
dicmdCanvasMouseMove -point (274,367) 
dicmdCanvasMouseMove -point (274,366) 
dicmdCanvasMouseMove -point (274,366) 
dicmdCanvasMouseMove -point (273,366) 
dicmdCanvasMouseMove -point (273,366) 
dicmdCanvasMouseMove -point (273,366) 
dicmdCanvasMouseMove -point (273,366) 
dicmdCanvasMouseMove -point (270,366) 
dicmdCanvasMouseMove -point (270,366) 
dicmdCanvasMouseMove -point (269,366) 
dicmdCanvasMouseMove -point (269,366) 
dicmdCanvasMouseMove -point (265,365) 
dicmdCanvasMouseMove -point (265,365) 
dicmdCanvasMouseMove -point (261,365) 
dicmdCanvasMouseMove -point (261,365) 
dicmdCanvasMouseMove -point (259,365) 
dicmdCanvasMouseMove -point (259,365) 
dicmdCanvasMouseMove -point (253,363) 
dicmdCanvasMouseMove -point (253,363) 
dicmdCanvasMouseMove -point (252,363) 
dicmdCanvasMouseMove -point (252,363) 
dicmdCanvasMouseMove -point (249,362) 
dicmdCanvasMouseMove -point (249,362) 
dicmdCanvasMouseMove -point (243,361) 
dicmdCanvasMouseMove -point (243,361) 
dicmdCanvasMouseMove -point (242,361) 
dicmdCanvasMouseMove -point (242,361) 
dicmdCanvasMouseMove -point (240,360) 
dicmdCanvasMouseMove -point (240,360) 
dicmdCanvasMouseMove -point (235,359) 
dicmdCanvasMouseMove -point (235,359) 
dicmdCanvasMouseMove -point (234,358) 
dicmdCanvasMouseMove -point (234,358) 
dicmdCanvasMouseMove -point (232,358) 
dicmdCanvasMouseMove -point (232,358) 
dicmdCanvasMouseMove -point (229,357) 
dicmdCanvasMouseMove -point (229,357) 
dicmdCanvasMouseMove -point (228,357) 
dicmdCanvasMouseMove -point (228,357) 
dicmdCanvasMouseMove -point (225,356) 
dicmdCanvasMouseMove -point (225,356) 
dicmdCanvasMouseMove -point (222,356) 
dicmdCanvasMouseMove -point (222,356) 
dicmdCanvasMouseMove -point (219,355) 
dicmdCanvasMouseMove -point (219,355) 
dicmdCanvasMouseMove -point (217,355) 
dicmdCanvasMouseMove -point (217,355) 
dicmdCanvasMouseMove -point (216,354) 
dicmdCanvasMouseMove -point (216,354) 
dicmdCanvasMouseMove -point (213,354) 
dicmdCanvasMouseMove -point (213,354) 
dicmdCanvasMouseMove -point (210,353) 
dicmdCanvasMouseMove -point (210,353) 
dicmdCanvasMouseMove -point (208,353) 
dicmdCanvasMouseMove -point (208,353) 
dicmdCanvasMouseMove -point (206,352) 
dicmdCanvasMouseMove -point (206,352) 
dicmdCanvasMouseMove -point (203,351) 
dicmdCanvasMouseMove -point (203,351) 
dicmdCanvasMouseMove -point (201,351) 
dicmdCanvasMouseMove -point (201,351) 
dicmdCanvasMouseMove -point (199,350) 
dicmdCanvasMouseMove -point (199,350) 
dicmdCanvasMouseMove -point (198,350) 
dicmdCanvasMouseMove -point (198,350) 
dicmdCanvasMouseMove -point (196,349) 
dicmdCanvasMouseMove -point (196,349) 
dicmdCanvasMouseMove -point (194,349) 
dicmdCanvasMouseMove -point (194,349) 
dicmdCanvasMouseMove -point (192,348) 
dicmdCanvasMouseMove -point (192,348) 
dicmdCanvasMouseMove -point (191,348) 
dicmdCanvasMouseMove -point (191,348) 
dicmdCanvasMouseMove -point (189,347) 
dicmdCanvasMouseMove -point (189,347) 
dicmdCanvasMouseMove -point (187,347) 
dicmdCanvasMouseMove -point (187,347) 
dicmdCanvasMouseMove -point (185,346) 
dicmdCanvasMouseMove -point (185,346) 
dicmdCanvasMouseMove -point (184,345) 
dicmdCanvasMouseMove -point (184,345) 
dicmdCanvasMouseMove -point (181,343) 
dicmdCanvasMouseMove -point (181,343) 
dicmdCanvasMouseMove -point (179,342) 
dicmdCanvasMouseMove -point (179,342) 
dicmdCanvasMouseMove -point (177,341) 
dicmdCanvasMouseMove -point (177,341) 
dicmdCanvasMouseMove -point (176,340) 
dicmdCanvasMouseMove -point (176,340) 
dicmdCanvasMouseMove -point (174,338) 
dicmdCanvasMouseMove -point (174,338) 
dicmdCanvasMouseMove -point (171,336) 
dicmdCanvasMouseMove -point (171,336) 
dicmdCanvasMouseMove -point (170,335) 
dicmdCanvasMouseMove -point (170,335) 
dicmdCanvasMouseMove -point (168,334) 
dicmdCanvasMouseMove -point (168,334) 
dicmdCanvasMouseMove -point (167,333) 
dicmdCanvasMouseMove -point (167,333) 
dicmdCanvasMouseMove -point (165,332) 
dicmdCanvasMouseMove -point (165,332) 
dicmdCanvasMouseMove -point (164,331) 
dicmdCanvasMouseMove -point (164,331) 
dicmdCanvasMouseMove -point (162,330) 
dicmdCanvasMouseMove -point (162,330) 
dicmdCanvasMouseMove -point (161,329) 
dicmdCanvasMouseMove -point (161,329) 
dicmdCanvasMouseMove -point (160,328) 
dicmdCanvasMouseMove -point (160,328) 
dicmdCanvasMouseMove -point (159,327) 
dicmdCanvasMouseMove -point (159,327) 
dicmdCanvasMouseMove -point (158,326) 
dicmdCanvasMouseMove -point (158,326) 
dicmdCanvasMouseMove -point (157,325) 
dicmdCanvasMouseMove -point (157,325) 
dicmdCanvasMouseMove -point (155,323) 
dicmdCanvasMouseMove -point (155,323) 
dicmdCanvasMouseMove -point (154,322) 
dicmdCanvasMouseMove -point (154,322) 
dicmdCanvasMouseMove -point (153,321) 
dicmdCanvasMouseMove -point (153,321) 
dicmdCanvasMouseMove -point (151,318) 
dicmdCanvasMouseMove -point (151,318) 
dicmdCanvasMouseMove -point (150,317) 
dicmdCanvasMouseMove -point (150,317) 
dicmdCanvasMouseMove -point (149,316) 
dicmdCanvasMouseMove -point (149,316) 
dicmdCanvasMouseMove -point (147,314) 
dicmdCanvasMouseMove -point (147,314) 
dicmdCanvasMouseMove -point (146,313) 
dicmdCanvasMouseMove -point (146,313) 
dicmdCanvasMouseMove -point (144,311) 
dicmdCanvasMouseMove -point (144,311) 
dicmdCanvasMouseMove -point (143,310) 
dicmdCanvasMouseMove -point (143,310) 
dicmdCanvasMouseMove -point (142,309) 
dicmdCanvasMouseMove -point (142,309) 
dicmdCanvasMouseMove -point (140,307) 
dicmdCanvasMouseMove -point (140,307) 
dicmdCanvasMouseMove -point (139,306) 
dicmdCanvasMouseMove -point (139,306) 
dicmdCanvasMouseMove -point (138,305) 
dicmdCanvasMouseMove -point (138,305) 
dicmdCanvasMouseMove -point (137,304) 
dicmdCanvasMouseMove -point (137,304) 
dicmdCanvasMouseMove -point (135,303) 
dicmdCanvasMouseMove -point (135,303) 
dicmdCanvasMouseMove -point (134,302) 
dicmdCanvasMouseMove -point (134,302) 
dicmdCanvasMouseMove -point (132,300) 
dicmdCanvasMouseMove -point (132,300) 
dicmdCanvasMouseMove -point (131,299) 
dicmdCanvasMouseMove -point (131,299) 
dicmdCanvasMouseMove -point (130,298) 
dicmdCanvasMouseMove -point (130,298) 
dicmdCanvasMouseMove -point (128,296) 
dicmdCanvasMouseMove -point (128,296) 
dicmdCanvasMouseMove -point (127,295) 
dicmdCanvasMouseMove -point (127,295) 
dicmdCanvasMouseMove -point (126,294) 
dicmdCanvasMouseMove -point (126,294) 
dicmdCanvasMouseMove -point (125,294) 
dicmdCanvasMouseMove -point (125,294) 
dicmdCanvasMouseMove -point (124,293) 
dicmdCanvasMouseMove -point (124,293) 
dicmdCanvasMouseMove -point (123,292) 
dicmdCanvasMouseMove -point (123,292) 
dicmdCanvasMouseMove -point (122,292) 
dicmdCanvasMouseMove -point (122,292) 
dicmdCanvasMouseMove -point (122,292) 
dicmdCanvasMouseMove -point (122,292) 
dicmdCanvasMouseMove -point (121,291) 
dicmdCanvasMouseMove -point (121,291) 
dicmdCanvasMouseMove -point (120,291) 
dicmdCanvasMouseMove -point (120,291) 
dicmdCanvasMouseMove -point (120,291) 
dicmdCanvasMouseMove -point (120,291) 
dicmdCanvasMouseMove -point (119,291) 
dicmdCanvasMouseMove -point (119,291) 
dicmdCanvasMouseMove -point (119,291) 
dicmdCanvasMouseMove -point (119,291) 
dicmdCanvasMouseMove -point (119,291) 
dicmdCanvasMouseMove -point (119,291) 
dicmdCanvasMouseMove -point (118,291) 
dicmdCanvasMouseMove -point (118,291) 
dicmdCanvasMouseMove -point (118,291) 
dicmdCanvasMouseMove -point (118,291) 
dicmdCanvasMouseMove -point (118,292) 
dicmdCanvasMouseMove -point (118,292) 
dicmdCanvasMouseMove -point (118,292) 
dicmdCanvasMouseMove -point (118,292) 
dicmdCanvasMouseMove -point (118,292) 
dicmdCanvasMouseMove -point (118,292) 
dicmdCanvasMouseMove -point (118,292) 
dicmdCanvasMouseMove -point (118,292) 
dicmdCanvasMouseMove -point (118,292) 
dicmdCanvasMouseMove -point (118,292) 
dicmdCanvasMouseMove -point (118,292) 
dicmdCanvasMouseMove -point (118,292) 
dicmdCanvasMouseMove -point (117,292) 
dicmdCanvasMouseMove -point (117,292) 
dicmdCanvasMouseMove -point (116,292) 
dicmdCanvasMouseMove -point (116,292) 
dicmdCanvasMouseMove -point (115,292) 
dicmdCanvasMouseMove -point (115,292) 
dicmdCanvasMouseMove -point (115,292) 
dicmdCanvasMouseMove -point (115,292) 
dicmdCanvasMouseMove -point (114,292) 
dicmdCanvasMouseMove -point (114,292) 
dicmdCanvasMouseMove -point (112,292) 
dicmdCanvasMouseMove -point (112,292) 
dicmdCanvasMouseMove -point (112,292) 
dicmdCanvasMouseMove -point (112,292) 
dicmdCanvasMouseMove -point (111,291) 
dicmdCanvasMouseMove -point (111,291) 
dicmdCanvasMouseMove -point (110,291) 
dicmdCanvasMouseMove -point (110,291) 
dicmdCanvasMouseMove -point (110,291) 
dicmdCanvasMouseMove -point (110,291) 
dicmdCanvasMouseMove -point (109,290) 
dicmdCanvasMouseMove -point (109,290) 
dicmdCanvasMouseMove -point (109,290) 
dicmdCanvasMouseMove -point (109,290) 
dicmdCanvasMouseMove -point (109,290) 
dicmdCanvasMouseMove -point (109,290) 
dicmdCanvasMouseMove -point (108,290) 
dicmdCanvasMouseMove -point (108,290) 
dicmdCanvasMouseMove -point (108,290) 
dicmdCanvasMouseMove -point (108,290) 
dicmdCanvasMouseMove -point (108,290) 
dicmdCanvasMouseMove -point (108,290) 
dicmdCanvasMouseMove -point (107,290) 
dicmdCanvasMouseMove -point (107,290) 
dicmdCanvasMouseMove -point (107,289) 
dicmdCanvasMouseMove -point (107,289) 
dicmdCanvasMouseMove -point (106,289) 
dicmdCanvasMouseMove -point (106,289) 
dicmdCanvasMouseMove -point (105,289) 
dicmdCanvasMouseMove -point (105,289) 
dicmdCanvasMouseMove -point (105,289) 
dicmdCanvasMouseMove -point (105,289) 
dicmdCanvasMouseMove -point (105,289) 
dicmdCanvasMouseMove -point (105,289) 
dicmdCanvasMouseMove -point (104,289) 
dicmdCanvasMouseMove -point (104,289) 
dicmdCanvasMouseMove -point (104,289) 
dicmdCanvasMouseMove -point (104,289) 
dicmdCanvasMouseMove -point (104,289) 
dicmdCanvasMouseMove -point (104,289) 
dicmdCanvasMouseMove -point (104,289) 
dicmdCanvasMouseMove -point (104,289) 
dicmdCanvasMouseMove -point (104,289) 
dicmdCanvasMouseMove -point (104,289) 
dicmdCanvasMouseMove -point (104,289) 
dicmdCanvasMouseMove -point (104,289) 
dicmdCanvasMouseMove -point (103,290) 
dicmdCanvasMouseMove -point (103,290) 
dicmdCanvasMouseMove -point (103,290) 
dicmdCanvasMouseMove -point (103,290) 
dicmdCanvasMouseMove -point (103,290) 
dicmdCanvasMouseMove -point (103,290) 
dicmdCanvasMouseMove -point (103,290) 
dicmdCanvasMouseMove -point (103,290) 
dicmdCanvasMouseMove -point (103,291) 
dicmdCanvasMouseMove -point (103,291) 
dicmdCanvasMouseMove -point (103,291) 
dicmdCanvasMouseMove -point (103,291) 
dicmdCanvasMouseMove -point (103,291) 
dicmdCanvasMouseMove -point (103,291) 
dicmdCanvasMouseMove -point (103,291) 
dicmdCanvasMouseMove -point (103,291) 
dicmdCanvasMouseMove -point (103,291) 
dicmdCanvasMouseMove -point (103,291) 
dicmdCanvasMouseMove -point (103,291) 
dicmdCanvasMouseMove -point (103,291) 
dicmdCanvasMouseMove -point (103,291) 
dicmdCanvasMouseMove -point (103,291) 
dicmdCanvasMouseMove -point (102,291) 
dicmdCanvasMouseMove -point (102,291) 
dicmdCanvasMouseMove -point (102,292) 
dicmdCanvasMouseMove -point (102,292) 
dicmdCanvasMouseMove -point (102,292) 
dicmdCanvasMouseMove -point (102,292) 
dicmdCanvasMouseMove -point (102,292) 
dicmdCanvasMouseMove -point (102,292) 
dicmdCanvasMouseMove -point (102,292) 
dicmdCanvasMouseMove -point (102,292) 
dicmdCanvasMouseMove -point (101,292) 
dicmdCanvasMouseMove -point (101,292) 
dicmdCanvasMouseMove -point (101,292) 
dicmdCanvasMouseMove -point (101,292) 
dicmdCanvasMouseMove -point (101,292) 
dicmdCanvasMouseMove -point (101,292) 
dicmdCanvasMouseMove -point (101,292) 
dicmdCanvasMouseMove -point (101,292) 
dicmdCanvasMouseMove -point (100,292) 
dicmdCanvasMouseMove -point (100,292) 
dicmdCanvasMouseMove -point (100,292) 
dicmdCanvasMouseMove -point (100,292) 
dicmdCanvasMouseMove -point (100,292) 
dicmdCanvasMouseMove -point (100,292) 
dicmdCanvasMouseMove -point (100,292) 
dicmdCanvasMouseMove -point (100,292) 
dicmdCanvasMouseMove -point (99,292) 
dicmdCanvasMouseMove -point (99,292) 
dicmdCanvasMouseMove -point (99,292) 
dicmdCanvasMouseMove -point (99,292) 
dicmdCanvasMouseMove -point (99,292) 
dicmdCanvasMouseMove -point (99,292) 
dicmdCanvasMouseMove -point (99,292) 
dicmdCanvasMouseMove -point (99,292) 
dicmdCanvasMouseMove -point (98,292) 
dicmdCanvasMouseMove -point (98,292) 
dicmdCanvasMouseMove -point (98,292) 
dicmdCanvasMouseMove -point (98,292) 
dicmdCanvasMouseMove -point (98,292) 
dicmdCanvasMouseMove -point (98,292) 
dicmdCanvasMouseMove -point (98,292) 
dicmdCanvasMouseMove -point (98,292) 
dicmdCanvasMouseMove -point (98,292) 
dicmdCanvasMouseMove -point (98,292) 
dicmdCanvasMouseMove -point (97,292) 
dicmdCanvasMouseMove -point (97,292) 
dicmdCanvasMouseMove -point (97,292) 
dicmdCanvasMouseMove -point (97,292) 
dicmdCanvasMouseMove -point (97,292) 
dicmdCanvasMouseMove -point (97,292) 
dicmdCanvasMouseMove -point (97,293) 
dicmdCanvasMouseMove -point (97,293) 
dicmdCanvasMouseMove -point (97,293) 
dicmdCanvasMouseMove -point (97,293) 
dicmdCanvasMouseMove -point (97,293) 
dicmdCanvasMouseMove -point (97,293) 
dicmdCanvasMouseMove -point (96,293) 
dicmdCanvasMouseMove -point (96,293) 
dicmdCanvasMouseMove -point (96,293) 
dicmdCanvasMouseMove -point (96,293) 
dicmdCanvasMouseMove -point (96,293) 
dicmdCanvasMouseMove -point (96,293) 
dicmdCanvasMouseMove -point (96,293) 
dicmdCanvasMouseMove -point (96,293) 
dicmdCanvasMouseMove -point (95,293) 
dicmdCanvasMouseMove -point (95,293) 
dicmdCanvasMouseMove -point (95,293) 
dicmdCanvasMouseMove -point (95,293) 
dicmdCanvasMouseMove -point (95,293) 
dicmdCanvasMouseMove -point (95,293) 
dicmdCanvasMouseMove -point (95,293) 
dicmdCanvasMouseMove -point (95,293) 
dicmdCanvasMouseMove -point (94,293) 
dicmdCanvasMouseMove -point (94,293) 
dicmdCanvasMouseMove -point (94,293) 
dicmdCanvasMouseMove -point (94,293) 
dicmdCanvasMouseMove -point (94,293) 
dicmdCanvasMouseMove -point (94,293) 
dicmdCanvasMouseMove -point (94,293) 
dicmdCanvasMouseMove -point (94,293) 
dicmdCanvasMouseMove -point (93,293) 
dicmdCanvasMouseMove -point (93,293) 
dicmdCanvasMouseMove -point (92,292) 
dicmdCanvasMouseMove -point (92,292) 
dicmdCanvasMouseMove -point (91,292) 
dicmdCanvasMouseMove -point (91,292) 
dicmdCanvasMouseMove -point (91,292) 
dicmdCanvasMouseMove -point (91,292) 
dicmdCanvasMouseMove -point (90,291) 
dicmdCanvasMouseMove -point (90,291) 
dicmdCanvasMouseMove -point (89,291) 
dicmdCanvasMouseMove -point (89,291) 
dicmdCanvasMouseMove -point (88,290) 
dicmdCanvasMouseMove -point (88,290) 
dicmdCanvasMouseMove -point (87,290) 
dicmdCanvasMouseMove -point (87,290) 
dicmdCanvasMouseMove -point (85,289) 
dicmdCanvasMouseMove -point (85,289) 
dicmdCanvasMouseMove -point (84,289) 
dicmdCanvasMouseMove -point (84,289) 
dicmdCanvasMouseMove -point (84,289) 
dicmdCanvasMouseMove -point (84,289) 
dicmdCanvasMouseMove -point (83,288) 
dicmdCanvasMouseMove -point (83,288) 
dicmdCanvasMouseMove -point (82,288) 
dicmdCanvasMouseMove -point (82,288) 
dicmdCanvasMouseMove -point (81,287) 
dicmdCanvasMouseMove -point (81,287) 
dicmdCanvasMouseMove -point (81,287) 
dicmdCanvasMouseMove -point (81,287) 
dicmdCanvasMouseMove -point (81,287) 
dicmdCanvasMouseMove -point (81,287) 
dicmdCanvasMouseMove -point (80,287) 
dicmdCanvasMouseMove -point (80,287) 
dicmdCanvasMouseMove -point (80,287) 
dicmdCanvasMouseMove -point (80,287) 
dicmdCanvasMouseMove -point (80,286) 
dicmdCanvasMouseMove -point (80,286) 
dicmdCanvasMouseMove -point (80,286) 
dicmdCanvasMouseMove -point (80,286) 
dicmdCanvasMouseMove -point (79,286) 
dicmdCanvasMouseMove -point (79,286) 
dicmdCanvasMouseMove -point (79,286) 
dicmdCanvasMouseMove -point (79,286) 
dicmdCanvasMouseMove -point (79,286) 
dicmdCanvasMouseMove -point (79,286) 
dicmdCanvasMouseMove -point (79,286) 
dicmdCanvasMouseMove -point (79,286) 
dicmdCanvasMouseMove -point (78,286) 
dicmdCanvasMouseMove -point (78,286) 
dicmdCanvasMouseMove -point (78,286) 
dicmdCanvasMouseMove -point (78,286) 
dicmdCanvasMouseMove -point (78,287) 
dicmdCanvasMouseMove -point (78,287) 
dicmdCanvasMouseMove -point (78,287) 
dicmdCanvasMouseMove -point (78,287) 
dicmdCanvasMouseMove -point (78,287) 
dicmdCanvasMouseMove -point (78,287) 
dicmdCanvasMouseMove -point (77,287) 
dicmdCanvasMouseMove -point (77,287) 
dicmdCanvasMouseMove -point (77,287) 
dicmdCanvasMouseMove -point (77,287) 
dicmdCanvasMouseMove -point (77,287) 
dicmdCanvasMouseMove -point (77,287) 
dicmdCanvasMouseMove -point (76,287) 
dicmdCanvasMouseMove -point (76,287) 
dicmdCanvasMouseMove -point (76,287) 
dicmdCanvasMouseMove -point (76,287) 
dicmdCanvasMouseMove -point (76,287) 
dicmdCanvasMouseMove -point (76,287) 
dicmdCanvasMouseMove -point (76,287) 
dicmdCanvasMouseMove -point (76,287) 
dicmdCanvasMouseMove -point (76,287) 
dicmdCanvasMouseMove -point (76,287) 
dicmdCanvasMouseMove -point (76,286) 
dicmdCanvasMouseMove -point (76,286) 
dicmdCanvasMouseMove -point (76,287) 
dicmdCanvasMouseMove -point (76,287) 
dicmdCanvasMouseMove -point (76,287) 
dicmdCanvasMouseMove -point (76,287) 
dicmdCanvasMouseMove -point (76,287) 
dicmdCanvasMouseMove -point (76,287) 
dicmdCanvasMouseMove -point (76,288) 
dicmdCanvasMouseMove -point (76,288) 
dicmdCanvasMouseMove -point (76,288) 
dicmdCanvasMouseMove -point (76,288) 
dicmdCanvasMouseMove -point (76,288) 
dicmdCanvasMouseMove -point (76,288) 
dicmdCanvasMouseMove -point (76,289) 
dicmdCanvasMouseMove -point (76,289) 
dicmdCanvasMouseMove -point (76,289) 
dicmdCanvasMouseMove -point (76,289) 
dicmdCanvasMouseMove -point (76,289) 
dicmdCanvasMouseMove -point (76,289) 
dicmdCanvasMouseMove -point (76,288) 
dicmdCanvasMouseMove -point (76,288) 
dicmdCanvasMouseMove -point (76,288) 
dicmdCanvasMouseMove -point (76,288) 
dicmdCanvasMouseMove -point (76,287) 
dicmdCanvasMouseMove -point (76,287) 
dicmdCanvasMouseMove -point (76,287) 
dicmdCanvasMouseMove -point (76,287) 
dicmdCanvasMouseMove -point (76,286) 
dicmdCanvasMouseMove -point (76,286) 
dicmdCanvasMouseMove -point (76,285) 
dicmdCanvasMouseMove -point (76,285) 
dicmdCanvasMouseMove -point (76,284) 
dicmdCanvasMouseMove -point (76,284) 
dicmdCanvasMouseMove -point (76,283) 
dicmdCanvasMouseMove -point (76,283) 
dicmdCanvasMouseMove -point (76,282) 
dicmdCanvasMouseMove -point (76,282) 
dicmdCanvasMouseMove -point (76,281) 
dicmdCanvasMouseMove -point (76,281) 
dicmdCanvasMouseMove -point (76,279) 
dicmdCanvasMouseMove -point (76,279) 
dicmdCanvasMouseMove -point (76,277) 
dicmdCanvasMouseMove -point (76,277) 
dicmdCanvasMouseMove -point (76,274) 
dicmdCanvasMouseMove -point (76,274) 
dicmdCanvasMouseMove -point (76,270) 
dicmdCanvasMouseMove -point (76,270) 
dicmdCanvasMouseMove -point (76,267) 
dicmdCanvasMouseMove -point (76,267) 
dicmdCanvasMouseMove -point (76,263) 
dicmdCanvasMouseMove -point (76,263) 
dicmdCanvasMouseMove -point (76,259) 
dicmdCanvasMouseMove -point (76,259) 
dicmdCanvasMouseMove -point (76,254) 
dicmdCanvasMouseMove -point (76,254) 
dicmdCanvasMouseMove -point (76,250) 
dicmdCanvasMouseMove -point (76,250) 
dicmdCanvasMouseMove -point (76,245) 
dicmdCanvasMouseMove -point (76,245) 
dicmdCanvasMouseMove -point (76,241) 
dicmdCanvasMouseMove -point (76,241) 
dicmdCanvasMouseMove -point (76,238) 
dicmdCanvasMouseMove -point (76,238) 
dicmdCanvasMouseMove -point (76,235) 
dicmdCanvasMouseMove -point (76,235) 
dicmdCanvasMouseMove -point (76,233) 
dicmdCanvasMouseMove -point (76,233) 
dicmdCanvasMouseMove -point (76,231) 
dicmdCanvasMouseMove -point (76,231) 
dicmdCanvasMouseMove -point (76,230) 
dicmdCanvasMouseMove -point (76,230) 
dicmdCanvasMouseMove -point (76,229) 
dicmdCanvasMouseMove -point (76,229) 
dicmdCanvasMouseMove -point (76,228) 
dicmdCanvasMouseMove -point (76,228) 
dicmdCanvasMouseMove -point (76,227) 
dicmdCanvasMouseMove -point (76,227) 
dicmdCanvasMouseMove -point (76,227) 
dicmdCanvasMouseMove -point (76,227) 
dicmdCanvasMouseMove -point (76,226) 
dicmdCanvasMouseMove -point (76,226) 
dicmdCanvasMouseMove -point (77,226) 
dicmdCanvasMouseMove -point (77,226) 
dicmdCanvasMouseMove -point (77,226) 
dicmdCanvasMouseMove -point (77,226) 
dicmdCanvasMouseMove -point (77,225) 
dicmdCanvasMouseMove -point (77,225) 
dicmdCanvasMouseMove -point (77,225) 
dicmdCanvasMouseMove -point (77,225) 
dicmdCanvasMouseMove -point (77,224) 
dicmdCanvasMouseMove -point (77,224) 
dicmdCanvasMouseMove -point (77,224) 
dicmdCanvasMouseMove -point (77,224) 
dicmdCanvasMouseMove -point (77,223) 
dicmdCanvasMouseMove -point (77,223) 
dicmdCanvasMouseMove -point (77,222) 
dicmdCanvasMouseMove -point (77,222) 
dicmdCanvasMouseMove -point (77,222) 
dicmdCanvasMouseMove -point (77,222) 
dicmdCanvasMouseMove -point (77,221) 
dicmdCanvasMouseMove -point (77,221) 
dicmdCanvasMouseMove -point (77,220) 
dicmdCanvasMouseMove -point (77,220) 
dicmdCanvasMouseMove -point (78,219) 
dicmdCanvasMouseMove -point (78,219) 
dicmdCanvasMouseMove -point (78,218) 
dicmdCanvasMouseMove -point (78,218) 
dicmdCanvasMouseMove -point (78,218) 
dicmdCanvasMouseMove -point (78,218) 
dicmdCanvasMouseMove -point (78,218) 
dicmdCanvasMouseMove -point (78,218) 
dicmdCanvasMouseMove -point (78,217) 
dicmdCanvasMouseMove -point (78,217) 
dicmdCanvasMouseMove -point (78,217) 
dicmdCanvasMouseMove -point (78,217) 
dicmdCanvasMouseMove -point (78,217) 
dicmdCanvasMouseMove -point (78,217) 
dicmdCanvasMouseMove -point (78,217) 
dicmdCanvasMouseMove -point (78,217) 
dicmdCanvasMouseMove -point (78,217) 
dicmdCanvasMouseMove -point (78,217) 
dicmdCanvasMouseMove -point (78,218) 
dicmdCanvasMouseMove -point (78,218) 
dicmdCanvasMouseMove -point (77,218) 
dicmdCanvasMouseMove -point (77,218) 
dicmdCanvasMouseMove -point (77,219) 
dicmdCanvasMouseMove -point (77,219) 
dicmdCanvasMouseMove -point (77,219) 
dicmdCanvasMouseMove -point (77,219) 
dicmdCanvasMouseMove -point (76,220) 
dicmdCanvasMouseMove -point (76,220) 
dicmdCanvasMouseMove -point (76,220) 
dicmdCanvasMouseMove -point (76,220) 
dicmdCanvasMouseMove -point (76,220) 
dicmdCanvasMouseMove -point (76,220) 
dicmdCanvasMouseMove -point (75,220) 
dicmdCanvasMouseMove -point (75,220) 
dicmdCanvasMouseMove -point (75,221) 
dicmdCanvasMouseMove -point (75,221) 
dicmdCanvasMouseMove -point (75,221) 
dicmdCanvasMouseMove -point (75,221) 
dicmdCanvasMouseMove -point (75,221) 
dicmdCanvasMouseMove -point (75,221) 
dicmdCanvasMouseMove -point (75,221) 
dicmdCanvasMouseMove -point (75,221) 
dicmdCanvasMouseMove -point (74,222) 
dicmdCanvasMouseMove -point (74,222) 
dicmdCanvasMouseMove -point (74,222) 
dicmdCanvasMouseMove -point (74,222) 
dicmdCanvasMouseMove -point (74,222) 
dicmdCanvasMouseMove -point (74,222) 
dicmdCanvasMouseMove -point (74,222) 
dicmdCanvasMouseMove -point (74,222) 
dicmdCanvasMouseMove -point (74,222) 
dicmdCanvasMouseMove -point (74,222) 
dicmdQaCompareRuntime 
#t --> Test: comparision->Runtime:PASS Runtime_Compare_0.txt Runtime_Compare_0.txt.golden
dicmdCanvasMouseMove -point (74,222) 
dicmdCanvasMouseMove -point (74,222) 
dicmdCanvasMouseMove -point (74,222) 
dicmdCanvasMouseMove -point (74,222) 
dicmdCanvasMouseMove -point (75,222) 
dicmdCanvasMouseMove -point (75,222) 
dicmdCanvasMouseMove -point (75,222) 
dicmdCanvasMouseMove -point (75,222) 
dicmdCanvasMouseMove -point (75,222) 
dicmdCanvasMouseMove -point (75,222) 
dicmdCanvasMouseMove -point (75,223) 
dicmdCanvasMouseMove -point (75,223) 
dicmdCanvasMouseMove -point (75,223) 
dicmdCanvasMouseMove -point (75,223) 
dicmdCanvasMouseMove -point (75,223) 
dicmdCanvasMouseMove -point (75,223) 
dicmdCanvasMouseMove -point (75,223) 
dicmdCanvasMouseMove -point (75,223) 
dicmdCanvasMouseMove -point (75,224) 
dicmdCanvasMouseMove -point (75,224) 
dicmdCanvasMouseMove -point (75,224) 
dicmdCanvasMouseMove -point (75,224) 
dicmdCanvasMouseMove -point (75,224) 
dicmdCanvasMouseMove -point (75,224) 
dicmdCanvasMouseMove -point (75,224) 
dicmdCanvasMouseMove -point (75,224) 
dicmdCanvasMouseMove -point (75,225) 
dicmdCanvasMouseMove -point (75,225) 
dicmdCanvasMouseMove -point (75,225) 
dicmdCanvasMouseMove -point (75,225) 
dicmdCanvasMouseMove -point (75,225) 
dicmdCanvasMouseMove -point (75,225) 
dicmdCanvasMouseMove -point (75,225) 
dicmdCanvasMouseMove -point (75,225) 
dicmdCanvasMouseMove -point (75,226) 
dicmdCanvasMouseMove -point (75,226) 
dicmdCanvasMouseMove -point (75,226) 
dicmdCanvasMouseMove -point (75,226) 
dicmdCanvasMouseMove -point (75,226) 
dicmdCanvasMouseMove -point (75,226) 
dicmdCanvasMouseMove -point (75,226) 
dicmdCanvasMouseMove -point (75,226) 
dicmdCanvasMouseMove -point (75,227) 
dicmdCanvasMouseMove -point (75,227) 
dicmdCanvasMouseMove -point (75,227) 
dicmdCanvasMouseMove -point (75,227) 
dicmdCanvasMouseMove -point (75,227) 
dicmdCanvasMouseMove -point (75,227) 
dicmdCanvasMouseMove -point (75,227) 
dicmdCanvasMouseMove -point (75,227) 
dicmdCanvasMouseMove -point (75,228) 
dicmdCanvasMouseMove -point (75,228) 
dicmdCanvasMouseMove -point (75,228) 
dicmdCanvasMouseMove -point (75,228) 
dicmdCanvasMouseMove -point (75,228) 
dicmdCanvasMouseMove -point (75,228) 
dicmdCanvasMouseMove -point (75,229) 
dicmdCanvasMouseMove -point (75,229) 
dicmdCanvasMouseMove -point (75,229) 
dicmdCanvasMouseMove -point (75,229) 
dicmdCanvasMouseMove -point (75,229) 
dicmdCanvasMouseMove -point (75,229) 
dicmdCanvasMouseMove -point (75,229) 
dicmdCanvasMouseMove -point (75,229) 
dicmdCanvasMouseMove -point (75,230) 
dicmdCanvasMouseMove -point (75,230) 
dicmdCanvasMouseMove -point (75,230) 
dicmdCanvasMouseMove -point (75,230) 
dicmdCanvasMouseMove -point (75,230) 
dicmdCanvasMouseMove -point (75,230) 
dicmdCanvasMouseMove -point (75,230) 
dicmdCanvasMouseMove -point (75,230) 
dicmdCanvasMouseMove -point (75,231) 
dicmdCanvasMouseMove -point (75,231) 
dicmdCanvasMouseMove -point (75,231) 
dicmdCanvasMouseMove -point (75,231) 
dicmdCanvasMouseMove -point (75,231) 
dicmdCanvasMouseMove -point (75,231) 
dicmdCanvasMouseMove -point (75,231) 
dicmdCanvasMouseMove -point (75,231) 
dicmdCanvasMouseMove -point (75,232) 
dicmdCanvasMouseMove -point (75,232) 
dicmdCanvasMouseMove -point (75,232) 
dicmdCanvasMouseMove -point (75,232) 
dicmdCanvasMouseMove -point (75,232) 
dicmdCanvasMouseMove -point (75,232) 
dicmdCanvasMouseMove -point (75,233) 
dicmdCanvasMouseMove -point (75,233) 
dicmdCanvasMouseMove -point (75,233) 
dicmdCanvasMouseMove -point (75,233) 
dicmdCanvasMouseMove -point (75,234) 
dicmdCanvasMouseMove -point (75,234) 
dicmdCanvasMouseMove -point (75,234) 
dicmdCanvasMouseMove -point (75,234) 
dicmdCanvasMouseMove -point (75,235) 
dicmdCanvasMouseMove -point (75,235) 
dicmdCanvasMouseMove -point (75,235) 
dicmdCanvasMouseMove -point (75,235) 
dicmdCanvasMouseMove -point (75,236) 
dicmdCanvasMouseMove -point (75,236) 
dicmdCanvasMouseMove -point (75,236) 
dicmdCanvasMouseMove -point (75,236) 
dicmdCanvasMouseMove -point (75,237) 
dicmdCanvasMouseMove -point (75,237) 
dicmdCanvasMouseMove -point (75,237) 
dicmdCanvasMouseMove -point (75,237) 
dicmdCanvasMouseMove -point (75,238) 
dicmdCanvasMouseMove -point (75,238) 
dicmdCanvasMouseMove -point (75,239) 
dicmdCanvasMouseMove -point (75,239) 
dicmdCanvasMouseMove -point (75,239) 
dicmdCanvasMouseMove -point (75,239) 
dicmdCanvasMouseMove -point (75,240) 
dicmdCanvasMouseMove -point (75,240) 
dicmdCanvasMouseMove -point (75,241) 
dicmdCanvasMouseMove -point (75,241) 
dicmdCanvasMouseMove -point (75,241) 
dicmdCanvasMouseMove -point (75,241) 
dicmdCanvasMouseMove -point (75,242) 
dicmdCanvasMouseMove -point (75,242) 
dicmdCanvasMouseMove -point (75,243) 
dicmdCanvasMouseMove -point (75,243) 
dicmdCanvasMouseMove -point (75,245) 
dicmdCanvasMouseMove -point (75,245) 
dicmdCanvasMouseMove -point (75,245) 
dicmdCanvasMouseMove -point (75,245) 
dicmdCanvasMouseMove -point (75,247) 
dicmdCanvasMouseMove -point (75,247) 
dicmdCanvasMouseMove -point (75,249) 
dicmdCanvasMouseMove -point (75,249) 
dicmdCanvasMouseMove -point (75,250) 
dicmdCanvasMouseMove -point (75,250) 
dicmdCanvasMouseMove -point (75,252) 
dicmdCanvasMouseMove -point (75,252) 
dicmdCanvasMouseMove -point (76,253) 
dicmdCanvasMouseMove -point (76,253) 
dicmdCanvasMouseMove -point (76,255) 
dicmdCanvasMouseMove -point (76,255) 
dicmdCanvasMouseMove -point (76,256) 
dicmdCanvasMouseMove -point (76,256) 
dicmdCanvasMouseMove -point (76,256) 
dicmdCanvasMouseMove -point (76,256) 
dicmdCanvasMouseMove -point (76,257) 
dicmdCanvasMouseMove -point (76,257) 
dicmdCanvasMouseMove -point (76,258) 
dicmdCanvasMouseMove -point (76,258) 
dicmdCanvasMouseMove -point (76,259) 
dicmdCanvasMouseMove -point (76,259) 
dicmdCanvasMouseMove -point (76,259) 
dicmdCanvasMouseMove -point (76,259) 
dicmdCanvasMouseMove -point (76,259) 
dicmdCanvasMouseMove -point (76,259) 
dicmdCanvasMouseMove -point (76,260) 
dicmdCanvasMouseMove -point (76,260) 
dicmdCanvasMouseMove -point (76,260) 
dicmdCanvasMouseMove -point (76,260) 
dicmdCanvasMouseMove -point (76,260) 
dicmdCanvasMouseMove -point (76,260) 
dicmdCanvasMouseMove -point (76,260) 
dicmdCanvasMouseMove -point (76,260) 
dicmdCanvasMouseMove -point (76,261) 
dicmdCanvasMouseMove -point (76,261) 
dicmdCanvasMouseMove -point (77,261) 
dicmdCanvasMouseMove -point (77,261) 
dicmdCanvasMouseMove -point (77,262) 
dicmdCanvasMouseMove -point (77,262) 
dicmdCanvasMouseMove -point (77,262) 
dicmdCanvasMouseMove -point (77,262) 
dicmdCanvasMouseMove -point (77,263) 
dicmdCanvasMouseMove -point (77,263) 
dicmdCanvasMouseMove -point (77,263) 
dicmdCanvasMouseMove -point (77,263) 
dicmdCanvasMouseMove -point (77,263) 
dicmdCanvasMouseMove -point (77,263) 
dicmdCanvasMouseMove -point (77,264) 
dicmdCanvasMouseMove -point (77,264) 
dicmdCanvasMouseMove -point (77,264) 
dicmdCanvasMouseMove -point (77,264) 
dicmdCanvasMouseMove -point (77,264) 
dicmdCanvasMouseMove -point (77,264) 
dicmdCanvasMouseMove -point (77,265) 
dicmdCanvasMouseMove -point (77,265) 
dicmdCanvasMouseMove -point (77,265) 
dicmdCanvasMouseMove -point (77,265) 
dicmdCanvasMouseMove -point (77,265) 
dicmdCanvasMouseMove -point (77,265) 
dicmdCanvasMouseMove -point (77,264) 
dicmdCanvasMouseMove -point (77,264) 
dicmdCanvasMouseMove -point (77,264) 
dicmdCanvasMouseMove -point (77,264) 
dicmdCanvasMouseMove -point (77,264) 
dicmdCanvasMouseMove -point (77,264) 
dicmdCanvasMouseMove -point (77,263) 
dicmdCanvasMouseMove -point (77,263) 
dicmdCanvasMouseMove -point (77,263) 
dicmdCanvasMouseMove -point (77,263) 
dicmdCanvasMouseMove -point (77,262) 
dicmdCanvasMouseMove -point (77,262) 
dicmdCanvasMouseMove -point (77,261) 
dicmdCanvasMouseMove -point (77,261) 
dicmdCanvasMouseMove -point (77,261) 
dicmdCanvasMouseMove -point (77,261) 
dicmdCanvasMouseMove -point (77,260) 
dicmdCanvasMouseMove -point (77,260) 
dicmdCanvasMouseMove -point (77,259) 
dicmdCanvasMouseMove -point (77,259) 
dicmdCanvasMouseMove -point (77,258) 
dicmdCanvasMouseMove -point (77,258) 
dicmdCanvasMouseMove -point (77,258) 
dicmdCanvasMouseMove -point (77,258) 
dicmdCanvasMouseMove -point (77,257) 
dicmdCanvasMouseMove -point (77,257) 
dicmdCanvasMouseMove -point (77,256) 
dicmdCanvasMouseMove -point (77,256) 
dicmdCanvasMouseMove -point (77,255) 
dicmdCanvasMouseMove -point (77,255) 
dicmdCanvasMouseMove -point (77,254) 
dicmdCanvasMouseMove -point (77,254) 
dicmdCanvasMouseMove -point (77,253) 
dicmdCanvasMouseMove -point (77,253) 
dicmdCanvasMouseMove -point (77,253) 
dicmdCanvasMouseMove -point (77,253) 
dicmdCanvasMouseMove -point (77,252) 
dicmdCanvasMouseMove -point (77,252) 
dicmdCanvasMouseMove -point (77,250) 
dicmdCanvasMouseMove -point (77,250) 
dicmdCanvasMouseMove -point (77,249) 
dicmdCanvasMouseMove -point (77,249) 
dicmdCanvasMouseMove -point (77,248) 
dicmdCanvasMouseMove -point (77,248) 
dicmdCanvasMouseMove -point (77,247) 
dicmdCanvasMouseMove -point (77,247) 
dicmdCanvasMouseMove -point (77,246) 
dicmdCanvasMouseMove -point (77,246) 
dicmdCanvasMouseMove -point (77,245) 
dicmdCanvasMouseMove -point (77,245) 
dicmdCanvasMouseMove -point (77,245) 
dicmdCanvasMouseMove -point (77,245) 
dicmdCanvasMouseMove -point (77,244) 
dicmdCanvasMouseMove -point (77,244) 
dicmdCanvasMouseMove -point (77,243) 
dicmdCanvasMouseMove -point (77,243) 
dicmdCanvasMouseMove -point (77,243) 
dicmdCanvasMouseMove -point (77,243) 
dicmdCanvasMouseMove -point (77,242) 
dicmdCanvasMouseMove -point (77,242) 
dicmdCanvasMouseMove -point (78,241) 
dicmdCanvasMouseMove -point (78,241) 
dicmdCanvasMouseMove -point (79,238) 
dicmdCanvasMouseMove -point (79,238) 
dicmdCanvasMouseMove -point (80,234) 
dicmdCanvasMouseMove -point (80,234) 
dicmdCanvasMouseMove -point (81,231) 
dicmdCanvasMouseMove -point (81,231) 
dicmdCanvasMouseMove -point (82,229) 
dicmdCanvasMouseMove -point (82,229) 
dicmdCanvasMouseMove -point (84,225) 
dicmdCanvasMouseMove -point (84,225) 
dicmdCanvasMouseMove -point (85,222) 
dicmdCanvasMouseMove -point (85,222) 
dicmdCanvasMouseMove -point (86,220) 
dicmdCanvasMouseMove -point (86,220) 
dicmdCanvasMouseMove -point (87,218) 
dicmdCanvasMouseMove -point (87,218) 
dicmdCanvasMouseMove -point (88,216) 
dicmdCanvasMouseMove -point (88,216) 
dicmdCanvasMouseMove -point (89,214) 
dicmdCanvasMouseMove -point (89,214) 
dicmdCanvasMouseMove -point (90,212) 
dicmdCanvasMouseMove -point (90,212) 
dicmdCanvasMouseMove -point (90,212) 
dicmdCanvasMouseMove -point (90,212) 
dicmdCanvasMouseMove -point (90,211) 
dicmdCanvasMouseMove -point (90,211) 
dicmdCanvasMouseMove -point (90,211) 
dicmdCanvasMouseMove -point (90,211) 
dicmdCanvasMouseMove -point (91,211) 
dicmdCanvasMouseMove -point (91,211) 
dicmdCanvasMouseMove -point (91,211) 
dicmdCanvasMouseMove -point (91,211) 
dicmdCanvasMouseMove -point (91,211) 
dicmdCanvasMouseMove -point (91,211) 
dicmdCanvasMouseMove -point (91,211) 
dicmdCanvasMouseMove -point (91,211) 
dicmdCanvasMouseMove -point (92,211) 
dicmdCanvasMouseMove -point (92,211) 
dicmdCanvasMouseMove -point (92,210) 
dicmdCanvasMouseMove -point (92,210) 
dicmdCanvasMouseMove -point (92,210) 
dicmdCanvasMouseMove -point (92,210) 
dicmdCanvasMouseMove -point (92,210) 
dicmdCanvasMouseMove -point (92,210) 
dicmdCanvasMouseMove -point (92,211) 
dicmdCanvasMouseMove -point (92,211) 
dicmdCanvasMouseMove -point (92,211) 
dicmdCanvasMouseMove -point (92,211) 
dicmdCanvasMouseMove -point (92,211) 
dicmdCanvasMouseMove -point (92,211) 
dicmdCanvasMouseMove -point (92,211) 
dicmdCanvasMouseMove -point (92,211) 
dicmdCanvasMouseMove -point (92,211) 
dicmdCanvasMouseMove -point (92,211) 
dicmdCanvasMouseMove -point (92,212) 
dicmdCanvasMouseMove -point (92,212) 
dicmdCanvasMouseMove -point (92,212) 
dicmdCanvasMouseMove -point (92,212) 
dicmdCanvasMouseMove -point (92,212) 
dicmdCanvasMouseMove -point (92,212) 
dicmdCanvasMouseMove -point (92,212) 
dicmdCanvasMouseMove -point (92,212) 
dicmdCanvasMouseMove -point (92,213) 
dicmdCanvasMouseMove -point (92,213) 
dicmdCanvasMouseMove -point (92,213) 
dicmdCanvasMouseMove -point (92,213) 
dicmdCanvasMouseMove -point (92,213) 
dicmdCanvasMouseMove -point (92,213) 
dicmdCanvasMouseMove -point (92,213) 
dicmdCanvasMouseMove -point (92,213) 
dicmdCanvasMouseMove -point (92,214) 
dicmdCanvasMouseMove -point (92,214) 
dicmdCanvasMouseMove -point (92,214) 
dicmdCanvasMouseMove -point (92,214) 
dicmdCanvasMouseMove -point (92,214) 
dicmdCanvasMouseMove -point (92,214) 
dicmdCanvasMouseMove -point (92,214) 
dicmdCanvasMouseMove -point (92,214) 
dicmdCanvasMouseMove -point (92,215) 
dicmdCanvasMouseMove -point (92,215) 
dicmdCanvasMouseMove -point (92,215) 
dicmdCanvasMouseMove -point (92,215) 
dicmdCanvasMouseMove -point (92,215) 
dicmdCanvasMouseMove -point (92,215) 
dicmdCanvasMouseMove -point (92,215) 
dicmdCanvasMouseMove -point (92,215) 
dicmdCanvasMouseMove -point (92,216) 
dicmdCanvasMouseMove -point (92,216) 
dicmdCanvasMouseMove -point (92,216) 
dicmdCanvasMouseMove -point (92,216) 
dicmdCanvasMouseMove -point (92,216) 
dicmdCanvasMouseMove -point (92,216) 
dicmdCanvasMouseMove -point (92,216) 
dicmdCanvasMouseMove -point (92,216) 
dicmdCanvasMouseMove -point (92,217) 
dicmdCanvasMouseMove -point (92,217) 
dicmdCanvasMouseMove -point (92,217) 
dicmdCanvasMouseMove -point (92,217) 
dicmdCanvasMouseMove -point (92,217) 
dicmdCanvasMouseMove -point (92,217) 
dicmdCanvasMouseMove -point (92,217) 
dicmdCanvasMouseMove -point (92,217) 
dicmdCanvasMouseMove -point (92,217) 
dicmdCanvasMouseMove -point (92,217) 
dicmdCanvasMouseMove -point (92,217) 
dicmdCanvasMouseMove -point (92,217) 
dicmdCanvasMouseMove -point (92,217) 
dicmdCanvasMouseMove -point (92,217) 
dicmdCanvasMouseMove -point (92,217) 
dicmdCanvasMouseMove -point (92,217) 
dicmdCanvasMouseMove -point (93,217) 
dicmdCanvasMouseMove -point (93,217) 
dicmdCanvasMouseMove -point (93,217) 
dicmdCanvasMouseMove -point (93,217) 
dicmdCanvasMouseMove -point (93,217) 
dicmdCanvasMouseMove -point (93,217) 
dicmdCanvasMouseMove -point (93,217) 
dicmdCanvasMouseMove -point (93,217) 
dicmdCanvasMouseMove -point (94,217) 
dicmdCanvasMouseMove -point (94,217) 
dicmdCanvasMouseMove -point (94,217) 
dicmdCanvasMouseMove -point (94,217) 
dicmdCanvasMouseMove -point (94,217) 
dicmdCanvasMouseMove -point (94,217) 
dicmdCanvasMouseMove -point (94,217) 
dicmdCanvasMouseMove -point (94,217) 
dicmdCanvasMouseMove -point (94,218) 
dicmdCanvasMouseMove -point (94,218) 
dicmdCanvasMouseMove -point (95,218) 
dicmdCanvasMouseMove -point (95,218) 
dicmdQaCompareRuntime 
#t --> Test: comparision->Runtime:PASS Runtime_Compare_1.txt Runtime_Compare_1.txt.golden
dicmdCanvasMouseMove -point (95,218) 
dicmdCanvasMouseMove -point (95,218) 
dicmdCanvasMouseMove -point (95,218) 
dicmdCanvasMouseMove -point (95,218) 
dicmdCanvasMouseMove -point (95,218) 
dicmdCanvasMouseMove -point (95,218) 
dicmdCanvasMouseMove -point (95,219) 
dicmdCanvasMouseMove -point (95,219) 
dicmdCanvasMouseMove -point (95,219) 
dicmdCanvasMouseMove -point (95,219) 
dicmdCanvasMouseMove -point (95,219) 
dicmdCanvasMouseMove -point (95,219) 
dicmdCanvasMouseMove -point (94,219) 
dicmdCanvasMouseMove -point (94,219) 
dicmdCanvasMouseMove -point (94,219) 
dicmdCanvasMouseMove -point (94,219) 
dicmdCanvasMouseMove -point (94,219) 
dicmdCanvasMouseMove -point (94,219) 
dicmdCanvasMouseMove -point (94,220) 
dicmdCanvasMouseMove -point (94,220) 
dicmdCanvasMouseMove -point (94,220) 
dicmdCanvasMouseMove -point (94,220) 
dicmdCanvasMouseMove -point (94,220) 
dicmdCanvasMouseMove -point (94,220) 
dicmdCanvasMouseMove -point (94,220) 
dicmdCanvasMouseMove -point (94,220) 
dicmdCanvasMouseMove -point (94,221) 
dicmdCanvasMouseMove -point (94,221) 
dicmdCanvasMouseMove -point (94,221) 
dicmdCanvasMouseMove -point (94,221) 
dicmdCanvasMouseMove -point (94,222) 
dicmdCanvasMouseMove -point (94,222) 
dicmdCanvasMouseMove -point (94,222) 
dicmdCanvasMouseMove -point (94,222) 
dicmdCanvasMouseMove -point (94,223) 
dicmdCanvasMouseMove -point (94,223) 
dicmdCanvasMouseMove -point (94,224) 
dicmdCanvasMouseMove -point (94,224) 
dicmdCanvasMouseMove -point (94,225) 
dicmdCanvasMouseMove -point (94,225) 
dicmdCanvasMouseMove -point (95,227) 
dicmdCanvasMouseMove -point (95,227) 
dicmdCanvasMouseMove -point (95,228) 
dicmdCanvasMouseMove -point (95,228) 
dicmdCanvasMouseMove -point (96,229) 
dicmdCanvasMouseMove -point (96,229) 
dicmdCanvasMouseMove -point (97,230) 
dicmdCanvasMouseMove -point (97,230) 
dicmdCanvasMouseMove -point (97,232) 
dicmdCanvasMouseMove -point (97,232) 
dicmdCanvasMouseMove -point (98,233) 
dicmdCanvasMouseMove -point (98,233) 
dicmdCanvasMouseMove -point (98,234) 
dicmdCanvasMouseMove -point (98,234) 
dicmdCanvasMouseMove -point (99,235) 
dicmdCanvasMouseMove -point (99,235) 
dicmdCanvasMouseMove -point (100,236) 
dicmdCanvasMouseMove -point (100,236) 
dicmdCanvasMouseMove -point (100,237) 
dicmdCanvasMouseMove -point (100,237) 
dicmdCanvasMouseMove -point (101,238) 
dicmdCanvasMouseMove -point (101,238) 
dicmdCanvasMouseMove -point (101,239) 
dicmdCanvasMouseMove -point (101,239) 
dicmdCanvasMouseMove -point (102,240) 
dicmdCanvasMouseMove -point (102,240) 
dicmdCanvasMouseMove -point (102,241) 
dicmdCanvasMouseMove -point (102,241) 
dicmdCanvasMouseMove -point (103,241) 
dicmdCanvasMouseMove -point (103,241) 
dicmdCanvasMouseMove -point (103,242) 
dicmdCanvasMouseMove -point (103,242) 
dicmdCanvasMouseMove -point (104,243) 
dicmdCanvasMouseMove -point (104,243) 
dicmdCanvasMouseMove -point (104,244) 
dicmdCanvasMouseMove -point (104,244) 
dicmdCanvasMouseMove -point (106,245) 
dicmdCanvasMouseMove -point (106,245) 
dicmdCanvasMouseMove -point (106,245) 
dicmdCanvasMouseMove -point (106,245) 
dicmdCanvasMouseMove -point (107,246) 
dicmdCanvasMouseMove -point (107,246) 
dicmdCanvasMouseMove -point (107,247) 
dicmdCanvasMouseMove -point (107,247) 
dicmdCanvasMouseMove -point (108,247) 
dicmdCanvasMouseMove -point (108,247) 
dicmdCanvasMouseMove -point (108,248) 
dicmdCanvasMouseMove -point (108,248) 
dicmdCanvasMouseMove -point (109,249) 
dicmdCanvasMouseMove -point (109,249) 
dicmdCanvasMouseMove -point (110,249) 
dicmdCanvasMouseMove -point (110,249) 
dicmdCanvasMouseMove -point (110,250) 
dicmdCanvasMouseMove -point (110,250) 
dicmdCanvasMouseMove -point (111,250) 
dicmdCanvasMouseMove -point (111,250) 
dicmdCanvasMouseMove -point (111,251) 
dicmdCanvasMouseMove -point (111,251) 
dicmdCanvasMouseMove -point (112,251) 
dicmdCanvasMouseMove -point (112,251) 
dicmdCanvasMouseMove -point (112,252) 
dicmdCanvasMouseMove -point (112,252) 
dicmdCanvasMouseMove -point (113,252) 
dicmdCanvasMouseMove -point (113,252) 
dicmdCanvasMouseMove -point (114,252) 
dicmdCanvasMouseMove -point (114,252) 
dicmdCanvasMouseMove -point (114,253) 
dicmdCanvasMouseMove -point (114,253) 
dicmdCanvasMouseMove -point (114,253) 
dicmdCanvasMouseMove -point (114,253) 
dicmdCanvasMouseMove -point (115,253) 
dicmdCanvasMouseMove -point (115,253) 
dicmdCanvasMouseMove -point (115,253) 
dicmdCanvasMouseMove -point (115,253) 
dicmdCanvasMouseMove -point (115,254) 
dicmdCanvasMouseMove -point (115,254) 
dicmdCanvasMouseMove -point (115,254) 
dicmdCanvasMouseMove -point (115,254) 
dicmdCanvasMouseMove -point (116,254) 
dicmdCanvasMouseMove -point (116,254) 
dicmdCanvasMouseMove -point (116,254) 
dicmdCanvasMouseMove -point (116,254) 
dicmdCanvasMouseMove -point (116,254) 
dicmdCanvasMouseMove -point (116,254) 
dicmdCanvasMouseMove -point (116,254) 
dicmdCanvasMouseMove -point (116,254) 
dicmdCanvasMouseMove -point (117,254) 
dicmdCanvasMouseMove -point (117,254) 
dicmdCanvasMouseMove -point (117,254) 
dicmdCanvasMouseMove -point (117,254) 
dicmdCanvasMouseMove -point (117,254) 
dicmdCanvasMouseMove -point (117,254) 
dicmdCanvasMouseMove -point (117,254) 
dicmdCanvasMouseMove -point (117,254) 
dicmdCanvasMouseMove -point (117,253) 
dicmdCanvasMouseMove -point (117,253) 
dicmdCanvasMouseMove -point (117,253) 
dicmdCanvasMouseMove -point (117,253) 
dicmdCanvasMouseMove -point (117,253) 
dicmdCanvasMouseMove -point (117,253) 
dicmdCanvasMouseMove -point (117,252) 
dicmdCanvasMouseMove -point (117,252) 
dicmdCanvasMouseMove -point (117,251) 
dicmdCanvasMouseMove -point (117,251) 
dicmdCanvasMouseMove -point (117,250) 
dicmdCanvasMouseMove -point (117,250) 
dicmdCanvasMouseMove -point (117,249) 
dicmdCanvasMouseMove -point (117,249) 
dicmdCanvasMouseMove -point (117,249) 
dicmdCanvasMouseMove -point (117,249) 
dicmdCanvasMouseMove -point (117,248) 
dicmdCanvasMouseMove -point (117,248) 
dicmdCanvasMouseMove -point (117,247) 
dicmdCanvasMouseMove -point (117,247) 
dicmdCanvasMouseMove -point (118,245) 
dicmdCanvasMouseMove -point (118,245) 
dicmdCanvasMouseMove -point (118,244) 
dicmdCanvasMouseMove -point (118,244) 
dicmdCanvasMouseMove -point (118,243) 
dicmdCanvasMouseMove -point (118,243) 
dicmdCanvasMouseMove -point (118,242) 
dicmdCanvasMouseMove -point (118,242) 
dicmdCanvasMouseMove -point (118,241) 
dicmdCanvasMouseMove -point (118,241) 
dicmdCanvasMouseMove -point (118,239) 
dicmdCanvasMouseMove -point (118,239) 
dicmdCanvasMouseMove -point (119,237) 
dicmdCanvasMouseMove -point (119,237) 
dicmdCanvasMouseMove -point (120,235) 
dicmdCanvasMouseMove -point (120,235) 
dicmdCanvasMouseMove -point (120,234) 
dicmdCanvasMouseMove -point (120,234) 
dicmdCanvasMouseMove -point (121,233) 
dicmdCanvasMouseMove -point (121,233) 
dicmdCanvasMouseMove -point (122,231) 
dicmdCanvasMouseMove -point (122,231) 
dicmdCanvasMouseMove -point (123,228) 
dicmdCanvasMouseMove -point (123,228) 
dicmdCanvasMouseMove -point (125,226) 
dicmdCanvasMouseMove -point (125,226) 
dicmdCanvasMouseMove -point (127,224) 
dicmdCanvasMouseMove -point (127,224) 
dicmdCanvasMouseMove -point (128,223) 
dicmdCanvasMouseMove -point (128,223) 
dicmdCanvasMouseMove -point (129,221) 
dicmdCanvasMouseMove -point (129,221) 
dicmdCanvasMouseMove -point (130,220) 
dicmdCanvasMouseMove -point (130,220) 
dicmdCanvasMouseMove -point (131,219) 
dicmdCanvasMouseMove -point (131,219) 
dicmdCanvasMouseMove -point (132,218) 
dicmdCanvasMouseMove -point (132,218) 
dicmdCanvasMouseMove -point (133,217) 
dicmdCanvasMouseMove -point (133,217) 
dicmdCanvasMouseMove -point (134,217) 
dicmdCanvasMouseMove -point (134,217) 
dicmdCanvasMouseMove -point (134,216) 
dicmdCanvasMouseMove -point (134,216) 
dicmdCanvasMouseMove -point (134,216) 
dicmdCanvasMouseMove -point (134,216) 
dicmdCanvasMouseMove -point (135,216) 
dicmdCanvasMouseMove -point (135,216) 
dicmdCanvasMouseMove -point (135,216) 
dicmdCanvasMouseMove -point (135,216) 
dicmdCanvasMouseMove -point (135,216) 
dicmdCanvasMouseMove -point (135,216) 
dicmdCanvasMouseMove -point (135,216) 
dicmdCanvasMouseMove -point (135,216) 
dicmdCanvasMouseMove -point (136,216) 
dicmdCanvasMouseMove -point (136,216) 
dicmdCanvasMouseMove -point (136,216) 
dicmdCanvasMouseMove -point (136,216) 
dicmdCanvasMouseMove -point (137,215) 
dicmdCanvasMouseMove -point (137,215) 
dicmdCanvasMouseMove -point (137,215) 
dicmdCanvasMouseMove -point (137,215) 
dicmdCanvasMouseMove -point (137,215) 
dicmdCanvasMouseMove -point (137,215) 
dicmdCanvasMouseMove -point (138,215) 
dicmdCanvasMouseMove -point (138,215) 
dicmdCanvasMouseMove -point (138,215) 
dicmdCanvasMouseMove -point (138,215) 
dicmdCanvasMouseMove -point (139,215) 
dicmdCanvasMouseMove -point (139,215) 
dicmdCanvasMouseMove -point (139,215) 
dicmdCanvasMouseMove -point (139,215) 
dicmdCanvasMouseMove -point (139,215) 
dicmdCanvasMouseMove -point (139,215) 
dicmdCanvasMouseMove -point (140,215) 
dicmdCanvasMouseMove -point (140,215) 
dicmdCanvasMouseMove -point (140,215) 
dicmdCanvasMouseMove -point (140,215) 
dicmdCanvasMouseMove -point (140,215) 
dicmdCanvasMouseMove -point (140,215) 
dicmdCanvasMouseMove -point (140,215) 
dicmdCanvasMouseMove -point (140,215) 
dicmdCanvasMouseMove -point (141,215) 
dicmdCanvasMouseMove -point (141,215) 
dicmdCanvasMouseMove -point (141,215) 
dicmdCanvasMouseMove -point (141,215) 
dicmdCanvasMouseMove -point (141,215) 
dicmdCanvasMouseMove -point (141,215) 
dicmdCanvasMouseMove -point (141,215) 
dicmdCanvasMouseMove -point (141,215) 
dicmdCanvasMouseMove -point (142,215) 
dicmdCanvasMouseMove -point (142,215) 
dicmdCanvasMouseMove -point (142,215) 
dicmdCanvasMouseMove -point (142,215) 
dicmdCanvasMouseMove -point (142,215) 
dicmdCanvasMouseMove -point (142,215) 
dicmdCanvasMouseMove -point (142,215) 
dicmdCanvasMouseMove -point (142,215) 
dicmdCanvasMouseMove -point (142,215) 
dicmdCanvasMouseMove -point (142,215) 
dicmdCanvasMouseMove -point (142,215) 
dicmdCanvasMouseMove -point (142,215) 
dicmdCanvasMouseMove -point (142,215) 
dicmdCanvasMouseMove -point (142,215) 
dicmdCanvasMouseMove -point (143,215) 
dicmdCanvasMouseMove -point (143,215) 
dicmdCanvasMouseMove -point (143,215) 
dicmdCanvasMouseMove -point (143,215) 
dicmdCanvasMouseMove -point (143,215) 
dicmdCanvasMouseMove -point (143,215) 
dicmdCanvasMouseMove -point (143,216) 
dicmdCanvasMouseMove -point (143,216) 
dicmdQaCompareRuntime 
#t --> Test: comparision->Runtime:PASS Runtime_Compare_2.txt Runtime_Compare_2.txt.golden
dicmdCanvasMouseMove -point (143,216) 
dicmdCanvasMouseMove -point (143,216) 
dicmdCanvasMouseMove -point (143,216) 
dicmdCanvasMouseMove -point (143,216) 
dicmdCanvasMouseMove -point (143,216) 
dicmdCanvasMouseMove -point (143,216) 
dicmdCanvasMouseMove -point (143,217) 
dicmdCanvasMouseMove -point (143,217) 
dicmdCanvasMouseMove -point (143,217) 
dicmdCanvasMouseMove -point (143,217) 
dicmdCanvasMouseMove -point (143,217) 
dicmdCanvasMouseMove -point (143,217) 
dicmdCanvasMouseMove -point (143,217) 
dicmdCanvasMouseMove -point (143,217) 
dicmdCanvasMouseMove -point (143,218) 
dicmdCanvasMouseMove -point (143,218) 
dicmdCanvasMouseMove -point (143,218) 
dicmdCanvasMouseMove -point (143,218) 
dicmdCanvasMouseMove -point (143,218) 
dicmdCanvasMouseMove -point (143,218) 
dicmdCanvasMouseMove -point (143,218) 
dicmdCanvasMouseMove -point (143,218) 
dicmdCanvasMouseMove -point (143,219) 
dicmdCanvasMouseMove -point (143,219) 
dicmdCanvasMouseMove -point (143,219) 
dicmdCanvasMouseMove -point (143,219) 
dicmdCanvasMouseMove -point (143,220) 
dicmdCanvasMouseMove -point (143,220) 
dicmdCanvasMouseMove -point (143,220) 
dicmdCanvasMouseMove -point (143,220) 
dicmdCanvasMouseMove -point (143,220) 
dicmdCanvasMouseMove -point (143,220) 
dicmdCanvasMouseMove -point (142,220) 
dicmdCanvasMouseMove -point (142,220) 
dicmdCanvasMouseMove -point (142,221) 
dicmdCanvasMouseMove -point (142,221) 
dicmdCanvasMouseMove -point (142,221) 
dicmdCanvasMouseMove -point (142,221) 
dicmdCanvasMouseMove -point (142,221) 
dicmdCanvasMouseMove -point (142,221) 
dicmdCanvasMouseMove -point (142,222) 
dicmdCanvasMouseMove -point (142,222) 
dicmdCanvasMouseMove -point (142,222) 
dicmdCanvasMouseMove -point (142,222) 
dicmdCanvasMouseMove -point (142,223) 
dicmdCanvasMouseMove -point (142,223) 
dicmdCanvasMouseMove -point (142,224) 
dicmdCanvasMouseMove -point (142,224) 
dicmdCanvasMouseMove -point (142,224) 
dicmdCanvasMouseMove -point (142,224) 
dicmdCanvasMouseMove -point (142,225) 
dicmdCanvasMouseMove -point (142,225) 
dicmdCanvasMouseMove -point (142,226) 
dicmdCanvasMouseMove -point (142,226) 
dicmdCanvasMouseMove -point (142,227) 
dicmdCanvasMouseMove -point (142,227) 
dicmdCanvasMouseMove -point (143,228) 
dicmdCanvasMouseMove -point (143,228) 
dicmdCanvasMouseMove -point (143,229) 
dicmdCanvasMouseMove -point (143,229) 
dicmdCanvasMouseMove -point (144,230) 
dicmdCanvasMouseMove -point (144,230) 
dicmdCanvasMouseMove -point (145,231) 
dicmdCanvasMouseMove -point (145,231) 
dicmdCanvasMouseMove -point (145,232) 
dicmdCanvasMouseMove -point (145,232) 
dicmdCanvasMouseMove -point (146,233) 
dicmdCanvasMouseMove -point (146,233) 
dicmdCanvasMouseMove -point (147,234) 
dicmdCanvasMouseMove -point (147,234) 
dicmdCanvasMouseMove -point (147,235) 
dicmdCanvasMouseMove -point (147,235) 
dicmdCanvasMouseMove -point (148,236) 
dicmdCanvasMouseMove -point (148,236) 
dicmdCanvasMouseMove -point (148,237) 
dicmdCanvasMouseMove -point (148,237) 
dicmdCanvasMouseMove -point (149,238) 
dicmdCanvasMouseMove -point (149,238) 
dicmdCanvasMouseMove -point (149,239) 
dicmdCanvasMouseMove -point (149,239) 
dicmdCanvasMouseMove -point (149,239) 
dicmdCanvasMouseMove -point (149,239) 
dicmdCanvasMouseMove -point (150,240) 
dicmdCanvasMouseMove -point (150,240) 
dicmdCanvasMouseMove -point (150,240) 
dicmdCanvasMouseMove -point (150,240) 
dicmdCanvasMouseMove -point (151,241) 
dicmdCanvasMouseMove -point (151,241) 
dicmdCanvasMouseMove -point (151,241) 
dicmdCanvasMouseMove -point (151,241) 
dicmdCanvasMouseMove -point (151,242) 
dicmdCanvasMouseMove -point (151,242) 
dicmdCanvasMouseMove -point (151,242) 
dicmdCanvasMouseMove -point (151,242) 
dicmdCanvasMouseMove -point (152,243) 
dicmdCanvasMouseMove -point (152,243) 
dicmdCanvasMouseMove -point (152,243) 
dicmdCanvasMouseMove -point (152,243) 
dicmdCanvasMouseMove -point (152,244) 
dicmdCanvasMouseMove -point (152,244) 
dicmdCanvasMouseMove -point (153,244) 
dicmdCanvasMouseMove -point (153,244) 
dicmdCanvasMouseMove -point (153,244) 
dicmdCanvasMouseMove -point (153,244) 
dicmdCanvasMouseMove -point (154,245) 
dicmdCanvasMouseMove -point (154,245) 
dicmdCanvasMouseMove -point (154,245) 
dicmdCanvasMouseMove -point (154,245) 
dicmdCanvasMouseMove -point (154,246) 
dicmdCanvasMouseMove -point (154,246) 
dicmdCanvasMouseMove -point (155,246) 
dicmdCanvasMouseMove -point (155,246) 
dicmdCanvasMouseMove -point (155,247) 
dicmdCanvasMouseMove -point (155,247) 
dicmdCanvasMouseMove -point (156,248) 
dicmdCanvasMouseMove -point (156,248) 
dicmdCanvasMouseMove -point (156,248) 
dicmdCanvasMouseMove -point (156,248) 
dicmdCanvasMouseMove -point (156,248) 
dicmdCanvasMouseMove -point (156,248) 
dicmdCanvasMouseMove -point (157,249) 
dicmdCanvasMouseMove -point (157,249) 
dicmdCanvasMouseMove -point (157,249) 
dicmdCanvasMouseMove -point (157,249) 
dicmdCanvasMouseMove -point (157,250) 
dicmdCanvasMouseMove -point (157,250) 
dicmdCanvasMouseMove -point (157,250) 
dicmdCanvasMouseMove -point (157,250) 
dicmdCanvasMouseMove -point (158,250) 
dicmdCanvasMouseMove -point (158,250) 
dicmdCanvasMouseMove -point (158,250) 
dicmdCanvasMouseMove -point (158,250) 
dicmdCanvasMouseMove -point (158,251) 
dicmdCanvasMouseMove -point (158,251) 
dicmdCanvasMouseMove -point (159,251) 
dicmdCanvasMouseMove -point (159,251) 
dicmdCanvasMouseMove -point (159,252) 
dicmdCanvasMouseMove -point (159,252) 
dicmdCanvasMouseMove -point (160,252) 
dicmdCanvasMouseMove -point (160,252) 
dicmdCanvasMouseMove -point (160,253) 
dicmdCanvasMouseMove -point (160,253) 
dicmdCanvasMouseMove -point (161,254) 
dicmdCanvasMouseMove -point (161,254) 
dicmdCanvasMouseMove -point (161,254) 
dicmdCanvasMouseMove -point (161,254) 
dicmdCanvasMouseMove -point (162,255) 
dicmdCanvasMouseMove -point (162,255) 
dicmdCanvasMouseMove -point (162,256) 
dicmdCanvasMouseMove -point (162,256) 
dicmdCanvasMouseMove -point (163,257) 
dicmdCanvasMouseMove -point (163,257) 
dicmdCanvasMouseMove -point (163,257) 
dicmdCanvasMouseMove -point (163,257) 
dicmdCanvasMouseMove -point (164,258) 
dicmdCanvasMouseMove -point (164,258) 
dicmdCanvasMouseMove -point (164,258) 
dicmdCanvasMouseMove -point (164,258) 
dicmdCanvasMouseMove -point (165,259) 
dicmdCanvasMouseMove -point (165,259) 
dicmdCanvasMouseMove -point (165,259) 
dicmdCanvasMouseMove -point (165,259) 
dicmdCanvasMouseMove -point (165,260) 
dicmdCanvasMouseMove -point (165,260) 
dicmdCanvasMouseMove -point (165,260) 
dicmdCanvasMouseMove -point (165,260) 
dicmdCanvasMouseMove -point (166,260) 
dicmdCanvasMouseMove -point (166,260) 
dicmdCanvasMouseMove -point (166,261) 
dicmdCanvasMouseMove -point (166,261) 
dicmdCanvasMouseMove -point (166,261) 
dicmdCanvasMouseMove -point (166,261) 
dicmdCanvasMouseMove -point (167,261) 
dicmdCanvasMouseMove -point (167,261) 
dicmdCanvasMouseMove -point (167,261) 
dicmdCanvasMouseMove -point (167,261) 
dicmdCanvasMouseMove -point (167,262) 
dicmdCanvasMouseMove -point (167,262) 
dicmdCanvasMouseMove -point (168,262) 
dicmdCanvasMouseMove -point (168,262) 
dicmdCanvasMouseMove -point (168,262) 
dicmdCanvasMouseMove -point (168,262) 
dicmdCanvasMouseMove -point (168,262) 
dicmdCanvasMouseMove -point (168,262) 
dicmdCanvasMouseMove -point (168,263) 
dicmdCanvasMouseMove -point (168,263) 
dicmdCanvasMouseMove -point (168,263) 
dicmdCanvasMouseMove -point (168,263) 
dicmdCanvasMouseMove -point (168,263) 
dicmdCanvasMouseMove -point (168,263) 
dicmdCanvasMouseMove -point (169,263) 
dicmdCanvasMouseMove -point (169,263) 
dicmdCanvasMouseMove -point (169,263) 
dicmdCanvasMouseMove -point (169,263) 
dicmdCanvasMouseMove -point (169,263) 
dicmdCanvasMouseMove -point (169,263) 
dicmdCanvasMouseMove -point (169,264) 
dicmdCanvasMouseMove -point (169,264) 
dicmdCanvasMouseMove -point (170,264) 
dicmdCanvasMouseMove -point (170,264) 
dicmdCanvasMouseMove -point (170,265) 
dicmdCanvasMouseMove -point (170,265) 
dicmdCanvasMouseMove -point (171,266) 
dicmdCanvasMouseMove -point (171,266) 
dicmdCanvasMouseMove -point (173,268) 
dicmdCanvasMouseMove -point (173,268) 
dicmdCanvasMouseMove -point (174,270) 
dicmdCanvasMouseMove -point (174,270) 
dicmdCanvasMouseMove -point (174,270) 
dicmdCanvasMouseMove -point (174,270) 
dicmdCanvasMouseMove -point (174,269) 
dicmdCanvasMouseMove -point (174,269) 
dicmdCanvasMouseMove -point (175,269) 
dicmdCanvasMouseMove -point (175,269) 
dicmdCanvasMouseMove -point (176,269) 
dicmdCanvasMouseMove -point (176,269) 
dicmdCanvasMouseMove -point (177,268) 
dicmdCanvasMouseMove -point (177,268) 
dicmdCanvasMouseMove -point (178,268) 
dicmdCanvasMouseMove -point (178,268) 
dicmdCanvasMouseMove -point (179,267) 
dicmdCanvasMouseMove -point (179,267) 
dicmdCanvasMouseMove -point (181,266) 
dicmdCanvasMouseMove -point (181,266) 
dicmdCanvasMouseMove -point (182,265) 
dicmdCanvasMouseMove -point (182,265) 
dicmdCanvasMouseMove -point (184,264) 
dicmdCanvasMouseMove -point (184,264) 
dicmdCanvasMouseMove -point (187,263) 
dicmdCanvasMouseMove -point (187,263) 
dicmdCanvasMouseMove -point (189,262) 
dicmdCanvasMouseMove -point (189,262) 
dicmdCanvasMouseMove -point (191,261) 
dicmdCanvasMouseMove -point (191,261) 
dicmdCanvasMouseMove -point (193,260) 
dicmdCanvasMouseMove -point (193,260) 
dicmdCanvasMouseMove -point (196,259) 
dicmdCanvasMouseMove -point (196,259) 
dicmdCanvasMouseMove -point (198,258) 
dicmdCanvasMouseMove -point (198,258) 
dicmdCanvasMouseMove -point (200,257) 
dicmdCanvasMouseMove -point (200,257) 
dicmdCanvasMouseMove -point (202,257) 
dicmdCanvasMouseMove -point (202,257) 
dicmdCanvasMouseMove -point (204,256) 
dicmdCanvasMouseMove -point (204,256) 
dicmdCanvasMouseMove -point (206,255) 
dicmdCanvasMouseMove -point (206,255) 
dicmdCanvasMouseMove -point (208,255) 
dicmdCanvasMouseMove -point (208,255) 
dicmdCanvasMouseMove -point (209,254) 
dicmdCanvasMouseMove -point (209,254) 
dicmdCanvasMouseMove -point (211,254) 
dicmdCanvasMouseMove -point (211,254) 
dicmdCanvasMouseMove -point (213,254) 
dicmdCanvasMouseMove -point (213,254) 
dicmdCanvasMouseMove -point (215,253) 
dicmdCanvasMouseMove -point (215,253) 
dicmdCanvasMouseMove -point (216,253) 
dicmdCanvasMouseMove -point (216,253) 
dicmdCanvasMouseMove -point (217,252) 
dicmdCanvasMouseMove -point (217,252) 
dicmdCanvasMouseMove -point (219,252) 
dicmdCanvasMouseMove -point (219,252) 
dicmdCanvasMouseMove -point (220,252) 
dicmdCanvasMouseMove -point (220,252) 
dicmdCanvasMouseMove -point (221,251) 
dicmdCanvasMouseMove -point (221,251) 
dicmdCanvasMouseMove -point (221,251) 
dicmdCanvasMouseMove -point (221,251) 
dicmdCanvasMouseMove -point (222,251) 
dicmdCanvasMouseMove -point (222,251) 
dicmdCanvasMouseMove -point (224,250) 
dicmdCanvasMouseMove -point (224,250) 
dicmdCanvasMouseMove -point (225,250) 
dicmdCanvasMouseMove -point (225,250) 
dicmdCanvasMouseMove -point (227,249) 
dicmdCanvasMouseMove -point (227,249) 
dicmdCanvasMouseMove -point (228,248) 
dicmdCanvasMouseMove -point (228,248) 
dicmdCanvasMouseMove -point (230,247) 
dicmdCanvasMouseMove -point (230,247) 
dicmdCanvasMouseMove -point (232,247) 
dicmdCanvasMouseMove -point (232,247) 
dicmdCanvasMouseMove -point (235,245) 
dicmdCanvasMouseMove -point (235,245) 
dicmdCanvasMouseMove -point (238,244) 
dicmdCanvasMouseMove -point (238,244) 
dicmdCanvasMouseMove -point (239,244) 
dicmdCanvasMouseMove -point (239,244) 
dicmdCanvasMouseMove -point (241,243) 
dicmdCanvasMouseMove -point (241,243) 
dicmdCanvasMouseMove -point (244,241) 
dicmdCanvasMouseMove -point (244,241) 
dicmdCanvasMouseMove -point (247,240) 
dicmdCanvasMouseMove -point (247,240) 
dicmdCanvasMouseMove -point (250,239) 
dicmdCanvasMouseMove -point (250,239) 
dicmdCanvasMouseMove -point (252,237) 
dicmdCanvasMouseMove -point (252,237) 
dicmdCanvasMouseMove -point (255,236) 
dicmdCanvasMouseMove -point (255,236) 
dicmdCanvasMouseMove -point (258,234) 
dicmdCanvasMouseMove -point (258,234) 
dicmdCanvasMouseMove -point (261,233) 
dicmdCanvasMouseMove -point (261,233) 
dicmdCanvasMouseMove -point (263,232) 
dicmdCanvasMouseMove -point (263,232) 
dicmdCanvasMouseMove -point (266,231) 
dicmdCanvasMouseMove -point (266,231) 
dicmdCanvasMouseMove -point (268,230) 
dicmdCanvasMouseMove -point (268,230) 
dicmdCanvasMouseMove -point (270,229) 
dicmdCanvasMouseMove -point (270,229) 
dicmdCanvasMouseMove -point (273,228) 
dicmdCanvasMouseMove -point (273,228) 
dicmdCanvasMouseMove -point (275,227) 
dicmdCanvasMouseMove -point (275,227) 
dicmdCanvasMouseMove -point (277,227) 
dicmdCanvasMouseMove -point (277,227) 
dicmdCanvasMouseMove -point (279,226) 
dicmdCanvasMouseMove -point (279,226) 
dicmdCanvasMouseMove -point (281,226) 
dicmdCanvasMouseMove -point (281,226) 
dicmdCanvasMouseMove -point (282,225) 
dicmdCanvasMouseMove -point (282,225) 
dicmdCanvasMouseMove -point (284,225) 
dicmdCanvasMouseMove -point (284,225) 
dicmdCanvasMouseMove -point (285,225) 
dicmdCanvasMouseMove -point (285,225) 
dicmdCanvasMouseMove -point (286,224) 
dicmdCanvasMouseMove -point (286,224) 
dicmdCanvasMouseMove -point (288,224) 
dicmdCanvasMouseMove -point (288,224) 
dicmdCanvasMouseMove -point (288,224) 
dicmdCanvasMouseMove -point (288,224) 
dicmdCanvasMouseMove -point (289,224) 
dicmdCanvasMouseMove -point (289,224) 
dicmdCanvasMouseMove -point (290,224) 
dicmdCanvasMouseMove -point (290,224) 
dicmdCanvasMouseMove -point (291,223) 
dicmdCanvasMouseMove -point (291,223) 
dicmdCanvasMouseMove -point (291,223) 
dicmdCanvasMouseMove -point (291,223) 
dicmdCanvasMouseMove -point (292,223) 
dicmdCanvasMouseMove -point (292,223) 
dicmdCanvasMouseMove -point (292,223) 
dicmdCanvasMouseMove -point (292,223) 
dicmdCanvasMouseMove -point (292,223) 
dicmdCanvasMouseMove -point (292,223) 
dicmdCanvasMouseMove -point (292,223) 
dicmdCanvasMouseMove -point (292,223) 
dicmdCanvasMouseMove -point (293,223) 
dicmdCanvasMouseMove -point (293,223) 
dicmdCanvasMouseMove -point (293,223) 
dicmdCanvasMouseMove -point (293,223) 
dicmdCanvasMouseMove -point (293,223) 
dicmdCanvasMouseMove -point (293,223) 
dicmdCanvasMouseMove -point (293,223) 
dicmdCanvasMouseMove -point (293,223) 
dicmdCanvasMouseMove -point (293,222) 
dicmdCanvasMouseMove -point (293,222) 
dicmdCanvasMouseMove -point (293,222) 
dicmdCanvasMouseMove -point (293,222) 
dicmdCanvasMouseMove -point (293,222) 
dicmdCanvasMouseMove -point (293,222) 
dicmdCanvasMouseMove -point (293,222) 
dicmdCanvasMouseMove -point (293,222) 
dicmdCanvasMouseMove -point (293,221) 
dicmdCanvasMouseMove -point (293,221) 
dicmdCanvasMouseMove -point (293,221) 
dicmdCanvasMouseMove -point (293,221) 
dicmdCanvasMouseMove -point (293,221) 
dicmdCanvasMouseMove -point (293,221) 
dicmdCanvasMouseMove -point (293,220) 
dicmdCanvasMouseMove -point (293,220) 
dicmdCanvasMouseMove -point (293,220) 
dicmdCanvasMouseMove -point (293,220) 
dicmdQaCompareRuntime 
#t --> Test: comparision->Runtime:PASS Runtime_Compare_3.txt Runtime_Compare_3.txt.golden
dicmdCanvasMouseMove -point (293,220) 
dicmdCanvasMouseMove -point (293,220) 
dicmdCanvasMouseMove -point (293,221) 
dicmdCanvasMouseMove -point (293,221) 
dicmdCanvasMouseMove -point (293,221) 
dicmdCanvasMouseMove -point (293,221) 
dicmdCanvasMouseMove -point (293,221) 
dicmdCanvasMouseMove -point (293,221) 
dicmdCanvasMouseMove -point (293,221) 
dicmdCanvasMouseMove -point (293,221) 
dicmdCanvasMouseMove -point (293,222) 
dicmdCanvasMouseMove -point (293,222) 
dicmdCanvasMouseMove -point (293,222) 
dicmdCanvasMouseMove -point (293,222) 
dicmdCanvasMouseMove -point (292,223) 
dicmdCanvasMouseMove -point (292,223) 
dicmdCanvasMouseMove -point (292,223) 
dicmdCanvasMouseMove -point (292,223) 
dicmdCanvasMouseMove -point (292,223) 
dicmdCanvasMouseMove -point (292,223) 
dicmdCanvasMouseMove -point (292,224) 
dicmdCanvasMouseMove -point (292,224) 
dicmdCanvasMouseMove -point (292,224) 
dicmdCanvasMouseMove -point (292,224) 
dicmdCanvasMouseMove -point (292,225) 
dicmdCanvasMouseMove -point (292,225) 
dicmdCanvasMouseMove -point (291,225) 
dicmdCanvasMouseMove -point (291,225) 
dicmdCanvasMouseMove -point (291,226) 
dicmdCanvasMouseMove -point (291,226) 
dicmdCanvasMouseMove -point (291,227) 
dicmdCanvasMouseMove -point (291,227) 
dicmdCanvasMouseMove -point (291,227) 
dicmdCanvasMouseMove -point (291,227) 
dicmdCanvasMouseMove -point (291,228) 
dicmdCanvasMouseMove -point (291,228) 
dicmdCanvasMouseMove -point (291,229) 
dicmdCanvasMouseMove -point (291,229) 
dicmdCanvasMouseMove -point (291,230) 
dicmdCanvasMouseMove -point (291,230) 
dicmdCanvasMouseMove -point (290,230) 
dicmdCanvasMouseMove -point (290,230) 
dicmdCanvasMouseMove -point (290,231) 
dicmdCanvasMouseMove -point (290,231) 
dicmdCanvasMouseMove -point (290,232) 
dicmdCanvasMouseMove -point (290,232) 
dicmdCanvasMouseMove -point (290,233) 
dicmdCanvasMouseMove -point (290,233) 
dicmdCanvasMouseMove -point (290,233) 
dicmdCanvasMouseMove -point (290,233) 
dicmdCanvasMouseMove -point (290,234) 
dicmdCanvasMouseMove -point (290,234) 
dicmdCanvasMouseMove -point (290,235) 
dicmdCanvasMouseMove -point (290,235) 
dicmdCanvasMouseMove -point (290,235) 
dicmdCanvasMouseMove -point (290,235) 
dicmdCanvasMouseMove -point (290,236) 
dicmdCanvasMouseMove -point (290,236) 
dicmdCanvasMouseMove -point (290,237) 
dicmdCanvasMouseMove -point (290,237) 
dicmdCanvasMouseMove -point (290,238) 
dicmdCanvasMouseMove -point (290,238) 
dicmdCanvasMouseMove -point (290,238) 
dicmdCanvasMouseMove -point (290,238) 
dicmdCanvasMouseMove -point (290,238) 
dicmdCanvasMouseMove -point (290,238) 
dicmdCanvasMouseMove -point (290,239) 
dicmdCanvasMouseMove -point (290,239) 
dicmdCanvasMouseMove -point (290,240) 
dicmdCanvasMouseMove -point (290,240) 
dicmdCanvasMouseMove -point (290,240) 
dicmdCanvasMouseMove -point (290,240) 
dicmdCanvasMouseMove -point (290,240) 
dicmdCanvasMouseMove -point (290,240) 
dicmdCanvasMouseMove -point (290,241) 
dicmdCanvasMouseMove -point (290,241) 
dicmdCanvasMouseMove -point (290,241) 
dicmdCanvasMouseMove -point (290,241) 
dicmdCanvasMouseMove -point (290,242) 
dicmdCanvasMouseMove -point (290,242) 
dicmdCanvasMouseMove -point (290,242) 
dicmdCanvasMouseMove -point (290,242) 
dicmdCanvasMouseMove -point (290,242) 
dicmdCanvasMouseMove -point (290,242) 
dicmdCanvasMouseMove -point (290,243) 
dicmdCanvasMouseMove -point (290,243) 
dicmdCanvasMouseMove -point (290,243) 
dicmdCanvasMouseMove -point (290,243) 
dicmdCanvasMouseMove -point (290,243) 
dicmdCanvasMouseMove -point (290,243) 
dicmdCanvasMouseMove -point (290,244) 
dicmdCanvasMouseMove -point (290,244) 
dicmdCanvasMouseMove -point (290,244) 
dicmdCanvasMouseMove -point (290,244) 
dicmdCanvasMouseMove -point (290,244) 
dicmdCanvasMouseMove -point (290,244) 
dicmdCanvasMouseMove -point (290,244) 
dicmdCanvasMouseMove -point (290,244) 
dicmdCanvasMouseMove -point (290,245) 
dicmdCanvasMouseMove -point (290,245) 
dicmdCanvasMouseMove -point (290,245) 
dicmdCanvasMouseMove -point (290,245) 
dicmdCanvasMouseMove -point (289,245) 
dicmdCanvasMouseMove -point (289,245) 
dicmdCanvasMouseMove -point (289,245) 
dicmdCanvasMouseMove -point (289,245) 
dicmdCanvasMouseMove -point (289,245) 
dicmdCanvasMouseMove -point (289,245) 
dicmdCanvasMouseMove -point (289,246) 
dicmdCanvasMouseMove -point (289,246) 
dicmdQaCompareRuntime 
#t --> Test: comparision->Runtime:PASS Runtime_Compare_4.txt Runtime_Compare_4.txt.golden
dicmdCanvasMouseMove -point (289,246) 
dicmdCanvasMouseMove -point (289,246) 
dicmdCanvasMouseMove -point (288,246) 
dicmdCanvasMouseMove -point (288,246) 
dicmdCanvasMouseMove -point (288,245) 
dicmdCanvasMouseMove -point (288,245) 
dicmdCanvasMouseMove -point (288,245) 
dicmdCanvasMouseMove -point (288,245) 
dicmdCanvasMouseMove -point (288,245) 
dicmdCanvasMouseMove -point (288,245) 
dicmdCanvasMouseMove -point (288,245) 
dicmdCanvasMouseMove -point (288,245) 
dicmdCanvasMouseMove -point (288,244) 
dicmdCanvasMouseMove -point (288,244) 
dicmdCanvasMouseMove -point (288,244) 
dicmdCanvasMouseMove -point (288,244) 
dicmdCanvasMouseMove -point (288,244) 
dicmdCanvasMouseMove -point (288,244) 
dicmdCanvasMouseMove -point (289,244) 
dicmdCanvasMouseMove -point (289,244) 
dicmdCanvasMouseMove -point (289,243) 
dicmdCanvasMouseMove -point (289,243) 
dicmdCanvasMouseMove -point (289,243) 
dicmdCanvasMouseMove -point (289,243) 
dicmdCanvasMouseMove -point (289,243) 
dicmdCanvasMouseMove -point (289,243) 
dicmdCanvasMouseMove -point (289,242) 
dicmdCanvasMouseMove -point (289,242) 
dicmdCanvasMouseMove -point (289,242) 
dicmdCanvasMouseMove -point (289,242) 
dicmdCanvasMouseMove -point (290,241) 
dicmdCanvasMouseMove -point (290,241) 
dicmdCanvasMouseMove -point (290,241) 
dicmdCanvasMouseMove -point (290,241) 
dicmdCanvasMouseMove -point (290,241) 
dicmdCanvasMouseMove -point (290,241) 
dicmdCanvasMouseMove -point (290,241) 
dicmdCanvasMouseMove -point (290,241) 
dicmdCanvasMouseMove -point (290,240) 
dicmdCanvasMouseMove -point (290,240) 
dicmdCanvasMouseMove -point (290,240) 
dicmdCanvasMouseMove -point (290,240) 
dicmdCanvasMouseMove -point (290,240) 
dicmdCanvasMouseMove -point (290,240) 
dicmdCanvasMouseMove -point (290,240) 
dicmdCanvasMouseMove -point (290,240) 
dicmdCanvasMouseMove -point (290,240) 
dicmdCanvasMouseMove -point (290,240) 
dicmdCanvasMouseMove -point (291,240) 
dicmdCanvasMouseMove -point (291,240) 
dicmdCanvasMouseMove -point (291,239) 
dicmdCanvasMouseMove -point (291,239) 
dicmdCanvasMouseMove -point (291,239) 
dicmdCanvasMouseMove -point (291,239) 
dicmdCanvasMouseMove -point (292,239) 
dicmdCanvasMouseMove -point (292,239) 
dicmdCanvasMouseMove -point (292,239) 
dicmdCanvasMouseMove -point (292,239) 
dicmdCanvasMouseMove -point (293,239) 
dicmdCanvasMouseMove -point (293,239) 
dicmdCanvasMouseMove -point (294,239) 
dicmdCanvasMouseMove -point (294,239) 
dicmdCanvasMouseMove -point (294,239) 
dicmdCanvasMouseMove -point (294,239) 
dicmdCanvasMouseMove -point (295,239) 
dicmdCanvasMouseMove -point (295,239) 
dicmdCanvasMouseMove -point (295,239) 
dicmdCanvasMouseMove -point (295,239) 
dicmdCanvasMouseMove -point (296,239) 
dicmdCanvasMouseMove -point (296,239) 
dicmdCanvasMouseMove -point (296,239) 
dicmdCanvasMouseMove -point (296,239) 
dicmdCanvasMouseMove -point (296,240) 
dicmdCanvasMouseMove -point (296,240) 
dicmdCanvasMouseMove -point (296,240) 
dicmdCanvasMouseMove -point (296,240) 
dicmdCanvasMouseMove -point (296,240) 
dicmdCanvasMouseMove -point (296,240) 
dicmdCanvasMouseMove -point (296,240) 
dicmdCanvasMouseMove -point (296,240) 
dicmdCanvasMouseMove -point (296,240) 
dicmdCanvasMouseMove -point (296,240) 
dicmdCanvasMouseMove -point (295,240) 
dicmdCanvasMouseMove -point (295,240) 
dicmdCanvasMouseMove -point (294,240) 
dicmdCanvasMouseMove -point (294,240) 
dicmdCanvasMouseMove -point (293,240) 
dicmdCanvasMouseMove -point (293,240) 
dicmdCanvasMouseMove -point (292,240) 
dicmdCanvasMouseMove -point (292,240) 
dicmdCanvasMouseMove -point (290,240) 
dicmdCanvasMouseMove -point (290,240) 
dicmdCanvasMouseMove -point (289,240) 
dicmdCanvasMouseMove -point (289,240) 
dicmdCanvasMouseMove -point (287,240) 
dicmdCanvasMouseMove -point (287,240) 
dicmdCanvasMouseMove -point (284,240) 
dicmdCanvasMouseMove -point (284,240) 
dicmdCanvasMouseMove -point (279,241) 
dicmdCanvasMouseMove -point (279,241) 
dicmdCanvasMouseMove -point (274,244) 
dicmdCanvasMouseMove -point (274,244) 
dicmdCanvasMouseMove -point (271,246) 
dicmdCanvasMouseMove -point (271,246) 
dicmdCanvasMouseMove -point (269,247) 
dicmdCanvasMouseMove -point (269,247) 
dicmdCanvasMouseMove -point (261,250) 
dicmdCanvasMouseMove -point (261,250) 
dicmdCanvasMouseMove -point (250,254) 
dicmdCanvasMouseMove -point (250,254) 
dicmdCanvasMouseMove -point (247,254) 
dicmdCanvasMouseMove -point (247,254) 
dicmdCanvasMouseMove -point (245,255) 
dicmdCanvasMouseMove -point (245,255) 
dicmdCanvasMouseMove -point (241,255) 
dicmdCanvasMouseMove -point (241,255) 
dicmdCanvasMouseMove -point (239,256) 
dicmdCanvasMouseMove -point (239,256) 
dicmdCanvasMouseMove -point (237,256) 
dicmdCanvasMouseMove -point (237,256) 
dicmdCanvasMouseMove -point (235,256) 
dicmdCanvasMouseMove -point (235,256) 
dicmdCanvasMouseMove -point (232,256) 
dicmdCanvasMouseMove -point (232,256) 
dicmdCanvasMouseMove -point (230,255) 
dicmdCanvasMouseMove -point (230,255) 
dicmdCanvasMouseMove -point (228,253) 
dicmdCanvasMouseMove -point (228,253) 
dicmdCanvasMouseMove -point (224,248) 
dicmdCanvasMouseMove -point (224,248) 
dicmdCanvasMouseMove -point (221,244) 
dicmdCanvasMouseMove -point (221,244) 
dicmdCanvasMouseMove -point (218,237) 
dicmdCanvasMouseMove -point (218,237) 
dicmdCanvasMouseMove -point (214,226) 
dicmdCanvasMouseMove -point (214,226) 
dicmdCanvasMouseMove -point (207,204) 
dicmdCanvasMouseMove -point (207,204) 
dicmdCanvasMouseMove -point (205,184) 
dicmdCanvasMouseMove -point (205,184) 
dicmdCanvasMouseMove -point (203,139) 
dicmdCanvasMouseMove -point (203,139) 
dicmdCanvasMouseMove -point (203,121) 
dicmdCanvasMouseMove -point (203,121) 
dicmdCanvasMouseMove -point (203,108) 
dicmdCanvasMouseMove -point (203,108) 
dicmdCanvasMouseMove -point (203,98) 
dicmdCanvasMouseMove -point (203,98) 
dicmdCanvasMouseMove -point (203,82) 
dicmdCanvasMouseMove -point (203,82) 
dicmdCanvasMouseMove -point (206,69) 
dicmdCanvasMouseMove -point (206,69) 
dicmdCanvasMouseMove -point (210,61) 
dicmdCanvasMouseMove -point (210,61) 
dicmdCanvasMouseMove -point (218,50) 
dicmdCanvasMouseMove -point (218,50) 
dicmdCanvasMouseMove -point (219,50) 
dicmdCanvasMouseMove -point (219,50) 
dicmdCanvasMouseMove -point (225,47) 
dicmdCanvasMouseMove -point (225,47) 
dicmdCanvasMouseMove -point (233,43) 
dicmdCanvasMouseMove -point (233,43) 
dicmdCanvasMouseMove -point (249,35) 
dicmdCanvasMouseMove -point (249,35) 
dicmdCanvasMouseMove -point (270,26) 
dicmdCanvasMouseMove -point (270,26) 
dicmdCanvasMouseMove -point (292,18) 
dicmdCanvasMouseMove -point (292,18) 
dicmdCanvasMouseMove -point (304,13) 
dicmdCanvasMouseMove -point (304,13) 
dicmdCanvasMouseMove -point (326,5) 
dicmdCanvasMouseMove -point (326,5) 
dicmdQaToolExit 
