PoolName: Generic-InteractiveCommand
ObjCount: 7
======
Rectangle:	  brushC -> #000000, brushS -> 9, penC -> #ffffff, penS -> 1
Ellipse:	  brushC -> #000000, brushS -> 9, penC -> #ffffff, penS -> 1
Rectangle:	  brushC -> #000000, brushS -> 9, penC -> #ffffff, penS -> 1
Line:	  brushC -> #000000, brushS -> 9, penC -> #ffffff, penS -> 1
Polygon:	  brushC -> #000000, brushS -> 9, penC -> #ffffff, penS -> 1
Line:	  brushC -> #000000, brushS -> 9, penC -> #ffffff, penS -> 1
Polygon:	  brushC -> #000000, brushS -> 9, penC -> #ffffff, penS -> 1
--------

PoolName: Highlight-ActiveObjects
ObjCount: 0
======
--------

PoolName: Highlight-QASelectionsTintirid
ObjCount: 0
======
--------

PoolName: Highlight-Selection
ObjCount: 0
======
--------

