Name: Viewport RQ
ObjCount: 14
======
Rectangle:	  brushC -> #0000ff, brushS -> 1, penC -> #ffffff, penS -> 6
Rectangle:	  brushC -> #0000ff, brushS -> 1, penC -> #ffffff, penS -> 6
Rectangle:	  brushC -> #00ff00, brushS -> 1, penC -> #ffffff, penS -> 6
Rectangle:	  brushC -> #00ff00, brushS -> 1, penC -> #ffffff, penS -> 6
Rectangle:	  brushC -> #00ff00, brushS -> 1, penC -> #ffffff, penS -> 6
Rectangle:	  brushC -> #00ffff, brushS -> 1, penC -> #ffffff, penS -> 6
Rectangle:	  brushC -> #4b0082, brushS -> 1, penC -> #ffffff, penS -> 6
Rectangle:	  brushC -> #8b00ff, brushS -> 1, penC -> #ffffff, penS -> 6
Rectangle:	  brushC -> #ff0000, brushS -> 1, penC -> #ffffff, penS -> 6
Rectangle:	  brushC -> #ff7f00, brushS -> 1, penC -> #ffffff, penS -> 6
Rectangle:	  brushC -> #ff7f00, brushS -> 1, penC -> #ffffff, penS -> 6
Rectangle:	  brushC -> #ffc0cb, brushS -> 1, penC -> #ffffff, penS -> 6
Rectangle:	  brushC -> #ffff00, brushS -> 1, penC -> #ffffff, penS -> 6
Rectangle:	  brushC -> #ffff00, brushS -> 1, penC -> #ffffff, penS -> 6
--------

